--------- beginning of system
08-26 01:53:51.479  1111  1805 I NetworkStatsRecorder: recordSnapshotLocked: ident[[{type=WIFI, subType=COMBINED, networkId="emporia_5G", metered=false, defaultNetwork=true}]]
08-26 01:53:51.479  1111  1805 W NetworkStatsRecorder: unknown interfaces [lo], ignoring those stats
08-26 01:53:51.942  1111  1838 I ActivityManager: START u0 {flg=0x10000000 cmp=com.emporia.emporiaapprebuild/com.emporia.notificationcenter.NotificationCenterMainActivity} from uid 10041
08-26 01:53:51.986  1111  1147 I WindowManager: Focus moving from Window{a0f94ac u0 com.emporia.emporiaapprebuild/com.emporia.browser.BrowserActivity} to null
08-26 01:53:52.043  1111  1111 I NotificationService: Cannot find enqueued record for key: 0|com.android.providers.downloads|0|1:com.emporia.emporiaapprebuild|10011
08-26 01:53:52.113  1111  1838 I WindowManager: Relayout Window{7e9f05a u0 com.emporia.emporiaapprebuild/com.emporia.notificationcenter.NotificationCenterMainActivity}: oldVis=4 newVis=0 focusMayChange = true
08-26 01:53:52.120  1111  1147 I WindowManager: Focus moving from null to Window{7e9f05a u0 com.emporia.emporiaapprebuild/com.emporia.notificationcenter.NotificationCenterMainActivity}
08-26 01:53:53.530  1111  1943 I ActivityManager: START u0 {act=android.intent.action.VIEW dat=content://com.android.providers.downloads.documents/document/2 typ=application/vnd.android.package-archive flg=0x10000003 cmp=com.google.android.packageinstaller/com.android.packageinstaller.InstallStart (has extras)} from uid 10011
08-26 01:53:53.649  1111  1141 I ActivityManager: Start proc 19349:com.google.android.packageinstaller/u0a17 for activity com.google.android.packageinstaller/com.android.packageinstaller.InstallStart
08-26 01:53:53.738  1111  1147 I WindowManager: Focus moving from Window{7e9f05a u0 com.emporia.emporiaapprebuild/com.emporia.notificationcenter.NotificationCenterMainActivity} to null
08-26 01:53:53.813  1111  1838 I ActivityManager: START u0 {act=android.intent.action.VIEW dat=content://com.android.providers.downloads.documents/document/2 typ=application/vnd.android.package-archive flg=0x2000000 cmp=com.google.android.packageinstaller/com.android.packageinstaller.InstallStaging (has extras)} from uid 10017
08-26 01:53:54.017  1111  4721 I WindowManager: Relayout Window{b8641cb u0 com.google.android.packageinstaller/com.android.packageinstaller.InstallStaging}: oldVis=4 newVis=0 focusMayChange = true
08-26 01:53:54.033  1111  1147 I WindowManager: Focus moving from null to Window{b8641cb u0 com.google.android.packageinstaller/com.android.packageinstaller.InstallStaging}
08-26 01:53:54.392   746   928 E storaged: getDiskStats failed with result NOT_SUPPORTED and size 0
08-26 01:53:54.456  1111  3425 I ActivityManager: START u0 {act=android.intent.action.VIEW dat=file:///data/user_de/0/com.google.android.packageinstaller/no_backup/package474898473789187950.apk flg=0x2010000 cmp=com.google.android.packageinstaller/com.android.packageinstaller.DeleteStagedFileOnResult (has extras)} from uid 10017
08-26 01:53:54.502  1111  1147 I WindowManager: Focus moving from Window{b8641cb u0 com.google.android.packageinstaller/com.android.packageinstaller.InstallStaging} to null
08-26 01:53:54.519  1111  3425 I ActivityManager: START u0 {act=android.intent.action.VIEW dat=file:///data/user_de/0/com.google.android.packageinstaller/no_backup/package474898473789187950.apk flg=0x10000 cmp=com.google.android.packageinstaller/com.android.packageinstaller.PackageInstallerActivity (has extras)} from uid 10017
08-26 01:53:54.568  1111  1943 I WindowManager: Relayout Window{1b0fa6d u0 com.google.android.packageinstaller/com.android.packageinstaller.DeleteStagedFileOnResult}: oldVis=4 newVis=0 focusMayChange = true
08-26 01:53:54.723 19349 19349 W PackageParser: No actions in intent filter at /data/user_de/0/com.google.android.packageinstaller/no_backup/package474898473789187950.apk Binary XML file line #1485
08-26 01:53:54.852  1111  1147 I WindowManager: Focus moving from null to Window{3efd069 u0 com.google.android.packageinstaller/com.android.packageinstaller.PackageInstallerActivity}
08-26 01:53:54.918  1111  1943 I WindowManager: Relayout Window{909bb8f u0 com.google.android.packageinstaller/com.android.packageinstaller.PackageInstallerActivity}: oldVis=4 newVis=0 focusMayChange = true
08-26 01:53:56.777  1111  4721 I ActivityManager: START u0 {act=android.settings.MANAGE_UNKNOWN_APP_SOURCES dat=package:com.emporia.emporiaapprebuild cmp=com.android.settings/.Settings$ManageAppExternalSourcesActivity} from uid 10017
08-26 01:53:56.832  1111  1147 I WindowManager: Focus moving from Window{3efd069 u0 com.google.android.packageinstaller/com.android.packageinstaller.PackageInstallerActivity EXITING} to Window{909bb8f u0 com.google.android.packageinstaller/com.android.packageinstaller.PackageInstallerActivity}
08-26 01:53:56.838  1111  1147 I WindowManager: Focus moving from Window{909bb8f u0 com.google.android.packageinstaller/com.android.packageinstaller.PackageInstallerActivity} to null
08-26 01:53:56.954  1111  4721 E UserRestrictionsUtils: Unknown restriction: null
08-26 01:53:56.993  6028  6028 W ContextImpl: Calling a method in the system process without a qualified user: android.app.ContextImpl.sendBroadcast:1009 android.content.ContextWrapper.sendBroadcast:444 android.app.Activity.sendOnResumeBroadcast:7905 android.app.Activity.onResume:1363 com.android.settingslib.drawer.SettingsDrawerActivity.onResume:99 
08-26 01:53:57.008  1111  1139 W BroadcastQueue: Background execution not allowed: receiving Intent { act=android.intent.action.DROPBOX_ENTRY_ADDED flg=0x10 (has extras) } to com.google.android.gms/.stats.service.DropBoxEntryAddedReceiver
08-26 01:53:57.008  1111  1139 W BroadcastQueue: Background execution not allowed: receiving Intent { act=android.intent.action.DROPBOX_ENTRY_ADDED flg=0x10 (has extras) } to com.google.android.gms/.chimera.GmsIntentOperationService$PersistentTrustedReceiver
08-26 01:53:57.164  1111  1943 I WindowManager: Relayout Window{fa08e29 u0 com.android.settings/com.android.settings.Settings$ManageAppExternalSourcesActivity}: oldVis=4 newVis=0 focusMayChange = true
08-26 01:53:57.172  1111  1147 I WindowManager: Focus moving from null to Window{fa08e29 u0 com.android.settings/com.android.settings.Settings$ManageAppExternalSourcesActivity}
08-26 01:53:58.572  1111  1111 W WindowManager: removeWindowToken: Attempted to remove non-existing token: android.os.Binder@dafe5fc
08-26 01:54:01.320  1111  1147 I WindowManager: Focus moving from Window{fa08e29 u0 com.android.settings/com.android.settings.Settings$ManageAppExternalSourcesActivity} to null
08-26 01:54:01.475  1111  1943 I WindowManager: Relayout Window{909bb8f u0 com.google.android.packageinstaller/com.android.packageinstaller.PackageInstallerActivity}: oldVis=4 newVis=0 focusMayChange = true
08-26 01:54:01.483  1111  1147 I WindowManager: Focus moving from null to Window{909bb8f u0 com.google.android.packageinstaller/com.android.packageinstaller.PackageInstallerActivity}
08-26 01:54:02.705  1111  1838 I ActivityManager: START u0 {dat=file:///data/user_de/0/com.google.android.packageinstaller/no_backup/package474898473789187950.apk flg=0x2000000 cmp=com.google.android.packageinstaller/com.android.packageinstaller.InstallInstalling (has extras)} from uid 10017
08-26 01:54:02.740  1111  1147 I WindowManager: Focus moving from Window{909bb8f u0 com.google.android.packageinstaller/com.android.packageinstaller.PackageInstallerActivity} to null
08-26 01:54:02.964  1111  1943 I WindowManager: Relayout Window{6b5dd4 u0 com.google.android.packageinstaller/com.android.packageinstaller.InstallInstalling}: oldVis=4 newVis=0 focusMayChange = true
08-26 01:54:02.973  1111  1147 I WindowManager: Focus moving from null to Window{6b5dd4 u0 com.google.android.packageinstaller/com.android.packageinstaller.InstallInstalling}
08-26 01:54:04.474  1111  1141 I ActivityManager: Start proc 19404:com.android.defcontainer/u0a22 for service com.android.defcontainer/.DefaultContainerService
08-26 01:54:04.837 17171 17302 W PackageParser: No actions in intent filter at /data/app/vmdl1378436732.tmp/base.apk Binary XML file line #1485
08-26 01:54:14.712  1111  1157 I PackageManager: Verification timed out for file:///data/app/vmdl1378436732.tmp
08-26 01:54:14.713  1111  1157 I PackageManager: Continuing with installation of file:///data/app/vmdl1378436732.tmp
08-26 01:54:14.841  1111  1157 W PackageParser: No actions in intent filter at /data/app/vmdl1378436732.tmp/base.apk Binary XML file line #1485
08-26 01:54:14.954  1111  1157 W PackageManager: Skipping provider name com.qiyi.video.fileprovider (in package com.qiyi.video): name already used by com.qiyi.video
08-26 01:54:46.670  1111  3144 I ActivityManager: Killing 17662:com.google.android.apps.wellbeing/u0a26 (adj 906): empty #17
08-26 01:54:46.709  1111  1157 I xiaowo  : packageName = com.qiyi.video
08-26 01:54:46.769  1111  1139 W BroadcastQueue: Background execution not allowed: receiving Intent { act=android.intent.action.PACKAGE_ADDED dat=package:com.qiyi.video flg=0x4000010 (has extras) } to com.android.musicfx/.Compatibility$Receiver
08-26 01:54:46.811  1111  1139 W BroadcastQueue: Background execution not allowed: receiving Intent { act=android.intent.action.PACKAGE_ADDED dat=package:com.qiyi.video flg=0x4000010 (has extras) } to com.android.vending/com.google.android.finsky.packagemanager.impl.PackageMonitorReceiverImpl$RegisteredReceiver
08-26 01:54:46.811  1111  1139 W BroadcastQueue: Background execution not allowed: receiving Intent { act=android.intent.action.PACKAGE_ADDED dat=package:com.qiyi.video flg=0x4000010 (has extras) } to com.emporia.emporiaapprebuild/com.appguide.app.receivers.BackroundBroadcastReceiver
08-26 01:54:46.812  1111  1139 W BroadcastQueue: Background execution not allowed: receiving Intent { act=android.intent.action.PACKAGE_ADDED dat=package:com.qiyi.video flg=0x4000010 (has extras) } to com.google.android.gms/.games.chimera.GamesSystemBroadcastReceiverProxy
08-26 01:54:46.814  1111  1139 W BroadcastQueue: Background execution not allowed: receiving Intent { act=android.intent.action.PACKAGE_ADDED dat=package:com.qiyi.video flg=0x4000010 (has extras) } to com.google.android.gms/.gass.chimera.PackageChangeBroadcastReceiver
08-26 01:54:46.823  1111  1139 W BroadcastQueue: Background execution not allowed: receiving Intent { act=android.intent.action.PACKAGE_ADDED dat=package:com.qiyi.video flg=0x4000010 (has extras) } to com.google.android.gms/.chimera.GmsIntentOperationService$PersistentTrustedReceiver
08-26 01:54:46.824  1111  1139 W BroadcastQueue: Background execution not allowed: receiving Intent { act=android.intent.action.PACKAGE_ADDED dat=package:com.qiyi.video flg=0x4000010 (has extras) } to com.google.android.googlequicksearchbox/com.google.android.apps.gsa.googlequicksearchbox.GelStubAppWatcher
08-26 01:54:46.824  1111  1139 W BroadcastQueue: Background execution not allowed: receiving Intent { act=android.intent.action.PACKAGE_ADDED dat=package:com.qiyi.video flg=0x4000010 (has extras) } to com.google.android.ims/.receivers.RcsAutoStartReceiver
08-26 01:54:46.837  1111  3693 I ActivityManager: START u0 {dat=file:///data/user_de/0/com.google.android.packageinstaller/no_backup/package474898473789187950.apk flg=0x2000000 cmp=com.google.android.packageinstaller/com.android.packageinstaller.InstallSuccess (has extras)} from uid 10017
08-26 01:54:46.894  1111  1147 I WindowManager: Focus moving from Window{6b5dd4 u0 com.google.android.packageinstaller/com.android.packageinstaller.InstallInstalling} to null
08-26 01:54:47.102  1111  4487 I WindowManager: Relayout Window{a4fba4d u0 com.google.android.packageinstaller/com.android.packageinstaller.InstallSuccess}: oldVis=4 newVis=0 focusMayChange = true
08-26 01:54:47.112  1111  1147 I WindowManager: Focus moving from null to Window{a4fba4d u0 com.google.android.packageinstaller/com.android.packageinstaller.InstallSuccess}
08-26 01:54:47.172  1111  1111 W Looper  : Slow dispatch took 404ms main h=android.app.ActivityThread$H c=android.app.-$$Lambda$LoadedApk$ReceiverDispatcher$Args$_BumDX2UKsnxLVrE6UJsJZkotuA@c26e605 m=0
08-26 01:54:47.172  1111  1111 W Looper  : Slow delivery took 427ms main h=android.app.ActivityThread$H c=android.app.-$$Lambda$LoadedApk$ReceiverDispatcher$Args$_BumDX2UKsnxLVrE6UJsJZkotuA@383a65a m=0
08-26 01:54:47.362  1111  1111 W Looper  : Slow dispatch took 175ms main h=android.app.ActivityThread$H c=android.app.-$$Lambda$LoadedApk$ReceiverDispatcher$Args$_BumDX2UKsnxLVrE6UJsJZkotuA@f763755 m=0
08-26 01:54:47.369  1111  1111 I Telecom : DefaultDialerCache: Refreshing default dialer for user 0: now com.android.dialer: DDC.oR@AMA
08-26 01:54:47.482  1111  1111 W Looper  : Slow dispatch took 112ms main h=android.app.ActivityThread$H c=android.app.-$$Lambda$LoadedApk$ReceiverDispatcher$Args$_BumDX2UKsnxLVrE6UJsJZkotuA@b8606a4 m=0
08-26 01:54:47.496  1111  1111 W Looper  : Drained
08-26 01:54:54.393   746   928 E storaged: getDiskStats failed with result NOT_SUPPORTED and size 0
08-26 01:55:02.301  1111  1139 I ActivityManager: Waited long enough for: ServiceRecord{dd0d0bd u0 com.google.android.gms/.statementservice.OperationService}
08-26 01:55:02.629  1111  1150 I PowerManagerService: Going to sleep due to screen timeout (uid 1000)...
08-26 01:55:02.630  1111  1111 W UsageStatsService: Event reported without a package name
08-26 01:55:02.630  1111  1150 I PowerManagerService: Sleeping (uid 1000)...
08-26 01:55:02.828  1111  1150 I DisplayPowerController: Blocking screen off
08-26 01:55:02.829  1111  1150 I DisplayPowerController: Unblocked screen off after 0 ms
08-26 01:55:02.941  1111  1147 I DisplayManagerService: Display device changed state: "Built-in Screen", OFF
08-26 01:55:07.655  1111  4487 W UsageStatsService: Event reported without a package name
08-26 01:55:07.662  1111  1147 I WindowManager: Focus moving from Window{a4fba4d u0 com.google.android.packageinstaller/com.android.packageinstaller.InstallSuccess} to null
08-26 01:55:07.778  1111  1147 I WindowManager: Focus moving from null to Window{be8e29b u0 StatusBar}
08-26 01:55:15.972  1111  1201 I PowerManagerService: Waking up from sleep (uid=1000 reason=android.policy:POWER)...
08-26 01:55:15.973  1111  1111 W UsageStatsService: Event reported without a package name
08-26 01:55:15.992  1111  1150 I DisplayPowerController: Blocking screen on until initial contents have been drawn.
08-26 01:55:16.002  1111  1140 I WindowManager: Waiting for drawn Window{be8e29b u0 StatusBar}: removed=false visible=true mHasSurface=true drawState=1
08-26 01:55:16.004  1111  1147 I DisplayManagerService: Display device changed state: "Built-in Screen", ON
08-26 01:55:16.009  1111  1185 I WindowManager: Waiting for drawn Window{be8e29b u0 StatusBar}: removed=false visible=true mHasSurface=true drawState=1
08-26 01:55:16.026  1111  1185 I chatty  : uid=1000(system) android.anim identical 1 line
08-26 01:55:16.033  1111  1185 I WindowManager: Waiting for drawn Window{be8e29b u0 StatusBar}: removed=false visible=true mHasSurface=true drawState=1
08-26 01:55:16.112  1111  2157 I WindowManager: Waiting for drawn Window{be8e29b u0 StatusBar}: removed=false visible=true mHasSurface=true drawState=1
08-26 01:55:16.136  1111  1185 I WindowManager: Waiting for drawn Window{be8e29b u0 StatusBar}: removed=false visible=true mHasSurface=true drawState=4
08-26 01:55:16.182  1111  1150 I DisplayPowerController: Unblocked screen on after 191 ms
08-26 01:55:16.585  1111  1150 W PowerManagerService: Screen on took 616 ms
08-26 01:55:22.105  1111  1185 I WindowManager: Relayout Window{adaefeb u0 SnapshotStartingWindow for taskId=16}: oldVis=8 newVis=0 focusMayChange = true
08-26 01:55:22.146  1111  3535 I WindowManager: Relayout Window{a4fba4d u0 com.google.android.packageinstaller/com.android.packageinstaller.InstallSuccess}: oldVis=4 newVis=0 focusMayChange = true
08-26 01:55:22.149  1111  2428 W UsageStatsService: Event reported without a package name
08-26 01:55:22.203  1111  1139 W BroadcastQueue: Background execution not allowed: receiving Intent { act=android.intent.action.USER_PRESENT flg=0x24200010 } to com.emporia.emporiaapprebuild/com.emporia.notificationcenter.ServiceRestartReceiver
08-26 01:55:22.204  1111  1139 W BroadcastQueue: Background execution not allowed: receiving Intent { act=android.intent.action.USER_PRESENT flg=0x24200010 } to com.google.android.gms/.auth.setup.devicesignals.LockScreenReceiver
08-26 01:55:22.204  1111  1139 W BroadcastQueue: Background execution not allowed: receiving Intent { act=android.intent.action.USER_PRESENT flg=0x24200010 } to com.google.android.gms/.trustagent.UserPresentBroadcastReceiver
08-26 01:55:22.204  1111  1139 W BroadcastQueue: Background execution not allowed: receiving Intent { act=android.intent.action.USER_PRESENT flg=0x24200010 } to com.google.android.gms/.chimera.GmsIntentOperationService$PersistentTrustedReceiver
08-26 01:55:22.591  1111  1147 I WindowManager: Focus moving from Window{be8e29b u0 StatusBar} to Window{a4fba4d u0 com.google.android.packageinstaller/com.android.packageinstaller.InstallSuccess}
08-26 01:55:23.300  1111  3535 I ActivityManager: START u0 {act=android.intent.action.MAIN cat=[android.intent.category.LAUNCHER] flg=0x10000000 pkg=com.qiyi.video cmp=com.qiyi.video/.WelcomeActivity} from uid 10017
08-26 01:55:23.403  1111  1141 I ActivityManager: Start proc 19577:com.qiyi.video/u0a89 for activity com.qiyi.video/.WelcomeActivity
08-26 01:55:23.410  1111  1147 I WindowManager: Focus moving from Window{a4fba4d u0 com.google.android.packageinstaller/com.android.packageinstaller.InstallSuccess} to null
08-26 01:55:24.391  1111  2428 I ActivityManager: START u0 {cmp=com.qiyi.video/org.qiyi.android.video.MainActivity (has extras)} from uid 10089
08-26 01:55:25.130  1111  1147 I WindowManager: Focus moving from null to Window{8ade6dd u0 com.qiyi.video/org.qiyi.android.video.MainActivity}
08-26 01:55:25.355  1111  2157 I WindowManager: Relayout Window{1eab923 u0 com.qiyi.video/org.qiyi.android.video.MainActivity}: oldVis=4 newVis=0 focusMayChange = true
08-26 01:55:27.347  1111  1141 I ActivityManager: Start proc 19752:com.qiyi.video:downloader/u0a89 for service com.qiyi.video/com.iqiyi.video.download.filedownload.QiyiDownloadCoreService
08-26 01:55:27.594  1111  1805 I NetworkStatsRecorder: recordSnapshotLocked: ident[[{type=WIFI, subType=COMBINED, networkId="emporia_5G", metered=false, defaultNetwork=true}]]
08-26 01:55:27.594  1111  1805 W NetworkStatsRecorder: unknown interfaces [lo], ignoring those stats
08-26 01:55:27.594  1111  1805 I NetworkStatsRecorder: recordSnapshotLocked: ident[[{type=WIFI, subType=COMBINED, networkId="emporia_5G", metered=false, defaultNetwork=true}]]
08-26 01:55:27.594  1111  1805 W NetworkStatsRecorder: unknown interfaces [lo], ignoring those stats
08-26 01:55:27.595  1111  1805 I NetworkStatsRecorder: recordSnapshotLocked: ident[[{type=WIFI, subType=COMBINED, networkId="emporia_5G", metered=false, defaultNetwork=true}]]
08-26 01:55:27.596  1111  1805 I chatty  : uid=1000(system) NetworkStats identical 6 lines
08-26 01:55:27.596  1111  1805 I NetworkStatsRecorder: recordSnapshotLocked: ident[[{type=WIFI, subType=COMBINED, networkId="emporia_5G", metered=false, defaultNetwork=true}]]
08-26 01:55:27.596  1111  1805 W NetworkStatsRecorder: unknown interfaces [lo], ignoring those stats
08-26 01:55:27.596  1111  1805 I NetworkStatsRecorder: recordSnapshotLocked: ident[[{type=WIFI, subType=COMBINED, networkId="emporia_5G", metered=false, defaultNetwork=true}]]
08-26 01:55:27.600  1111  1805 I chatty  : uid=1000(system) NetworkStats identical 21 lines
08-26 01:55:27.600  1111  1805 I NetworkStatsRecorder: recordSnapshotLocked: ident[[{type=WIFI, subType=COMBINED, networkId="emporia_5G", metered=false, defaultNetwork=true}]]
08-26 01:55:27.600  1111  1805 W NetworkStatsRecorder: unknown interfaces [lo], ignoring those stats
08-26 01:55:30.139  1111  1147 I WindowManager: Focus moving from Window{8ade6dd u0 com.qiyi.video/org.qiyi.android.video.MainActivity EXITING} to Window{1eab923 u0 com.qiyi.video/org.qiyi.android.video.MainActivity}
08-26 01:55:30.144  1111  2158 I ActivityManager: START u0 {act=android.content.pm.action.REQUEST_PERMISSIONS pkg=com.google.android.packageinstaller cmp=com.google.android.packageinstaller/com.android.packageinstaller.permission.ui.GrantPermissionsActivity (has extras)} from uid 10089
08-26 01:55:30.423  1111  1147 I WindowManager: Focus moving from Window{1eab923 u0 com.qiyi.video/org.qiyi.android.video.MainActivity} to null
08-26 01:55:30.907  1111  3535 I WindowManager: Relayout Window{d79072 u0 com.google.android.packageinstaller/com.android.packageinstaller.permission.ui.GrantPermissionsActivity}: oldVis=4 newVis=0 focusMayChange = true
08-26 01:55:30.930  1111  1147 I WindowManager: Focus moving from null to Window{d79072 u0 com.google.android.packageinstaller/com.android.packageinstaller.permission.ui.GrantPermissionsActivity}
08-26 01:55:32.615  1111  1147 I WindowManager: Focus moving from Window{d79072 u0 com.google.android.packageinstaller/com.android.packageinstaller.permission.ui.GrantPermissionsActivity} to Window{1eab923 u0 com.qiyi.video/org.qiyi.android.video.MainActivity}
08-26 01:55:32.962 19577 19577 E ActivityThread: Failed to find provider info for com.vivo.push.sdk.service.SystemPushConfig
08-26 01:55:32.967 19577 19926 E ActivityThread: Failed to find provider info for com.vivo.push.sdk.service.SystemPushConfig
08-26 01:55:35.815  1111  1805 I NetworkStatsRecorder: recordSnapshotLocked: ident[[{type=WIFI, subType=COMBINED, networkId="emporia_5G", metered=false, defaultNetwork=true}]]
08-26 01:55:35.815  1111  1805 W NetworkStatsRecorder: unknown interfaces [lo], ignoring those stats
08-26 01:55:35.815  1111  1805 I NetworkStatsRecorder: recordSnapshotLocked: ident[[{type=WIFI, subType=COMBINED, networkId="emporia_5G", metered=false, defaultNetwork=true}]]
08-26 01:55:35.815  1111  1805 W NetworkStatsRecorder: unknown interfaces [lo], ignoring those stats
08-26 01:55:35.816  1111  1805 I NetworkStatsRecorder: recordSnapshotLocked: ident[[{type=WIFI, subType=COMBINED, networkId="emporia_5G", metered=false, defaultNetwork=true}]]
08-26 01:55:35.816  1111  1805 I chatty  : uid=1000(system) NetworkStats identical 3 lines
08-26 01:55:35.816  1111  1805 I NetworkStatsRecorder: recordSnapshotLocked: ident[[{type=WIFI, subType=COMBINED, networkId="emporia_5G", metered=false, defaultNetwork=true}]]
08-26 01:55:35.816  1111  1805 W NetworkStatsRecorder: unknown interfaces [lo], ignoring those stats
08-26 01:55:35.817  1111  1805 I NetworkStatsRecorder: recordSnapshotLocked: ident[[{type=WIFI, subType=COMBINED, networkId="emporia_5G", metered=false, defaultNetwork=true}]]
08-26 01:55:35.818  1111  1805 I chatty  : uid=1000(system) NetworkStats identical 22 lines
08-26 01:55:35.818  1111  1805 I NetworkStatsRecorder: recordSnapshotLocked: ident[[{type=WIFI, subType=COMBINED, networkId="emporia_5G", metered=false, defaultNetwork=true}]]
08-26 01:55:35.818  1111  1805 W NetworkStatsRecorder: unknown interfaces [lo], ignoring those stats
08-26 01:55:36.325  1111  1805 I NetworkStatsRecorder: recordSnapshotLocked: ident[[{type=WIFI, subType=COMBINED, networkId="emporia_5G", metered=false, defaultNetwork=true}]]
08-26 01:55:36.325  1111  1805 W NetworkStatsRecorder: unknown interfaces [lo], ignoring those stats
08-26 01:55:36.325  1111  1805 I NetworkStatsRecorder: recordSnapshotLocked: ident[[{type=WIFI, subType=COMBINED, networkId="emporia_5G", metered=false, defaultNetwork=true}]]
08-26 01:55:36.325  1111  1805 W NetworkStatsRecorder: unknown interfaces [lo], ignoring those stats
08-26 01:55:36.326  1111  1805 I NetworkStatsRecorder: recordSnapshotLocked: ident[[{type=WIFI, subType=COMBINED, networkId="emporia_5G", metered=false, defaultNetwork=true}]]
08-26 01:55:36.326  1111  1805 I chatty  : uid=1000(system) NetworkStats identical 1 line
08-26 01:55:36.328  1111  1805 I NetworkStatsRecorder: recordSnapshotLocked: ident[[{type=WIFI, subType=COMBINED, networkId="emporia_5G", metered=false, defaultNetwork=true}]]
08-26 01:55:36.330  1111  1805 W NetworkStatsRecorder: unknown interfaces [lo], ignoring those stats
08-26 01:55:36.343  1111  1805 I NetworkStatsRecorder: recordSnapshotLocked: ident[[{type=WIFI, subType=COMBINED, networkId="emporia_5G", metered=false, defaultNetwork=true}]]
08-26 01:55:36.343  1111  1805 I chatty  : uid=1000(system) NetworkStats identical 2 lines
08-26 01:55:36.343  1111  1805 I NetworkStatsRecorder: recordSnapshotLocked: ident[[{type=WIFI, subType=COMBINED, networkId="emporia_5G", metered=false, defaultNetwork=true}]]
08-26 01:55:36.344  1111  1805 W NetworkStatsRecorder: unknown interfaces [lo], ignoring those stats
08-26 01:55:36.661  1111  1141 I ActivityManager: Start proc 20016:com.qiyi.video:patch/u0a89 for service com.qiyi.video/com.tencent.tinker.lib.service.TinkerPatchService
08-26 01:55:36.772  1111  1805 I NetworkStatsRecorder: recordSnapshotLocked: ident[[{type=WIFI, subType=COMBINED, networkId="emporia_5G", metered=false, defaultNetwork=true}]]
08-26 01:55:36.773  1111  1805 W NetworkStatsRecorder: unknown interfaces [lo], ignoring those stats
08-26 01:55:36.773  1111  1805 I NetworkStatsRecorder: recordSnapshotLocked: ident[[{type=WIFI, subType=COMBINED, networkId="emporia_5G", metered=false, defaultNetwork=true}]]
08-26 01:55:36.773  1111  1805 W NetworkStatsRecorder: unknown interfaces [lo], ignoring those stats
08-26 01:55:36.774  1111  1805 I NetworkStatsRecorder: recordSnapshotLocked: ident[[{type=WIFI, subType=COMBINED, networkId="emporia_5G", metered=false, defaultNetwork=true}]]
08-26 01:55:36.774  1111  1805 I chatty  : uid=1000(system) NetworkStats identical 1 line
08-26 01:55:36.775  1111  1805 I NetworkStatsRecorder: recordSnapshotLocked: ident[[{type=WIFI, subType=COMBINED, networkId="emporia_5G", metered=false, defaultNetwork=true}]]
08-26 01:55:36.775  1111  1805 W NetworkStatsRecorder: unknown interfaces [lo], ignoring those stats
08-26 01:55:36.775  1111  1805 I NetworkStatsRecorder: recordSnapshotLocked: ident[[{type=WIFI, subType=COMBINED, networkId="emporia_5G", metered=false, defaultNetwork=true}]]
08-26 01:55:36.775  1111  1805 I chatty  : uid=1000(system) NetworkStats identical 1 line
08-26 01:55:36.775  1111  1805 I NetworkStatsRecorder: recordSnapshotLocked: ident[[{type=WIFI, subType=COMBINED, networkId="emporia_5G", metered=false, defaultNetwork=true}]]
08-26 01:55:36.775  1111  1805 W NetworkStatsRecorder: unknown interfaces [lo], ignoring those stats
08-26 01:55:37.243  1111  1805 I NetworkStatsRecorder: recordSnapshotLocked: ident[[{type=WIFI, subType=COMBINED, networkId="emporia_5G", metered=false, defaultNetwork=true}]]
08-26 01:55:37.249  1111  1805 W NetworkStatsRecorder: unknown interfaces [lo], ignoring those stats
08-26 01:55:37.249  1111  1805 I NetworkStatsRecorder: recordSnapshotLocked: ident[[{type=WIFI, subType=COMBINED, networkId="emporia_5G", metered=false, defaultNetwork=true}]]
08-26 01:55:37.249  1111  1805 W NetworkStatsRecorder: unknown interfaces [lo], ignoring those stats
08-26 01:55:37.250  1111  1805 I NetworkStatsRecorder: recordSnapshotLocked: ident[[{type=WIFI, subType=COMBINED, networkId="emporia_5G", metered=false, defaultNetwork=true}]]
08-26 01:55:37.250  1111  1805 I chatty  : uid=1000(system) NetworkStats identical 1 line
08-26 01:55:37.250  1111  1805 I NetworkStatsRecorder: recordSnapshotLocked: ident[[{type=WIFI, subType=COMBINED, networkId="emporia_5G", metered=false, defaultNetwork=true}]]
08-26 01:55:37.250  1111  1805 W NetworkStatsRecorder: unknown interfaces [lo], ignoring those stats
08-26 01:55:37.250  1111  1805 W NetworkStatsRecorder: unknown interfaces [lo], ignoring those stats
08-26 01:55:37.538  1111  1111 W Looper  : Slow dispatch took 220ms main h=android.os.Handler c=android.app.AlarmManager$ListenerWrapper@8f4bac4 m=0
08-26 01:55:37.541  1111  1111 W Looper  : Slow delivery took 220ms main h=com.android.server.job.JobSchedulerService$JobHandler c=null m=1
08-26 01:55:37.677  1111  1111 W Looper  : Drained
08-26 01:55:37.695  1111  1805 I NetworkStatsRecorder: recordSnapshotLocked: ident[[{type=WIFI, subType=COMBINED, networkId="emporia_5G", metered=false, defaultNetwork=true}]]
08-26 01:55:37.695  1111  1805 W NetworkStatsRecorder: unknown interfaces [lo], ignoring those stats
08-26 01:55:37.695  1111  1805 I NetworkStatsRecorder: recordSnapshotLocked: ident[[{type=WIFI, subType=COMBINED, networkId="emporia_5G", metered=false, defaultNetwork=true}]]
08-26 01:55:37.695  1111  1805 W NetworkStatsRecorder: unknown interfaces [lo], ignoring those stats
08-26 01:55:37.695  1111  1805 I NetworkStatsRecorder: recordSnapshotLocked: ident[[{type=WIFI, subType=COMBINED, networkId="emporia_5G", metered=false, defaultNetwork=true}]]
08-26 01:55:37.696  1111  1805 W NetworkStatsRecorder: unknown interfaces [lo], ignoring those stats
08-26 01:55:37.696  1111  1805 W NetworkStatsRecorder: unknown interfaces [lo], ignoring those stats
08-26 01:55:38.272  1111  1805 I NetworkStatsRecorder: recordSnapshotLocked: ident[[{type=WIFI, subType=COMBINED, networkId="emporia_5G", metered=false, defaultNetwork=true}]]
08-26 01:55:38.306  1111  1805 W NetworkStatsRecorder: unknown interfaces [lo], ignoring those stats
08-26 01:55:38.306  1111  1805 I NetworkStatsRecorder: recordSnapshotLocked: ident[[{type=WIFI, subType=COMBINED, networkId="emporia_5G", metered=false, defaultNetwork=true}]]
08-26 01:55:38.306  1111  1805 W NetworkStatsRecorder: unknown interfaces [lo], ignoring those stats
08-26 01:55:38.306  1111  1805 I NetworkStatsRecorder: recordSnapshotLocked: ident[[{type=WIFI, subType=COMBINED, networkId="emporia_5G", metered=false, defaultNetwork=true}]]
08-26 01:55:38.307  1111  1805 I chatty  : uid=1000(system) NetworkStats identical 1 line
08-26 01:55:38.307  1111  1805 I NetworkStatsRecorder: recordSnapshotLocked: ident[[{type=WIFI, subType=COMBINED, networkId="emporia_5G", metered=false, defaultNetwork=true}]]
08-26 01:55:38.307  1111  1805 W NetworkStatsRecorder: unknown interfaces [lo], ignoring those stats
08-26 01:55:38.338  1111  1805 I NetworkStatsRecorder: recordSnapshotLocked: ident[[{type=WIFI, subType=COMBINED, networkId="emporia_5G", metered=false, defaultNetwork=true}]]
08-26 01:55:38.339  1111  1805 W NetworkStatsRecorder: unknown interfaces [lo], ignoring those stats
08-26 01:55:38.504  1111  1200 I ActivityManager: START u0 {act=android.intent.action.MAIN cat=[android.intent.category.HOME] flg=0x10200000 cmp=com.emporia.emporiaapprebuild/com.emporia.easylauncher.EasyLauncher (has extras)} from uid 1000
08-26 01:55:38.907  1111  1805 I NetworkStatsRecorder: recordSnapshotLocked: ident[[{type=WIFI, subType=COMBINED, networkId="emporia_5G", metered=false, defaultNetwork=true}]]
08-26 01:55:38.907  1111  1805 W NetworkStatsRecorder: unknown interfaces [lo], ignoring those stats
08-26 01:55:38.907  1111  1805 I NetworkStatsRecorder: recordSnapshotLocked: ident[[{type=WIFI, subType=COMBINED, networkId="emporia_5G", metered=false, defaultNetwork=true}]]
08-26 01:55:38.907  1111  1805 W NetworkStatsRecorder: unknown interfaces [lo], ignoring those stats
08-26 01:55:38.908  1111  1805 I NetworkStatsRecorder: recordSnapshotLocked: ident[[{type=WIFI, subType=COMBINED, networkId="emporia_5G", metered=false, defaultNetwork=true}]]
08-26 01:55:38.908  1111  1805 I chatty  : uid=1000(system) NetworkStats identical 1 line
08-26 01:55:38.909  1111  1805 I NetworkStatsRecorder: recordSnapshotLocked: ident[[{type=WIFI, subType=COMBINED, networkId="emporia_5G", metered=false, defaultNetwork=true}]]
08-26 01:55:38.910  1111  1805 W NetworkStatsRecorder: unknown interfaces [lo], ignoring those stats
08-26 01:55:38.910  1111  1805 I NetworkStatsRecorder: recordSnapshotLocked: ident[[{type=WIFI, subType=COMBINED, networkId="emporia_5G", metered=false, defaultNetwork=true}]]
08-26 01:55:38.911  1111  1805 W NetworkStatsRecorder: unknown interfaces [lo], ignoring those stats
08-26 01:55:39.075  1111  1139 W ActivityManager: Activity pause timeout for ActivityRecord{9f5598f u0 com.qiyi.video/org.qiyi.android.video.MainActivity t17}
08-26 01:55:39.120  1111  1147 I WindowManager: Focus moving from Window{1eab923 u0 com.qiyi.video/org.qiyi.android.video.MainActivity} to null
08-26 01:55:39.364  1111  1805 I NetworkStatsRecorder: recordSnapshotLocked: ident[[{type=WIFI, subType=COMBINED, networkId="emporia_5G", metered=false, defaultNetwork=true}]]
08-26 01:55:39.364  1111  1805 W NetworkStatsRecorder: unknown interfaces [lo], ignoring those stats
08-26 01:55:39.364  1111  1805 I NetworkStatsRecorder: recordSnapshotLocked: ident[[{type=WIFI, subType=COMBINED, networkId="emporia_5G", metered=false, defaultNetwork=true}]]
08-26 01:55:39.364  1111  1805 W NetworkStatsRecorder: unknown interfaces [lo], ignoring those stats
08-26 01:55:39.365  1111  1805 I NetworkStatsRecorder: recordSnapshotLocked: ident[[{type=WIFI, subType=COMBINED, networkId="emporia_5G", metered=false, defaultNetwork=true}]]
08-26 01:55:39.365  1111  1805 I chatty  : uid=1000(system) NetworkStats identical 1 line
08-26 01:55:39.365  1111  1805 I NetworkStatsRecorder: recordSnapshotLocked: ident[[{type=WIFI, subType=COMBINED, networkId="emporia_5G", metered=false, defaultNetwork=true}]]
08-26 01:55:39.365  1111  1805 W NetworkStatsRecorder: unknown interfaces [lo], ignoring those stats
08-26 01:55:39.366  1111  1805 I NetworkStatsRecorder: recordSnapshotLocked: ident[[{type=WIFI, subType=COMBINED, networkId="emporia_5G", metered=false, defaultNetwork=true}]]
08-26 01:55:39.366  1111  1805 I NetworkStatsRecorder: recordSnapshotLocked: ident[[{type=WIFI, subType=COMBINED, networkId="emporia_5G", metered=false, defaultNetwork=true}]]
08-26 01:55:39.366  1111  1805 W NetworkStatsRecorder: unknown interfaces [lo], ignoring those stats
08-26 01:55:39.473  1111  2428 I NetworkStatsRecorder: recordSnapshotLocked: ident[[{type=WIFI, subType=COMBINED, networkId="emporia_5G", metered=false, defaultNetwork=true}]]
08-26 01:55:39.473  1111  2428 W NetworkStatsRecorder: unknown interfaces [lo], ignoring those stats
08-26 01:55:39.473  1111  2428 I NetworkStatsRecorder: recordSnapshotLocked: ident[[{type=WIFI, subType=COMBINED, networkId="emporia_5G", metered=false, defaultNetwork=true}]]
08-26 01:55:39.473  1111  2428 W NetworkStatsRecorder: unknown interfaces [lo], ignoring those stats
08-26 01:55:39.474  1111  2428 I NetworkStatsRecorder: recordSnapshotLocked: ident[[{type=WIFI, subType=COMBINED, networkId="emporia_5G", metered=false, defaultNetwork=true}]]
08-26 01:55:39.474  1111  2428 W NetworkStatsRecorder: unknown interfaces [lo], ignoring those stats
08-26 01:55:39.474  1111  2428 W NetworkStatsRecorder: unknown interfaces [lo], ignoring those stats
08-26 01:55:39.777  1111  1139 W BroadcastQueue: Background execution not allowed: receiving Intent { act=android.intent.action.DROPBOX_ENTRY_ADDED flg=0x10 (has extras) } to com.google.android.gms/.stats.service.DropBoxEntryAddedReceiver
08-26 01:55:39.778  1111  1139 W BroadcastQueue: Background execution not allowed: receiving Intent { act=android.intent.action.DROPBOX_ENTRY_ADDED flg=0x10 (has extras) } to com.google.android.gms/.chimera.GmsIntentOperationService$PersistentTrustedReceiver
08-26 01:55:39.790  1111  1805 I NetworkStatsRecorder: recordSnapshotLocked: ident[[{type=WIFI, subType=COMBINED, networkId="emporia_5G", metered=false, defaultNetwork=true}]]
08-26 01:55:39.790  1111  1805 W NetworkStatsRecorder: unknown interfaces [lo], ignoring those stats
08-26 01:55:39.790  1111  1805 I NetworkStatsRecorder: recordSnapshotLocked: ident[[{type=WIFI, subType=COMBINED, networkId="emporia_5G", metered=false, defaultNetwork=true}]]
08-26 01:55:39.791  1111  1805 W NetworkStatsRecorder: unknown interfaces [lo], ignoring those stats
08-26 01:55:39.791  1111  1805 I NetworkStatsRecorder: recordSnapshotLocked: ident[[{type=WIFI, subType=COMBINED, networkId="emporia_5G", metered=false, defaultNetwork=true}]]
08-26 01:55:39.791  1111  1805 I chatty  : uid=1000(system) NetworkStats identical 1 line
08-26 01:55:39.791  1111  1805 I NetworkStatsRecorder: recordSnapshotLocked: ident[[{type=WIFI, subType=COMBINED, networkId="emporia_5G", metered=false, defaultNetwork=true}]]
08-26 01:55:39.791  1111  1805 W NetworkStatsRecorder: unknown interfaces [lo], ignoring those stats
08-26 01:55:39.792  1111  1805 W NetworkStatsRecorder: unknown interfaces [lo], ignoring those stats
08-26 01:55:39.979  1111  2158 I WindowManager: Relayout Window{cc5beeb u0 com.emporia.emporiaapprebuild/com.emporia.easylauncher.EasyLauncher}: oldVis=4 newVis=0 focusMayChange = true
08-26 01:55:39.989  1111  1147 I WindowManager: Focus moving from null to Window{cc5beeb u0 com.emporia.emporiaapprebuild/com.emporia.easylauncher.EasyLauncher}
08-26 01:55:40.126  1111  2157 W BroadcastQueue: Background execution not allowed: receiving Intent { act=android.intent.action.DROPBOX_ENTRY_ADDED flg=0x10 (has extras) } to com.google.android.gms/.stats.service.DropBoxEntryAddedReceiver
08-26 01:55:40.127  1111  1139 W BroadcastQueue: Background execution not allowed: receiving Intent { act=android.intent.action.DROPBOX_ENTRY_ADDED flg=0x10 (has extras) } to com.google.android.gms/.chimera.GmsIntentOperationService$PersistentTrustedReceiver
08-26 01:55:40.127  1111  1139 W BroadcastQueue: Background execution not allowed: receiving Intent { act=android.intent.action.DROPBOX_ENTRY_ADDED flg=0x10 (has extras) } to com.google.android.gms/.stats.service.DropBoxEntryAddedReceiver
08-26 01:55:40.128  1111  1139 W BroadcastQueue: Background execution not allowed: receiving Intent { act=android.intent.action.DROPBOX_ENTRY_ADDED flg=0x10 (has extras) } to com.google.android.gms/.chimera.GmsIntentOperationService$PersistentTrustedReceiver
08-26 01:55:40.386  1111  1805 I NetworkStatsRecorder: recordSnapshotLocked: ident[[{type=WIFI, subType=COMBINED, networkId="emporia_5G", metered=false, defaultNetwork=true}]]
08-26 01:55:40.386  1111  1805 W NetworkStatsRecorder: unknown interfaces [lo], ignoring those stats
08-26 01:55:40.386  1111  1805 I NetworkStatsRecorder: recordSnapshotLocked: ident[[{type=WIFI, subType=COMBINED, networkId="emporia_5G", metered=false, defaultNetwork=true}]]
08-26 01:55:40.386  1111  1805 W NetworkStatsRecorder: unknown interfaces [lo], ignoring those stats
08-26 01:55:40.392  1111  1805 I NetworkStatsRecorder: recordSnapshotLocked: ident[[{type=WIFI, subType=COMBINED, networkId="emporia_5G", metered=false, defaultNetwork=true}]]
08-26 01:55:40.392  1111  1805 I chatty  : uid=1000(system) NetworkStats identical 1 line
08-26 01:55:40.392  1111  1805 I NetworkStatsRecorder: recordSnapshotLocked: ident[[{type=WIFI, subType=COMBINED, networkId="emporia_5G", metered=false, defaultNetwork=true}]]
08-26 01:55:40.392  1111  1805 W NetworkStatsRecorder: unknown interfaces [lo], ignoring those stats
08-26 01:55:40.393  1111  1805 I NetworkStatsRecorder: recordSnapshotLocked: ident[[{type=WIFI, subType=COMBINED, networkId="emporia_5G", metered=false, defaultNetwork=true}]]
08-26 01:55:40.393  1111  1805 W NetworkStatsRecorder: unknown interfaces [lo], ignoring those stats
08-26 01:55:40.993  1111  1805 I NetworkStatsRecorder: recordSnapshotLocked: ident[[{type=WIFI, subType=COMBINED, networkId="emporia_5G", metered=false, defaultNetwork=true}]]
08-26 01:55:40.993  1111  1805 W NetworkStatsRecorder: unknown interfaces [lo], ignoring those stats
08-26 01:55:40.994  1111  1805 I NetworkStatsRecorder: recordSnapshotLocked: ident[[{type=WIFI, subType=COMBINED, networkId="emporia_5G", metered=false, defaultNetwork=true}]]
08-26 01:55:40.994  1111  1805 W NetworkStatsRecorder: unknown interfaces [lo], ignoring those stats
08-26 01:55:40.994  1111  1805 I NetworkStatsRecorder: recordSnapshotLocked: ident[[{type=WIFI, subType=COMBINED, networkId="emporia_5G", metered=false, defaultNetwork=true}]]
08-26 01:55:40.995  1111  1805 W NetworkStatsRecorder: unknown interfaces [lo], ignoring those stats
08-26 01:55:40.995  1111  1805 W NetworkStatsRecorder: unknown interfaces [lo], ignoring those stats
08-26 01:55:41.371  1111  1805 I NetworkStatsRecorder: recordSnapshotLocked: ident[[{type=WIFI, subType=COMBINED, networkId="emporia_5G", metered=false, defaultNetwork=true}]]
08-26 01:55:41.371  1111  1805 W NetworkStatsRecorder: unknown interfaces [lo], ignoring those stats
08-26 01:55:41.371  1111  1805 I NetworkStatsRecorder: recordSnapshotLocked: ident[[{type=WIFI, subType=COMBINED, networkId="emporia_5G", metered=false, defaultNetwork=true}]]
08-26 01:55:41.371  1111  1805 W NetworkStatsRecorder: unknown interfaces [lo], ignoring those stats
08-26 01:55:41.372  1111  1805 I NetworkStatsRecorder: recordSnapshotLocked: ident[[{type=WIFI, subType=COMBINED, networkId="emporia_5G", metered=false, defaultNetwork=true}]]
08-26 01:55:41.372  1111  1805 I NetworkStatsRecorder: recordSnapshotLocked: ident[[{type=WIFI, subType=COMBINED, networkId="emporia_5G", metered=false, defaultNetwork=true}]]
08-26 01:55:41.372  1111  1805 W NetworkStatsRecorder: unknown interfaces [lo], ignoring those stats
08-26 01:55:41.373  1111  1805 I NetworkStatsRecorder: recordSnapshotLocked: ident[[{type=WIFI, subType=COMBINED, networkId="emporia_5G", metered=false, defaultNetwork=true}]]
08-26 01:55:41.373  1111  1805 I chatty  : uid=1000(system) NetworkStats identical 1 line
08-26 01:55:41.373  1111  1805 I NetworkStatsRecorder: recordSnapshotLocked: ident[[{type=WIFI, subType=COMBINED, networkId="emporia_5G", metered=false, defaultNetwork=true}]]
08-26 01:55:41.373  1111  1805 W NetworkStatsRecorder: unknown interfaces [lo], ignoring those stats
08-26 01:55:41.805  1111  1805 I NetworkStatsRecorder: recordSnapshotLocked: ident[[{type=WIFI, subType=COMBINED, networkId="emporia_5G", metered=false, defaultNetwork=true}]]
08-26 01:55:41.805  1111  1805 W NetworkStatsRecorder: unknown interfaces [lo], ignoring those stats
08-26 01:55:41.805  1111  1805 I NetworkStatsRecorder: recordSnapshotLocked: ident[[{type=WIFI, subType=COMBINED, networkId="emporia_5G", metered=false, defaultNetwork=true}]]
08-26 01:55:41.805  1111  1805 W NetworkStatsRecorder: unknown interfaces [lo], ignoring those stats
08-26 01:55:41.806  1111  1805 I NetworkStatsRecorder: recordSnapshotLocked: ident[[{type=WIFI, subType=COMBINED, networkId="emporia_5G", metered=false, defaultNetwork=true}]]
08-26 01:55:41.806  1111  1805 I NetworkStatsRecorder: recordSnapshotLocked: ident[[{type=WIFI, subType=COMBINED, networkId="emporia_5G", metered=false, defaultNetwork=true}]]
08-26 01:55:41.806  1111  1805 W NetworkStatsRecorder: unknown interfaces [lo], ignoring those stats
08-26 01:55:41.806  1111  1805 I NetworkStatsRecorder: recordSnapshotLocked: ident[[{type=WIFI, subType=COMBINED, networkId="emporia_5G", metered=false, defaultNetwork=true}]]
08-26 01:55:41.806  1111  1805 I NetworkStatsRecorder: recordSnapshotLocked: ident[[{type=WIFI, subType=COMBINED, networkId="emporia_5G", metered=false, defaultNetwork=true}]]
08-26 01:55:41.806  1111  1805 W NetworkStatsRecorder: unknown interfaces [lo], ignoring those stats
08-26 01:55:42.225  1111  1805 I NetworkStatsRecorder: recordSnapshotLocked: ident[[{type=WIFI, subType=COMBINED, networkId="emporia_5G", metered=false, defaultNetwork=true}]]
08-26 01:55:42.225  1111  1805 W NetworkStatsRecorder: unknown interfaces [lo], ignoring those stats
08-26 01:55:42.225  1111  1805 I NetworkStatsRecorder: recordSnapshotLocked: ident[[{type=WIFI, subType=COMBINED, networkId="emporia_5G", metered=false, defaultNetwork=true}]]
08-26 01:55:42.225  1111  1805 W NetworkStatsRecorder: unknown interfaces [lo], ignoring those stats
08-26 01:55:42.225  1111  1805 I NetworkStatsRecorder: recordSnapshotLocked: ident[[{type=WIFI, subType=COMBINED, networkId="emporia_5G", metered=false, defaultNetwork=true}]]
08-26 01:55:42.225  1111  1805 W NetworkStatsRecorder: unknown interfaces [lo], ignoring those stats
08-26 01:55:42.226  1111  1805 I NetworkStatsRecorder: recordSnapshotLocked: ident[[{type=WIFI, subType=COMBINED, networkId="emporia_5G", metered=false, defaultNetwork=true}]]
08-26 01:55:42.226  1111  1805 W NetworkStatsRecorder: unknown interfaces [lo], ignoring those stats
08-26 01:55:42.451  1111  1147 I WindowManager: Focus moving from Window{cc5beeb u0 com.emporia.emporiaapprebuild/com.emporia.easylauncher.EasyLauncher} to Window{8c998e5 u0 PopupWindow:8b53012}
08-26 01:55:42.538  1111  1147 I WindowManager: Losing delayed focus: Window{cc5beeb u0 com.emporia.emporiaapprebuild/com.emporia.easylauncher.EasyLauncher}
08-26 01:55:42.578  1111  1139 W ActivityManager: Launch timeout has expired, giving up wake lock!
08-26 01:55:42.940  1111  1805 I NetworkStatsRecorder: recordSnapshotLocked: ident[[{type=WIFI, subType=COMBINED, networkId="emporia_5G", metered=false, defaultNetwork=true}]]
08-26 01:55:42.940  1111  1805 W NetworkStatsRecorder: unknown interfaces [lo], ignoring those stats
08-26 01:55:42.940  1111  1805 I NetworkStatsRecorder: recordSnapshotLocked: ident[[{type=WIFI, subType=COMBINED, networkId="emporia_5G", metered=false, defaultNetwork=true}]]
08-26 01:55:42.940  1111  1805 W NetworkStatsRecorder: unknown interfaces [lo], ignoring those stats
08-26 01:55:42.941  1111  1805 I NetworkStatsRecorder: recordSnapshotLocked: ident[[{type=WIFI, subType=COMBINED, networkId="emporia_5G", metered=false, defaultNetwork=true}]]
08-26 01:55:42.941  1111  1805 I chatty  : uid=1000(system) NetworkStats identical 2 lines
08-26 01:55:42.941  1111  1805 I NetworkStatsRecorder: recordSnapshotLocked: ident[[{type=WIFI, subType=COMBINED, networkId="emporia_5G", metered=false, defaultNetwork=true}]]
08-26 01:55:42.941  1111  1805 W NetworkStatsRecorder: unknown interfaces [lo], ignoring those stats
08-26 01:55:42.942  1111  1805 I NetworkStatsRecorder: recordSnapshotLocked: ident[[{type=WIFI, subType=COMBINED, networkId="emporia_5G", metered=false, defaultNetwork=true}]]
08-26 01:55:42.942  1111  1805 I chatty  : uid=1000(system) NetworkStats identical 1 line
08-26 01:55:42.942  1111  1805 I NetworkStatsRecorder: recordSnapshotLocked: ident[[{type=WIFI, subType=COMBINED, networkId="emporia_5G", metered=false, defaultNetwork=true}]]
08-26 01:55:42.942  1111  1805 W NetworkStatsRecorder: unknown interfaces [lo], ignoring those stats
08-26 01:55:43.304  1111  3144 I ActivityManager: START u0 {cmp=com.emporia.emporiaapprebuild/com.emporia.emporialauncherrebuild.AllAppListActivity (has extras)} from uid 10041
08-26 01:55:43.364  1111  1147 I WindowManager: Focus moving from Window{8c998e5 u0 PopupWindow:8b53012} to Window{cc5beeb u0 com.emporia.emporiaapprebuild/com.emporia.easylauncher.EasyLauncher}
08-26 01:55:43.385  1111  1147 I WindowManager: Focus moving from Window{cc5beeb u0 com.emporia.emporiaapprebuild/com.emporia.easylauncher.EasyLauncher} to null
08-26 01:55:43.544  1111  1139 W BroadcastQueue: Background execution not allowed: receiving Intent { act=android.intent.action.DROPBOX_ENTRY_ADDED flg=0x10 (has extras) } to com.google.android.gms/.stats.service.DropBoxEntryAddedReceiver
08-26 01:55:43.545  1111  1139 W BroadcastQueue: Background execution not allowed: receiving Intent { act=android.intent.action.DROPBOX_ENTRY_ADDED flg=0x10 (has extras) } to com.google.android.gms/.chimera.GmsIntentOperationService$PersistentTrustedReceiver
08-26 01:55:43.620  1111  3144 I WindowManager: Relayout Window{d85cf10 u0 com.emporia.emporiaapprebuild/com.emporia.emporialauncherrebuild.AllAppListActivity}: oldVis=4 newVis=0 focusMayChange = true
08-26 01:55:43.629  1111  1147 I WindowManager: Focus moving from null to Window{d85cf10 u0 com.emporia.emporiaapprebuild/com.emporia.emporialauncherrebuild.AllAppListActivity}
08-26 01:55:44.842  1111  1805 I NetworkStatsRecorder: recordSnapshotLocked: ident[[{type=WIFI, subType=COMBINED, networkId="emporia_5G", metered=false, defaultNetwork=true}]]
08-26 01:55:44.842  1111  1805 W NetworkStatsRecorder: unknown interfaces [lo], ignoring those stats
08-26 01:55:44.842  1111  1805 I NetworkStatsRecorder: recordSnapshotLocked: ident[[{type=WIFI, subType=COMBINED, networkId="emporia_5G", metered=false, defaultNetwork=true}]]
08-26 01:55:44.842  1111  1805 W NetworkStatsRecorder: unknown interfaces [lo], ignoring those stats
08-26 01:55:44.846  1111  1805 I NetworkStatsRecorder: recordSnapshotLocked: ident[[{type=WIFI, subType=COMBINED, networkId="emporia_5G", metered=false, defaultNetwork=true}]]
08-26 01:55:44.847  1111  1805 I chatty  : uid=1000(system) NetworkStats identical 3 lines
08-26 01:55:44.847  1111  1805 I NetworkStatsRecorder: recordSnapshotLocked: ident[[{type=WIFI, subType=COMBINED, networkId="emporia_5G", metered=false, defaultNetwork=true}]]
08-26 01:55:44.848  1111  1805 W NetworkStatsRecorder: unknown interfaces [lo], ignoring those stats
08-26 01:55:44.848  1111  1805 I NetworkStatsRecorder: recordSnapshotLocked: ident[[{type=WIFI, subType=COMBINED, networkId="emporia_5G", metered=false, defaultNetwork=true}]]
08-26 01:55:44.868  1111  1805 I chatty  : uid=1000(system) NetworkStats identical 6 lines
08-26 01:55:44.868  1111  1805 I NetworkStatsRecorder: recordSnapshotLocked: ident[[{type=WIFI, subType=COMBINED, networkId="emporia_5G", metered=false, defaultNetwork=true}]]
08-26 01:55:44.868  1111  1805 W NetworkStatsRecorder: unknown interfaces [lo], ignoring those stats
08-26 01:55:45.629  1111  1805 I NetworkStatsRecorder: recordSnapshotLocked: ident[[{type=WIFI, subType=COMBINED, networkId="emporia_5G", metered=false, defaultNetwork=true}]]
08-26 01:55:45.629  1111  1805 W NetworkStatsRecorder: unknown interfaces [lo], ignoring those stats
