08-26 01:59:02.466   902   987 W NetworkStatsRecorder: unknown interfaces [lo], ignoring those stats
08-26 01:59:02.470   902   987 I NetworkStatsRecorder: recordSnapshotLocked: ident[[{type=WIFI, subType=COMBINED, networkId="emporia_5G", metered=false, defaultNetwork=true}]]
08-26 01:59:02.470   902   987 W NetworkStatsRecorder: unknown interfaces [lo], ignoring those stats
08-26 01:59:02.471   902   987 I NetworkStatsRecorder: recordSnapshotLocked: ident[[{type=WIFI, subType=COMBINED, networkId="emporia_5G", metered=false, defaultNetwork=true}]]
08-26 01:59:02.471   902   987 W NetworkStatsRecorder: unknown interfaces [lo], ignoring those stats
08-26 01:59:02.472   902   987 W NetworkStatsRecorder: unknown interfaces [lo], ignoring those stats
08-26 01:59:04.301   902   987 I NetworkStatsRecorder: recordSnapshotLocked: ident[[{type=WIFI, subType=COMBINED, networkId="emporia_5G", metered=false, defaultNetwork=true}]]
08-26 01:59:04.303   902   987 W NetworkStatsRecorder: unknown interfaces [lo], ignoring those stats
08-26 01:59:04.303   902   987 I NetworkStatsRecorder: recordSnapshotLocked: ident[[{type=WIFI, subType=COMBINED, networkId="emporia_5G", metered=false, defaultNetwork=true}]]
08-26 01:59:04.303   902   987 W NetworkStatsRecorder: unknown interfaces [lo], ignoring those stats
08-26 01:59:04.303   902   987 I NetworkStatsRecorder: recordSnapshotLocked: ident[[{type=WIFI, subType=COMBINED, networkId="emporia_5G", metered=false, defaultNetwork=true}]]
08-26 01:59:04.304   902   987 I chatty  : uid=1000(system) NetworkStats identical 1 line
08-26 01:59:04.304   902   987 I NetworkStatsRecorder: recordSnapshotLocked: ident[[{type=WIFI, subType=COMBINED, networkId="emporia_5G", metered=false, defaultNetwork=true}]]
08-26 01:59:04.304   902   987 W NetworkStatsRecorder: unknown interfaces [lo], ignoring those stats
08-26 01:59:04.304   902   987 I NetworkStatsRecorder: recordSnapshotLocked: ident[[{type=WIFI, subType=COMBINED, networkId="emporia_5G", metered=false, defaultNetwork=true}]]
08-26 01:59:04.304   902   987 W NetworkStatsRecorder: unknown interfaces [lo], ignoring those stats
08-26 01:59:05.777   525   660 E storaged: getDiskStats failed with result NOT_SUPPORTED and size 0
08-26 02:00:05.781   525   660 E storaged: getDiskStats failed with result NOT_SUPPORTED and size 0
08-26 02:00:10.951   902   987 I NetworkStatsRecorder: recordSnapshotLocked: ident[[{type=WIFI, subType=COMBINED, networkId="emporia_5G", metered=false, defaultNetwork=true}]]
08-26 02:00:10.955   902   987 W NetworkStatsRecorder: unknown interfaces [lo], ignoring those stats
08-26 02:00:10.956   902   987 I NetworkStatsRecorder: recordSnapshotLocked: ident[[{type=WIFI, subType=COMBINED, networkId="emporia_5G", metered=false, defaultNetwork=true}]]
08-26 02:00:10.957   902   987 W NetworkStatsRecorder: unknown interfaces [lo], ignoring those stats
08-26 02:00:10.958   902   987 I NetworkStatsRecorder: recordSnapshotLocked: ident[[{type=WIFI, subType=COMBINED, networkId="emporia_5G", metered=false, defaultNetwork=true}]]
08-26 02:00:10.961   902   987 I chatty  : uid=1000(system) NetworkStats identical 4 lines
08-26 02:00:10.961   902   987 I NetworkStatsRecorder: recordSnapshotLocked: ident[[{type=WIFI, subType=COMBINED, networkId="emporia_5G", metered=false, defaultNetwork=true}]]
08-26 02:00:10.964   902   987 W NetworkStatsRecorder: unknown interfaces [lo], ignoring those stats
08-26 02:00:10.965   902   987 I NetworkStatsRecorder: recordSnapshotLocked: ident[[{type=WIFI, subType=COMBINED, networkId="emporia_5G", metered=false, defaultNetwork=true}]]
08-26 02:00:10.966   902   987 I chatty  : uid=1000(system) NetworkStats identical 1 line
08-26 02:00:10.966   902   987 I NetworkStatsRecorder: recordSnapshotLocked: ident[[{type=WIFI, subType=COMBINED, networkId="emporia_5G", metered=false, defaultNetwork=true}]]
08-26 02:00:10.967   902   987 W NetworkStatsRecorder: unknown interfaces [lo], ignoring those stats
08-26 02:00:12.616   902   987 I NetworkStatsRecorder: recordSnapshotLocked: ident[[{type=WIFI, subType=COMBINED, networkId="emporia_5G", metered=false, defaultNetwork=true}]]
08-26 02:00:12.618   902   987 W NetworkStatsRecorder: unknown interfaces [lo], ignoring those stats
08-26 02:00:12.621   902   987 I NetworkStatsRecorder: recordSnapshotLocked: ident[[{type=WIFI, subType=COMBINED, networkId="emporia_5G", metered=false, defaultNetwork=true}]]
08-26 02:00:12.621   902   987 W NetworkStatsRecorder: unknown interfaces [lo], ignoring those stats
08-26 02:00:12.623   902   987 I NetworkStatsRecorder: recordSnapshotLocked: ident[[{type=WIFI, subType=COMBINED, networkId="emporia_5G", metered=false, defaultNetwork=true}]]
08-26 02:00:12.623   902   987 I chatty  : uid=1000(system) NetworkStats identical 2 lines
08-26 02:00:12.623   902   987 I NetworkStatsRecorder: recordSnapshotLocked: ident[[{type=WIFI, subType=COMBINED, networkId="emporia_5G", metered=false, defaultNetwork=true}]]
08-26 02:00:12.623   902   987 W NetworkStatsRecorder: unknown interfaces [lo], ignoring those stats
08-26 02:00:12.624   902   987 I NetworkStatsRecorder: recordSnapshotLocked: ident[[{type=WIFI, subType=COMBINED, networkId="emporia_5G", metered=false, defaultNetwork=true}]]
08-26 02:00:12.624   902   987 W NetworkStatsRecorder: unknown interfaces [lo], ignoring those stats
08-26 02:01:05.783   525   660 E storaged: getDiskStats failed with result NOT_SUPPORTED and size 0
08-26 02:01:07.951   902   987 I NetworkStatsRecorder: recordSnapshotLocked: ident[[{type=WIFI, subType=COMBINED, networkId="emporia_5G", metered=false, defaultNetwork=true}]]
08-26 02:01:07.951   902   987 W NetworkStatsRecorder: unknown interfaces [lo], ignoring those stats
08-26 02:01:07.951   902   987 I NetworkStatsRecorder: recordSnapshotLocked: ident[[{type=WIFI, subType=COMBINED, networkId="emporia_5G", metered=false, defaultNetwork=true}]]
08-26 02:01:07.951   902   987 W NetworkStatsRecorder: unknown interfaces [lo], ignoring those stats
08-26 02:01:07.952   902   987 I NetworkStatsRecorder: recordSnapshotLocked: ident[[{type=WIFI, subType=COMBINED, networkId="emporia_5G", metered=false, defaultNetwork=true}]]
08-26 02:01:07.952   902   987 I chatty  : uid=1000(system) NetworkStats identical 3 lines
08-26 02:01:07.953   902   987 I NetworkStatsRecorder: recordSnapshotLocked: ident[[{type=WIFI, subType=COMBINED, networkId="emporia_5G", metered=false, defaultNetwork=true}]]
08-26 02:01:07.953   902   987 W NetworkStatsRecorder: unknown interfaces [lo], ignoring those stats
08-26 02:01:07.953   902   987 I NetworkStatsRecorder: recordSnapshotLocked: ident[[{type=WIFI, subType=COMBINED, networkId="emporia_5G", metered=false, defaultNetwork=true}]]
08-26 02:01:07.954   902   987 I chatty  : uid=1000(system) NetworkStats identical 3 lines
08-26 02:01:07.954   902   987 I NetworkStatsRecorder: recordSnapshotLocked: ident[[{type=WIFI, subType=COMBINED, networkId="emporia_5G", metered=false, defaultNetwork=true}]]
08-26 02:01:07.954   902   987 W NetworkStatsRecorder: unknown interfaces [lo], ignoring those stats
08-26 02:01:09.509   902   987 I NetworkStatsRecorder: recordSnapshotLocked: ident[[{type=WIFI, subType=COMBINED, networkId="emporia_5G", metered=false, defaultNetwork=true}]]
08-26 02:01:09.509   902   987 W NetworkStatsRecorder: unknown interfaces [lo], ignoring those stats
08-26 02:01:09.510   902   987 I NetworkStatsRecorder: recordSnapshotLocked: ident[[{type=WIFI, subType=COMBINED, networkId="emporia_5G", metered=false, defaultNetwork=true}]]
08-26 02:01:09.510   902   987 W NetworkStatsRecorder: unknown interfaces [lo], ignoring those stats
08-26 02:01:09.511   902   987 I NetworkStatsRecorder: recordSnapshotLocked: ident[[{type=WIFI, subType=COMBINED, networkId="emporia_5G", metered=false, defaultNetwork=true}]]
08-26 02:01:09.511   902   987 I NetworkStatsRecorder: recordSnapshotLocked: ident[[{type=WIFI, subType=COMBINED, networkId="emporia_5G", metered=false, defaultNetwork=true}]]
08-26 02:01:09.512   902   987 W NetworkStatsRecorder: unknown interfaces [lo], ignoring those stats
08-26 02:01:09.513   902   987 I NetworkStatsRecorder: recordSnapshotLocked: ident[[{type=WIFI, subType=COMBINED, networkId="emporia_5G", metered=false, defaultNetwork=true}]]
08-26 02:01:09.513   902   987 W NetworkStatsRecorder: unknown interfaces [lo], ignoring those stats
08-26 02:01:47.553   902   979 I PowerManagerService: Going to sleep due to power button (uid 1000)...
08-26 02:01:47.555   902   902 W UsageStatsService: Event reported without a package name
08-26 02:01:47.570   902   929 I PowerManagerService: Sleeping (uid 1000)...
08-26 02:01:47.902   902   929 I DisplayPowerController: Blocking screen off
08-26 02:01:47.903   902   929 I DisplayPowerController: Unblocked screen off after 1 ms
08-26 02:01:48.063   902   926 I DisplayManagerService: Display device changed state: "Built-in Screen", OFF
08-26 02:01:48.439   902  4312 W UsageStatsService: Event reported without a package name
08-26 02:01:48.482   902   918 W ActivityManager: Activity pause timeout for ActivityRecord{1441e95 u0 com.qiyi.video/org.iqiyi.video.activity.PlayerActivity t9}
08-26 02:01:48.485   902   926 I WindowManager: Focus moving from Window{b9d127c u0 com.qiyi.video/org.iqiyi.video.activity.PlayerActivity} to null
08-26 02:01:49.013   902   926 I WindowManager: Focus moving from null to Window{20c0296 u0 StatusBar}
08-26 02:01:49.014   902  4312 I ActivityManager: Config changes=20000480 {1.3 ?mcc?mnc [en_US] ldltr sw360dp w360dp h696dp 320dpi nrml long port finger -keyb/v/h -nav/h winConfig={ mBounds=Rect(0, 0 - 0, 0) mAppBounds=Rect(0, 0 - 720, 1440) mWindowingMode=fullscreen mActivityType=undefined} s.13}
08-26 02:01:49.036   902   979 I PowerManagerService: Waking up from sleep (uid=1000 reason=android.policy:POWER)...
08-26 02:01:49.144   902   929 I DisplayPowerController: Blocking screen on until initial contents have been drawn.
08-26 02:01:49.147   902  4312 I ActivityManager: Override config changes=20000480 {1.3 ?mcc?mnc [en_US] ldltr sw360dp w360dp h696dp 320dpi nrml long port finger -keyb/v/h -nav/h winConfig={ mBounds=Rect(0, 0 - 1440, 720) mAppBounds=Rect(0, 0 - 720, 1440) mWindowingMode=fullscreen mActivityType=undefined} s.13} for displayId=0
08-26 02:01:49.198   902   902 W UsageStatsService: Event reported without a package name
08-26 02:01:49.214   902   926 I DisplayManagerService: Display device changed state: "Built-in Screen", ON
08-26 02:01:49.263   902   902 W Looper  : Slow dispatch took 225ms main h=com.android.server.power.Notifier$NotifierHandler c=com.android.server.power.Notifier$1@3c2a636 m=0
08-26 02:01:49.264   902   902 W Looper  : Slow delivery took 226ms main h=android.os.Handler c=null m=3030
08-26 02:01:49.273  1187  1187 I EmergencyButton: ss.getState()=1 ss.isEmergencyOnly()=true for simId=0
08-26 02:01:49.280   902   902 W Looper  : Drained
08-26 02:01:50.195   902   919 W WindowManager: Keyguard drawn timeout. Setting mKeyguardDrawComplete
08-26 02:01:50.196   902   919 I WindowManager: Waiting for drawn Window{20c0296 u0 StatusBar}: removed=false visible=true mHasSurface=true drawState=1
08-26 02:01:50.200   902   964 I WindowManager: Waiting for drawn Window{20c0296 u0 StatusBar}: removed=false visible=true mHasSurface=true drawState=1
08-26 02:01:50.356   902   964 I WindowManager: Waiting for drawn Window{20c0296 u0 StatusBar}: removed=false visible=true mHasSurface=true drawState=4
08-26 02:01:50.387   902   929 I DisplayPowerController: Unblocked screen on after 1243 ms
08-26 02:01:50.389   902   929 W PowerManagerService: Screen on took 1359 ms
08-26 02:01:50.584  1187  1187 I EmergencyButton: ss.getState()=1 ss.isEmergencyOnly()=true for simId=0
08-26 02:01:59.031   902   929 I PowerManagerService: Going to sleep due to screen timeout (uid 1000)...
08-26 02:01:59.032   902   902 W UsageStatsService: Event reported without a package name
08-26 02:01:59.032   902   929 I PowerManagerService: Sleeping (uid 1000)...
08-26 02:01:59.231   902   929 I DisplayPowerController: Blocking screen off
08-26 02:01:59.231   902   929 I DisplayPowerController: Unblocked screen off after 0 ms
08-26 02:01:59.258   902   926 I DisplayManagerService: Display device changed state: "Built-in Screen", OFF
08-26 02:01:59.955   902   925 I EntropyMixer: Writing entropy...
08-26 02:01:59.957   902   918 W BroadcastQueue: Background execution not allowed: receiving Intent { act=android.intent.action.ACTION_POWER_CONNECTED flg=0x4000010 (has extras) } to com.emporia.emporiaapprebuild/com.appguide.app.receivers.BackroundBroadcastReceiver
08-26 02:01:59.958   902   918 W BroadcastQueue: Background execution not allowed: receiving Intent { act=android.intent.action.ACTION_POWER_CONNECTED flg=0x4000010 (has extras) } to com.google.android.gms/.gcm.nts.SchedulerReceiver
08-26 02:01:59.958   902   918 W BroadcastQueue: Background execution not allowed: receiving Intent { act=android.intent.action.ACTION_POWER_CONNECTED flg=0x4000010 (has extras) } to com.google.android.gms/.chimera.GmsIntentOperationService$PersistentTrustedReceiver
08-26 02:01:59.961   902   929 I PowerManagerService: Waking up from sleep (uid=1000 reason=android.server.power:POWER)...
08-26 02:01:59.970   902   929 I DisplayPowerController: Blocking screen on until initial contents have been drawn.
08-26 02:01:59.973   902   922 E BatteryExternalStatsWorker: no controller energy info supplied for wifi
08-26 02:01:59.973   902   922 E BatteryExternalStatsWorker: no controller energy info supplied for bluetooth
08-26 02:01:59.983   902   902 W UsageStatsService: Event reported without a package name
08-26 02:01:59.984   902   926 I DisplayManagerService: Display device changed state: "Built-in Screen", ON
08-26 02:02:00.015   902   919 I WindowManager: Waiting for drawn Window{20c0296 u0 StatusBar}: removed=false visible=true mHasSurface=true drawState=1
08-26 02:02:00.021   902   964 I WindowManager: Waiting for drawn Window{20c0296 u0 StatusBar}: removed=false visible=true mHasSurface=true drawState=1
08-26 02:02:00.063   902   922 W BatteryExternalStatsWorker: modem info is invalid: ModemActivityInfo{ mTimestamp=7855046 mSleepTimeMs=7611125 mIdleTimeMs=-2147303982 mTxTimeMs[]=[0, 0, 0, 0, 0] mRxTimeMs=7849447 mEnergyUsed=0}
08-26 02:02:00.154   902   964 I WindowManager: Waiting for drawn Window{20c0296 u0 StatusBar}: removed=false visible=true mHasSurface=true drawState=1
08-26 02:02:00.260   902  2502 I WindowManager: Waiting for drawn Window{20c0296 u0 StatusBar}: removed=false visible=true mHasSurface=true drawState=1
08-26 02:02:00.318   902   964 I WindowManager: Waiting for drawn Window{20c0296 u0 StatusBar}: removed=false visible=true mHasSurface=true drawState=4
08-26 02:02:00.332   902   929 I DisplayPowerController: Unblocked screen on after 361 ms
08-26 02:02:00.582   902   929 W PowerManagerService: Screen on took 619 ms
08-26 02:02:02.697   902  2502 I ActivityManager: Config changes=20000480 {1.3 ?mcc?mnc [en_US] ldltr sw360dp w720dp h336dp 320dpi nrml long land finger -keyb/v/h -nav/h winConfig={ mBounds=Rect(0, 0 - 0, 0) mAppBounds=Rect(0, 0 - 1440, 720) mWindowingMode=fullscreen mActivityType=undefined} s.14}
08-26 02:02:02.721   902  2502 I ActivityManager: Override config changes=20000480 {1.3 ?mcc?mnc [en_US] ldltr sw360dp w720dp h336dp 320dpi nrml long land finger -keyb/v/h -nav/h winConfig={ mBounds=Rect(0, 0 - 720, 1440) mAppBounds=Rect(0, 0 - 1440, 720) mWindowingMode=fullscreen mActivityType=undefined} s.14} for displayId=0
08-26 02:02:02.878   902  1258 W UsageStatsService: Event reported without a package name
08-26 02:02:02.937   902   918 W BroadcastQueue: Background execution not allowed: receiving Intent { act=android.intent.action.USER_PRESENT flg=0x24200010 } to com.emporia.emporiaapprebuild/com.emporia.notificationcenter.ServiceRestartReceiver
08-26 02:02:02.954   902   918 W BroadcastQueue: Background execution not allowed: receiving Intent { act=android.intent.action.USER_PRESENT flg=0x24200010 } to com.google.android.gms/.auth.setup.devicesignals.LockScreenReceiver
08-26 02:02:02.955   902   918 W BroadcastQueue: Background execution not allowed: receiving Intent { act=android.intent.action.USER_PRESENT flg=0x24200010 } to com.google.android.gms/.trustagent.UserPresentBroadcastReceiver
08-26 02:02:02.956   902   918 W BroadcastQueue: Background execution not allowed: receiving Intent { act=android.intent.action.USER_PRESENT flg=0x24200010 } to com.google.android.gms/.chimera.GmsIntentOperationService$PersistentTrustedReceiver
08-26 02:02:02.957   902   918 W BroadcastQueue: Background execution not allowed: receiving Intent { act=android.intent.action.USER_PRESENT flg=0x24200010 } to com.qiyi.video/com.iqiyi.hcim.service.BroadcastCenter
08-26 02:02:02.957   902   918 W BroadcastQueue: Background execution not allowed: receiving Intent { act=android.intent.action.USER_PRESENT flg=0x24200010 } to com.qiyi.video/com.iqiyi.pushservice.PushServiceReceiver
08-26 02:02:02.974  1187  1187 I EmergencyButton: ss.getState()=1 ss.isEmergencyOnly()=true for simId=0
08-26 02:02:02.985   902  1258 I WindowManager: Relayout Window{b9d127c u0 com.qiyi.video/org.iqiyi.video.activity.PlayerActivity}: oldVis=4 newVis=0 focusMayChange = true
08-26 02:02:03.020   902   918 W BroadcastQueue: Background execution not allowed: receiving Intent { act=android.intent.action.USER_PRESENT flg=0x24200010 } to com.qiyi.video/com.iqiyi.impushservice.receiver.ImPushServiceReceiver
08-26 02:02:03.645   902   964 I WindowManager: Screen frozen for +975ms due to Window{b9d127c u0 com.qiyi.video/org.iqiyi.video.activity.PlayerActivity}
08-26 02:02:04.075   902   926 I WindowManager: Focus moving from Window{20c0296 u0 StatusBar} to Window{b9d127c u0 com.qiyi.video/org.iqiyi.video.activity.PlayerActivity}
08-26 02:02:05.784   525   660 E storaged: getDiskStats failed with result NOT_SUPPORTED and size 0
08-26 02:02:28.984   902   987 I NetworkStatsRecorder: recordSnapshotLocked: ident[[{type=WIFI, subType=COMBINED, networkId="emporia_5G", metered=false, defaultNetwork=true}]]
08-26 02:02:28.984   902   987 W NetworkStatsRecorder: unknown interfaces [lo], ignoring those stats
08-26 02:02:28.984   902   987 I NetworkStatsRecorder: recordSnapshotLocked: ident[[{type=WIFI, subType=COMBINED, networkId="emporia_5G", metered=false, defaultNetwork=true}]]
08-26 02:02:28.984   902   987 W NetworkStatsRecorder: unknown interfaces [lo], ignoring those stats
08-26 02:02:28.986   902   987 I NetworkStatsRecorder: recordSnapshotLocked: ident[[{type=WIFI, subType=COMBINED, networkId="emporia_5G", metered=false, defaultNetwork=true}]]
08-26 02:02:28.990   902   987 I chatty  : uid=1000(system) NetworkStats identical 4 lines
08-26 02:02:28.990   902   987 I NetworkStatsRecorder: recordSnapshotLocked: ident[[{type=WIFI, subType=COMBINED, networkId="emporia_5G", metered=false, defaultNetwork=true}]]
08-26 02:02:28.991   902   987 W NetworkStatsRecorder: unknown interfaces [lo], ignoring those stats
08-26 02:02:28.991   902   987 I NetworkStatsRecorder: recordSnapshotLocked: ident[[{type=WIFI, subType=COMBINED, networkId="emporia_5G", metered=false, defaultNetwork=true}]]
08-26 02:02:28.993   902   987 I chatty  : uid=1000(system) NetworkStats identical 6 lines
08-26 02:02:28.993   902   987 I NetworkStatsRecorder: recordSnapshotLocked: ident[[{type=WIFI, subType=COMBINED, networkId="emporia_5G", metered=false, defaultNetwork=true}]]
08-26 02:02:28.993   902   987 W NetworkStatsRecorder: unknown interfaces [lo], ignoring those stats
08-26 02:02:30.560   902   987 I NetworkStatsRecorder: recordSnapshotLocked: ident[[{type=WIFI, subType=COMBINED, networkId="emporia_5G", metered=false, defaultNetwork=true}]]
08-26 02:02:30.561   902   987 W NetworkStatsRecorder: unknown interfaces [lo], ignoring those stats
08-26 02:02:30.561   902   987 I NetworkStatsRecorder: recordSnapshotLocked: ident[[{type=WIFI, subType=COMBINED, networkId="emporia_5G", metered=false, defaultNetwork=true}]]
08-26 02:02:30.561   902   987 W NetworkStatsRecorder: unknown interfaces [lo], ignoring those stats
08-26 02:02:30.562   902   987 I NetworkStatsRecorder: recordSnapshotLocked: ident[[{type=WIFI, subType=COMBINED, networkId="emporia_5G", metered=false, defaultNetwork=true}]]
08-26 02:02:30.562   902   987 I chatty  : uid=1000(system) NetworkStats identical 1 line
08-26 02:02:30.562   902   987 I NetworkStatsRecorder: recordSnapshotLocked: ident[[{type=WIFI, subType=COMBINED, networkId="emporia_5G", metered=false, defaultNetwork=true}]]
08-26 02:02:30.563   902   987 W NetworkStatsRecorder: unknown interfaces [lo], ignoring those stats
08-26 02:02:30.579   902   987 I NetworkStatsRecorder: recordSnapshotLocked: ident[[{type=WIFI, subType=COMBINED, networkId="emporia_5G", metered=false, defaultNetwork=true}]]
08-26 02:02:30.580   902   987 W NetworkStatsRecorder: unknown interfaces [lo], ignoring those stats
08-26 02:03:05.785   525   660 E storaged: getDiskStats failed with result NOT_SUPPORTED and size 0
08-26 02:03:05.984   902   987 I NetworkStatsRecorder: recordSnapshotLocked: ident[[{type=WIFI, subType=COMBINED, networkId="emporia_5G", metered=false, defaultNetwork=true}]]
08-26 02:03:05.984   902   987 W NetworkStatsRecorder: unknown interfaces [lo], ignoring those stats
08-26 02:03:05.984   902   987 I NetworkStatsRecorder: recordSnapshotLocked: ident[[{type=WIFI, subType=COMBINED, networkId="emporia_5G", metered=false, defaultNetwork=true}]]
08-26 02:03:05.984   902   987 W NetworkStatsRecorder: unknown interfaces [lo], ignoring those stats
08-26 02:03:05.985   902   987 I NetworkStatsRecorder: recordSnapshotLocked: ident[[{type=WIFI, subType=COMBINED, networkId="emporia_5G", metered=false, defaultNetwork=true}]]
08-26 02:03:05.985   902   987 I chatty  : uid=1000(system) NetworkStats identical 3 lines
08-26 02:03:05.985   902   987 I NetworkStatsRecorder: recordSnapshotLocked: ident[[{type=WIFI, subType=COMBINED, networkId="emporia_5G", metered=false, defaultNetwork=true}]]
08-26 02:03:05.986   902   987 W NetworkStatsRecorder: unknown interfaces [lo], ignoring those stats
08-26 02:03:05.986   902   987 I NetworkStatsRecorder: recordSnapshotLocked: ident[[{type=WIFI, subType=COMBINED, networkId="emporia_5G", metered=false, defaultNetwork=true}]]
08-26 02:03:05.986   902   987 I chatty  : uid=1000(system) NetworkStats identical 3 lines
08-26 02:03:05.986   902   987 I NetworkStatsRecorder: recordSnapshotLocked: ident[[{type=WIFI, subType=COMBINED, networkId="emporia_5G", metered=false, defaultNetwork=true}]]
08-26 02:03:05.986   902   987 W NetworkStatsRecorder: unknown interfaces [lo], ignoring those stats
08-26 02:03:18.059   902   918 W BroadcastQueue: Background execution not allowed: receiving Intent { act=com.android.providers.media.ACTIVATE_MEDIAPROCESS flg=0x10 } to com.android.providers.media/.MtpReceiver
08-26 02:04:05.786   525   660 E storaged: getDiskStats failed with result NOT_SUPPORTED and size 0
08-26 02:04:19.644   902  3973 I ActivityManager: Killing 9785:android.process.acore/u0a12 (adj 906): empty for 1843s
08-26 02:04:51.076   902   987 I NetworkStatsRecorder: recordSnapshotLocked: ident[[{type=WIFI, subType=COMBINED, networkId="emporia_5G", metered=false, defaultNetwork=true}]]
08-26 02:04:51.076   902   987 W NetworkStatsRecorder: unknown interfaces [lo], ignoring those stats
08-26 02:04:51.077   902   987 I NetworkStatsRecorder: recordSnapshotLocked: ident[[{type=WIFI, subType=COMBINED, networkId="emporia_5G", metered=false, defaultNetwork=true}]]
08-26 02:04:51.077   902   987 W NetworkStatsRecorder: unknown interfaces [lo], ignoring those stats
08-26 02:04:51.084   902   987 I NetworkStatsRecorder: recordSnapshotLocked: ident[[{type=WIFI, subType=COMBINED, networkId="emporia_5G", metered=false, defaultNetwork=true}]]
08-26 02:04:51.085   902   987 I chatty  : uid=1000(system) NetworkStats identical 4 lines
08-26 02:04:51.085   902   987 I NetworkStatsRecorder: recordSnapshotLocked: ident[[{type=WIFI, subType=COMBINED, networkId="emporia_5G", metered=false, defaultNetwork=true}]]
08-26 02:04:51.085   902   987 W NetworkStatsRecorder: unknown interfaces [lo], ignoring those stats
08-26 02:04:51.095   902   987 I NetworkStatsRecorder: recordSnapshotLocked: ident[[{type=WIFI, subType=COMBINED, networkId="emporia_5G", metered=false, defaultNetwork=true}]]
08-26 02:04:51.096   902   987 I chatty  : uid=1000(system) NetworkStats identical 2 lines
08-26 02:04:51.096   902   987 I NetworkStatsRecorder: recordSnapshotLocked: ident[[{type=WIFI, subType=COMBINED, networkId="emporia_5G", metered=false, defaultNetwork=true}]]
08-26 02:04:51.096   902   987 W NetworkStatsRecorder: unknown interfaces [lo], ignoring those stats
08-26 02:04:52.665   902   987 I NetworkStatsRecorder: recordSnapshotLocked: ident[[{type=WIFI, subType=COMBINED, networkId="emporia_5G", metered=false, defaultNetwork=true}]]
08-26 02:04:52.668   902   987 W NetworkStatsRecorder: unknown interfaces [lo], ignoring those stats
08-26 02:04:52.668   902   987 I NetworkStatsRecorder: recordSnapshotLocked: ident[[{type=WIFI, subType=COMBINED, networkId="emporia_5G", metered=false, defaultNetwork=true}]]
08-26 02:04:52.677   902   987 W NetworkStatsRecorder: unknown interfaces [lo], ignoring those stats
08-26 02:04:52.678   902   987 I NetworkStatsRecorder: recordSnapshotLocked: ident[[{type=WIFI, subType=COMBINED, networkId="emporia_5G", metered=false, defaultNetwork=true}]]
08-26 02:04:52.678   902   987 I chatty  : uid=1000(system) NetworkStats identical 2 lines
08-26 02:04:52.678   902   987 I NetworkStatsRecorder: recordSnapshotLocked: ident[[{type=WIFI, subType=COMBINED, networkId="emporia_5G", metered=false, defaultNetwork=true}]]
08-26 02:04:52.678   902   987 W NetworkStatsRecorder: unknown interfaces [lo], ignoring those stats
08-26 02:04:52.680   902   987 I NetworkStatsRecorder: recordSnapshotLocked: ident[[{type=WIFI, subType=COMBINED, networkId="emporia_5G", metered=false, defaultNetwork=true}]]
08-26 02:04:52.680   902   987 I NetworkStatsRecorder: recordSnapshotLocked: ident[[{type=WIFI, subType=COMBINED, networkId="emporia_5G", metered=false, defaultNetwork=true}]]
08-26 02:04:52.680   902   987 W NetworkStatsRecorder: unknown interfaces [lo], ignoring those stats
08-26 02:05:05.788   525   660 E storaged: getDiskStats failed with result NOT_SUPPORTED and size 0
08-26 02:05:39.942   902   978 I ActivityManager: START u0 {act=android.intent.action.MAIN cat=[android.intent.category.HOME] flg=0x10200000 cmp=com.emporia.emporiaapprebuild/com.emporia.easylauncher.EasyLauncher (has extras)} from uid 1000
08-26 02:05:40.148   902  2502 I ActivityManager: Config changes=20000480 {1.3 ?mcc?mnc [en_US] ldltr sw360dp w360dp h696dp 320dpi nrml long port finger -keyb/v/h -nav/h winConfig={ mBounds=Rect(0, 0 - 0, 0) mAppBounds=Rect(0, 0 - 720, 1440) mWindowingMode=fullscreen mActivityType=undefined} s.15}
08-26 02:05:40.209   902  2502 I ActivityManager: Override config changes=20000480 {1.3 ?mcc?mnc [en_US] ldltr sw360dp w360dp h696dp 320dpi nrml long port finger -keyb/v/h -nav/h winConfig={ mBounds=Rect(0, 0 - 1440, 720) mAppBounds=Rect(0, 0 - 720, 1440) mWindowingMode=fullscreen mActivityType=undefined} s.15} for displayId=0
08-26 02:05:40.288   902   926 I WindowManager: Focus moving from Window{b9d127c u0 com.qiyi.video/org.iqiyi.video.activity.PlayerActivity} to null
08-26 02:05:40.400   902   919 W Looper  : Slow dispatch took 167ms android.ui h=com.android.server.am.ActivityManagerService$UiHandler c=null m=30
08-26 02:05:40.740  1187  1187 I EmergencyButton: ss.getState()=1 ss.isEmergencyOnly()=true for simId=0
08-26 02:05:40.792   902   918 W BroadcastQueue: Background execution not allowed: receiving Intent { act=android.intent.action.DROPBOX_ENTRY_ADDED flg=0x10 (has extras) } to com.google.android.gms/.stats.service.DropBoxEntryAddedReceiver
08-26 02:05:40.795   902   918 W BroadcastQueue: Background execution not allowed: receiving Intent { act=android.intent.action.DROPBOX_ENTRY_ADDED flg=0x10 (has extras) } to com.google.android.gms/.chimera.GmsIntentOperationService$PersistentTrustedReceiver
08-26 02:05:40.876   902  3519 I WindowManager: Relayout Window{5830c3c u0 com.emporia.emporiaapprebuild/com.emporia.easylauncher.EasyLauncher}: oldVis=4 newVis=0 focusMayChange = true
08-26 02:05:40.888   902   926 I WindowManager: Focus moving from null to Window{5830c3c u0 com.emporia.emporiaapprebuild/com.emporia.easylauncher.EasyLauncher}
08-26 02:05:41.015   902  4998 W BroadcastQueue: Background execution not allowed: receiving Intent { act=android.intent.action.DROPBOX_ENTRY_ADDED flg=0x10 (has extras) } to com.google.android.gms/.stats.service.DropBoxEntryAddedReceiver
08-26 02:05:41.017   902   918 W BroadcastQueue: Background execution not allowed: receiving Intent { act=android.intent.action.DROPBOX_ENTRY_ADDED flg=0x10 (has extras) } to com.google.android.gms/.chimera.GmsIntentOperationService$PersistentTrustedReceiver
08-26 02:05:41.017   902   918 W BroadcastQueue: Background execution not allowed: receiving Intent { act=android.intent.action.DROPBOX_ENTRY_ADDED flg=0x10 (has extras) } to com.google.android.gms/.stats.service.DropBoxEntryAddedReceiver
08-26 02:05:41.018   902   918 W BroadcastQueue: Background execution not allowed: receiving Intent { act=android.intent.action.DROPBOX_ENTRY_ADDED flg=0x10 (has extras) } to com.google.android.gms/.chimera.GmsIntentOperationService$PersistentTrustedReceiver
08-26 02:05:41.144   902   964 I WindowManager: Screen frozen for +1s67ms due to Window{5830c3c u0 com.emporia.emporiaapprebuild/com.emporia.easylauncher.EasyLauncher}
08-26 02:05:49.963   902   918 W ActivityManager: Launch timeout has expired, giving up wake lock!
08-26 02:05:50.830   902  2752 I ActivityManager: START u0 {act=android.settings.SETTINGS flg=0x10000000 cmp=com.android.settings/.Settings} from uid 10042
08-26 02:05:50.878   902   926 I WindowManager: Focus moving from Window{5830c3c u0 com.emporia.emporiaapprebuild/com.emporia.easylauncher.EasyLauncher} to null
08-26 02:05:51.109  4960  4960 W ContextImpl: Calling a method in the system process without a qualified user: android.app.ContextImpl.sendBroadcast:1009 android.content.ContextWrapper.sendBroadcast:444 android.app.Activity.sendOnResumeBroadcast:7905 android.app.Activity.onResume:1363 com.android.settingslib.drawer.SettingsDrawerActivity.onResume:99 
08-26 02:05:51.127   902   920 I ActivityManager: Start proc 13493:com.android.settings.intelligence/u0a31 for service com.android.settings.intelligence/.suggestions.SuggestionService
08-26 02:05:51.134   902   918 W BroadcastQueue: Background execution not allowed: receiving Intent { act=android.intent.action.DROPBOX_ENTRY_ADDED flg=0x10 (has extras) } to com.google.android.gms/.stats.service.DropBoxEntryAddedReceiver
08-26 02:05:51.134   902   918 W BroadcastQueue: Background execution not allowed: receiving Intent { act=android.intent.action.DROPBOX_ENTRY_ADDED flg=0x10 (has extras) } to com.google.android.gms/.chimera.GmsIntentOperationService$PersistentTrustedReceiver
08-26 02:05:51.205   902  2670 I WindowManager: Relayout Window{41d2ef1 u0 com.android.settings/com.android.settings.Settings}: oldVis=4 newVis=0 focusMayChange = true
08-26 02:05:51.214   902   926 I WindowManager: Focus moving from null to Window{41d2ef1 u0 com.android.settings/com.android.settings.Settings}
08-26 02:05:51.640   902  3519 W BroadcastQueue: Background execution not allowed: receiving Intent { act=android.intent.action.DROPBOX_ENTRY_ADDED flg=0x10 (has extras) } to com.google.android.gms/.stats.service.DropBoxEntryAddedReceiver
08-26 02:05:51.660   902   918 W BroadcastQueue: Background execution not allowed: receiving Intent { act=android.intent.action.DROPBOX_ENTRY_ADDED flg=0x10 (has extras) } to com.google.android.gms/.chimera.GmsIntentOperationService$PersistentTrustedReceiver
08-26 02:05:51.660   902   918 W BroadcastQueue: Background execution not allowed: receiving Intent { act=android.intent.action.DROPBOX_ENTRY_ADDED flg=0x10 (has extras) } to com.google.android.gms/.stats.service.DropBoxEntryAddedReceiver
08-26 02:05:51.663   902   918 W BroadcastQueue: Background execution not allowed: receiving Intent { act=android.intent.action.DROPBOX_ENTRY_ADDED flg=0x10 (has extras) } to com.google.android.gms/.chimera.GmsIntentOperationService$PersistentTrustedReceiver
08-26 02:05:51.789   902  4312 W BroadcastQueue: Background execution not allowed: receiving Intent { act=android.intent.action.DROPBOX_ENTRY_ADDED flg=0x10 (has extras) } to com.google.android.gms/.stats.service.DropBoxEntryAddedReceiver
08-26 02:05:51.791   902   918 W BroadcastQueue: Background execution not allowed: receiving Intent { act=android.intent.action.DROPBOX_ENTRY_ADDED flg=0x10 (has extras) } to com.google.android.gms/.chimera.GmsIntentOperationService$PersistentTrustedReceiver
08-26 02:05:51.815   902  2670 W BroadcastQueue: Background execution not allowed: receiving Intent { act=android.intent.action.DROPBOX_ENTRY_ADDED flg=0x10 (has extras) } to com.google.android.gms/.stats.service.DropBoxEntryAddedReceiver
08-26 02:05:51.816   902   918 W BroadcastQueue: Background execution not allowed: receiving Intent { act=android.intent.action.DROPBOX_ENTRY_ADDED flg=0x10 (has extras) } to com.google.android.gms/.chimera.GmsIntentOperationService$PersistentTrustedReceiver
08-26 02:05:51.875   902   922 E BatteryExternalStatsWorker: no controller energy info supplied for wifi
08-26 02:05:51.875   902   922 E BatteryExternalStatsWorker: no controller energy info supplied for bluetooth
08-26 02:05:53.533   902  2752 I ActivityManager: START u0 {flg=0x8000 cmp=com.android.settings/.Settings$SystemDashboardActivity (has extras)} from uid 1000
08-26 02:05:53.561   902   926 I WindowManager: Focus moving from Window{41d2ef1 u0 com.android.settings/com.android.settings.Settings} to null
08-26 02:05:53.747  4960  4960 W ContextImpl: Calling a method in the system process without a qualified user: android.app.ContextImpl.sendBroadcast:1009 android.content.ContextWrapper.sendBroadcast:444 android.app.Activity.sendOnResumeBroadcast:7905 android.app.Activity.onResume:1363 com.android.settingslib.drawer.SettingsDrawerActivity.onResume:99 
08-26 02:05:53.792   902  4312 I WindowManager: Relayout Window{3bc76bf u0 com.android.settings/com.android.settings.Settings$SystemDashboardActivity}: oldVis=4 newVis=0 focusMayChange = true
08-26 02:05:53.800   902   926 I WindowManager: Focus moving from null to Window{3bc76bf u0 com.android.settings/com.android.settings.Settings$SystemDashboardActivity}
08-26 02:05:54.401   902  4312 I ActivityManager: Killing 9682:com.google.android.apps.maps/u0a62 (adj 906): empty for 1908s
08-26 02:05:56.684   902  4312 I ActivityManager: START u0 {act=android.intent.action.MAIN cmp=com.android.settings/.SubSettings (has extras)} from uid 1000
08-26 02:05:56.710   902   926 I WindowManager: Focus moving from Window{3bc76bf u0 com.android.settings/com.android.settings.Settings$SystemDashboardActivity} to null
08-26 02:05:56.954   902   918 W BroadcastQueue: Permission Denial: broadcasting Intent { act=android.net.conn.CONNECTIVITY_CHANGE flg=0x4200010 (has extras) } from null (pid=-1, uid=-1) requires android.permission.CHANGE_NETWORK_STATE due to registered receiver BroadcastFilter{b7ff333 u0 ReceiverList{40d6aa2 4960 com.android.settings/1000/u0 remote:1b76e6d}}
08-26 02:05:56.954   902   918 W BroadcastQueue: Permission Denial: broadcasting Intent { act=android.net.wifi.STATE_CHANGE flg=0x4000010 (has extras) } from null (pid=-1, uid=-1) requires android.permission.CHANGE_NETWORK_STATE due to registered receiver BroadcastFilter{b7ff333 u0 ReceiverList{40d6aa2 4960 com.android.settings/1000/u0 remote:1b76e6d}}
08-26 02:05:56.955   902   918 W BroadcastQueue: Permission Denial: broadcasting Intent { act=android.net.conn.CONNECTIVITY_CHANGE flg=0x4200010 (has extras) } from null (pid=-1, uid=-1) requires android.permission.CHANGE_NETWORK_STATE due to registered receiver BroadcastFilter{efb8eee u0 ReceiverList{fe98469 4960 com.android.settings/1000/u0 remote:e0646f0}}
08-26 02:05:56.955   902   918 W BroadcastQueue: Permission Denial: broadcasting Intent { act=android.net.wifi.STATE_CHANGE flg=0x4000010 (has extras) } from null (pid=-1, uid=-1) requires android.permission.CHANGE_NETWORK_STATE due to registered receiver BroadcastFilter{efb8eee u0 ReceiverList{fe98469 4960 com.android.settings/1000/u0 remote:e0646f0}}
08-26 02:05:56.959  4960  4960 W ContextImpl: Calling a method in the system process without a qualified user: android.app.ContextImpl.sendBroadcast:1009 android.content.ContextWrapper.sendBroadcast:444 android.app.Activity.sendOnResumeBroadcast:7905 android.app.Activity.onResume:1363 com.android.settingslib.drawer.SettingsDrawerActivity.onResume:99 
08-26 02:05:57.029   902  4312 I WindowManager: Relayout Window{a2c0f23 u0 com.android.settings/com.android.settings.SubSettings}: oldVis=4 newVis=0 focusMayChange = true
08-26 02:05:57.062   902   926 I WindowManager: Focus moving from null to Window{a2c0f23 u0 com.android.settings/com.android.settings.SubSettings}
08-26 02:06:05.788   525   660 E storaged: getDiskStats failed with result NOT_SUPPORTED and size 0
08-26 02:06:44.294   902  4768 I ActivityManager: START u0 {flg=0x10804000 cmp=com.android.systemui/.recents.RecentsActivity} from uid 10020
08-26 02:06:44.340   902   926 I WindowManager: Focus moving from Window{a2c0f23 u0 com.android.settings/com.android.settings.SubSettings} to null
08-26 02:06:44.477   902   918 W BroadcastQueue: Background execution not allowed: receiving Intent { act=android.intent.action.DROPBOX_ENTRY_ADDED flg=0x10 (has extras) } to com.google.android.gms/.stats.service.DropBoxEntryAddedReceiver
08-26 02:06:44.478   902   918 W BroadcastQueue: Background execution not allowed: receiving Intent { act=android.intent.action.DROPBOX_ENTRY_ADDED flg=0x10 (has extras) } to com.google.android.gms/.chimera.GmsIntentOperationService$PersistentTrustedReceiver
08-26 02:06:44.615   902  5293 I WindowManager: Relayout Window{61dc5f1 u0 com.android.systemui/com.android.systemui.recents.RecentsActivity}: oldVis=4 newVis=0 focusMayChange = true
08-26 02:06:44.622   902   926 I WindowManager: Focus moving from null to Window{61dc5f1 u0 com.android.systemui/com.android.systemui.recents.RecentsActivity}
08-26 02:06:45.834   902   964 I WindowManager: Relayout Window{7db87a4 u0 SnapshotStartingWindow for taskId=9}: oldVis=8 newVis=0 focusMayChange = true
08-26 02:06:45.924   902  1301 I ActivityManager: Config changes=20000480 {1.3 ?mcc?mnc [en_US] ldltr sw360dp w720dp h336dp 320dpi nrml long land finger -keyb/v/h -nav/h winConfig={ mBounds=Rect(0, 0 - 0, 0) mAppBounds=Rect(0, 0 - 1440, 720) mWindowingMode=fullscreen mActivityType=undefined} s.16}
08-26 02:06:45.952   902  1301 I ActivityManager: Override config changes=20000480 {1.3 ?mcc?mnc [en_US] ldltr sw360dp w720dp h336dp 320dpi nrml long land finger -keyb/v/h -nav/h winConfig={ mBounds=Rect(0, 0 - 720, 1440) mAppBounds=Rect(0, 0 - 1440, 720) mWindowingMode=fullscreen mActivityType=undefined} s.16} for displayId=0
08-26 02:06:45.988   902   926 I WindowManager: Focus moving from Window{61dc5f1 u0 com.android.systemui/com.android.systemui.recents.RecentsActivity} to null
08-26 02:06:46.112   902   902 W Looper  : Slow dispatch took 105ms main h=com.android.server.wm.TaskSnapshotSurface$1 c=com.android.server.wm.-$$Lambda$-OevXHSXgaSE351ZqRnMoA024MM@a1b7a10 m=0
08-26 02:06:46.328   902   964 W WindowManager: Failed looking up window callers=com.android.server.wm.WindowManagerService.windowForClientLocked:5586 com.android.server.wm.WindowManagerService.removeWindow:1667 com.android.server.wm.Session.remove:226 
08-26 02:06:46.329   902   926 W WindowManager: Failed looking up window callers=com.android.server.wm.WindowManagerService.windowForClientLocked:5586 com.android.server.wm.WindowManagerService.removeWindow:1667 com.android.server.wm.Session.remove:226 
08-26 02:06:46.499  1187  1187 I EmergencyButton: ss.getState()=1 ss.isEmergencyOnly()=true for simId=0
08-26 02:06:46.593   902  5293 I WindowManager: Relayout Window{b9d127c u0 com.qiyi.video/org.iqiyi.video.activity.PlayerActivity}: oldVis=4 newVis=0 focusMayChange = true
08-26 02:06:46.607   902   926 I WindowManager: Focus moving from null to Window{b9d127c u0 com.qiyi.video/org.iqiyi.video.activity.PlayerActivity}
08-26 02:06:46.996   902   964 I WindowManager: Screen frozen for +1s111ms due to Window{b9d127c u0 com.qiyi.video/org.iqiyi.video.activity.PlayerActivity}
08-26 02:07:05.789   525   660 E storaged: getDiskStats failed with result NOT_SUPPORTED and size 0
08-26 02:07:26.889   902   987 I NetworkStatsRecorder: recordSnapshotLocked: ident[[{type=WIFI, subType=COMBINED, networkId="emporia_5G", metered=false, defaultNetwork=true}]]
08-26 02:07:26.889   902   987 W NetworkStatsRecorder: unknown interfaces [lo], ignoring those stats
08-26 02:07:26.889   902   987 I NetworkStatsRecorder: recordSnapshotLocked: ident[[{type=WIFI, subType=COMBINED, networkId="emporia_5G", metered=false, defaultNetwork=true}]]
08-26 02:07:26.890   902   987 W NetworkStatsRecorder: unknown interfaces [lo], ignoring those stats
08-26 02:07:26.890   902   987 I NetworkStatsRecorder: recordSnapshotLocked: ident[[{type=WIFI, subType=COMBINED, networkId="emporia_5G", metered=false, defaultNetwork=true}]]
08-26 02:07:26.891   902   987 I chatty  : uid=1000(system) NetworkStats identical 5 lines
08-26 02:07:26.891   902   987 I NetworkStatsRecorder: recordSnapshotLocked: ident[[{type=WIFI, subType=COMBINED, networkId="emporia_5G", metered=false, defaultNetwork=true}]]
08-26 02:07:26.891   902   987 W NetworkStatsRecorder: unknown interfaces [lo], ignoring those stats
08-26 02:07:26.891   902   987 I NetworkStatsRecorder: recordSnapshotLocked: ident[[{type=WIFI, subType=COMBINED, networkId="emporia_5G", metered=false, defaultNetwork=true}]]
08-26 02:07:26.895   902   987 I chatty  : uid=1000(system) NetworkStats identical 4 lines
08-26 02:07:26.896   902   987 I NetworkStatsRecorder: recordSnapshotLocked: ident[[{type=WIFI, subType=COMBINED, networkId="emporia_5G", metered=false, defaultNetwork=true}]]
08-26 02:07:26.897   902   987 W NetworkStatsRecorder: unknown interfaces [lo], ignoring those stats
08-26 02:07:29.513   902   987 I NetworkStatsRecorder: recordSnapshotLocked: ident[[{type=WIFI, subType=COMBINED, networkId="emporia_5G", metered=false, defaultNetwork=true}]]
08-26 02:07:29.513   902   987 W NetworkStatsRecorder: unknown interfaces [lo], ignoring those stats
08-26 02:07:29.513   902   987 I NetworkStatsRecorder: recordSnapshotLocked: ident[[{type=WIFI, subType=COMBINED, networkId="emporia_5G", metered=false, defaultNetwork=true}]]
08-26 02:07:29.514   902   987 W NetworkStatsRecorder: unknown interfaces [lo], ignoring those stats
08-26 02:07:29.514   902   987 I NetworkStatsRecorder: recordSnapshotLocked: ident[[{type=WIFI, subType=COMBINED, networkId="emporia_5G", metered=false, defaultNetwork=true}]]
08-26 02:07:29.515   902   987 I chatty  : uid=1000(system) NetworkStats identical 1 line
08-26 02:07:29.519   902   987 I NetworkStatsRecorder: recordSnapshotLocked: ident[[{type=WIFI, subType=COMBINED, networkId="emporia_5G", metered=false, defaultNetwork=true}]]
08-26 02:07:29.519   902   987 W NetworkStatsRecorder: unknown interfaces [lo], ignoring those stats
08-26 02:07:29.520   902   987 I NetworkStatsRecorder: recordSnapshotLocked: ident[[{type=WIFI, subType=COMBINED, networkId="emporia_5G", metered=false, defaultNetwork=true}]]
08-26 02:07:29.527   902   987 W NetworkStatsRecorder: unknown interfaces [lo], ignoring those stats
08-26 02:07:30.602   902   987 I NetworkStatsRecorder: recordSnapshotLocked: ident[[{type=WIFI, subType=COMBINED, networkId="emporia_5G", metered=false, defaultNetwork=true}]]
08-26 02:07:30.602   902   987 W NetworkStatsRecorder: unknown interfaces [lo], ignoring those stats
08-26 02:07:30.602   902   987 I NetworkStatsRecorder: recordSnapshotLocked: ident[[{type=WIFI, subType=COMBINED, networkId="emporia_5G", metered=false, defaultNetwork=true}]]
08-26 02:07:30.613   902   987 W NetworkStatsRecorder: unknown interfaces [lo], ignoring those stats
08-26 02:07:30.614   902   987 I NetworkStatsRecorder: recordSnapshotLocked: ident[[{type=WIFI, subType=COMBINED, networkId="emporia_5G", metered=false, defaultNetwork=true}]]
08-26 02:07:30.614   902   987 I NetworkStatsRecorder: recordSnapshotLocked: ident[[{type=WIFI, subType=COMBINED, networkId="emporia_5G", metered=false, defaultNetwork=true}]]
08-26 02:07:30.615   902   987 W NetworkStatsRecorder: unknown interfaces [lo], ignoring those stats
08-26 02:07:30.615   902   987 I NetworkStatsRecorder: recordSnapshotLocked: ident[[{type=WIFI, subType=COMBINED, networkId="emporia_5G", metered=false, defaultNetwork=true}]]
08-26 02:07:30.616   902   987 W NetworkStatsRecorder: unknown interfaces [lo], ignoring those stats
08-26 02:07:32.263   902   987 I NetworkStatsRecorder: recordSnapshotLocked: ident[[{type=WIFI, subType=COMBINED, networkId="emporia_5G", metered=false, defaultNetwork=true}]]
08-26 02:07:32.263   902   987 W NetworkStatsRecorder: unknown interfaces [lo], ignoring those stats
08-26 02:07:32.264   902   987 I NetworkStatsRecorder: recordSnapshotLocked: ident[[{type=WIFI, subType=COMBINED, networkId="emporia_5G", metered=false, defaultNetwork=true}]]
08-26 02:07:32.264   902   987 W NetworkStatsRecorder: unknown interfaces [lo], ignoring those stats
08-26 02:07:32.265   902   987 I NetworkStatsRecorder: recordSnapshotLocked: ident[[{type=WIFI, subType=COMBINED, networkId="emporia_5G", metered=false, defaultNetwork=true}]]
08-26 02:07:32.265   902   987 I NetworkStatsRecorder: recordSnapshotLocked: ident[[{type=WIFI, subType=COMBINED, networkId="emporia_5G", metered=false, defaultNetwork=true}]]
08-26 02:07:32.265   902   987 W NetworkStatsRecorder: unknown interfaces [lo], ignoring those stats
08-26 02:07:32.268   902   987 I NetworkStatsRecorder: recordSnapshotLocked: ident[[{type=WIFI, subType=COMBINED, networkId="emporia_5G", metered=false, defaultNetwork=true}]]
08-26 02:07:32.268   902   987 W NetworkStatsRecorder: unknown interfaces [lo], ignoring those stats
08-26 02:07:33.876   902   987 I NetworkStatsRecorder: recordSnapshotLocked: ident[[{type=WIFI, subType=COMBINED, networkId="emporia_5G", metered=false, defaultNetwork=true}]]
08-26 02:07:33.876   902   987 W NetworkStatsRecorder: unknown interfaces [lo], ignoring those stats
08-26 02:07:33.877   902   987 I NetworkStatsRecorder: recordSnapshotLocked: ident[[{type=WIFI, subType=COMBINED, networkId="emporia_5G", metered=false, defaultNetwork=true}]]
08-26 02:07:33.881   902   987 W NetworkStatsRecorder: unknown interfaces [lo], ignoring those stats
08-26 02:07:33.881   902   987 I NetworkStatsRecorder: recordSnapshotLocked: ident[[{type=WIFI, subType=COMBINED, networkId="emporia_5G", metered=false, defaultNetwork=true}]]
08-26 02:07:33.891   902   987 I NetworkStatsRecorder: recordSnapshotLocked: ident[[{type=WIFI, subType=COMBINED, networkId="emporia_5G", metered=false, defaultNetwork=true}]]
08-26 02:07:33.892   902   987 W NetworkStatsRecorder: unknown interfaces [lo], ignoring those stats
08-26 02:07:33.894   902   987 W NetworkStatsRecorder: unknown interfaces [lo], ignoring those stats
08-26 02:07:38.485   902   987 I NetworkStatsRecorder: recordSnapshotLocked: ident[[{type=WIFI, subType=COMBINED, networkId="emporia_5G", metered=false, defaultNetwork=true}]]
08-26 02:07:38.486   902   987 W NetworkStatsRecorder: unknown interfaces [lo], ignoring those stats
08-26 02:07:38.486   902   987 I NetworkStatsRecorder: recordSnapshotLocked: ident[[{type=WIFI, subType=COMBINED, networkId="emporia_5G", metered=false, defaultNetwork=true}]]
08-26 02:07:38.486   902   987 W NetworkStatsRecorder: unknown interfaces [lo], ignoring those stats
08-26 02:07:38.486   902   987 I NetworkStatsRecorder: recordSnapshotLocked: ident[[{type=WIFI, subType=COMBINED, networkId="emporia_5G", metered=false, defaultNetwork=true}]]
08-26 02:07:38.486   902   987 I chatty  : uid=1000(system) NetworkStats identical 1 line
08-26 02:07:38.486   902   987 I NetworkStatsRecorder: recordSnapshotLocked: ident[[{type=WIFI, subType=COMBINED, networkId="emporia_5G", metered=false, defaultNetwork=true}]]
08-26 02:07:38.487   902   987 W NetworkStatsRecorder: unknown interfaces [lo], ignoring those stats
08-26 02:07:38.487   902   987 I NetworkStatsRecorder: recordSnapshotLocked: ident[[{type=WIFI, subType=COMBINED, networkId="emporia_5G", metered=false, defaultNetwork=true}]]
08-26 02:07:38.487   902   987 W NetworkStatsRecorder: unknown interfaces [lo], ignoring those stats
08-26 02:07:54.339   902   987 I NetworkStatsRecorder: recordSnapshotLocked: ident[[{type=WIFI, subType=COMBINED, networkId="emporia_5G", metered=false, defaultNetwork=true}]]
08-26 02:07:54.339   902   987 W NetworkStatsRecorder: unknown interfaces [lo], ignoring those stats
08-26 02:07:54.340   902   987 I NetworkStatsRecorder: recordSnapshotLocked: ident[[{type=WIFI, subType=COMBINED, networkId="emporia_5G", metered=false, defaultNetwork=true}]]
08-26 02:07:54.340   902   987 W NetworkStatsRecorder: unknown interfaces [lo], ignoring those stats
08-26 02:07:54.341   902   987 I NetworkStatsRecorder: recordSnapshotLocked: ident[[{type=WIFI, subType=COMBINED, networkId="emporia_5G", metered=false, defaultNetwork=true}]]
08-26 02:07:54.341   902   987 I chatty  : uid=1000(system) NetworkStats identical 2 lines
08-26 02:07:54.342   902   987 I NetworkStatsRecorder: recordSnapshotLocked: ident[[{type=WIFI, subType=COMBINED, networkId="emporia_5G", metered=false, defaultNetwork=true}]]
08-26 02:07:54.342   902   987 W NetworkStatsRecorder: unknown interfaces [lo], ignoring those stats
