08-26 02:14:54.360  5320 15485 E OperatorCustomizationFactoryLoader: 10: OperatorFactoryInfo(OP20_null_SEGDEFAULT:OP20Settings.apk:com.mediatek.op20.settings.OP20SettingsCustomizationFactory:com.mediatek.op20.settings)
08-26 02:14:54.385  5320 15485 W TileUtils: Found com.android.settings.Settings$NotificationAppListActivity for intent Intent { act=com.android.settings.action.SETTINGS pkg=com.android.settings } missing metadata com.android.settings.category
08-26 02:14:54.397   909   988 I PowerWrap: PowerHal_TouchBoost
08-26 02:14:54.402  1805  2947 I Icing   : IndexChimeraService.getServiceInterface callingPackage=com.google.android.gms componentName=AppsCorpus serviceId=32
08-26 02:14:54.447  1805  2720 I Icing   : IndexChimeraService.getServiceInterface callingPackage=com.google.android.gms componentName=AppsCorpus serviceId=36
08-26 02:14:54.530   365   365 I SurfaceFlinger: [Built-in Screen (type:0)] fps:40.567268,dur:1010.67,max:286.36,min:15.24
08-26 02:14:54.545  8793 13888 E Hcdn_DeTask3402957051: HCDN_LOG: [2019-08-26 02:14:54.545][T:13888]MovieTaskAllocate,5344 left block=0,but seek or new task have not allocate,then can allocate
08-26 02:14:54.545  8793 13888 E HCDN_CMFM: HCDN_LOG: 17k memery total_cnt(128),use_cnt(0)
08-26 02:14:54.766   909   988 I PowerWrap: PowerHal_TouchBoost
08-26 02:14:54.943   909   988 I PowerWrap: PowerHal_TouchBoost
08-26 02:14:54.971   909   909 W Looper  : Slow dispatch took 771ms main h=android.app.ActivityThread$H c=android.app.-$$Lambda$LoadedApk$ReceiverDispatcher$Args$_BumDX2UKsnxLVrE6UJsJZkotuA@77f3d8b m=0
08-26 02:14:55.016   909   909 I Telecom : DefaultDialerCache: Refreshing default dialer for user 0: now com.android.dialer: DDC.oR@AG4
08-26 02:14:55.042  8793 14047 E p2pfile : HCDN_LOG: [2019-08-26 02:14:55.042][T:14047][func:SetParam],[line:2276],[oper: SetParam message ParamName(video_time), ParamValue(-1003500|18), isGlobal(true), m_dwTaskID(0)]
08-26 02:14:55.044  8793 13888 E hcdn_downloadengine: HCDN_LOG: [2019-08-26 02:14:55.044][T:13888]OnRecvSetParam,1841     task_id : 3402957051,SetParam : video_time,18 
08-26 02:14:55.047   909   909 W Looper  : Drained
08-26 02:14:55.122  1805 15582 I Icing   : Usage reports ok 4, Failed Usage reports 0, indexed 0, rejected 0
08-26 02:14:55.157  1709  1892 W aapprebuild:im: resources.arsc in APK '/data/app/com.qiyi.video-g-znmRk-Jeq6JlRSEQRbXQ==/base.apk' is compressed.
08-26 02:14:55.205  1805 15582 I Icing   : Usage reports ok 0, Failed Usage reports 0, indexed 0, rejected 0
08-26 02:14:55.248   365   394 I BufferQueueProducer: [com.android.settings/com.android.settings.SubSettings#0](this:0xa4978000,id:114,api:1,p:5320,c:365) queueBuffer: fps=56.23 dur=1013.72 max=35.97 min=7.25
08-26 02:14:55.262   909   988 I PowerWrap: PowerHal_TouchBoost
08-26 02:14:55.361  8793 13888 E Hcdn_DeTask3402957051: HCDN_LOG: [2019-08-26 02:14:55.361][T:13888]OnRecvCacheSecondsRequest,1133     cache_bytes=0!
08-26 02:14:55.364  8793 13888 E Hcdn_DeTask3402957051: HCDN_LOG: [2019-08-26 02:14:55.363][T:13888]OnRecvDownloadInfoRequest,2919     hcdn download info speed(0 KB/s) flie_size(15633482) p2p_speed(0 KB/s) cdn_speed(0 KB/s) 
08-26 02:14:55.475   909   988 I PowerWrap: PowerHal_TouchBoost
08-26 02:14:55.558   365   365 I SurfaceFlinger: [Built-in Screen (type:0)] fps:53.489037,dur:1028.25,max:53.82,min:16.56
08-26 02:14:55.581  8793 13888 E Hcdn_DeTask3402957051: HCDN_LOG: [2019-08-26 02:14:55.581][T:13888]MovieTaskAllocate,5344 left block=0,but seek or new task have not allocate,then can allocate
08-26 02:14:55.581  8793 13888 E HCDN_CMFM: HCDN_LOG: 17k memery total_cnt(128),use_cnt(0)
08-26 02:14:55.776   909   988 I PowerWrap: PowerHal_TouchBoost
08-26 02:14:55.971   909   988 I PowerWrap: PowerHal_TouchBoost
08-26 02:14:56.081  8793 14047 E p2pfile : HCDN_LOG: [2019-08-26 02:14:56.081][T:14047][func:SetParam],[line:2276],[oper: SetParam message ParamName(video_time), ParamValue(-1003500|18), isGlobal(true), m_dwTaskID(0)]
08-26 02:14:56.081  8793 13888 E hcdn_downloadengine: HCDN_LOG: [2019-08-26 02:14:56.081][T:13888]OnRecvSetParam,1841     task_id : 3402957051,SetParam : video_time,18 
08-26 02:14:56.178   909   985 E MtkDataShapingUtils: Exception openLteGateByDataShaping  in java.lang.NullPointerException: null receiver
08-26 02:14:56.178   909   985 W System.err: java.lang.NullPointerException: null receiver
08-26 02:14:56.178   909   985 W System.err: 	at java.lang.reflect.Method.invoke(Native Method)
08-26 02:14:56.179   909   985 W System.err: 	at com.mediatek.server.MtkDataShaping.openLteGateByDataShaping(MtkDataShaping.java:36)
08-26 02:14:56.180   909   985 W System.err: 	at com.android.server.AlarmManagerService.deliverAlarmsLocked(AlarmManagerService.java:3607)
08-26 02:14:56.180   909   985 W System.err: 	at com.android.server.AlarmManagerService$AlarmThread.run(AlarmManagerService.java:3785)
08-26 02:14:56.199   533   977 I Accelerometer: batch: handle:0, flag:0,samplingPeriodNs:20000000 maxBatchReportLatencyNs:0
08-26 02:14:56.200   533   977 I Accelerometer: flush, flushCnt:1
08-26 02:14:56.200   533   533 I Accelerometer: flush complete, flushCnt:0
08-26 02:14:56.236  1805 15577 I Icing   : Indexing com.google.android.gms-apps from com.google.android.gms
08-26 02:14:56.246  1805 15577 I Icing   : Indexing done com.google.android.gms-apps
08-26 02:14:56.249   365   940 I BufferQueueProducer: [com.android.settings/com.android.settings.SubSettings#0](this:0xa4978000,id:114,api:1,p:5320,c:365) queueBuffer: fps=37.93 dur=1001.80 max=289.94 min=13.97
08-26 02:14:56.273   909   988 I PowerWrap: PowerHal_TouchBoost
08-26 02:14:56.284   909   999 E WifiVendorHal: getWifiLinkLayerStats(l.937) failed {.code = ERROR_NOT_SUPPORTED, .description = }
08-26 02:14:56.401  8793 13888 E Hcdn_DeTask3402957051: HCDN_LOG: [2019-08-26 02:14:56.401][T:13888]OnRecvCacheSecondsRequest,1133     cache_bytes=0!
08-26 02:14:56.401  8793 13888 E Hcdn_DeTask3402957051: HCDN_LOG: [2019-08-26 02:14:56.401][T:13888]OnRecvDownloadInfoRequest,2919     hcdn download info speed(0 KB/s) flie_size(15633482) p2p_speed(0 KB/s) cdn_speed(0 KB/s) 
08-26 02:14:56.568   365   365 I SurfaceFlinger: [Built-in Screen (type:0)] fps:40.577747,dur:1010.41,max:286.64,min:15.47
08-26 02:14:56.621  8793 13888 E Hcdn_DeTask3402957051: HCDN_LOG: [2019-08-26 02:14:56.621][T:13888]MovieTaskAllocate,5344 left block=0,but seek or new task have not allocate,then can allocate
08-26 02:14:56.621  8793 13888 E HCDN_CMFM: HCDN_LOG: 17k memery total_cnt(128),use_cnt(0)
08-26 02:14:56.652  2194  3648 W System  : ClassLoader referenced unknown path: system/framework/mediatek-cta.jar
08-26 02:14:56.653  2194  3648 I System.out: e:java.lang.ClassNotFoundException: com.mediatek.cta.CtaHttp
08-26 02:14:56.655  2194  3648 W System  : ClassLoader referenced unknown path: system/framework/mediatek-cta.jar
08-26 02:14:56.656  2194  3648 I System.out: e:java.lang.ClassNotFoundException: com.mediatek.cta.CtaHttp
08-26 02:14:56.701  8793 13912 E storage_trim_block: HCDN_LOG: [2019-08-26 02:14:56.701][T:13912][func:TrimDisconDownloadBlocks],[line:177],[oper:trim block begin...]
08-26 02:14:56.701  8793 13912 E storage_trim_block: HCDN_LOG: [2019-08-26 02:14:56.701][T:13912][func:PrintBlockInfoForTrim],[line:90],PrintBlockInfoForTrim : 
08-26 02:14:56.701  8793 13912 E storage_trim_block: VID[52d4bfe409f3655f62dd8bd71b8cd158], FID_Index[3], BlockNO[0]
08-26 02:14:56.701  8793 13912 E storage_trim_block:  3 : bbe1f9923345c1bc2d989baec0f772ff00000000
08-26 02:14:56.701  8793 13912 E storage_trim_block: 
08-26 02:14:56.701  8793 13912 E storage_trim_block: HCDN_LOG: [2019-08-26 02:14:56.701][T:13912][func:PrintBlockInfoForTrim],[line:90],PrintBlockInfoForTrim : 
08-26 02:14:56.701  8793 13912 E storage_trim_block: VID[84600e02abe361e24a353ee6f7a831ae], FID_Index[0], BlockNO[2]
08-26 02:14:56.701  8793 13912 E storage_trim_block:  0 : ed1209f431bfbfca43da48365085652100000000
08-26 02:14:56.701  8793 13912 E storage_trim_block: 
08-26 02:14:56.701  8793 13912 E storage_trim_block: HCDN_LOG: [2019-08-26 02:14:56.701][T:13912][func:PrintDataBlock],[line:116],DataBlock : 
08-26 02:14:56.701  8793 13912 E storage_trim_block: bbe1f9923345c1bc2d989baec0f772ff00000000 : 0[1,0],1[1,0],2[1,0],3[1,0],4[1,0],5[1,0],6[1,0],7[1,0],8[1,0],
08-26 02:14:56.701  8793 13912 E storage_trim_block: ed1209f431bfbfca43da48365085652100000000 : 2[1,0],3[1,0],4[1,0],5[1,0],6[1,0],7[1,0],
08-26 02:14:56.701  8793 13912 E storage_trim_block: 
08-26 02:14:56.702  8793 13912 E storage_trim_block: HCDN_LOG: [2019-08-26 02:14:56.702][T:13912][func:PrintPriorityBlock],[line:148],PriorityBlock :
08-26 02:14:56.702  8793 13912 E storage_trim_block: bbe1f9923345c1bc2d989baec0f772ff00000000 : 0[0,1,0],
08-26 02:14:56.702  8793 13912 E storage_trim_block: ed1209f431bfbfca43da48365085652100000000 : 2[0,1,0],
08-26 02:14:56.702  8793 13912 E storage_trim_block: bbe1f9923345c1bc2d989baec0f772ff00000000 : 1[1ff,1,0],
08-26 02:14:56.702  8793 13912 E storage_trim_block: ed1209f431bfbfca43da48365085652100000000 : 3[1ff,1,0],
08-26 02:14:56.702  8793 13912 E storage_trim_block: bbe1f9923345c1bc2d989baec0f772ff00000000 : 2[2ff,1,0],
08-26 02:14:56.702  8793 13912 E storage_trim_block: ed1209f431bfbfca43da48365085652100000000 : 4[2ff,1,0],
08-26 02:14:56.702  8793 13912 E storage_trim_block: bbe1f9923345c1bc2d989baec0f772ff00000000 : 3[3ff,1,0],
08-26 02:14:56.702  8793 13912 E storage_trim_block: ed1209f431bfbfca43da48365085652100000000 : 5[3ff,1,0],
08-26 02:14:56.702  8793 13912 E storage_trim_block: bbe1f9923345c1bc2d989baec0f772ff00000000 : 4[4ff,1,0],
08-26 02:14:56.702  8793 13912 E storage_trim_block: ed1209f431bfbfca43da48365085652100000000 : 6[4ff,1,0],
08-26 02:14:56.702  8793 13912 E storage_trim_block: bbe1f9923345c1bc2d989baec0f772ff00000000 : 5[5ff,1,0],
08-26 02:14:56.702  8793 13912 E storage_trim_block: ed1209f431bfbfca43da48365085652100000000 : 7[5ff,1,0],
08-26 02:14:56.702  8793 13912 E storage_trim_block: bbe1f9923345c1bc2d989baec0f772ff00000000 : 6[6ff,1,0],7[7ff,1,0],8[8ff,1,0],
08-26 02:14:56.702  8793 13912 E storage_trim_block: 
08-26 02:14:56.702  8793 13912 E storage_trim_block: HCDN_LOG: [2019-08-26 02:14:56.702][T:13912][func:TrimDisconDownloadBlocks],[line:321],[oper:Post Pause Download request]
08-26 02:14:56.702  8793 13888 E hcdn_downloadengine: HCDN_LOG: [2019-08-26 02:14:56.702][T:13888]OnRecvBlockRemainNotify,1827     left block count:0
08-26 02:14:56.702  8793 13912 E storage_trim_block: HCDN_LOG: [2019-08-26 02:14:56.702][T:13912][func:PrintDataBlock],[line:116],DataBlock : 
08-26 02:14:56.702  8793 13912 E storage_trim_block: bbe1f9923345c1bc2d989baec0f772ff00000000 : 0[1,0],1[1,0],2[1,0],3[1,0],4[1,0],5[1,0],6[1,0],7[1,0],8[1,0],
08-26 02:14:56.702  8793 13912 E storage_trim_block: ed1209f431bfbfca43da48365085652100000000 : 2[1,0],3[1,0],4[1,0],5[1,0],6[1,0],7[1,0],
08-26 02:14:56.702  8793 13912 E storage_trim_block: 
08-26 02:14:56.702  8793 13912 E storage_trim_block: HCDN_LOG: [2019-08-26 02:14:56.702][T:13912][func:TrimDisconDownloadBlocks],[line:375],[oper:trim block end...]
08-26 02:14:56.713  1246  1246 I SignalStrength_fake: getBirdFakeSignalLevel leveType = 0
08-26 02:14:56.714  1246  1246 I SignalStrength_fake: BIRD_SIGNAL_LTE - level: 0|2147483647
08-26 02:14:56.714  1246  1246 I SignalStrength_fake: getBirdFakeSignalLevel leveType = 1
08-26 02:14:56.714  1246  1246 I SignalStrength_fake: BIRD_SIGNAL_TDD - tdScdmaDbm: 2147483647
08-26 02:14:56.714  1246  1246 I SignalStrength_fake: BIRD_SIGNAL_TDD - level: 0|2147483647
08-26 02:14:56.714  1246  1246 I SignalStrength_fake: getBirdFakeSignalLevel leveType = 2
08-26 02:14:56.714  1246  1246 I SignalStrength_fake: BIRD_SIGNAL_TDD - wcdmaDbm: -87
08-26 02:14:56.714  1246  1246 I SignalStrength_fake: BIRD_SIGNAL_TDD - level: 4|-87
08-26 02:14:56.714  1246  1246 I SignalStrength_fake: getBirdFakeSignalLevel level = 4
08-26 02:14:56.717   909  1361 I SignalStrength_fake: getBirdFakeSignalLevel leveType = 0
08-26 02:14:56.718   909  1361 I SignalStrength_fake: BIRD_SIGNAL_LTE - level: 0|2147483647
08-26 02:14:56.718   909  1361 I SignalStrength_fake: getBirdFakeSignalLevel leveType = 1
08-26 02:14:56.718   909  1361 I SignalStrength_fake: BIRD_SIGNAL_TDD - tdScdmaDbm: 2147483647
08-26 02:14:56.718   909  1361 I SignalStrength_fake: BIRD_SIGNAL_TDD - level: 0|2147483647
08-26 02:14:56.718   909  1361 I SignalStrength_fake: getBirdFakeSignalLevel leveType = 2
08-26 02:14:56.718   909  1361 I SignalStrength_fake: BIRD_SIGNAL_TDD - wcdmaDbm: -85
08-26 02:14:56.718   909  1361 I SignalStrength_fake: BIRD_SIGNAL_TDD - level: 4|-85
08-26 02:14:56.718   909  1361 I SignalStrength_fake: getBirdFakeSignalLevel level = 4
08-26 02:14:56.719  1246  1246 I SignalStrength_fake: getBirdFakeSignalLevel leveType = 0
08-26 02:14:56.719  1246  1246 I SignalStrength_fake: BIRD_SIGNAL_LTE - level: 0|2147483647
08-26 02:14:56.719  1246  1246 I SignalStrength_fake: getBirdFakeSignalLevel leveType = 1
08-26 02:14:56.719  1246  1246 I SignalStrength_fake: BIRD_SIGNAL_TDD - tdScdmaDbm: 2147483647
08-26 02:14:56.719  1246  1246 I SignalStrength_fake: BIRD_SIGNAL_TDD - level: 0|2147483647
08-26 02:14:56.719  1246  1246 I SignalStrength_fake: getBirdFakeSignalLevel leveType = 2
08-26 02:14:56.719  1246  1246 I SignalStrength_fake: BIRD_SIGNAL_TDD - wcdmaDbm: -85
08-26 02:14:56.719  1246  1246 I SignalStrength_fake: BIRD_SIGNAL_TDD - level: 4|-85
08-26 02:14:56.719  1246  1246 I SignalStrength_fake: getBirdFakeSignalLevel level = 4
08-26 02:14:56.840   909   988 I PowerWrap: PowerHal_TouchBoost
08-26 02:14:56.911   909   988 I PowerWrap: PowerHal_TouchBoost
08-26 02:14:56.991   909   934 I WindowManager: Focus moving from Window{b41c818 u0 com.android.settings/com.android.settings.SubSettings} to Window{429f280 u0 com.android.settings/com.android.settings.SubSettings}
08-26 02:14:57.014   365   394 I BufferQueue: [unnamed-365-116](this:0xa48ad000,id:116,api:0,p:-1,c:-1) BufferQueue core=(365:/system/bin/surfaceflinger)
08-26 02:14:57.014   365   394 I BufferQueueConsumer: [unnamed-365-116](this:0xa48ad000,id:116,api:0,p:-1,c:365) connect(C): consumer=(365:/system/bin/surfaceflinger) controlledByApp=false
08-26 02:14:57.015   365   394 I BufferQueueConsumer: [unnamed-365-116](this:0xa48ad000,id:116,api:0,p:-1,c:365) setConsumerName: unnamed-365-116
08-26 02:14:57.015   365   394 I BufferQueueConsumer: [com.android.settings/com.android.settings.SubSettings#1](this:0xa48ad000,id:116,api:0,p:-1,c:365) setConsumerName: com.android.settings/com.android.settings.SubSettings#1
08-26 02:14:57.015   365   394 I BufferQueueConsumer: [com.android.settings/com.android.settings.SubSettings#1](this:0xa48ad000,id:116,api:0,p:-1,c:365) setDefaultBufferSize: width=812 height=819
08-26 02:14:57.022   365   940 I BufferQueueProducer: [com.android.settings/com.android.settings.SubSettings#1](this:0xa48ad000,id:116,api:1,p:5320,c:365) connect(P): api=1 producer=(5320:com.android.settings) producerControlledByApp=true
08-26 02:14:57.083   909   934 I WindowManager: Losing delayed focus: Window{b41c818 u0 com.android.settings/com.android.settings.SubSettings}
08-26 02:14:57.131  8793 14047 E p2pfile : HCDN_LOG: [2019-08-26 02:14:57.131][T:14047][func:SetParam],[line:2276],[oper: SetParam message ParamName(video_time), ParamValue(-1003500|18), isGlobal(true), m_dwTaskID(0)]
08-26 02:14:57.131  8793 13888 E hcdn_downloadengine: HCDN_LOG: [2019-08-26 02:14:57.131][T:13888]OnRecvSetParam,1841     task_id : 3402957051,SetParam : video_time,18 
08-26 02:14:57.213  1805 14794 W System  : ClassLoader referenced unknown path: system/framework/mediatek-cta.jar
08-26 02:14:57.216  1805 14794 I System.out: e:java.lang.ClassNotFoundException: com.mediatek.cta.CtaHttp
08-26 02:14:57.217  1805 14794 W System  : ClassLoader referenced unknown path: system/framework/mediatek-cta.jar
08-26 02:14:57.218  1805 14794 I System.out: e:java.lang.ClassNotFoundException: com.mediatek.cta.CtaHttp
08-26 02:14:57.266   365   940 I BufferQueueProducer: [com.android.settings/com.android.settings.SubSettings#0](this:0xa4978000,id:114,api:1,p:5320,c:365) queueBuffer: fps=48.22 dur=1016.21 max=158.78 min=7.36
08-26 02:14:57.437   536   536 I thermal_repeater: [recvMdThermalInfo] ret=28, strLen=127,  2, 32767, -127, 0, 32767, 0
08-26 02:14:57.441  8793 13888 E Hcdn_DeTask3402957051: HCDN_LOG: [2019-08-26 02:14:57.441][T:13888]OnRecvCacheSecondsRequest,1133     cache_bytes=0!
08-26 02:14:57.441  8793 13888 E Hcdn_DeTask3402957051: HCDN_LOG: [2019-08-26 02:14:57.441][T:13888]OnRecvDownloadInfoRequest,2919     hcdn download info speed(0 KB/s) flie_size(15633482) p2p_speed(0 KB/s) cdn_speed(0 KB/s) 
08-26 02:14:57.661  8793 13888 E Hcdn_DeTask3402957051: HCDN_LOG: [2019-08-26 02:14:57.661][T:13888]MovieTaskAllocate,5344 left block=0,but seek or new task have not allocate,then can allocate
08-26 02:14:57.661  8793 13888 E HCDN_CMFM: HCDN_LOG: 17k memery total_cnt(128),use_cnt(0)
08-26 02:14:57.851   909   988 I PowerWrap: PowerHal_TouchBoost
08-26 02:14:57.939   909   988 I PowerWrap: PowerHal_TouchBoost
08-26 02:14:57.960  1638  1638 I NetworkStatusMonitor: mobile data enable:true
08-26 02:14:57.970   365   939 I BufferQueueProducer: [com.android.settings/com.android.settings.SubSettings#1](this:0xa48ad000,id:116,api:1,p:5320,c:365) disconnect(P): api 1
08-26 02:14:57.972   365   365 I SurfaceFlinger: [Built-in Screen (type:0)] fps:26.361015,dur:1403.59,max:640.58,min:16.00
08-26 02:14:57.976   909   932 I UsbDeviceManager: Setting USB config to adb
08-26 02:14:57.977  1246  1498 E PhoneInterfaceManager: [PhoneIntfMgr] checkCarrierPrivilegesForPackage: No UICC
08-26 02:14:57.984   909   934 I WindowManager: Focus moving from Window{429f280 u0 com.android.settings/com.android.settings.SubSettings EXITING} to Window{b41c818 u0 com.android.settings/com.android.settings.SubSettings}
08-26 02:14:58.002  2278 15524 E MtpServer: request read returned -1, errno: 5
08-26 02:14:58.082 15591 15592 I adbd    : initializing functionfs
08-26 02:14:58.082 15591 15592 I adbd    : opening control endpoint /dev/usb-ffs/adb/ep0
08-26 02:14:58.084 15591 15592 I adbd    : functionfs successfully initialized
08-26 02:14:58.084 15591 15592 I adbd    : registering usb transport
08-26 02:14:58.084 15591 15591 I ADB_SERVICES: fdevent_loop length=1
08-26 02:14:58.084 15591 15594 I ADB_SERVICES: (null): starting read_transport thread on fd 16, SYNC online (2)
08-26 02:14:58.084 15591 15593 I ADB_SERVICES: (null): starting write_transport thread, reading from fd 16
08-26 02:14:58.085 15591 15591 I ADB_SERVICES: recv: SYNC 00000001 00000002 0000 
08-26 02:14:58.139   909   932 W Looper  : Slow dispatch took 177ms android.fg h=com.android.server.usb.UsbDeviceManager$UsbHandlerLegacy c=null m=1
08-26 02:14:58.150   365   394 W SurfaceFlinger: Attempting to set client state on removed layer: com.android.settings/com.android.settings.SubSettings#1
08-26 02:14:58.151   365   394 W SurfaceFlinger: Attempting to set client state on removed layer: Dim Layer for - Task=13#0
08-26 02:14:58.151   365   394 W SurfaceFlinger: Attempting to destroy on removed layer: com.android.settings/com.android.settings.SubSettings#1
08-26 02:14:58.151   365   394 W SurfaceFlinger: Attempting to destroy on removed layer: Dim Layer for - Task=13#0
08-26 02:14:58.161  8793 14047 E p2pfile : HCDN_LOG: [2019-08-26 02:14:58.161][T:14047][func:SetParam],[line:2276],[oper: SetParam message ParamName(video_time), ParamValue(-1003500|18), isGlobal(true), m_dwTaskID(0)]
08-26 02:14:58.161  8793 13888 E hcdn_downloadengine: HCDN_LOG: [2019-08-26 02:14:58.161][T:13888]OnRecvSetParam,1841     task_id : 3402957051,SetParam : video_time,18 
08-26 02:14:58.163   365   365 I BufferQueueConsumer: [com.android.settings/com.android.settings.SubSettings#1](this:0xa48ad000,id:116,api:1,p:-1,c:-1) disconnect(C)
08-26 02:14:58.166   365   365 I BufferQueue: [com.android.settings/com.android.settings.SubSettings#1](this:0xa48ad000,id:116,api:1,p:-1,c:-1) ~BufferQueueCore
08-26 02:14:58.249  1638  1638 I NotificationUtils: hasProgress: max process:-1,process:-1,isIndeterminate:false
08-26 02:14:58.249  1638  1638 W EmporiaNotificationListenerService: isSamePkg = false, haveProcess = false
08-26 02:14:58.249  1638  1638 I EmporiaNotificationListenerService: try adding Sbn To NewNotifications
08-26 02:14:58.249  1638  1638 I EmporiaNotificationListenerService: onNotificationPosted: isOngoing:true, isClearable:false
08-26 02:14:58.250  1638  1638 W EmporiaNotificationListenerService: android, can not find the sbn from list...
08-26 02:14:58.254  1638  1638 I EmporiaNotificationListenerService: isUpdateProgress isSameTitle: false, isSameText:false, isContentSame: false
08-26 02:14:58.254  1638  1638 I EmporiaNotificationListenerService: haveProcess = false
08-26 02:14:58.254  1638  1638 I System.out: NotificationUtils.isEasyLauncherNotification:true, false
08-26 02:14:58.254  1638  1638 I System.out: NotificationUtils.isEasyLauncherNotification:true, false
08-26 02:14:58.256   909  2033 E ActivityManager: Sending non-protected broadcast com.emporia.notificationcenter.EMPO_UI_NOTIFICATION from system 1638:com.emporia.emporiaapprebuild/u0a42 pkg com.emporia.emporiaapprebuild
08-26 02:14:58.256   909  2033 E ActivityManager: java.lang.Throwable
08-26 02:14:58.256   909  2033 E ActivityManager: 	at com.android.server.am.ActivityManagerService.checkBroadcastFromSystem(ActivityManagerService.java:21498)
08-26 02:14:58.256   909  2033 E ActivityManager: 	at com.android.server.am.ActivityManagerService.broadcastIntentLocked(ActivityManagerService.java:22009)
08-26 02:14:58.256   909  2033 E ActivityManager: 	at com.android.server.am.ActivityManagerService.broadcastIntent(ActivityManagerService.java:22252)
08-26 02:14:58.256   909  2033 E ActivityManager: 	at android.app.IActivityManager$Stub.onTransact$broadcastIntent$(IActivityManager.java:10180)
08-26 02:14:58.256   909  2033 E ActivityManager: 	at android.app.IActivityManager$Stub.onTransact(IActivityManager.java:167)
08-26 02:14:58.256   909  2033 E ActivityManager: 	at com.android.server.am.ActivityManagerService.onTransact(ActivityManagerService.java:3367)
08-26 02:14:58.256   909  2033 E ActivityManager: 	at android.os.Binder.execTransact(Binder.java:731)
08-26 02:14:58.263   909  2033 W AES     : Exception Log handling...
08-26 02:14:58.265   909  2033 W AES     : skip for Exp level 0
08-26 02:14:58.266   909  2033 E ActivityManager: Sending non-protected broadcast com.emporia.notificationcenter.EMPO_UI_NOTIFICATION from system 1638:com.emporia.emporiaapprebuild/u0a42 pkg com.emporia.emporiaapprebuild
08-26 02:14:58.266   909  2033 E ActivityManager: java.lang.Throwable
08-26 02:14:58.266   909  2033 E ActivityManager: 	at com.android.server.am.ActivityManagerService.checkBroadcastFromSystem(ActivityManagerService.java:21498)
08-26 02:14:58.266   909  2033 E ActivityManager: 	at com.android.server.am.ActivityManagerService.broadcastIntentLocked(ActivityManagerService.java:22102)
08-26 02:14:58.266   909  2033 E ActivityManager: 	at com.android.server.am.ActivityManagerService.broadcastIntent(ActivityManagerService.java:22252)
08-26 02:14:58.266   909  2033 E ActivityManager: 	at android.app.IActivityManager$Stub.onTransact$broadcastIntent$(IActivityManager.java:10180)
08-26 02:14:58.266   909  2033 E ActivityManager: 	at android.app.IActivityManager$Stub.onTransact(IActivityManager.java:167)
08-26 02:14:58.266   909  2033 E ActivityManager: 	at com.android.server.am.ActivityManagerService.onTransact(ActivityManagerService.java:3367)
08-26 02:14:58.266   909  2033 E ActivityManager: 	at android.os.Binder.execTransact(Binder.java:731)
08-26 02:14:58.273   909  2033 W AES     : Exception Log handling...
08-26 02:14:58.275   909  2033 W AES     : skip for Exp level 0
08-26 02:14:58.276   909   926 W BroadcastQueue: Background execution not allowed: receiving Intent { act=android.intent.action.DROPBOX_ENTRY_ADDED flg=0x10 (has extras) } to com.google.android.gms/.stats.service.DropBoxEntryAddedReceiver
08-26 02:14:58.278   909  1361 E ActivityManager: Sending non-protected broadcast com.emporia.notificationcenter.EMPO_NOTIFICATION_NAME from system 1638:com.emporia.emporiaapprebuild/u0a42 pkg com.emporia.emporiaapprebuild
08-26 02:14:58.278   909  1361 E ActivityManager: java.lang.Throwable
08-26 02:14:58.278   909  1361 E ActivityManager: 	at com.android.server.am.ActivityManagerService.checkBroadcastFromSystem(ActivityManagerService.java:21498)
08-26 02:14:58.278   909  1361 E ActivityManager: 	at com.android.server.am.ActivityManagerService.broadcastIntentLocked(ActivityManagerService.java:22009)
08-26 02:14:58.278   909  1361 E ActivityManager: 	at com.android.server.am.ActivityManagerService.broadcastIntent(ActivityManagerService.java:22252)
08-26 02:14:58.278   909  1361 E ActivityManager: 	at android.app.IActivityManager$Stub.onTransact$broadcastIntent$(IActivityManager.java:10180)
08-26 02:14:58.278   909  1361 E ActivityManager: 	at android.app.IActivityManager$Stub.onTransact(IActivityManager.java:167)
08-26 02:14:58.278   909  1361 E ActivityManager: 	at com.android.server.am.ActivityManagerService.onTransact(ActivityManagerService.java:3367)
08-26 02:14:58.278   909  1361 E ActivityManager: 	at android.os.Binder.execTransact(Binder.java:731)
08-26 02:14:58.285   909  1361 W AES     : Exception Log handling...
08-26 02:14:58.287   909  1361 W AES     : skip for Exp level 0
08-26 02:14:58.287   909  1361 E ActivityManager: Sending non-protected broadcast com.emporia.notificationcenter.EMPO_NOTIFICATION_NAME from system 1638:com.emporia.emporiaapprebuild/u0a42 pkg com.emporia.emporiaapprebuild
08-26 02:14:58.287   909  1361 E ActivityManager: java.lang.Throwable
08-26 02:14:58.287   909  1361 E ActivityManager: 	at com.android.server.am.ActivityManagerService.checkBroadcastFromSystem(ActivityManagerService.java:21498)
08-26 02:14:58.287   909  1361 E ActivityManager: 	at com.android.server.am.ActivityManagerService.broadcastIntentLocked(ActivityManagerService.java:22102)
08-26 02:14:58.287   909  1361 E ActivityManager: 	at com.android.server.am.ActivityManagerService.broadcastIntent(ActivityManagerService.java:22252)
08-26 02:14:58.287   909  1361 E ActivityManager: 	at android.app.IActivityManager$Stub.onTransact$broadcastIntent$(IActivityManager.java:10180)
08-26 02:14:58.287   909  1361 E ActivityManager: 	at android.app.IActivityManager$Stub.onTransact(IActivityManager.java:167)
08-26 02:14:58.287   909  1361 E ActivityManager: 	at com.android.server.am.ActivityManagerService.onTransact(ActivityManagerService.java:3367)
08-26 02:14:58.287   909  1361 E ActivityManager: 	at android.os.Binder.execTransact(Binder.java:731)
08-26 02:14:58.294   909  1361 W AES     : Exception Log handling...
08-26 02:14:58.295   909  1361 W AES     : skip for Exp level 0
08-26 02:14:58.297   909   926 W BroadcastQueue: Background execution not allowed: receiving Intent { act=android.intent.action.DROPBOX_ENTRY_ADDED flg=0x10 (has extras) } to com.google.android.gms/.chimera.GmsIntentOperationService$PersistentTrustedReceiver
08-26 02:14:58.300   909   926 W BroadcastQueue: Background execution not allowed: receiving Intent { act=android.intent.action.DROPBOX_ENTRY_ADDED flg=0x10 (has extras) } to com.google.android.gms/.stats.service.DropBoxEntryAddedReceiver
08-26 02:14:58.300   909   926 W BroadcastQueue: Background execution not allowed: receiving Intent { act=android.intent.action.DROPBOX_ENTRY_ADDED flg=0x10 (has extras) } to com.google.android.gms/.chimera.GmsIntentOperationService$PersistentTrustedReceiver
08-26 02:14:58.301   909   926 W BroadcastQueue: Background execution not allowed: receiving Intent { act=android.intent.action.DROPBOX_ENTRY_ADDED flg=0x10 (has extras) } to com.google.android.gms/.stats.service.DropBoxEntryAddedReceiver
08-26 02:14:58.302   909   926 W BroadcastQueue: Background execution not allowed: receiving Intent { act=android.intent.action.DROPBOX_ENTRY_ADDED flg=0x10 (has extras) } to com.google.android.gms/.chimera.GmsIntentOperationService$PersistentTrustedReceiver
08-26 02:14:58.302   909   926 W BroadcastQueue: Background execution not allowed: receiving Intent { act=android.intent.action.DROPBOX_ENTRY_ADDED flg=0x10 (has extras) } to com.google.android.gms/.stats.service.DropBoxEntryAddedReceiver
08-26 02:14:58.302   909   926 W BroadcastQueue: Background execution not allowed: receiving Intent { act=android.intent.action.DROPBOX_ENTRY_ADDED flg=0x10 (has extras) } to com.google.android.gms/.chimera.GmsIntentOperationService$PersistentTrustedReceiver
08-26 02:14:58.305   909  1361 E ActivityManager: Sending non-protected broadcast com.emporia.notificationcenter.EMPO_SYS_NOTIFICATION_COUNT from system 1638:com.emporia.emporiaapprebuild/u0a42 pkg com.emporia.emporiaapprebuild
08-26 02:14:58.305   909  1361 E ActivityManager: java.lang.Throwable
08-26 02:14:58.305   909  1361 E ActivityManager: 	at com.android.server.am.ActivityManagerService.checkBroadcastFromSystem(ActivityManagerService.java:21498)
08-26 02:14:58.305   909  1361 E ActivityManager: 	at com.android.server.am.ActivityManagerService.broadcastIntentLocked(ActivityManagerService.java:22009)
08-26 02:14:58.305   909  1361 E ActivityManager: 	at com.android.server.am.ActivityManagerService.broadcastIntent(ActivityManagerService.java:22252)
08-26 02:14:58.305   909  1361 E ActivityManager: 	at android.app.IActivityManager$Stub.onTransact$broadcastIntent$(IActivityManager.java:10180)
08-26 02:14:58.305   909  1361 E ActivityManager: 	at android.app.IActivityManager$Stub.onTransact(IActivityManager.java:167)
08-26 02:14:58.305   909  1361 E ActivityManager: 	at com.android.server.am.ActivityManagerService.onTransact(ActivityManagerService.java:3367)
08-26 02:14:58.305   909  1361 E ActivityManager: 	at android.os.Binder.execTransact(Binder.java:731)
08-26 02:14:58.307   909  1361 E ActivityManager: Sending non-protected broadcast com.emporia.notificationcenter.EMPO_SYS_NOTIFICATION_COUNT from system 1638:com.emporia.emporiaapprebuild/u0a42 pkg com.emporia.emporiaapprebuild
08-26 02:14:58.307   909  1361 E ActivityManager: java.lang.Throwable
08-26 02:14:58.307   909  1361 E ActivityManager: 	at com.android.server.am.ActivityManagerService.checkBroadcastFromSystem(ActivityManagerService.java:21498)
08-26 02:14:58.307   909  1361 E ActivityManager: 	at com.android.server.am.ActivityManagerService.broadcastIntentLocked(ActivityManagerService.java:22102)
08-26 02:14:58.307   909  1361 E ActivityManager: 	at com.android.server.am.ActivityManagerService.broadcastIntent(ActivityManagerService.java:22252)
08-26 02:14:58.307   909  1361 E ActivityManager: 	at android.app.IActivityManager$Stub.onTransact$broadcastIntent$(IActivityManager.java:10180)
08-26 02:14:58.307   909  1361 E ActivityManager: 	at android.app.IActivityManager$Stub.onTransact(IActivityManager.java:167)
08-26 02:14:58.307   909  1361 E ActivityManager: 	at com.android.server.am.ActivityManagerService.onTransact(ActivityManagerService.java:3367)
08-26 02:14:58.307   909  1361 E ActivityManager: 	at android.os.Binder.execTransact(Binder.java:731)
08-26 02:14:58.310  1638  1638 I NotificationCenter-MainActivity: add onReceive: data = Bundle[{android.title=USB debugging connected, android.reduced.images=true, android.icon=17303450, android.text=Tap to turn off USB debugging, android.appInfo=ApplicationInfo{d01b6f1 android}, android.tv.EXTENSIONS=Bundle[mParcelledData.dataSize=168]}]
08-26 02:14:58.311  1638  1638 I MainScreenFragment: updateAppNotification: android, count:2, updateTime:-1
08-26 02:14:58.311  1638  1638 I MainScreenFragment: updateNotify: []
08-26 02:14:58.324   909  1361 E ActivityManager: Sending non-protected broadcast com.emporia.notificationcenter.EMPO_NOTIFICATION_NAME from system 1638:com.emporia.emporiaapprebuild/u0a42 pkg com.emporia.emporiaapprebuild
08-26 02:14:58.324   909  1361 E ActivityManager: java.lang.Throwable
08-26 02:14:58.324   909  1361 E ActivityManager: 	at com.android.server.am.ActivityManagerService.checkBroadcastFromSystem(ActivityManagerService.java:21498)
08-26 02:14:58.324   909  1361 E ActivityManager: 	at com.android.server.am.ActivityManagerService.broadcastIntentLocked(ActivityManagerService.java:22009)
08-26 02:14:58.324   909  1361 E ActivityManager: 	at com.android.server.am.ActivityManagerService.broadcastIntent(ActivityManagerService.java:22252)
08-26 02:14:58.324   909  1361 E ActivityManager: 	at android.app.IActivityManager$Stub.onTransact$broadcastIntent$(IActivityManager.java:10180)
08-26 02:14:58.324   909  1361 E ActivityManager: 	at android.app.IActivityManager$Stub.onTransact(IActivityManager.java:167)
08-26 02:14:58.324   909  1361 E ActivityManager: 	at com.android.server.am.ActivityManagerService.onTransact(ActivityManagerService.java:3367)
08-26 02:14:58.324   909  1361 E ActivityManager: 	at android.os.Binder.execTransact(Binder.java:731)
08-26 02:14:58.326   909  1361 E ActivityManager: Sending non-protected broadcast com.emporia.notificationcenter.EMPO_NOTIFICATION_NAME from system 1638:com.emporia.emporiaapprebuild/u0a42 pkg com.emporia.emporiaapprebuild
08-26 02:14:58.326   909  1361 E ActivityManager: java.lang.Throwable
08-26 02:14:58.326   909  1361 E ActivityManager: 	at com.android.server.am.ActivityManagerService.checkBroadcastFromSystem(ActivityManagerService.java:21498)
08-26 02:14:58.326   909  1361 E ActivityManager: 	at com.android.server.am.ActivityManagerService.broadcastIntentLocked(ActivityManagerService.java:22102)
08-26 02:14:58.326   909  1361 E ActivityManager: 	at com.android.server.am.ActivityManagerService.broadcastIntent(ActivityManagerService.java:22252)
08-26 02:14:58.326   909  1361 E ActivityManager: 	at android.app.IActivityManager$Stub.onTransact$broadcastIntent$(IActivityManager.java:10180)
08-26 02:14:58.326   909  1361 E ActivityManager: 	at android.app.IActivityManager$Stub.onTransact(IActivityManager.java:167)
08-26 02:14:58.326   909  1361 E ActivityManager: 	at com.android.server.am.ActivityManagerService.onTransact(ActivityManagerService.java:3367)
08-26 02:14:58.326   909  1361 E ActivityManager: 	at android.os.Binder.execTransact(Binder.java:731)
08-26 02:14:58.337   909  4845 E ActivityManager: Sending non-protected broadcast com.emporia.notificationcenter.EMPO_NOTIFICATION_NAME from system 1638:com.emporia.emporiaapprebuild/u0a42 pkg com.emporia.emporiaapprebuild
08-26 02:14:58.337   909  4845 E ActivityManager: java.lang.Throwable
08-26 02:14:58.337   909  4845 E ActivityManager: 	at com.android.server.am.ActivityManagerService.checkBroadcastFromSystem(ActivityManagerService.java:21498)
08-26 02:14:58.337   909  4845 E ActivityManager: 	at com.android.server.am.ActivityManagerService.broadcastIntentLocked(ActivityManagerService.java:22009)
08-26 02:14:58.337   909  4845 E ActivityManager: 	at com.android.server.am.ActivityManagerService.broadcastIntent(ActivityManagerService.java:22252)
08-26 02:14:58.337   909  4845 E ActivityManager: 	at android.app.IActivityManager$Stub.onTransact$broadcastIntent$(IActivityManager.java:10180)
08-26 02:14:58.337   909  4845 E ActivityManager: 	at android.app.IActivityManager$Stub.onTransact(IActivityManager.java:167)
08-26 02:14:58.337   909  4845 E ActivityManager: 	at com.android.server.am.ActivityManagerService.onTransact(ActivityManagerService.java:3367)
08-26 02:14:58.337   909  4845 E ActivityManager: 	at android.os.Binder.execTransact(Binder.java:731)
08-26 02:14:58.339   909  4845 E ActivityManager: Sending non-protected broadcast com.emporia.notificationcenter.EMPO_NOTIFICATION_NAME from system 1638:com.emporia.emporiaapprebuild/u0a42 pkg com.emporia.emporiaapprebuild
08-26 02:14:58.339   909  4845 E ActivityManager: java.lang.Throwable
08-26 02:14:58.339   909  4845 E ActivityManager: 	at com.android.server.am.ActivityManagerService.checkBroadcastFromSystem(ActivityManagerService.java:21498)
08-26 02:14:58.339   909  4845 E ActivityManager: 	at com.android.server.am.ActivityManagerService.broadcastIntentLocked(ActivityManagerService.java:22102)
08-26 02:14:58.339   909  4845 E ActivityManager: 	at com.android.server.am.ActivityManagerService.broadcastIntent(ActivityManagerService.java:22252)
08-26 02:14:58.339   909  4845 E ActivityManager: 	at android.app.IActivityManager$Stub.onTransact$broadcastIntent$(IActivityManager.java:10180)
08-26 02:14:58.339   909  4845 E ActivityManager: 	at android.app.IActivityManager$Stub.onTransact(IActivityManager.java:167)
08-26 02:14:58.339   909  4845 E ActivityManager: 	at com.android.server.am.ActivityManagerService.onTransact(ActivityManagerService.java:3367)
08-26 02:14:58.339   909  4845 E ActivityManager: 	at android.os.Binder.execTransact(Binder.java:731)
08-26 02:14:58.342  1638  1638 I MainScreenFragment: updateAppNotification: com.emporia.notificationcenter, count:8, updateTime:-1
08-26 02:14:58.342  1638  1638 I MainScreenFragment: updateNotify: [3]
08-26 02:14:58.344  1638  1638 I MainScreenFragment: updateAppNotification: com.emporia.notificationcenter, count:8, updateTime:-1
08-26 02:14:58.344  1638  1638 I MainScreenFragment: updateNotify: [3]
08-26 02:14:58.383 13414 13414 E cube_taskex: HCDN_LOG: [2019-08-26 02:14:58.383][T:13414]Java_com_qiyi_hcdndownloader_HCDNDownloaderTask_SetParamNative 330: taskptr = 0xa8a12fe4,szparamname = device_state,szparamvalue = {"model":"S3","cpu":-1,"mem":-1,"tmem":-1,"wifi":1,"power":1,"battery":5,"lockScreen":0}
08-26 02:14:58.383 13414 13414 E cube    : HCDN_LOG: [2019-08-26 02:14:58.383][T:13414][func:SetParam],[line:793],[oper:set param],[param_name:device_state],[param_value:{"model":"S3","cpu":-1,"mem":-1,"tmem":-1,"wifi":1,"power":1,"battery":5,"lockScreen":0}]
08-26 02:14:58.383 13414 13414 E cube    : HCDN_LOG: [2019-08-26 02:14:58.383][T:13414][func:SetParam],[line:363],[oper:set param],[key:device_state],[value:{"model":"S3","cpu":-1,"mem":-1,"tmem":-1,"wifi":1,"power":1,"battery":5,"lockScreen":0}]
08-26 02:14:58.383 13414 13414 E cube    : HCDN_LOG: [2019-08-26 02:14:58.383][T:13414][func:SetParam],[line:212],[oper:hcdn client set param],[key:device_state],[value:{"model":"S3","cpu":-1,"mem":-1,"tmem":-1,"wifi":1,"power":1,"battery":5,"lockScreen":0}]
08-26 02:14:58.383 13414 13414 E p2pfile : HCDN_LOG: [2019-08-26 02:14:58.383][T:13414][func:SetParam],[line:2276],[oper: SetParam message ParamName(device_state), ParamValue({"model":"S3","cpu":-1,"mem":-1,"tmem":-1,"wifi":1,"power":1,"battery":5,"lockScreen":0}), isGlobal(true), m_dwTaskID(0)]
08-26 02:14:58.385 13414 13899 E hcdn_downloadengine: HCDN_LOG: [2019-08-26 02:14:58.385][T:13899]OnRecvSetParam,1841     task_id : 0,SetParam : device_state,{"model":"S3","cpu":-1,"mem":-1,"tmem":-1,"wifi":1,"power":1,"battery":5,"lockScreen":0} 
08-26 02:14:58.386 13414 13899 E hcdn_downloadengine: HCDN_LOG: [2019-08-26 02:14:58.385][T:13899]ParserDeviceState,3860     device_state {"model":"S3","cpu":-1,"mem":-1,"tmem":-1,"wifi":1,"power":1,"battery":5,"lockScreen":0} 
08-26 02:14:58.386 13414 13887 E cube    : HCDN_LOG: [2019-08-26 02:14:58.386][T:13887][func:DealSetParam],[line:993],[oper:deal set param by self thread],[param_name:device_state],[param_value:{"model":"S3","cpu":-1,"mem":-1,"tmem":-1,"wifi":1,"power":1,"battery":5,"lockScreen":0}]
08-26 02:14:58.481  8793 13888 E Hcdn_DeTask3402957051: HCDN_LOG: [2019-08-26 02:14:58.481][T:13888]OnRecvCacheSecondsRequest,1133     cache_bytes=0!
08-26 02:14:58.481  8793 13888 E Hcdn_DeTask3402957051: HCDN_LOG: [2019-08-26 02:14:58.481][T:13888]OnRecvDownloadInfoRequest,2919     hcdn download info speed(0 KB/s) flie_size(15633482) p2p_speed(0 KB/s) cdn_speed(0 KB/s) 
08-26 02:14:58.495  1805  1820 I gle.android.gm: Background concurrent copying GC freed 27660(1644KB) AllocSpace objects, 5(228KB) LOS objects, 42% free, 8MB/14MB, paused 442us total 140.857ms
08-26 02:14:58.510 13414 13414 E cube_taskex: HCDN_LOG: [2019-08-26 02:14:58.510][T:13414]Java_com_qiyi_hcdndownloader_HCDNDownloaderTask_SetParamNative 330: taskptr = 0xa8a12fe4,szparamname = device_state,szparamvalue = {"model":"S3","cpu":-1,"mem":-1,"tmem":-1,"wifi":1,"power":1,"battery":5,"lockScreen":0}
08-26 02:14:58.511 13414 13414 E cube    : HCDN_LOG: [2019-08-26 02:14:58.511][T:13414][func:SetParam],[line:793],[oper:set param],[param_name:device_state],[param_value:{"model":"S3","cpu":-1,"mem":-1,"tmem":-1,"wifi":1,"power":1,"battery":5,"lockScreen":0}]
08-26 02:14:58.511 13414 13414 E cube    : HCDN_LOG: [2019-08-26 02:14:58.511][T:13414][func:SetParam],[line:363],[oper:set param],[key:device_state],[value:{"model":"S3","cpu":-1,"mem":-1,"tmem":-1,"wifi":1,"power":1,"battery":5,"lockScreen":0}]
08-26 02:14:58.511 13414 13414 E cube    : HCDN_LOG: [2019-08-26 02:14:58.511][T:13414][func:SetParam],[line:212],[oper:hcdn client set param],[key:device_state],[value:{"model":"S3","cpu":-1,"mem":-1,"tmem":-1,"wifi":1,"power":1,"battery":5,"lockScreen":0}]
08-26 02:14:58.511 13414 13414 E p2pfile : HCDN_LOG: [2019-08-26 02:14:58.511][T:13414][func:SetParam],[line:2276],[oper: SetParam message ParamName(device_state), ParamValue({"model":"S3","cpu":-1,"mem":-1,"tmem":-1,"wifi":1,"power":1,"battery":5,"lockScreen":0}), isGlobal(true), m_dwTaskID(0)]
08-26 02:14:58.511 13414 13899 E hcdn_downloadengine: HCDN_LOG: [2019-08-26 02:14:58.511][T:13899]OnRecvSetParam,1841     task_id : 0,SetParam : device_state,{"model":"S3","cpu":-1,"mem":-1,"tmem":-1,"wifi":1,"power":1,"battery":5,"lockScreen":0} 
08-26 02:14:58.512 13414 13899 E hcdn_downloadengine: HCDN_LOG: [2019-08-26 02:14:58.512][T:13899]ParserDeviceState,3860     device_state {"model":"S3","cpu":-1,"mem":-1,"tmem":-1,"wifi":1,"power":1,"battery":5,"lockScreen":0} 
08-26 02:14:58.512 13414 13887 E cube    : HCDN_LOG: [2019-08-26 02:14:58.512][T:13887][func:DealSetParam],[line:993],[oper:deal set param by self thread],[param_name:device_state],[param_value:{"model":"S3","cpu":-1,"mem":-1,"tmem":-1,"wifi":1,"power":1,"battery":5,"lockScreen":0}]
08-26 02:14:58.556  1638  1638 I App     : enabledApp: pkg>>com.android.settings, modifiedComponents>>[Ljava.lang.String;@ede82d6
08-26 02:14:58.558   909   988 I InputReader: Reconfiguring input devices.  changes=0x00000010
08-26 02:14:58.558  1638  1878 E AppLoadParseHandler: appContents: [com.emporia.contacts.easysupport.ContactAppMeta, com.emporia.mms.MessageAppMeta, com.emporia.gallery.easysupport.GalleryAppMeta, com.emporia.notificationcenter.NotificationcenterAppMeta]
08-26 02:14:58.561  1709  1709 I App     : enabledApp: pkg>>com.android.settings, modifiedComponents>>[Ljava.lang.String;@eb556f0
08-26 02:14:58.562  1709  1892 E AppLoadParseHandler: appContents: [com.emporia.contacts.easysupport.ContactAppMeta, com.emporia.mms.MessageAppMeta, com.emporia.gallery.easysupport.GalleryAppMeta, com.emporia.notificationcenter.NotificationcenterAppMeta]
08-26 02:14:58.585  1638  1878 E AppLoadParseHandler: appContents: [com.emporia.contacts.easysupport.ContactAppMeta, com.emporia.mms.MessageAppMeta, com.emporia.gallery.easysupport.GalleryAppMeta, com.emporia.notificationcenter.NotificationcenterAppMeta]
08-26 02:14:58.597  1709  1892 E AppLoadParseHandler: appContents: [com.emporia.contacts.easysupport.ContactAppMeta, com.emporia.mms.MessageAppMeta, com.emporia.gallery.easysupport.GalleryAppMeta, com.emporia.notificationcenter.NotificationcenterAppMeta]
08-26 02:14:58.604  5320 15481 W TileUtils: Found com.android.settings.Settings$NotificationAppListActivity for intent Intent { act=com.android.settings.action.SETTINGS pkg=com.android.settings } missing metadata com.android.settings.category
08-26 02:14:58.649   909   909 I Telecom : DefaultDialerCache: Refreshing default dialer for user 0: now com.android.dialer: DDC.oR@AG8
08-26 02:14:58.658   909   925 E system_server: No package ID 7f found for ID 0x7f080184.
08-26 02:14:58.658   909   925 E system_server: No package ID 7f found for ID 0x7f121094.
08-26 02:14:58.658   909   925 E system_server: No package ID 7f found for ID 0x7f080183.
08-26 02:14:58.659   909   925 E system_server: No package ID 7f found for ID 0x7f1204b1.
08-26 02:14:58.660   909   925 E system_server: No package ID 7f found for ID 0x7f080182.
08-26 02:14:58.660   909   925 E system_server: No package ID 7f found for ID 0x7f120a42.
08-26 02:14:58.702  8793 13888 E Hcdn_DeTask3402957051: HCDN_LOG: [2019-08-26 02:14:58.702][T:13888]MovieTaskAllocate,5344 left block=0,but seek or new task have not allocate,then can allocate
08-26 02:14:58.702  8793 13888 E HCDN_CMFM: HCDN_LOG: 17k memery total_cnt(128),use_cnt(0)
08-26 02:14:58.733  1246  1246 E PhoneInterfaceManager: [PhoneIntfMgr] getCarrierPackageNamesForIntent: No UICC
08-26 02:14:58.800 15591 15594 I ADB_SERVICES: (null): read_transport thread read CNXN (count=2)
08-26 02:14:58.800 15591 15591 I ADB_SERVICES: recv: CNXN 01000001 00100000 0023 host::features=cmd,stat_v2,shell_v2
08-26 02:14:58.800 15591 15591 I adbd    : Calling send_auth_request...
08-26 02:14:58.804  1805  7100 I Icing   : IndexChimeraService.getServiceInterface callingPackage=com.google.android.gms componentName=AppsCorpus serviceId=32
08-26 02:14:58.805  1805  2947 I Icing   : IndexChimeraService.getServiceInterface callingPackage=com.google.android.gms componentName=AppsCorpus serviceId=36
08-26 02:14:58.816 15591 15591 I adbd    : Calling send_auth_request...
08-26 02:14:58.824   909   932 I ActivityManager: START u0 {flg=0x10000000 cmp=com.android.systemui/.usb.UsbDebuggingActivity (has extras)} from uid 1000
08-26 02:14:58.848   357   379 I vendor.mediatek.hardware.power@2.0-impl: powerHintAsync hint:8, data:1
08-26 02:14:58.849   357   378 I libPowerHal: 8: legacy set freq: 1495000 -1
08-26 02:14:58.856   909   932 I PowerWrap: PowerHal_Wrap_mtkPowerHint
08-26 02:14:58.857   909   932 I PowerWrap: PowerHal_Wrap_mtkPowerHint
08-26 02:14:58.871   909  4163 I PowerWrap: PowerHal_Wrap_mtkPowerHint
08-26 02:14:58.871   909  4163 I PowerWrap: PowerHal_Wrap_mtkPowerHint
08-26 02:14:58.877  1099  1099 W ActivityThread: handleWindowVisibility: no activity for token android.os.BinderProxy@9f2eb7b
08-26 02:14:58.881   909   934 I WindowManager: Focus moving from Window{b41c818 u0 com.android.settings/com.android.settings.SubSettings} to null
08-26 02:14:58.884   357   379 I vendor.mediatek.hardware.power@2.0-impl: notifyAppState pack:com.android.systemui, act:com.android.systemui.usb.UsbDebuggingActivity, pid:1099, state:1
08-26 02:14:58.885   357   378 I libPowerHal: [perfNotifyAppState] foreground:com.android.systemui, pid:1099
08-26 02:14:58.887  1805 15583 I Icing   : Usage reports ok 0, Failed Usage reports 0, indexed 0, rejected 0
08-26 02:14:58.915   909   918 I system_server: Background concurrent copying GC freed 77438(5MB) AllocSpace objects, 25(1044KB) LOS objects, 30% free, 13MB/19MB, paused 275us total 354.833ms
08-26 02:14:58.928   365   394 I BufferQueueProducer: [com.android.settings/com.android.settings.SubSettings#0](this:0xa4978000,id:114,api:1,p:5320,c:365) queueBuffer: fps=3.01 dur=1662.36 max=886.44 min=17.18
08-26 02:14:58.930   909  4163 E TouchFilter: setTouchFilter LOG Enable prameter: 0
08-26 02:14:58.977  1805 15583 I Icing   : Usage reports ok 0, Failed Usage reports 0, indexed 0, rejected 0
08-26 02:14:58.987   909  4163 E ActivityManager: Sending non-protected broadcast com.emporia.action.activity.onResume from system 1099:com.android.systemui/u0a20 pkg com.android.systemui
08-26 02:14:58.987   909  4163 E ActivityManager: java.lang.Throwable
08-26 02:14:58.987   909  4163 E ActivityManager: 	at com.android.server.am.ActivityManagerService.checkBroadcastFromSystem(ActivityManagerService.java:21498)
08-26 02:14:58.987   909  4163 E ActivityManager: 	at com.android.server.am.ActivityManagerService.broadcastIntentLocked(ActivityManagerService.java:22009)
08-26 02:14:58.987   909  4163 E ActivityManager: 	at com.android.server.am.ActivityManagerService.broadcastIntent(ActivityManagerService.java:22252)
08-26 02:14:58.987   909  4163 E ActivityManager: 	at android.app.IActivityManager$Stub.onTransact$broadcastIntent$(IActivityManager.java:10180)
08-26 02:14:58.987   909  4163 E ActivityManager: 	at android.app.IActivityManager$Stub.onTransact(IActivityManager.java:167)
08-26 02:14:58.987   909  4163 E ActivityManager: 	at com.android.server.am.ActivityManagerService.onTransact(ActivityManagerService.java:3367)
08-26 02:14:58.987   909  4163 E ActivityManager: 	at android.os.Binder.execTransact(Binder.java:731)
08-26 02:14:58.990  1638  1638 I EmpGuideAppWidget: onReceive: com.android.systemui/com.android.systemui.usb.UsbDebuggingActivity,isSystemLauncher>>false
08-26 02:14:58.998   365   365 I SurfaceFlinger: [Built-in Screen (type:0)] fps:18.507673,dur:1026.60,max:657.83,min:15.60
08-26 02:14:59.009   909  4485 I WindowManager: Relayout Window{7037782 u0 com.android.systemui/com.android.systemui.usb.UsbDebuggingActivity}: oldVis=4 newVis=0 focusMayChange = true
08-26 02:14:59.015   365   393 I BufferQueue: [unnamed-365-117](this:0xa432a000,id:117,api:0,p:-1,c:-1) BufferQueue core=(365:/system/bin/surfaceflinger)
08-26 02:14:59.015   365   393 I BufferQueueConsumer: [unnamed-365-117](this:0xa432a000,id:117,api:0,p:-1,c:365) connect(C): consumer=(365:/system/bin/surfaceflinger) controlledByApp=false
08-26 02:14:59.015   365   393 I BufferQueueConsumer: [unnamed-365-117](this:0xa432a000,id:117,api:0,p:-1,c:365) setConsumerName: unnamed-365-117
08-26 02:14:59.015   365   393 I BufferQueueConsumer: [com.android.systemui/com.android.systemui.usb.UsbDebuggingActivity#0](this:0xa432a000,id:117,api:0,p:-1,c:365) setConsumerName: com.android.systemui/com.android.systemui.usb.UsbDebuggingActivity#0
08-26 02:14:59.015   365   393 I BufferQueueConsumer: [com.android.systemui/com.android.systemui.usb.UsbDebuggingActivity#0](this:0xa432a000,id:117,api:0,p:-1,c:365) setDefaultBufferSize: width=812 height=703
