08-26 00:38:42.911   530   702 E storaged: getDiskStats failed with result NOT_SUPPORTED and size 0
08-26 00:38:49.166   909   926 I ActivityManager: Killing 6370:com.android.chrome:webview_service/u0a80 (adj 904): empty for 1812s
08-26 00:39:42.912   530   702 E storaged: getDiskStats failed with result NOT_SUPPORTED and size 0
08-26 00:40:42.913   530   702 E storaged: getDiskStats failed with result NOT_SUPPORTED and size 0
08-26 00:41:42.915   530   702 E storaged: getDiskStats failed with result NOT_SUPPORTED and size 0
08-26 00:42:42.916   530   702 E storaged: getDiskStats failed with result NOT_SUPPORTED and size 0
08-26 00:42:55.394   909   926 I ActivityManager: Killing 6222:com.google.android.youtube/u0a56 (adj 904): empty for 1815s
08-26 00:43:42.916   530   702 E storaged: getDiskStats failed with result NOT_SUPPORTED and size 0
08-26 00:43:55.901   909   926 W BroadcastQueue: Background execution not allowed: receiving Intent { act=android.intent.action.DROPBOX_ENTRY_ADDED flg=0x10 (has extras) } to com.google.android.gms/.stats.service.DropBoxEntryAddedReceiver
08-26 00:43:55.903   909   926 W BroadcastQueue: Background execution not allowed: receiving Intent { act=android.intent.action.DROPBOX_ENTRY_ADDED flg=0x10 (has extras) } to com.google.android.gms/.chimera.GmsIntentOperationService$PersistentTrustedReceiver
08-26 00:44:11.030   909  5420 I ActivityManager: Killing 6129:com.mediatek.providers.drm/1000 (adj 904): empty for 1800s
08-26 00:44:42.917   530   702 E storaged: getDiskStats failed with result NOT_SUPPORTED and size 0
08-26 00:44:55.827   909   926 I ActivityManager: Killing 4236:com.google.process.gapps/u0a6 (adj 904): empty for 1801s
08-26 00:45:17.254   909   926 I ActivityManager: Waited long enough for: ServiceRecord{2a9b7fb u0 com.google.android.gms/.droidguard.DroidGuardService}
08-26 00:45:42.918   530   702 E storaged: getDiskStats failed with result NOT_SUPPORTED and size 0
08-26 00:46:42.918   530   702 E storaged: getDiskStats failed with result NOT_SUPPORTED and size 0
08-26 00:47:18.879   909   909 I JobServiceContext: Client timed out while executing (no jobFinished received), sending onStop: 3354223 #u0a89/1111 com.qiyi.video/com.iqiyi.video.download.DownloadJobService
08-26 00:47:18.886   909  1358 I ActivityManager: Killing 9203:com.google.android.apps.wellbeing/u0a27 (adj 906): empty for 1835s
08-26 00:48:14.918   530   702 E storaged: getDiskStats failed with result NOT_SUPPORTED and size 0
08-26 00:48:27.504   909   926 W BroadcastQueue: Background execution not allowed: receiving Intent { act=android.net.conn.NETWORK_CONDITIONS_MEASURED flg=0x10 (has extras) } to com.google.android.gms/.chimera.GmsIntentOperationService$PersistentTrustedReceiver
08-26 00:49:34.965   909  1358 I ActivityManager: Killing 9231:com.google.android.gm/u0a64 (adj 906): empty for 1885s
08-26 00:51:03.613   530   702 E storaged: getDiskStats failed with result NOT_SUPPORTED and size 0
08-26 00:51:14.056   909   995 I NetworkStatsRecorder: recordSnapshotLocked: ident[[{type=WIFI, subType=COMBINED, networkId="emporia_5G", metered=false, defaultNetwork=true}]]
08-26 00:51:14.056   909   995 W NetworkStatsRecorder: unknown interfaces [lo], ignoring those stats
08-26 00:51:14.056   909   995 I NetworkStatsRecorder: recordSnapshotLocked: ident[[{type=WIFI, subType=COMBINED, networkId="emporia_5G", metered=false, defaultNetwork=true}]]
08-26 00:51:14.056   909   995 W NetworkStatsRecorder: unknown interfaces [lo], ignoring those stats
08-26 00:51:14.057   909   995 I NetworkStatsRecorder: recordSnapshotLocked: ident[[{type=WIFI, subType=COMBINED, networkId="emporia_5G", metered=false, defaultNetwork=true}]]
08-26 00:51:14.057   909   995 I chatty  : uid=1000(system) NetworkStats identical 3 lines
08-26 00:51:14.057   909   995 I NetworkStatsRecorder: recordSnapshotLocked: ident[[{type=WIFI, subType=COMBINED, networkId="emporia_5G", metered=false, defaultNetwork=true}]]
08-26 00:51:14.057   909   995 W NetworkStatsRecorder: unknown interfaces [lo], ignoring those stats
08-26 00:51:14.058   909   995 I NetworkStatsRecorder: recordSnapshotLocked: ident[[{type=WIFI, subType=COMBINED, networkId="emporia_5G", metered=false, defaultNetwork=true}]]
08-26 00:51:14.058   909   995 I chatty  : uid=1000(system) NetworkStats identical 7 lines
08-26 00:51:14.059   909   995 I NetworkStatsRecorder: recordSnapshotLocked: ident[[{type=WIFI, subType=COMBINED, networkId="emporia_5G", metered=false, defaultNetwork=true}]]
08-26 00:51:14.059   909   995 W NetworkStatsRecorder: unknown interfaces [lo], ignoring those stats
08-26 00:52:48.978   909   928 I ActivityManager: Start proc 10433:com.google.android.partnersetup/u0a5 for service com.google.android.partnersetup/.InstalledAppJobService
08-26 00:53:04.726   530   702 E storaged: getDiskStats failed with result NOT_SUPPORTED and size 0
08-26 00:53:18.952   909  1328 I ActivityManager: Killing 9352:com.android.providers.calendar/u0a23 (adj 906): empty for 1953s
08-26 00:55:21.652   530   702 E storaged: getDiskStats failed with result NOT_SUPPORTED and size 0
08-26 00:56:41.833   530   702 E storaged: getDiskStats failed with result NOT_SUPPORTED and size 0
08-26 00:58:22.143   530   702 E storaged: getDiskStats failed with result NOT_SUPPORTED and size 0
08-26 01:01:06.214   909   928 I ActivityManager: Start proc 10571:com.android.dialer/u0a38 for service com.android.dialer/com.android.voicemail.impl.StatusCheckJobService
08-26 01:01:06.255   909   928 I ActivityManager: Start proc 10584:com.android.chrome:webview_service/u0a80 for service com.android.chrome/org.chromium.android_webview.services.AwVariationsSeedFetcher
08-26 01:01:18.684   530   702 E storaged: getDiskStats failed with result NOT_SUPPORTED and size 0
08-26 01:01:22.971   909  5758 I ActivityManager: Killing 9463:com.android.vending:instant_app_installer/u0a41 (adj 906): empty for 1904s
08-26 01:03:27.652   530   702 E storaged: getDiskStats failed with result NOT_SUPPORTED and size 0
08-26 01:03:41.799   909  1072 W ActivityManager: Background start not allowed: service Intent { cmp=com.qiyi.video/com.iqiyi.video.download.QiyiDownloadCenterService (has extras) } to com.qiyi.video/com.iqiyi.video.download.QiyiDownloadCenterService from pid=8793 uid=10089 pkg=com.qiyi.video startFg?=false
08-26 01:03:53.747   909   925 I UsageStatsService: User[0] Flushing usage stats to disk
08-26 01:03:56.102   909   926 W BroadcastQueue: Background execution not allowed: receiving Intent { act=android.net.conn.NETWORK_CONDITIONS_MEASURED flg=0x10 (has extras) } to com.google.android.gms/.chimera.GmsIntentOperationService$PersistentTrustedReceiver
08-26 01:04:34.061   530   702 E storaged: getDiskStats failed with result NOT_SUPPORTED and size 0
08-26 01:05:34.062   530   702 E storaged: getDiskStats failed with result NOT_SUPPORTED and size 0
08-26 01:06:18.631   909   930 E BatteryExternalStatsWorker: no controller energy info supplied for wifi
08-26 01:06:18.631   909   930 E BatteryExternalStatsWorker: no controller energy info supplied for bluetooth
08-26 01:06:34.062   530   702 E storaged: getDiskStats failed with result NOT_SUPPORTED and size 0
08-26 01:07:11.227   909   926 W BroadcastQueue: Background execution not allowed: receiving Intent { act=com.android.providers.media.ACTIVATE_MEDIAPROCESS flg=0x10 } to com.android.providers.media/.MtpReceiver
08-26 01:07:35.158   530   702 E storaged: getDiskStats failed with result NOT_SUPPORTED and size 0
08-26 01:08:35.158   530   702 E storaged: getDiskStats failed with result NOT_SUPPORTED and size 0
08-26 01:09:35.159   530   702 E storaged: getDiskStats failed with result NOT_SUPPORTED and size 0
08-26 01:10:35.160   530   702 E storaged: getDiskStats failed with result NOT_SUPPORTED and size 0
08-26 01:11:35.160   530   702 E storaged: getDiskStats failed with result NOT_SUPPORTED and size 0
08-26 01:12:35.161   530   702 E storaged: getDiskStats failed with result NOT_SUPPORTED and size 0
08-26 01:13:35.162   530   702 E storaged: getDiskStats failed with result NOT_SUPPORTED and size 0
08-26 01:13:41.825   909   909 I JobServiceContext: Client timed out while executing (no jobFinished received), sending onStop: d711c20 #u0a89/1111 com.qiyi.video/com.iqiyi.video.download.DownloadJobService
08-26 01:14:15.299   909   926 W BroadcastQueue: Background execution not allowed: receiving Intent { act=android.intent.action.DROPBOX_ENTRY_ADDED flg=0x10 (has extras) } to com.google.android.gms/.stats.service.DropBoxEntryAddedReceiver
08-26 01:14:15.301   909   926 W BroadcastQueue: Background execution not allowed: receiving Intent { act=android.intent.action.DROPBOX_ENTRY_ADDED flg=0x10 (has extras) } to com.google.android.gms/.chimera.GmsIntentOperationService$PersistentTrustedReceiver
08-26 01:14:15.458   909   926 W BroadcastQueue: Background execution not allowed: receiving Intent { act=android.intent.action.DROPBOX_ENTRY_ADDED flg=0x10 (has extras) } to com.google.android.gms/.stats.service.DropBoxEntryAddedReceiver
08-26 01:14:15.458   909   926 W BroadcastQueue: Background execution not allowed: receiving Intent { act=android.intent.action.DROPBOX_ENTRY_ADDED flg=0x10 (has extras) } to com.google.android.gms/.chimera.GmsIntentOperationService$PersistentTrustedReceiver
08-26 01:14:46.105   909   989 I WatchlistLoggingHandler: No need to aggregate record yet.
08-26 01:14:46.105   909   989 I WatchlistLoggingHandler: Milliseconds spent on tryAggregateRecords(): 1
08-26 01:14:46.260   909   928 I ActivityManager: Start proc 10943:com.google.android.apps.maps/u0a61 for service com.google.android.apps.maps/com.google.android.apps.gmm.offline.update.OfflineAutoUpdateJobService
08-26 01:14:46.315   909   928 I ActivityManager: Start proc 10948:com.google.android.ims/u0a25 for service com.google.android.ims/.services.LogFileCleanupService
08-26 01:14:50.626   909   928 I ActivityManager: Start proc 11031:android.process.acore/u0a12 for content provider com.android.providers.contacts/.ContactsProvider2
08-26 01:14:56.920   909   928 I ActivityManager: Start proc 11099:com.google.process.gapps/u0a6 for content provider com.google.android.gsf/.settings.GoogleSettingsProvider
08-26 01:15:16.292   530   702 E storaged: getDiskStats failed with result NOT_SUPPORTED and size 0
08-26 01:16:16.294   530   702 E storaged: getDiskStats failed with result NOT_SUPPORTED and size 0
08-26 01:17:16.304   530   702 E storaged: getDiskStats failed with result NOT_SUPPORTED and size 0
08-26 01:18:16.305   530   702 E storaged: getDiskStats failed with result NOT_SUPPORTED and size 0
08-26 01:19:16.306   530   702 E storaged: getDiskStats failed with result NOT_SUPPORTED and size 0
08-26 01:19:16.667   909   926 W BroadcastQueue: Background execution not allowed: receiving Intent { act=android.net.conn.NETWORK_CONDITIONS_MEASURED flg=0x10 (has extras) } to com.google.android.gms/.chimera.GmsIntentOperationService$PersistentTrustedReceiver
08-26 01:20:16.307   530   702 E storaged: getDiskStats failed with result NOT_SUPPORTED and size 0
08-26 01:20:33.440   909   995 I NetworkStatsRecorder: recordSnapshotLocked: ident[[{type=WIFI, subType=COMBINED, networkId="emporia_5G", metered=false, defaultNetwork=true}]]
08-26 01:20:33.440   909   995 W NetworkStatsRecorder: unknown interfaces [lo], ignoring those stats
08-26 01:20:33.440   909   995 I NetworkStatsRecorder: recordSnapshotLocked: ident[[{type=WIFI, subType=COMBINED, networkId="emporia_5G", metered=false, defaultNetwork=true}]]
08-26 01:20:33.440   909   995 W NetworkStatsRecorder: unknown interfaces [lo], ignoring those stats
08-26 01:20:33.470   909   995 I NetworkStatsRecorder: recordSnapshotLocked: ident[[{type=WIFI, subType=COMBINED, networkId="emporia_5G", metered=false, defaultNetwork=true}]]
08-26 01:20:33.470   909   995 I chatty  : uid=1000(system) NetworkStats identical 4 lines
08-26 01:20:33.470   909   995 I NetworkStatsRecorder: recordSnapshotLocked: ident[[{type=WIFI, subType=COMBINED, networkId="emporia_5G", metered=false, defaultNetwork=true}]]
08-26 01:20:33.470   909   995 W NetworkStatsRecorder: unknown interfaces [lo], ignoring those stats
08-26 01:20:33.471   909   995 I NetworkStatsRecorder: recordSnapshotLocked: ident[[{type=WIFI, subType=COMBINED, networkId="emporia_5G", metered=false, defaultNetwork=true}]]
08-26 01:20:33.472   909   995 I chatty  : uid=1000(system) NetworkStats identical 6 lines
08-26 01:20:33.472   909   995 I NetworkStatsRecorder: recordSnapshotLocked: ident[[{type=WIFI, subType=COMBINED, networkId="emporia_5G", metered=false, defaultNetwork=true}]]
08-26 01:20:33.472   909   995 W NetworkStatsRecorder: unknown interfaces [lo], ignoring those stats
08-26 01:21:16.314   530   702 E storaged: getDiskStats failed with result NOT_SUPPORTED and size 0
08-26 01:22:16.316   530   702 E storaged: getDiskStats failed with result NOT_SUPPORTED and size 0
08-26 01:23:16.319   530   702 E storaged: getDiskStats failed with result NOT_SUPPORTED and size 0
08-26 01:24:16.320   530   702 E storaged: getDiskStats failed with result NOT_SUPPORTED and size 0
08-26 01:24:34.560   909  1898 I ActivityManager: Killing 5013:com.google.android.gms.unstable/u0a6 (adj 906): empty for 1800s
08-26 01:24:46.114   909   909 I JobServiceContext: Client timed out while executing (no jobFinished received), sending onStop: 5368bc6 #1000/800 android/com.android.server.pm.BackgroundDexOptService
08-26 01:25:27.497   530   702 E storaged: getDiskStats failed with result NOT_SUPPORTED and size 0
08-26 01:26:27.500   530   702 E storaged: getDiskStats failed with result NOT_SUPPORTED and size 0
08-26 01:28:57.467   530   702 E storaged: getDiskStats failed with result NOT_SUPPORTED and size 0
08-26 01:30:34.433   909   988 I PowerManagerService: Waking up from sleep (uid=1000 reason=android.policy:POWER)...
08-26 01:30:34.433   909   909 W UsageStatsService: Event reported without a package name
08-26 01:30:34.445   909   937 I DisplayPowerController: Blocking screen on until initial contents have been drawn.
08-26 01:30:34.471   909   927 I WindowManager: Waiting for drawn Window{a254075 u0 StatusBar}: removed=false visible=true mHasSurface=true drawState=1
08-26 01:30:34.481   909   973 I WindowManager: Waiting for drawn Window{a254075 u0 StatusBar}: removed=false visible=true mHasSurface=true drawState=1
08-26 01:30:34.506   909   934 I DisplayManagerService: Display device changed state: "Built-in Screen", ON
08-26 01:30:34.517   909   973 I WindowManager: Waiting for drawn Window{a254075 u0 StatusBar}: removed=false visible=true mHasSurface=true drawState=1
08-26 01:30:34.528   909   973 I WindowManager: Waiting for drawn Window{a254075 u0 StatusBar}: removed=false visible=true mHasSurface=true drawState=1
08-26 01:30:34.661   909  1078 I WindowManager: Waiting for drawn Window{a254075 u0 StatusBar}: removed=false visible=true mHasSurface=true drawState=1
08-26 01:30:34.789   909   973 I WindowManager: Waiting for drawn Window{a254075 u0 StatusBar}: removed=false visible=true mHasSurface=true drawState=4
08-26 01:30:34.840   909   937 I DisplayPowerController: Unblocked screen on after 395 ms
08-26 01:30:35.132   909   937 W PowerManagerService: Screen on took 707 ms
08-26 01:30:36.611   909   926 W BroadcastQueue: Background execution not allowed: receiving Intent { act=android.intent.action.ACTION_POWER_DISCONNECTED flg=0x4000010 (has extras) } to com.adups.fota/.MyReceiver
08-26 01:30:36.611   909   926 W BroadcastQueue: Background execution not allowed: receiving Intent { act=android.intent.action.ACTION_POWER_DISCONNECTED flg=0x4000010 (has extras) } to com.emporia.emporiaapprebuild/com.appguide.app.receivers.BackroundBroadcastReceiver
08-26 01:30:36.612   909   926 W BroadcastQueue: Background execution not allowed: receiving Intent { act=android.intent.action.ACTION_POWER_DISCONNECTED flg=0x4000010 (has extras) } to com.google.android.gms/.chimera.GmsIntentOperationService$PersistentTrustedReceiver
08-26 01:30:36.630   909   930 E BatteryExternalStatsWorker: no controller energy info supplied for wifi
08-26 01:30:36.631   909   930 E BatteryExternalStatsWorker: no controller energy info supplied for bluetooth
08-26 01:30:43.817   909  2100 I NetworkStatsRecorder: recordSnapshotLocked: ident[[{type=WIFI, subType=COMBINED, networkId="emporia_5G", metered=false, defaultNetwork=true}]]
08-26 01:30:43.817   909  2100 W NetworkStatsRecorder: unknown interfaces [lo], ignoring those stats
08-26 01:30:43.817   909  2100 I NetworkStatsRecorder: recordSnapshotLocked: ident[[{type=WIFI, subType=COMBINED, networkId="emporia_5G", metered=false, defaultNetwork=true}]]
08-26 01:30:43.817   909  2100 W NetworkStatsRecorder: unknown interfaces [lo], ignoring those stats
08-26 01:30:43.818   909  2100 I NetworkStatsRecorder: recordSnapshotLocked: ident[[{type=WIFI, subType=COMBINED, networkId="emporia_5G", metered=false, defaultNetwork=true}]]
08-26 01:30:43.818   909  2100 I chatty  : uid=1000(system) Binder:909_10 identical 2 lines
08-26 01:30:43.818   909  2100 I NetworkStatsRecorder: recordSnapshotLocked: ident[[{type=WIFI, subType=COMBINED, networkId="emporia_5G", metered=false, defaultNetwork=true}]]
08-26 01:30:43.818   909  2100 W NetworkStatsRecorder: unknown interfaces [lo], ignoring those stats
08-26 01:30:43.818   909  2100 I NetworkStatsRecorder: recordSnapshotLocked: ident[[{type=WIFI, subType=COMBINED, networkId="emporia_5G", metered=false, defaultNetwork=true}]]
08-26 01:30:43.818   909  2100 I chatty  : uid=1000(system) Binder:909_10 identical 1 line
08-26 01:30:43.819   909  2100 I NetworkStatsRecorder: recordSnapshotLocked: ident[[{type=WIFI, subType=COMBINED, networkId="emporia_5G", metered=false, defaultNetwork=true}]]
08-26 01:30:43.819   909  2100 W NetworkStatsRecorder: unknown interfaces [lo], ignoring those stats
08-26 01:30:43.930   909   926 W BroadcastQueue: Background execution not allowed: receiving Intent { act=android.intent.action.DROPBOX_ENTRY_ADDED flg=0x10 (has extras) } to com.google.android.gms/.stats.service.DropBoxEntryAddedReceiver
08-26 01:30:43.931   909   926 W BroadcastQueue: Background execution not allowed: receiving Intent { act=android.intent.action.DROPBOX_ENTRY_ADDED flg=0x10 (has extras) } to com.google.android.gms/.chimera.GmsIntentOperationService$PersistentTrustedReceiver
08-26 01:30:44.026   909  2033 I WindowManager: Relayout Window{dad2a92 u0 com.emporia.emporiaapprebuild/com.emporia.easylauncher.EasyLauncher}: oldVis=4 newVis=0 focusMayChange = true
08-26 01:30:44.137   909  2100 W BroadcastQueue: Background execution not allowed: receiving Intent { act=android.intent.action.DROPBOX_ENTRY_ADDED flg=0x10 (has extras) } to com.google.android.gms/.stats.service.DropBoxEntryAddedReceiver
08-26 01:30:44.139   909   926 W BroadcastQueue: Background execution not allowed: receiving Intent { act=android.intent.action.DROPBOX_ENTRY_ADDED flg=0x10 (has extras) } to com.google.android.gms/.chimera.GmsIntentOperationService$PersistentTrustedReceiver
08-26 01:30:44.139   909   926 W BroadcastQueue: Background execution not allowed: receiving Intent { act=android.intent.action.DROPBOX_ENTRY_ADDED flg=0x10 (has extras) } to com.google.android.gms/.stats.service.DropBoxEntryAddedReceiver
08-26 01:30:44.140   909   926 W BroadcastQueue: Background execution not allowed: receiving Intent { act=android.intent.action.DROPBOX_ENTRY_ADDED flg=0x10 (has extras) } to com.google.android.gms/.chimera.GmsIntentOperationService$PersistentTrustedReceiver
08-26 01:30:44.292   909  4485 W UsageStatsService: Event reported without a package name
08-26 01:30:44.326   909   926 W BroadcastQueue: Background execution not allowed: receiving Intent { act=android.intent.action.USER_PRESENT flg=0x24200010 } to com.emporia.emporiaapprebuild/com.emporia.notificationcenter.ServiceRestartReceiver
08-26 01:30:44.326   909   926 W BroadcastQueue: Background execution not allowed: receiving Intent { act=android.intent.action.USER_PRESENT flg=0x24200010 } to com.google.android.gms/.auth.setup.devicesignals.LockScreenReceiver
08-26 01:30:44.327   909   926 W BroadcastQueue: Background execution not allowed: receiving Intent { act=android.intent.action.USER_PRESENT flg=0x24200010 } to com.google.android.gms/.trustagent.UserPresentBroadcastReceiver
08-26 01:30:44.327   909   926 W BroadcastQueue: Background execution not allowed: receiving Intent { act=android.intent.action.USER_PRESENT flg=0x24200010 } to com.google.android.gms/.chimera.GmsIntentOperationService$PersistentTrustedReceiver
08-26 01:30:44.329   909   926 W BroadcastQueue: Background execution not allowed: receiving Intent { act=android.intent.action.USER_PRESENT flg=0x24200010 } to com.qiyi.video/com.iqiyi.hcim.service.BroadcastCenter
08-26 01:30:44.329   909   926 W BroadcastQueue: Background execution not allowed: receiving Intent { act=android.intent.action.USER_PRESENT flg=0x24200010 } to com.qiyi.video/com.iqiyi.pushservice.PushServiceReceiver
08-26 01:30:44.330   909   926 W BroadcastQueue: Background execution not allowed: receiving Intent { act=android.intent.action.USER_PRESENT flg=0x24200010 } to com.qiyi.video/com.iqiyi.impushservice.receiver.ImPushServiceReceiver
08-26 01:30:44.758   909   934 I WindowManager: Focus moving from Window{a254075 u0 StatusBar} to Window{dad2a92 u0 com.emporia.emporiaapprebuild/com.emporia.easylauncher.EasyLauncher}
08-26 01:30:45.387   909   926 W BroadcastQueue: Background execution not allowed: receiving Intent { act=com.android.providers.media.ACTIVATE_MEDIAPROCESS flg=0x10 } to com.android.providers.media/.MtpReceiver
08-26 01:31:09.281   530   702 E storaged: getDiskStats failed with result NOT_SUPPORTED and size 0
08-26 01:31:51.672   909   937 I PowerManagerService: Going to sleep due to screen timeout (uid 1000)...
08-26 01:31:51.672   909   909 W UsageStatsService: Event reported without a package name
08-26 01:31:51.672   909   937 I PowerManagerService: Sleeping (uid 1000)...
08-26 01:31:51.866   909   937 I DisplayPowerController: Blocking screen off
08-26 01:31:51.866   909   937 I DisplayPowerController: Unblocked screen off after 1 ms
08-26 01:31:51.939   909   934 I DisplayManagerService: Display device changed state: "Built-in Screen", OFF
08-26 01:31:52.127   909  1364 W BroadcastQueue: Background execution not allowed: receiving Intent { act=android.intent.action.DROPBOX_ENTRY_ADDED flg=0x10 (has extras) } to com.google.android.gms/.stats.service.DropBoxEntryAddedReceiver
08-26 01:31:52.130   909   926 W BroadcastQueue: Background execution not allowed: receiving Intent { act=android.intent.action.DROPBOX_ENTRY_ADDED flg=0x10 (has extras) } to com.google.android.gms/.chimera.GmsIntentOperationService$PersistentTrustedReceiver
08-26 01:31:52.136   909   926 W BroadcastQueue: Background execution not allowed: receiving Intent { act=android.intent.action.DROPBOX_ENTRY_ADDED flg=0x10 (has extras) } to com.google.android.gms/.stats.service.DropBoxEntryAddedReceiver
08-26 01:31:52.137   909   926 W BroadcastQueue: Background execution not allowed: receiving Intent { act=android.intent.action.DROPBOX_ENTRY_ADDED flg=0x10 (has extras) } to com.google.android.gms/.chimera.GmsIntentOperationService$PersistentTrustedReceiver
08-26 01:31:52.268   909   919 W BroadcastQueue: Background execution not allowed: receiving Intent { act=android.intent.action.DROPBOX_ENTRY_ADDED flg=0x10 (has extras) } to com.google.android.gms/.stats.service.DropBoxEntryAddedReceiver
08-26 01:31:52.271   909   926 W BroadcastQueue: Background execution not allowed: receiving Intent { act=android.intent.action.DROPBOX_ENTRY_ADDED flg=0x10 (has extras) } to com.google.android.gms/.chimera.GmsIntentOperationService$PersistentTrustedReceiver
08-26 01:31:52.276   909   926 W BroadcastQueue: Background execution not allowed: receiving Intent { act=android.intent.action.DROPBOX_ENTRY_ADDED flg=0x10 (has extras) } to com.google.android.gms/.stats.service.DropBoxEntryAddedReceiver
08-26 01:31:52.278   909   926 W BroadcastQueue: Background execution not allowed: receiving Intent { act=android.intent.action.DROPBOX_ENTRY_ADDED flg=0x10 (has extras) } to com.google.android.gms/.chimera.GmsIntentOperationService$PersistentTrustedReceiver
08-26 01:31:52.278   909   926 W BroadcastQueue: Background execution not allowed: receiving Intent { act=android.intent.action.DROPBOX_ENTRY_ADDED flg=0x10 (has extras) } to com.google.android.gms/.stats.service.DropBoxEntryAddedReceiver
08-26 01:31:52.280   909   926 W BroadcastQueue: Background execution not allowed: receiving Intent { act=android.intent.action.DROPBOX_ENTRY_ADDED flg=0x10 (has extras) } to com.google.android.gms/.chimera.GmsIntentOperationService$PersistentTrustedReceiver
08-26 01:31:56.186   909  1898 I ActivityManager: Killing 10433:com.google.android.partnersetup/u0a5 (adj 906): empty for 1802s
08-26 01:31:56.701   909   919 W UsageStatsService: Event reported without a package name
08-26 01:31:56.708   909   934 I WindowManager: Focus moving from Window{dad2a92 u0 com.emporia.emporiaapprebuild/com.emporia.easylauncher.EasyLauncher} to null
08-26 01:31:56.871   909   934 I WindowManager: Focus moving from null to Window{a254075 u0 StatusBar}
08-26 01:32:34.393   909   930 E BatteryExternalStatsWorker: no controller energy info supplied for wifi
08-26 01:32:35.410   909   930 E BatteryExternalStatsWorker: no controller energy info supplied for wifi
08-26 01:32:53.049   909   909 W BroadcastQueue: Background execution not allowed: receiving Intent { act=android.intent.action.DROPBOX_ENTRY_ADDED flg=0x10 (has extras) } to com.google.android.gms/.stats.service.DropBoxEntryAddedReceiver
08-26 01:32:53.063   909   926 W BroadcastQueue: Background execution not allowed: receiving Intent { act=android.intent.action.DROPBOX_ENTRY_ADDED flg=0x10 (has extras) } to com.google.android.gms/.chimera.GmsIntentOperationService$PersistentTrustedReceiver
08-26 01:32:53.097   909   930 E BatteryExternalStatsWorker: no controller energy info supplied for wifi
08-26 01:32:55.685   909   930 E BatteryExternalStatsWorker: no controller energy info supplied for wifi
08-26 01:33:03.052   530   702 E storaged: getDiskStats failed with result NOT_SUPPORTED and size 0
08-26 01:34:32.772   909   926 W BroadcastQueue: Background execution not allowed: receiving Intent { act=android.net.conn.NETWORK_CONDITIONS_MEASURED flg=0x10 (has extras) } to com.google.android.gms/.chimera.GmsIntentOperationService$PersistentTrustedReceiver
08-26 01:34:32.773   909   926 I ActivityManager: Killing 9269:com.google.android.videos/u0a48 (adj 906): empty for 1802s
08-26 01:34:43.648   530   702 E storaged: getDiskStats failed with result NOT_SUPPORTED and size 0
08-26 01:35:16.763   909   930 E BatteryExternalStatsWorker: no controller energy info supplied for wifi
08-26 01:38:02.381   909   930 I chatty  : uid=1000(system) batterystats-wo identical 6 lines
08-26 01:38:02.791   909   930 E BatteryExternalStatsWorker: no controller energy info supplied for wifi
08-26 01:38:06.112   909   988 I PowerManagerService: Waking up from sleep (uid=1000 reason=android.policy:POWER)...
08-26 01:38:06.112   909   909 W UsageStatsService: Event reported without a package name
08-26 01:38:06.129   909   937 I DisplayPowerController: Blocking screen on until initial contents have been drawn.
08-26 01:38:06.156   909   927 I WindowManager: Waiting for drawn Window{a254075 u0 StatusBar}: removed=false visible=true mHasSurface=true drawState=1
08-26 01:38:06.156   909   934 I DisplayManagerService: Display device changed state: "Built-in Screen", ON
08-26 01:38:06.173   909   973 I WindowManager: Waiting for drawn Window{a254075 u0 StatusBar}: removed=false visible=true mHasSurface=true drawState=1
08-26 01:38:06.198   909   973 I WindowManager: Waiting for drawn Window{a254075 u0 StatusBar}: removed=false visible=true mHasSurface=true drawState=1
08-26 01:38:06.270   909  4485 I WindowManager: Waiting for drawn Window{a254075 u0 StatusBar}: removed=false visible=true mHasSurface=true drawState=1
08-26 01:38:06.312   909   973 I WindowManager: Waiting for drawn Window{a254075 u0 StatusBar}: removed=false visible=true mHasSurface=true drawState=4
08-26 01:38:06.362   909   937 I DisplayPowerController: Unblocked screen on after 233 ms
08-26 01:38:06.715   909   937 W PowerManagerService: Screen on took 605 ms
08-26 01:38:16.110   909   937 I PowerManagerService: Going to sleep due to screen timeout (uid 1000)...
08-26 01:38:16.111   909   909 W UsageStatsService: Event reported without a package name
08-26 01:38:16.111   909   937 I PowerManagerService: Sleeping (uid 1000)...
08-26 01:38:16.314   909   937 I DisplayPowerController: Blocking screen off
08-26 01:38:16.314   909   937 I DisplayPowerController: Unblocked screen off after 1 ms
08-26 01:38:16.379   909   934 I DisplayManagerService: Display device changed state: "Built-in Screen", OFF
08-26 01:38:32.171   530   702 E storaged: getDiskStats failed with result NOT_SUPPORTED and size 0
08-26 01:39:18.048   909   926 W BroadcastQueue: Background execution not allowed: receiving Intent { act=android.intent.action.DROPBOX_ENTRY_ADDED flg=0x10 (has extras) } to com.google.android.gms/.stats.service.DropBoxEntryAddedReceiver
08-26 01:39:18.048   909   926 W BroadcastQueue: Background execution not allowed: receiving Intent { act=android.intent.action.DROPBOX_ENTRY_ADDED flg=0x10 (has extras) } to com.google.android.gms/.chimera.GmsIntentOperationService$PersistentTrustedReceiver
08-26 01:40:36.082   909   930 E BatteryExternalStatsWorker: no controller energy info supplied for wifi
08-26 01:42:04.043   909   930 I chatty  : uid=1000(system) batterystats-wo identical 4 lines
08-26 01:42:04.858   909   930 E BatteryExternalStatsWorker: no controller energy info supplied for wifi
08-26 01:43:07.637   909   930 E BatteryExternalStatsWorker: no controller energy info supplied for wifi
08-26 01:44:03.135   909   930 I chatty  : uid=1000(system) batterystats-wo identical 2 lines
08-26 01:44:06.816   909   930 E BatteryExternalStatsWorker: no controller energy info supplied for wifi
08-26 01:44:30.210   530   702 E storaged: getDiskStats failed with result NOT_SUPPORTED and size 0
08-26 01:45:10.357   909   930 E BatteryExternalStatsWorker: no controller energy info supplied for wifi
08-26 01:45:10.749   909   930 E BatteryExternalStatsWorker: no controller energy info supplied for wifi
08-26 01:48:37.060   909   930 E BatteryExternalStatsWorker: no controller energy info supplied for wifi
08-26 01:48:57.700   909   930 I chatty  : uid=1000(system) batterystats-wo identical 2 lines
08-26 01:48:59.068   909   930 E BatteryExternalStatsWorker: no controller energy info supplied for wifi
08-26 01:49:02.410   909   988 I PowerManagerService: Waking up from sleep (uid=1000 reason=android.policy:POWER)...
08-26 01:49:02.411   909   909 W UsageStatsService: Event reported without a package name
08-26 01:49:02.418   909   937 I DisplayPowerController: Blocking screen on until initial contents have been drawn.
08-26 01:49:02.436   909   934 I DisplayManagerService: Display device changed state: "Built-in Screen", ON
08-26 01:49:02.463   909   927 I WindowManager: Waiting for drawn Window{a254075 u0 StatusBar}: removed=false visible=true mHasSurface=true drawState=1
08-26 01:49:02.467   909   973 I WindowManager: Waiting for drawn Window{a254075 u0 StatusBar}: removed=false visible=true mHasSurface=true drawState=1
08-26 01:49:02.536   909  4845 I WindowManager: Waiting for drawn Window{a254075 u0 StatusBar}: removed=false visible=true mHasSurface=true drawState=1
08-26 01:49:02.573   909   973 I WindowManager: Waiting for drawn Window{a254075 u0 StatusBar}: removed=false visible=true mHasSurface=true drawState=4
08-26 01:49:02.631   909   937 I DisplayPowerController: Unblocked screen on after 214 ms
08-26 01:49:02.762   909   928 I ActivityManager: Start proc 12932:com.google.android.gms.unstable/u0a6 for service com.google.android.gms/.droidguard.DroidGuardService
08-26 01:49:02.943   909   937 V SettingsProvider: name : screen_brightness appId : 1000
08-26 01:49:03.029   909   937 V SettingsProvider: name : screen_brightness appId : 1000
08-26 01:49:03.030   909   937 W PowerManagerService: Screen on took 651 ms
08-26 01:49:03.214   909   926 W BroadcastQueue: Background execution not allowed: receiving Intent { act=android.intent.action.DROPBOX_ENTRY_ADDED flg=0x10 (has extras) } to com.google.android.gms/.stats.service.DropBoxEntryAddedReceiver
08-26 01:49:03.215   909   926 W BroadcastQueue: Background execution not allowed: receiving Intent { act=android.intent.action.DROPBOX_ENTRY_ADDED flg=0x10 (has extras) } to com.google.android.gms/.chimera.GmsIntentOperationService$PersistentTrustedReceiver
08-26 01:49:04.040   909  4226 I NetworkStatsRecorder: recordSnapshotLocked: ident[[{type=WIFI, subType=COMBINED, networkId="emporia_5G", metered=false, defaultNetwork=true}]]
08-26 01:49:04.040   909  4226 W NetworkStatsRecorder: unknown interfaces [lo], ignoring those stats
08-26 01:49:04.040   909  4226 I NetworkStatsRecorder: recordSnapshotLocked: ident[[{type=WIFI, subType=COMBINED, networkId="emporia_5G", metered=false, defaultNetwork=true}]]
08-26 01:49:04.040   909  4226 W NetworkStatsRecorder: unknown interfaces [lo], ignoring those stats
08-26 01:49:04.041   909  4226 I NetworkStatsRecorder: recordSnapshotLocked: ident[[{type=WIFI, subType=COMBINED, networkId="emporia_5G", metered=false, defaultNetwork=true}]]
08-26 01:49:04.041   909  4226 I chatty  : uid=1000(system) Binder:909_19 identical 5 lines
08-26 01:49:04.042   909  4226 I NetworkStatsRecorder: recordSnapshotLocked: ident[[{type=WIFI, subType=COMBINED, networkId="emporia_5G", metered=false, defaultNetwork=true}]]
08-26 01:49:04.042   909  4226 W NetworkStatsRecorder: unknown interfaces [lo], ignoring those stats
08-26 01:49:04.042   909  4226 I NetworkStatsRecorder: recordSnapshotLocked: ident[[{type=WIFI, subType=COMBINED, networkId="emporia_5G", metered=false, defaultNetwork=true}]]
08-26 01:49:04.043   909  4226 I chatty  : uid=1000(system) Binder:909_19 identical 7 lines
08-26 01:49:04.043   909  4226 I NetworkStatsRecorder: recordSnapshotLocked: ident[[{type=WIFI, subType=COMBINED, networkId="emporia_5G", metered=false, defaultNetwork=true}]]
08-26 01:49:04.043   909  4226 W NetworkStatsRecorder: unknown interfaces [lo], ignoring those stats
08-26 01:49:04.164   909   926 W BroadcastQueue: Background execution not allowed: receiving Intent { act=android.intent.action.DROPBOX_ENTRY_ADDED flg=0x10 (has extras) } to com.google.android.gms/.stats.service.DropBoxEntryAddedReceiver
08-26 01:49:04.166   909   926 W BroadcastQueue: Background execution not allowed: receiving Intent { act=android.intent.action.DROPBOX_ENTRY_ADDED flg=0x10 (has extras) } to com.google.android.gms/.chimera.GmsIntentOperationService$PersistentTrustedReceiver
08-26 01:49:04.242   909  4485 I WindowManager: Relayout Window{dad2a92 u0 com.emporia.emporiaapprebuild/com.emporia.easylauncher.EasyLauncher}: oldVis=4 newVis=0 focusMayChange = true
08-26 01:49:04.429   909  4485 W BroadcastQueue: Background execution not allowed: receiving Intent { act=android.intent.action.DROPBOX_ENTRY_ADDED flg=0x10 (has extras) } to com.google.android.gms/.stats.service.DropBoxEntryAddedReceiver
08-26 01:49:04.430   909   926 W BroadcastQueue: Background execution not allowed: receiving Intent { act=android.intent.action.DROPBOX_ENTRY_ADDED flg=0x10 (has extras) } to com.google.android.gms/.chimera.GmsIntentOperationService$PersistentTrustedReceiver
08-26 01:49:04.430   909   926 W BroadcastQueue: Background execution not allowed: receiving Intent { act=android.intent.action.DROPBOX_ENTRY_ADDED flg=0x10 (has extras) } to com.google.android.gms/.stats.service.DropBoxEntryAddedReceiver
08-26 01:49:04.431   909   926 W BroadcastQueue: Background execution not allowed: receiving Intent { act=android.intent.action.DROPBOX_ENTRY_ADDED flg=0x10 (has extras) } to com.google.android.gms/.chimera.GmsIntentOperationService$PersistentTrustedReceiver
08-26 01:49:04.475   909   919 W UsageStatsService: Event reported without a package name
08-26 01:49:04.515   909   926 W BroadcastQueue: Background execution not allowed: receiving Intent { act=android.intent.action.USER_PRESENT flg=0x24200010 } to com.emporia.emporiaapprebuild/com.emporia.notificationcenter.ServiceRestartReceiver
08-26 01:49:04.516   909   926 W BroadcastQueue: Background execution not allowed: receiving Intent { act=android.intent.action.USER_PRESENT flg=0x24200010 } to com.google.android.gms/.auth.setup.devicesignals.LockScreenReceiver
08-26 01:49:04.516   909   926 W BroadcastQueue: Background execution not allowed: receiving Intent { act=android.intent.action.USER_PRESENT flg=0x24200010 } to com.google.android.gms/.trustagent.UserPresentBroadcastReceiver
08-26 01:49:04.516   909   926 W BroadcastQueue: Background execution not allowed: receiving Intent { act=android.intent.action.USER_PRESENT flg=0x24200010 } to com.google.android.gms/.chimera.GmsIntentOperationService$PersistentTrustedReceiver
08-26 01:49:04.517   909   926 W BroadcastQueue: Background execution not allowed: receiving Intent { act=android.intent.action.USER_PRESENT flg=0x24200010 } to com.qiyi.video/com.iqiyi.hcim.service.BroadcastCenter
08-26 01:49:04.518   909   926 W BroadcastQueue: Background execution not allowed: receiving Intent { act=android.intent.action.USER_PRESENT flg=0x24200010 } to com.qiyi.video/com.iqiyi.pushservice.PushServiceReceiver
08-26 01:49:04.519   909   926 W BroadcastQueue: Background execution not allowed: receiving Intent { act=android.intent.action.USER_PRESENT flg=0x24200010 } to com.qiyi.video/com.iqiyi.impushservice.receiver.ImPushServiceReceiver
08-26 01:49:04.943   909   934 I WindowManager: Focus moving from Window{a254075 u0 StatusBar} to Window{dad2a92 u0 com.emporia.emporiaapprebuild/com.emporia.easylauncher.EasyLauncher}
08-26 01:49:05.625   909  4845 W ActivityManager: Background start not allowed: service Intent { cmp=com.qiyi.video/com.iqiyi.video.download.QiyiDownloadCenterService (has extras) } to com.qiyi.video/com.iqiyi.video.download.QiyiDownloadCenterService from pid=8793 uid=10089 pkg=com.qiyi.video startFg?=false
08-26 01:49:07.342   909   934 I WindowManager: Focus moving from Window{dad2a92 u0 com.emporia.emporiaapprebuild/com.emporia.easylauncher.EasyLauncher} to Window{5362878 u0 PopupWindow:3974c50}
08-26 01:49:07.379   909   934 I WindowManager: Losing delayed focus: Window{dad2a92 u0 com.emporia.emporiaapprebuild/com.emporia.easylauncher.EasyLauncher}
08-26 01:49:08.109   909  4845 I ActivityManager: START u0 {cmp=com.emporia.emporiaapprebuild/com.emporia.emporialauncherrebuild.AllAppListActivity (has extras)} from uid 10042
08-26 01:49:08.131   909   934 I WindowManager: Focus moving from Window{5362878 u0 PopupWindow:3974c50} to Window{dad2a92 u0 com.emporia.emporiaapprebuild/com.emporia.easylauncher.EasyLauncher}
08-26 01:49:08.145   909   934 I WindowManager: Focus moving from Window{dad2a92 u0 com.emporia.emporiaapprebuild/com.emporia.easylauncher.EasyLauncher} to null
08-26 01:49:08.258   909   926 W BroadcastQueue: Background execution not allowed: receiving Intent { act=android.intent.action.DROPBOX_ENTRY_ADDED flg=0x10 (has extras) } to com.google.android.gms/.stats.service.DropBoxEntryAddedReceiver
08-26 01:49:08.259   909   926 W BroadcastQueue: Background execution not allowed: receiving Intent { act=android.intent.action.DROPBOX_ENTRY_ADDED flg=0x10 (has extras) } to com.google.android.gms/.chimera.GmsIntentOperationService$PersistentTrustedReceiver
08-26 01:49:08.279   909  1361 I WindowManager: Relayout Window{3cfb3af u0 com.emporia.emporiaapprebuild/com.emporia.emporialauncherrebuild.AllAppListActivity}: oldVis=4 newVis=0 focusMayChange = true
08-26 01:49:08.286   909   934 I WindowManager: Focus moving from null to Window{3cfb3af u0 com.emporia.emporiaapprebuild/com.emporia.emporialauncherrebuild.AllAppListActivity}
08-26 01:49:10.835   909   934 I WindowManager: Focus moving from Window{3cfb3af u0 com.emporia.emporiaapprebuild/com.emporia.emporialauncherrebuild.AllAppListActivity} to null
08-26 01:49:10.854   909  4845 I WindowManager: Relayout Window{dad2a92 u0 com.emporia.emporiaapprebuild/com.emporia.easylauncher.EasyLauncher}: oldVis=8 newVis=0 focusMayChange = true
08-26 01:49:10.864   909   934 I WindowManager: Focus moving from null to Window{dad2a92 u0 com.emporia.emporiaapprebuild/com.emporia.easylauncher.EasyLauncher}
08-26 01:49:10.868   909   926 I ActivityManager: Killing 10571:com.android.dialer/u0a38 (adj 906): empty for 1800s
08-26 01:49:10.885   909   926 W BroadcastQueue: Background execution not allowed: receiving Intent { act=android.intent.action.DROPBOX_ENTRY_ADDED flg=0x10 (has extras) } to com.google.android.gms/.stats.service.DropBoxEntryAddedReceiver
08-26 01:49:10.885   909   926 W BroadcastQueue: Background execution not allowed: receiving Intent { act=android.intent.action.DROPBOX_ENTRY_ADDED flg=0x10 (has extras) } to com.google.android.gms/.chimera.GmsIntentOperationService$PersistentTrustedReceiver
08-26 01:49:13.852   530   702 E storaged: getDiskStats failed with result NOT_SUPPORTED and size 0
08-26 01:49:17.737   909   926 I ActivityManager: Waited long enough for: ServiceRecord{1536fd1 u0 com.google.android.gms/.droidguard.DroidGuardService}
08-26 01:49:18.064   909  1361 I ActivityManager: Killing 10584:com.android.chrome:webview_service/u0a80 (adj 906): empty for 1804s
08-26 01:49:53.258   909   926 W BroadcastQueue: Background execution not allowed: receiving Intent { act=android.net.conn.NETWORK_CONDITIONS_MEASURED flg=0x10 (has extras) } to com.google.android.gms/.chimera.GmsIntentOperationService$PersistentTrustedReceiver
08-26 01:50:10.729   909   937 I PowerManagerService: Going to sleep due to screen timeout (uid 1000)...
08-26 01:50:10.730   909   909 W UsageStatsService: Event reported without a package name
08-26 01:50:10.730   909   937 I PowerManagerService: Sleeping (uid 1000)...
08-26 01:50:10.926   909   937 I DisplayPowerController: Blocking screen off
08-26 01:50:10.926   909   937 I DisplayPowerController: Unblocked screen off after 1 ms
08-26 01:50:10.989   909   934 I DisplayManagerService: Display device changed state: "Built-in Screen", OFF
08-26 01:50:11.163   909  1898 W BroadcastQueue: Background execution not allowed: receiving Intent { act=android.intent.action.DROPBOX_ENTRY_ADDED flg=0x10 (has extras) } to com.google.android.gms/.stats.service.DropBoxEntryAddedReceiver
08-26 01:50:11.164   909   926 W BroadcastQueue: Background execution not allowed: receiving Intent { act=android.intent.action.DROPBOX_ENTRY_ADDED flg=0x10 (has extras) } to com.google.android.gms/.chimera.GmsIntentOperationService$PersistentTrustedReceiver
08-26 01:50:11.243   909  5151 W BroadcastQueue: Background execution not allowed: receiving Intent { act=android.intent.action.DROPBOX_ENTRY_ADDED flg=0x10 (has extras) } to com.google.android.gms/.stats.service.DropBoxEntryAddedReceiver
08-26 01:50:11.245   909   926 W BroadcastQueue: Background execution not allowed: receiving Intent { act=android.intent.action.DROPBOX_ENTRY_ADDED flg=0x10 (has extras) } to com.google.android.gms/.chimera.GmsIntentOperationService$PersistentTrustedReceiver
08-26 01:50:11.248   909   926 W BroadcastQueue: Background execution not allowed: receiving Intent { act=android.intent.action.DROPBOX_ENTRY_ADDED flg=0x10 (has extras) } to com.google.android.gms/.stats.service.DropBoxEntryAddedReceiver
08-26 01:50:11.253   909   926 W BroadcastQueue: Background execution not allowed: receiving Intent { act=android.intent.action.DROPBOX_ENTRY_ADDED flg=0x10 (has extras) } to com.google.android.gms/.chimera.GmsIntentOperationService$PersistentTrustedReceiver
08-26 01:50:11.260   909  1898 W BroadcastQueue: Background execution not allowed: receiving Intent { act=android.intent.action.DROPBOX_ENTRY_ADDED flg=0x10 (has extras) } to com.google.android.gms/.stats.service.DropBoxEntryAddedReceiver
08-26 01:50:11.261   909   926 W BroadcastQueue: Background execution not allowed: receiving Intent { act=android.intent.action.DROPBOX_ENTRY_ADDED flg=0x10 (has extras) } to com.google.android.gms/.chimera.GmsIntentOperationService$PersistentTrustedReceiver
08-26 01:50:11.261   909   926 W BroadcastQueue: Background execution not allowed: receiving Intent { act=android.intent.action.DROPBOX_ENTRY_ADDED flg=0x10 (has extras) } to com.google.android.gms/.stats.service.DropBoxEntryAddedReceiver
08-26 01:50:11.262   909   926 W BroadcastQueue: Background execution not allowed: receiving Intent { act=android.intent.action.DROPBOX_ENTRY_ADDED flg=0x10 (has extras) } to com.google.android.gms/.chimera.GmsIntentOperationService$PersistentTrustedReceiver
08-26 01:50:13.852   530   702 E storaged: getDiskStats failed with result NOT_SUPPORTED and size 0
08-26 01:50:15.760   909  1898 W UsageStatsService: Event reported without a package name
08-26 01:50:15.767   909   934 I WindowManager: Focus moving from Window{dad2a92 u0 com.emporia.emporiaapprebuild/com.emporia.easylauncher.EasyLauncher} to null
08-26 01:50:15.915   909   934 I WindowManager: Focus moving from null to Window{a254075 u0 StatusBar}
08-26 01:50:37.355   909   995 I NetworkStatsRecorder: recordSnapshotLocked: ident[[{type=WIFI, subType=COMBINED, networkId="emporia_5G", metered=false, defaultNetwork=true}]]
08-26 01:50:37.355   909   995 W NetworkStatsRecorder: unknown interfaces [lo], ignoring those stats
08-26 01:50:37.355   909   995 I NetworkStatsRecorder: recordSnapshotLocked: ident[[{type=WIFI, subType=COMBINED, networkId="emporia_5G", metered=false, defaultNetwork=true}]]
08-26 01:50:37.355   909   995 W NetworkStatsRecorder: unknown interfaces [lo], ignoring those stats
08-26 01:50:37.356   909   995 I NetworkStatsRecorder: recordSnapshotLocked: ident[[{type=WIFI, subType=COMBINED, networkId="emporia_5G", metered=false, defaultNetwork=true}]]
08-26 01:50:37.356   909   995 I chatty  : uid=1000(system) NetworkStats identical 4 lines
08-26 01:50:37.356   909   995 I NetworkStatsRecorder: recordSnapshotLocked: ident[[{type=WIFI, subType=COMBINED, networkId="emporia_5G", metered=false, defaultNetwork=true}]]
08-26 01:50:37.356   909   995 W NetworkStatsRecorder: unknown interfaces [lo], ignoring those stats
08-26 01:50:37.357   909   995 I NetworkStatsRecorder: recordSnapshotLocked: ident[[{type=WIFI, subType=COMBINED, networkId="emporia_5G", metered=false, defaultNetwork=true}]]
08-26 01:50:37.357   909   995 I chatty  : uid=1000(system) NetworkStats identical 3 lines
08-26 01:50:37.357   909   995 I NetworkStatsRecorder: recordSnapshotLocked: ident[[{type=WIFI, subType=COMBINED, networkId="emporia_5G", metered=false, defaultNetwork=true}]]
08-26 01:50:37.357   909   995 W NetworkStatsRecorder: unknown interfaces [lo], ignoring those stats
08-26 01:50:47.486   909   925 I UsageStatsService: User[0] Flushing usage stats to disk
08-26 01:51:11.276   909   926 W BroadcastQueue: Background execution not allowed: receiving Intent { act=android.intent.action.DROPBOX_ENTRY_ADDED flg=0x10 (has extras) } to com.google.android.gms/.stats.service.DropBoxEntryAddedReceiver
08-26 01:51:11.277   909   926 W BroadcastQueue: Background execution not allowed: receiving Intent { act=android.intent.action.DROPBOX_ENTRY_ADDED flg=0x10 (has extras) } to com.google.android.gms/.chimera.GmsIntentOperationService$PersistentTrustedReceiver
08-26 01:51:13.853   530   702 E storaged: getDiskStats failed with result NOT_SUPPORTED and size 0
08-26 01:52:13.854   530   702 E storaged: getDiskStats failed with result NOT_SUPPORTED and size 0
08-26 01:52:57.238   909   930 E BatteryExternalStatsWorker: no controller energy info supplied for wifi
08-26 01:52:57.238   909   930 E BatteryExternalStatsWorker: no controller energy info supplied for bluetooth
08-26 01:53:13.855   530   702 E storaged: getDiskStats failed with result NOT_SUPPORTED and size 0
08-26 01:54:13.855   530   702 E storaged: getDiskStats failed with result NOT_SUPPORTED and size 0
08-26 01:55:13.856   530   702 E storaged: getDiskStats failed with result NOT_SUPPORTED and size 0
08-26 01:55:32.544   909   988 I PowerManagerService: Waking up from sleep (uid=1000 reason=android.policy:POWER)...
08-26 01:55:32.545   909   909 W UsageStatsService: Event reported without a package name
08-26 01:55:32.553   909   937 I DisplayPowerController: Blocking screen on until initial contents have been drawn.
08-26 01:55:32.575   909   927 I WindowManager: Waiting for drawn Window{a254075 u0 StatusBar}: removed=false visible=true mHasSurface=true drawState=1
08-26 01:55:32.583   909   973 I WindowManager: Waiting for drawn Window{a254075 u0 StatusBar}: removed=false visible=true mHasSurface=true drawState=1
08-26 01:55:32.585   909   934 I DisplayManagerService: Display device changed state: "Built-in Screen", ON
08-26 01:55:32.595   909   973 I WindowManager: Waiting for drawn Window{a254075 u0 StatusBar}: removed=false visible=true mHasSurface=true drawState=1
08-26 01:55:32.668   909  1704 I WindowManager: Waiting for drawn Window{a254075 u0 StatusBar}: removed=false visible=true mHasSurface=true drawState=1
08-26 01:55:32.697   909   973 I WindowManager: Waiting for drawn Window{a254075 u0 StatusBar}: removed=false visible=true mHasSurface=true drawState=4
08-26 01:55:32.741   909   937 I DisplayPowerController: Unblocked screen on after 188 ms
08-26 01:55:33.154   909   937 W PowerManagerService: Screen on took 613 ms
08-26 01:55:35.048   909  1361 I NetworkStatsRecorder: recordSnapshotLocked: ident[[{type=WIFI, subType=COMBINED, networkId="emporia_5G", metered=false, defaultNetwork=true}]]
08-26 01:55:35.049   909  1361 W NetworkStatsRecorder: unknown interfaces [lo], ignoring those stats
