08-26 13:59:54.650   908   994 W NetworkStatsRecorder: unknown interfaces [lo], ignoring those stats
08-26 13:59:54.652   908   994 W NetworkStatsRecorder: unknown interfaces [lo], ignoring those stats
08-26 13:59:54.653   908   994 D NetworkStatsRecorder: forcePersistLocked() writing for dev
08-26 13:59:54.666   908   994 D NetworkStatsRecorder: forcePersistLocked() writing for xt
08-26 14:00:08.718   529   672 E storaged: getDiskStats failed with result NOT_SUPPORTED and size 0
08-26 14:00:57.048   908   994 I NetworkStatsRecorder: recordSnapshotLocked: ident[[{type=WIFI, subType=COMBINED, networkId="emporia_5G", metered=false, defaultNetwork=true}]]
08-26 14:00:57.048   908   994 W NetworkStatsRecorder: unknown interfaces [lo], ignoring those stats
08-26 14:00:57.048   908   994 I NetworkStatsRecorder: recordSnapshotLocked: ident[[{type=WIFI, subType=COMBINED, networkId="emporia_5G", metered=false, defaultNetwork=true}]]
08-26 14:00:57.048   908   994 W NetworkStatsRecorder: unknown interfaces [lo], ignoring those stats
08-26 14:00:57.049   908   994 I NetworkStatsRecorder: recordSnapshotLocked: ident[[{type=WIFI, subType=COMBINED, networkId="emporia_5G", metered=false, defaultNetwork=true}]]
08-26 14:00:57.049   908   994 I chatty  : uid=1000(system) NetworkStats identical 2 lines
08-26 14:00:57.049   908   994 I NetworkStatsRecorder: recordSnapshotLocked: ident[[{type=WIFI, subType=COMBINED, networkId="emporia_5G", metered=false, defaultNetwork=true}]]
08-26 14:00:57.050   908   994 W NetworkStatsRecorder: unknown interfaces [lo], ignoring those stats
08-26 14:00:57.052   908   994 W NetworkStatsRecorder: unknown interfaces [lo], ignoring those stats
08-26 14:00:57.055   908   994 D NetworkStatsRecorder: forcePersistLocked() writing for dev
08-26 14:00:57.067   908   994 D NetworkStatsRecorder: forcePersistLocked() writing for xt
08-26 14:00:58.764   908   994 I NetworkStatsRecorder: recordSnapshotLocked: ident[[{type=WIFI, subType=COMBINED, networkId="emporia_5G", metered=false, defaultNetwork=true}]]
08-26 14:00:58.764   908   994 W NetworkStatsRecorder: unknown interfaces [lo], ignoring those stats
08-26 14:00:58.764   908   994 I NetworkStatsRecorder: recordSnapshotLocked: ident[[{type=WIFI, subType=COMBINED, networkId="emporia_5G", metered=false, defaultNetwork=true}]]
08-26 14:00:58.764   908   994 W NetworkStatsRecorder: unknown interfaces [lo], ignoring those stats
08-26 14:00:58.765   908   994 I NetworkStatsRecorder: recordSnapshotLocked: ident[[{type=WIFI, subType=COMBINED, networkId="emporia_5G", metered=false, defaultNetwork=true}]]
08-26 14:00:58.765   908   994 W NetworkStatsRecorder: unknown interfaces [lo], ignoring those stats
08-26 14:00:58.765   908   994 W NetworkStatsRecorder: unknown interfaces [lo], ignoring those stats
08-26 14:00:58.765   908   994 D NetworkStatsRecorder: forcePersistLocked() writing for dev
08-26 14:00:58.790   908   994 D NetworkStatsRecorder: forcePersistLocked() writing for xt
08-26 14:00:59.035   908  1331 V SettingsProvider: name : EMP_CURRENT_WIFI_NAME appId : 10020
08-26 14:00:59.036   908  1331 V SettingsProvider: Package name : com.android.systemui privateFlags : 1052776
08-26 14:01:01.994   908  1331 V SettingsProvider: name : EMP_CURRENT_WIFI_NAME appId : 10020
08-26 14:01:01.995   908  1331 V SettingsProvider: Package name : com.android.systemui privateFlags : 1052776
08-26 14:01:08.719   529   672 E storaged: getDiskStats failed with result NOT_SUPPORTED and size 0
08-26 14:01:14.142   908   908 I JobServiceContext: Client timed out while executing (no jobFinished received), sending onStop: 8a292c3 #u0a89/1111 com.qiyi.video/com.iqiyi.video.download.DownloadJobService
08-26 14:01:26.117   908  1278 V SettingsProvider: name : EMP_CURRENT_WIFI_NAME appId : 10020
08-26 14:01:26.119   908  1278 V SettingsProvider: Package name : com.android.systemui privateFlags : 1052776
08-26 14:01:29.120   908  4086 V SettingsProvider: name : EMP_CURRENT_WIFI_NAME appId : 10020
08-26 14:01:29.120   908  4086 V SettingsProvider: Package name : com.android.systemui privateFlags : 1052776
08-26 14:01:44.775   908   994 I NetworkStatsRecorder: recordSnapshotLocked: ident[[{type=WIFI, subType=COMBINED, networkId="emporia_5G", metered=false, defaultNetwork=true}]]
08-26 14:01:44.775   908   994 W NetworkStatsRecorder: unknown interfaces [lo], ignoring those stats
08-26 14:01:44.775   908   994 I NetworkStatsRecorder: recordSnapshotLocked: ident[[{type=WIFI, subType=COMBINED, networkId="emporia_5G", metered=false, defaultNetwork=true}]]
08-26 14:01:44.775   908   994 W NetworkStatsRecorder: unknown interfaces [lo], ignoring those stats
08-26 14:01:44.776   908   994 I NetworkStatsRecorder: recordSnapshotLocked: ident[[{type=WIFI, subType=COMBINED, networkId="emporia_5G", metered=false, defaultNetwork=true}]]
08-26 14:01:44.776   908   994 I chatty  : uid=1000(system) NetworkStats identical 1 line
08-26 14:01:44.776   908   994 I NetworkStatsRecorder: recordSnapshotLocked: ident[[{type=WIFI, subType=COMBINED, networkId="emporia_5G", metered=false, defaultNetwork=true}]]
08-26 14:01:44.778   908   994 W NetworkStatsRecorder: unknown interfaces [lo], ignoring those stats
08-26 14:01:44.779   908   994 W NetworkStatsRecorder: unknown interfaces [lo], ignoring those stats
08-26 14:01:44.779   908   994 D NetworkStatsRecorder: forcePersistLocked() writing for dev
08-26 14:01:44.789   908   994 D NetworkStatsRecorder: forcePersistLocked() writing for xt
08-26 14:01:46.476   908   994 I NetworkStatsRecorder: recordSnapshotLocked: ident[[{type=WIFI, subType=COMBINED, networkId="emporia_5G", metered=false, defaultNetwork=true}]]
08-26 14:01:46.477   908   994 W NetworkStatsRecorder: unknown interfaces [lo], ignoring those stats
08-26 14:01:46.477   908   994 I NetworkStatsRecorder: recordSnapshotLocked: ident[[{type=WIFI, subType=COMBINED, networkId="emporia_5G", metered=false, defaultNetwork=true}]]
08-26 14:01:46.477   908   994 W NetworkStatsRecorder: unknown interfaces [lo], ignoring those stats
08-26 14:01:46.480   908   994 I NetworkStatsRecorder: recordSnapshotLocked: ident[[{type=WIFI, subType=COMBINED, networkId="emporia_5G", metered=false, defaultNetwork=true}]]
08-26 14:01:46.484   908   994 I NetworkStatsRecorder: recordSnapshotLocked: ident[[{type=WIFI, subType=COMBINED, networkId="emporia_5G", metered=false, defaultNetwork=true}]]
08-26 14:01:46.485   908   994 W NetworkStatsRecorder: unknown interfaces [lo], ignoring those stats
08-26 14:01:46.487   908   994 W NetworkStatsRecorder: unknown interfaces [lo], ignoring those stats
08-26 14:01:46.487   908   994 D NetworkStatsRecorder: forcePersistLocked() writing for dev
08-26 14:01:46.503   908   994 D NetworkStatsRecorder: forcePersistLocked() writing for xt
08-26 14:02:08.720   529   672 E storaged: getDiskStats failed with result NOT_SUPPORTED and size 0
08-26 14:02:17.352   908  4086 V SettingsProvider: name : EMP_CURRENT_WIFI_NAME appId : 10020
08-26 14:02:17.352   908  4086 V SettingsProvider: Package name : com.android.systemui privateFlags : 1052776
08-26 14:02:20.388   908  4086 V SettingsProvider: name : EMP_CURRENT_WIFI_NAME appId : 10020
08-26 14:02:20.390   908  4086 V SettingsProvider: Package name : com.android.systemui privateFlags : 1052776
08-26 14:03:08.721   529   672 E storaged: getDiskStats failed with result NOT_SUPPORTED and size 0
08-26 14:03:14.546   908  1278 V SettingsProvider: name : EMP_CURRENT_WIFI_NAME appId : 10020
08-26 14:03:14.547   908  1278 V SettingsProvider: Package name : com.android.systemui privateFlags : 1052776
08-26 14:03:17.603   908  4086 V SettingsProvider: name : EMP_CURRENT_WIFI_NAME appId : 10020
08-26 14:03:17.608   908  4086 V SettingsProvider: Package name : com.android.systemui privateFlags : 1052776
08-26 14:03:20.599   908  4086 V SettingsProvider: name : EMP_CURRENT_WIFI_NAME appId : 10020
08-26 14:03:20.600   908  4086 V SettingsProvider: Package name : com.android.systemui privateFlags : 1052776
08-26 14:03:23.586   908  4086 V SettingsProvider: name : EMP_CURRENT_WIFI_NAME appId : 10020
08-26 14:03:23.587   908  4086 V SettingsProvider: Package name : com.android.systemui privateFlags : 1052776
08-26 14:04:05.757   908  4086 V SettingsProvider: name : EMP_CURRENT_WIFI_NAME appId : 10020
08-26 14:04:05.757   908  4086 V SettingsProvider: Package name : com.android.systemui privateFlags : 1052776
08-26 14:04:08.722   529   672 E storaged: getDiskStats failed with result NOT_SUPPORTED and size 0
08-26 14:04:08.790   908  4929 V SettingsProvider: name : EMP_CURRENT_WIFI_NAME appId : 10020
08-26 14:04:08.794   908  4929 V SettingsProvider: Package name : com.android.systemui privateFlags : 1052776
08-26 14:04:43.463   908   994 I NetworkStatsRecorder: recordSnapshotLocked: ident[[{type=WIFI, subType=COMBINED, networkId="emporia_5G", metered=false, defaultNetwork=true}]]
08-26 14:04:43.464   908   994 W NetworkStatsRecorder: unknown interfaces [lo], ignoring those stats
08-26 14:04:43.465   908   994 I NetworkStatsRecorder: recordSnapshotLocked: ident[[{type=WIFI, subType=COMBINED, networkId="emporia_5G", metered=false, defaultNetwork=true}]]
08-26 14:04:43.468   908   994 W NetworkStatsRecorder: unknown interfaces [lo], ignoring those stats
08-26 14:04:43.470   908   994 I NetworkStatsRecorder: recordSnapshotLocked: ident[[{type=WIFI, subType=COMBINED, networkId="emporia_5G", metered=false, defaultNetwork=true}]]
08-26 14:04:43.470   908   994 I chatty  : uid=1000(system) NetworkStats identical 4 lines
08-26 14:04:43.471   908   994 I NetworkStatsRecorder: recordSnapshotLocked: ident[[{type=WIFI, subType=COMBINED, networkId="emporia_5G", metered=false, defaultNetwork=true}]]
08-26 14:04:43.471   908   994 W NetworkStatsRecorder: unknown interfaces [lo], ignoring those stats
08-26 14:04:43.473   908   994 I NetworkStatsRecorder: recordSnapshotLocked: ident[[{type=WIFI, subType=COMBINED, networkId="emporia_5G", metered=false, defaultNetwork=true}]]
08-26 14:04:43.474   908   994 I NetworkStatsRecorder: recordSnapshotLocked: ident[[{type=WIFI, subType=COMBINED, networkId="emporia_5G", metered=false, defaultNetwork=true}]]
08-26 14:04:43.474   908   994 W NetworkStatsRecorder: unknown interfaces [lo], ignoring those stats
08-26 14:04:43.475   908   994 D NetworkStatsRecorder: forcePersistLocked() writing for dev
08-26 14:04:43.504   908   994 D NetworkStatsRecorder: forcePersistLocked() writing for xt
08-26 14:04:45.174   908   994 I NetworkStatsRecorder: recordSnapshotLocked: ident[[{type=WIFI, subType=COMBINED, networkId="emporia_5G", metered=false, defaultNetwork=true}]]
08-26 14:04:45.174   908   994 W NetworkStatsRecorder: unknown interfaces [lo], ignoring those stats
08-26 14:04:45.174   908   994 I NetworkStatsRecorder: recordSnapshotLocked: ident[[{type=WIFI, subType=COMBINED, networkId="emporia_5G", metered=false, defaultNetwork=true}]]
08-26 14:04:45.175   908   994 W NetworkStatsRecorder: unknown interfaces [lo], ignoring those stats
08-26 14:04:45.175   908   994 I NetworkStatsRecorder: recordSnapshotLocked: ident[[{type=WIFI, subType=COMBINED, networkId="emporia_5G", metered=false, defaultNetwork=true}]]
08-26 14:04:45.176   908   994 I NetworkStatsRecorder: recordSnapshotLocked: ident[[{type=WIFI, subType=COMBINED, networkId="emporia_5G", metered=false, defaultNetwork=true}]]
08-26 14:04:45.176   908   994 W NetworkStatsRecorder: unknown interfaces [lo], ignoring those stats
08-26 14:04:45.176   908   994 W NetworkStatsRecorder: unknown interfaces [lo], ignoring those stats
08-26 14:04:45.181   908   994 D NetworkStatsRecorder: forcePersistLocked() writing for dev
08-26 14:04:45.193   908   994 D NetworkStatsRecorder: forcePersistLocked() writing for xt
08-26 14:04:46.853   908   994 I NetworkStatsRecorder: recordSnapshotLocked: ident[[{type=WIFI, subType=COMBINED, networkId="emporia_5G", metered=false, defaultNetwork=true}]]
08-26 14:04:46.853   908   994 W NetworkStatsRecorder: unknown interfaces [lo], ignoring those stats
08-26 14:04:46.853   908   994 I NetworkStatsRecorder: recordSnapshotLocked: ident[[{type=WIFI, subType=COMBINED, networkId="emporia_5G", metered=false, defaultNetwork=true}]]
08-26 14:04:46.854   908   994 W NetworkStatsRecorder: unknown interfaces [lo], ignoring those stats
08-26 14:04:46.857   908   994 I NetworkStatsRecorder: recordSnapshotLocked: ident[[{type=WIFI, subType=COMBINED, networkId="emporia_5G", metered=false, defaultNetwork=true}]]
08-26 14:04:46.858   908   994 I NetworkStatsRecorder: recordSnapshotLocked: ident[[{type=WIFI, subType=COMBINED, networkId="emporia_5G", metered=false, defaultNetwork=true}]]
08-26 14:04:46.858   908   994 W NetworkStatsRecorder: unknown interfaces [lo], ignoring those stats
08-26 14:04:46.859   908   994 W NetworkStatsRecorder: unknown interfaces [lo], ignoring those stats
08-26 14:04:46.859   908   994 D NetworkStatsRecorder: forcePersistLocked() writing for dev
08-26 14:04:46.877   908   994 D NetworkStatsRecorder: forcePersistLocked() writing for xt
08-26 14:05:04.081   908   924 V WindowOrientationListener: Proposed rotation changed!  proposedRotation=1, oldProposedRotation=-1
08-26 14:05:05.061   908   985 I ActivityManager: START u0 {act=android.intent.action.MAIN cat=[android.intent.category.HOME] flg=0x10200000 cmp=com.emporia.emporiaapprebuild/com.emporia.easylauncher.EasyLauncher (has extras)} from uid 1000
08-26 14:05:05.213   908  5199 V WindowManager: Set focused app to: AppWindowToken{c4b863c token=Token{3d8b02f ActivityRecord{ea74e0e u0 com.emporia.emporiaapprebuild/com.emporia.easylauncher.EasyLauncher t4}}} old focus=AppWindowToken{426ec75 token=Token{16f57ac ActivityRecord{62c215f u0 com.qiyi.video/org.iqiyi.video.activity.PlayerActivity t8}}} moveFocusNow=true
08-26 14:05:05.213   908  5199 V WindowManager: findFocusedWindow: Reached focused app=AppWindowToken{c4b863c token=Token{3d8b02f ActivityRecord{ea74e0e u0 com.emporia.emporiaapprebuild/com.emporia.easylauncher.EasyLauncher t4}}}
08-26 14:05:05.214   908  5199 V WindowManager: Changing focus from Window{2718a62 u0 com.qiyi.video/org.iqiyi.video.activity.PlayerActivity} to null Callers=com.android.server.wm.WindowManagerService.setFocusedApp:2630 com.android.server.am.ActivityManagerService.setResumedActivityUncheckLocked:3648 com.android.server.am.ActivityStack.onActivityStateChanged:498 com.android.server.am.TaskRecord.onActivityStateChanged:1794 
08-26 14:05:05.214   908  5199 D WindowManager: Input focus has changed to null
08-26 14:05:05.308   908  5199 I ActivityManager: Config changes=20000480 {1.3 ?mcc?mnc [en_US] ldltr sw360dp w360dp h696dp 320dpi nrml long port finger -keyb/v/h -nav/h winConfig={ mBounds=Rect(0, 0 - 0, 0) mAppBounds=Rect(0, 0 - 720, 1440) mWindowingMode=fullscreen mActivityType=undefined} s.13}
08-26 14:05:05.359   908  5199 I ActivityManager: Override config changes=20000480 {1.3 ?mcc?mnc [en_US] ldltr sw360dp w360dp h696dp 320dpi nrml long port finger -keyb/v/h -nav/h winConfig={ mBounds=Rect(0, 0 - 1440, 720) mAppBounds=Rect(0, 0 - 720, 1440) mWindowingMode=fullscreen mActivityType=undefined} s.13} for displayId=0
08-26 14:05:05.403   908   924 V WindowOrientationListener: Proposed rotation changed!  proposedRotation=0, oldProposedRotation=-1
08-26 14:05:05.404   908   932 I WindowManager: Focus moving from Window{2718a62 u0 com.qiyi.video/org.iqiyi.video.activity.PlayerActivity} to null
08-26 14:05:05.733   908  5199 I NetworkStatsRecorder: recordSnapshotLocked: ident[[{type=WIFI, subType=COMBINED, networkId="emporia_5G", metered=false, defaultNetwork=true}]]
08-26 14:05:05.733   908  5199 W NetworkStatsRecorder: unknown interfaces [lo], ignoring those stats
08-26 14:05:05.733   908  5199 I NetworkStatsRecorder: recordSnapshotLocked: ident[[{type=WIFI, subType=COMBINED, networkId="emporia_5G", metered=false, defaultNetwork=true}]]
08-26 14:05:05.733   908  5199 W NetworkStatsRecorder: unknown interfaces [lo], ignoring those stats
08-26 14:05:05.734   908  5199 I NetworkStatsRecorder: recordSnapshotLocked: ident[[{type=WIFI, subType=COMBINED, networkId="emporia_5G", metered=false, defaultNetwork=true}]]
08-26 14:05:05.734   908  5199 I chatty  : uid=1000(system) Binder:908_1F identical 2 lines
08-26 14:05:05.734   908  5199 I NetworkStatsRecorder: recordSnapshotLocked: ident[[{type=WIFI, subType=COMBINED, networkId="emporia_5G", metered=false, defaultNetwork=true}]]
08-26 14:05:05.734   908  5199 W NetworkStatsRecorder: unknown interfaces [lo], ignoring those stats
08-26 14:05:05.735   908  5199 I NetworkStatsRecorder: recordSnapshotLocked: ident[[{type=WIFI, subType=COMBINED, networkId="emporia_5G", metered=false, defaultNetwork=true}]]
08-26 14:05:05.735   908  5199 I chatty  : uid=1000(system) Binder:908_1F identical 1 line
08-26 14:05:05.735   908  5199 I NetworkStatsRecorder: recordSnapshotLocked: ident[[{type=WIFI, subType=COMBINED, networkId="emporia_5G", metered=false, defaultNetwork=true}]]
08-26 14:05:05.735   908  5199 W NetworkStatsRecorder: unknown interfaces [lo], ignoring those stats
08-26 14:05:05.736   908  5199 D NetworkStatsRecorder: forcePersistLocked() writing for uid
08-26 14:05:05.746   908  5199 D NetworkStatsRecorder: forcePersistLocked() writing for uid_tag
08-26 14:05:05.916   908   923 W BroadcastQueue: Background execution not allowed: receiving Intent { act=android.intent.action.DROPBOX_ENTRY_ADDED flg=0x10 (has extras) } to com.google.android.gms/.stats.service.DropBoxEntryAddedReceiver
08-26 14:05:05.916   908   923 W BroadcastQueue: Background execution not allowed: receiving Intent { act=android.intent.action.DROPBOX_ENTRY_ADDED flg=0x10 (has extras) } to com.google.android.gms/.chimera.GmsIntentOperationService$PersistentTrustedReceiver
08-26 14:05:06.099   908  3905 I WindowManager: Relayout Window{22f398e u0 com.emporia.emporiaapprebuild/com.emporia.easylauncher.EasyLauncher}: oldVis=4 newVis=0 focusMayChange = true
08-26 14:05:06.111   908  3905 V WindowManager: Changing focus from null to Window{22f398e u0 com.emporia.emporiaapprebuild/com.emporia.easylauncher.EasyLauncher} Callers=com.android.server.wm.WindowManagerService.relayoutWindow:2134 com.android.server.wm.Session.relayout:244 android.view.IWindowSession$Stub.onTransact:309 com.android.server.wm.Session.onTransact:164 
08-26 14:05:06.111   908  3905 D WindowManager: Input focus has changed to Window{22f398e u0 com.emporia.emporiaapprebuild/com.emporia.easylauncher.EasyLauncher}
08-26 14:05:06.118   908   932 I WindowManager: Focus moving from null to Window{22f398e u0 com.emporia.emporiaapprebuild/com.emporia.easylauncher.EasyLauncher}
08-26 14:05:06.311   908  5199 W BroadcastQueue: Background execution not allowed: receiving Intent { act=android.intent.action.DROPBOX_ENTRY_ADDED flg=0x10 (has extras) } to com.google.android.gms/.stats.service.DropBoxEntryAddedReceiver
08-26 14:05:06.313   908   923 W BroadcastQueue: Background execution not allowed: receiving Intent { act=android.intent.action.DROPBOX_ENTRY_ADDED flg=0x10 (has extras) } to com.google.android.gms/.chimera.GmsIntentOperationService$PersistentTrustedReceiver
08-26 14:05:06.313   908   923 W BroadcastQueue: Background execution not allowed: receiving Intent { act=android.intent.action.DROPBOX_ENTRY_ADDED flg=0x10 (has extras) } to com.google.android.gms/.stats.service.DropBoxEntryAddedReceiver
08-26 14:05:06.314   908   923 W BroadcastQueue: Background execution not allowed: receiving Intent { act=android.intent.action.DROPBOX_ENTRY_ADDED flg=0x10 (has extras) } to com.google.android.gms/.chimera.GmsIntentOperationService$PersistentTrustedReceiver
08-26 14:05:06.359  1182  1182 I EmergencyButton: ss.getState()=1 ss.isEmergencyOnly()=true for simId=0
08-26 14:05:06.904   908   971 I WindowManager: Screen frozen for +1s686ms due to Window{f55b47c u0 StatusBar}
08-26 14:05:06.932   908  5199 V SettingsProvider: name : EMP_CURRENT_WIFI_NAME appId : 10020
08-26 14:05:06.933   908  5199 V SettingsProvider: Package name : com.android.systemui privateFlags : 1052776
08-26 14:05:08.482   908  2591 V SettingsProvider: name : EMP_CURRENT_WIFI_NAME appId : 10020
08-26 14:05:08.482   908  2591 V SettingsProvider: Package name : com.android.systemui privateFlags : 1052776
08-26 14:05:08.723   529   672 E storaged: getDiskStats failed with result NOT_SUPPORTED and size 0
08-26 14:05:09.484   908  2591 V SettingsProvider: name : EMP_CURRENT_WIFI_NAME appId : 10020
08-26 14:05:09.484   908  2591 V SettingsProvider: Package name : com.android.systemui privateFlags : 1052776
08-26 14:05:11.488   908  5199 V SettingsProvider: name : EMP_CURRENT_WIFI_NAME appId : 10020
08-26 14:05:11.488   908  5199 V SettingsProvider: Package name : com.android.systemui privateFlags : 1052776
08-26 14:05:11.887   908  5199 I ActivityManager: START u0 {act=android.settings.SETTINGS flg=0x10000000 cmp=com.android.settings/.Settings} from uid 10042
08-26 14:05:11.938   908  5199 V WindowManager: Set focused app to: AppWindowToken{6853399 token=Token{cf374e0 ActivityRecord{aae62e3 u0 com.android.settings/.Settings t9}}} old focus=AppWindowToken{c4b863c token=Token{3d8b02f ActivityRecord{ea74e0e u0 com.emporia.emporiaapprebuild/com.emporia.easylauncher.EasyLauncher t4}}} moveFocusNow=true
08-26 14:05:11.948   908  5199 V WindowManager: Changing focus from Window{22f398e u0 com.emporia.emporiaapprebuild/com.emporia.easylauncher.EasyLauncher} to null Callers=com.android.server.wm.WindowManagerService.setFocusedApp:2630 com.android.server.am.ActivityManagerService.setResumedActivityUncheckLocked:3648 com.android.server.am.ActivityStack.onActivityStateChanged:498 com.android.server.am.TaskRecord.onActivityStateChanged:1794 
08-26 14:05:11.948   908  5199 D WindowManager: Input focus has changed to null
08-26 14:05:11.950   908   932 I WindowManager: Focus moving from Window{22f398e u0 com.emporia.emporiaapprebuild/com.emporia.easylauncher.EasyLauncher} to null
08-26 14:05:12.274  7387  7387 W ContextImpl: Calling a method in the system process without a qualified user: android.app.ContextImpl.sendBroadcast:1009 android.content.ContextWrapper.sendBroadcast:444 android.app.Activity.sendOnResumeBroadcast:7905 android.app.Activity.onResume:1363 com.android.settingslib.drawer.SettingsDrawerActivity.onResume:99 
08-26 14:05:12.304   908   923 W BroadcastQueue: Background execution not allowed: receiving Intent { act=android.intent.action.DROPBOX_ENTRY_ADDED flg=0x10 (has extras) } to com.google.android.gms/.stats.service.DropBoxEntryAddedReceiver
08-26 14:05:12.324   908   923 W BroadcastQueue: Background execution not allowed: receiving Intent { act=android.intent.action.DROPBOX_ENTRY_ADDED flg=0x10 (has extras) } to com.google.android.gms/.chimera.GmsIntentOperationService$PersistentTrustedReceiver
08-26 14:05:12.334   908  5199 I WindowManager: Relayout Window{1b9c12b u0 com.android.settings/com.android.settings.Settings}: oldVis=4 newVis=0 focusMayChange = true
08-26 14:05:12.347   908  5199 V WindowManager: Changing focus from null to Window{1b9c12b u0 com.android.settings/com.android.settings.Settings} Callers=com.android.server.wm.WindowManagerService.relayoutWindow:2134 com.android.server.wm.Session.relayout:244 android.view.IWindowSession$Stub.onTransact:309 com.android.server.wm.Session.onTransact:164 
08-26 14:05:12.347   908  5199 D WindowManager: Input focus has changed to Window{1b9c12b u0 com.android.settings/com.android.settings.Settings}
08-26 14:05:12.360   908   932 I WindowManager: Focus moving from null to Window{1b9c12b u0 com.android.settings/com.android.settings.Settings}
08-26 14:05:12.379   908   925 I ActivityManager: Start proc 14052:com.android.settings.intelligence/u0a32 for service com.android.settings.intelligence/.suggestions.SuggestionService
08-26 14:05:12.430   908  5199 V SettingsProvider: packageValueForCallResult, name = null, value : Bundle[{_track_generation=android.util.MemoryIntArray@5f, value=null, _generation_index=1, _generation=30}]
08-26 14:05:12.498   908  4929 V SettingsProvider: name : EMP_CURRENT_WIFI_NAME appId : 10020
08-26 14:05:12.499   908  4929 V SettingsProvider: Package name : com.android.systemui privateFlags : 1052776
08-26 14:05:12.711   908  2591 W BroadcastQueue: Background execution not allowed: receiving Intent { act=android.intent.action.DROPBOX_ENTRY_ADDED flg=0x10 (has extras) } to com.google.android.gms/.stats.service.DropBoxEntryAddedReceiver
08-26 14:05:12.719   908   923 W BroadcastQueue: Background execution not allowed: receiving Intent { act=android.intent.action.DROPBOX_ENTRY_ADDED flg=0x10 (has extras) } to com.google.android.gms/.chimera.GmsIntentOperationService$PersistentTrustedReceiver
08-26 14:05:12.928   908   908 V SettingsProvider: Notifying for 0: content://settings/global/zen_settings_updated
08-26 14:05:13.084   908   927 E BatteryExternalStatsWorker: no controller energy info supplied for wifi
08-26 14:05:13.084   908   927 E BatteryExternalStatsWorker: no controller energy info supplied for bluetooth
08-26 14:05:13.128   908   927 W BatteryExternalStatsWorker: modem info is invalid: ModemActivityInfo{ mTimestamp=8055790 mSleepTimeMs=7806684 mIdleTimeMs=-2147257476 mTxTimeMs[]=[0, 0, 0, 0, 0] mRxTimeMs=8051958 mEnergyUsed=0}
08-26 14:05:13.153   908   927 E BatteryExternalStatsWorker: no controller energy info supplied for wifi
08-26 14:05:13.153   908   927 E BatteryExternalStatsWorker: no controller energy info supplied for bluetooth
08-26 14:05:13.189   908   927 W BatteryExternalStatsWorker: modem info is invalid: ModemActivityInfo{ mTimestamp=8055852 mSleepTimeMs=7806723 mIdleTimeMs=-2147257455 mTxTimeMs[]=[0, 0, 0, 0, 0] mRxTimeMs=8051958 mEnergyUsed=0}
08-26 14:05:14.046   908   924 V WindowOrientationListener: Proposed rotation changed!  proposedRotation=0, oldProposedRotation=-1
08-26 14:05:14.494   908  3311 V SettingsProvider: name : EMP_CURRENT_WIFI_NAME appId : 10020
08-26 14:05:14.495   908  3311 V SettingsProvider: Package name : com.android.systemui privateFlags : 1052776
08-26 14:05:15.495   908  3311 V SettingsProvider: name : EMP_CURRENT_WIFI_NAME appId : 10020
08-26 14:05:15.496   908  3311 V SettingsProvider: Package name : com.android.systemui privateFlags : 1052776
08-26 14:05:16.498   908  3311 V SettingsProvider: name : EMP_CURRENT_WIFI_NAME appId : 10020
08-26 14:05:16.499   908  3311 V SettingsProvider: Package name : com.android.systemui privateFlags : 1052776
08-26 14:05:16.519   908  3311 I ActivityManager: START u0 {flg=0x8000 cmp=com.android.settings/.Settings$SystemDashboardActivity (has extras)} from uid 1000
08-26 14:05:16.542   908  5199 V WindowManager: Set focused app to: AppWindowToken{d5f4331 token=Token{22423d8 ActivityRecord{8b912bb u0 com.android.settings/.Settings$SystemDashboardActivity t9}}} old focus=AppWindowToken{6853399 token=Token{cf374e0 ActivityRecord{aae62e3 u0 com.android.settings/.Settings t9}}} moveFocusNow=true
08-26 14:05:16.543   908  5199 V WindowManager: Changing focus from Window{1b9c12b u0 com.android.settings/com.android.settings.Settings} to null Callers=com.android.server.wm.WindowManagerService.setFocusedApp:2630 com.android.server.am.ActivityManagerService.setResumedActivityUncheckLocked:3648 com.android.server.am.ActivityStack.onActivityStateChanged:498 com.android.server.am.TaskRecord.onActivityStateChanged:1794 
08-26 14:05:16.543   908  5199 D WindowManager: Input focus has changed to null
08-26 14:05:16.551   908   932 I WindowManager: Focus moving from Window{1b9c12b u0 com.android.settings/com.android.settings.Settings} to null
08-26 14:05:16.735  7387  7387 W ContextImpl: Calling a method in the system process without a qualified user: android.app.ContextImpl.sendBroadcast:1009 android.content.ContextWrapper.sendBroadcast:444 android.app.Activity.sendOnResumeBroadcast:7905 android.app.Activity.onResume:1363 com.android.settingslib.drawer.SettingsDrawerActivity.onResume:99 
08-26 14:05:16.762   908   923 W BroadcastQueue: Background execution not allowed: receiving Intent { act=android.intent.action.DROPBOX_ENTRY_ADDED flg=0x10 (has extras) } to com.google.android.gms/.stats.service.DropBoxEntryAddedReceiver
08-26 14:05:16.763   908   923 W BroadcastQueue: Background execution not allowed: receiving Intent { act=android.intent.action.DROPBOX_ENTRY_ADDED flg=0x10 (has extras) } to com.google.android.gms/.chimera.GmsIntentOperationService$PersistentTrustedReceiver
08-26 14:05:16.794   908  5199 I WindowManager: Relayout Window{ca482fa u0 com.android.settings/com.android.settings.Settings$SystemDashboardActivity}: oldVis=4 newVis=0 focusMayChange = true
08-26 14:05:16.819   908  5199 V WindowManager: Changing focus from null to Window{ca482fa u0 com.android.settings/com.android.settings.Settings$SystemDashboardActivity} Callers=com.android.server.wm.WindowManagerService.relayoutWindow:2134 com.android.server.wm.Session.relayout:244 android.view.IWindowSession$Stub.onTransact:309 com.android.server.wm.Session.onTransact:164 
08-26 14:05:16.820   908  5199 D WindowManager: Input focus has changed to Window{ca482fa u0 com.android.settings/com.android.settings.Settings$SystemDashboardActivity}
08-26 14:05:16.825   908   932 I WindowManager: Focus moving from null to Window{ca482fa u0 com.android.settings/com.android.settings.Settings$SystemDashboardActivity}
08-26 14:05:17.467   908  2262 I ActivityManager: Killing 10811:com.google.android.ims/u0a27 (adj 906): empty for 2621s
08-26 14:05:17.500   908  2591 V SettingsProvider: name : EMP_CURRENT_WIFI_NAME appId : 10020
08-26 14:05:17.500   908  2591 V SettingsProvider: Package name : com.android.systemui privateFlags : 1052776
08-26 14:05:17.512   908  2262 D MtkConnectivityService: ConnectivityService NetworkRequestInfo binderDied(NetworkRequest [ TRACK_DEFAULT id=65, [ Capabilities: INTERNET&NOT_RESTRICTED&TRUSTED Unwanted:  Uid: 10027] ], android.os.BinderProxy@4a39eaa)
08-26 14:05:17.513   908  1001 D MtkConnectivityService: releasing NetworkRequest [ TRACK_DEFAULT id=65, [ Capabilities: INTERNET&NOT_RESTRICTED&TRUSTED Unwanted:  Uid: 10027] ] (release request)
08-26 14:05:19.227   908  2591 I ActivityManager: START u0 {act=android.intent.action.MAIN cmp=com.android.settings/.SubSettings (has extras)} from uid 1000
08-26 14:05:19.248   908  1333 V WindowManager: Set focused app to: AppWindowToken{3a2e11 token=Token{3fe6e38 ActivityRecord{57e8a9b u0 com.android.settings/.SubSettings t9}}} old focus=AppWindowToken{d5f4331 token=Token{22423d8 ActivityRecord{8b912bb u0 com.android.settings/.Settings$SystemDashboardActivity t9}}} moveFocusNow=true
08-26 14:05:19.249   908  1333 V WindowManager: Changing focus from Window{ca482fa u0 com.android.settings/com.android.settings.Settings$SystemDashboardActivity} to null Callers=com.android.server.wm.WindowManagerService.setFocusedApp:2630 com.android.server.am.ActivityManagerService.setResumedActivityUncheckLocked:3648 com.android.server.am.ActivityStack.onActivityStateChanged:498 com.android.server.am.TaskRecord.onActivityStateChanged:1794 
08-26 14:05:19.250   908  1333 D WindowManager: Input focus has changed to null
08-26 14:05:19.251   908   932 I WindowManager: Focus moving from Window{ca482fa u0 com.android.settings/com.android.settings.Settings$SystemDashboardActivity} to null
08-26 14:05:19.515   908   923 W BroadcastQueue: Permission Denial: broadcasting Intent { act=android.net.conn.CONNECTIVITY_CHANGE flg=0x4200010 (has extras) } from null (pid=-1, uid=-1) requires android.permission.CHANGE_NETWORK_STATE due to registered receiver BroadcastFilter{12d3a75 u0 ReceiverList{c861dac 7387 com.android.settings/1000/u0 remote:3ea3f5f}}
08-26 14:05:19.515   908   923 W BroadcastQueue: Permission Denial: broadcasting Intent { act=android.net.wifi.STATE_CHANGE flg=0x4000010 (has extras) } from null (pid=-1, uid=-1) requires android.permission.CHANGE_NETWORK_STATE due to registered receiver BroadcastFilter{12d3a75 u0 ReceiverList{c861dac 7387 com.android.settings/1000/u0 remote:3ea3f5f}}
08-26 14:05:19.516   908   923 W BroadcastQueue: Permission Denial: broadcasting Intent { act=android.net.conn.CONNECTIVITY_CHANGE flg=0x4200010 (has extras) } from null (pid=-1, uid=-1) requires android.permission.CHANGE_NETWORK_STATE due to registered receiver BroadcastFilter{e0d6898 u0 ReceiverList{c9d727b 7387 com.android.settings/1000/u0 remote:38fba0a}}
08-26 14:05:19.517   908   923 W BroadcastQueue: Permission Denial: broadcasting Intent { act=android.net.wifi.STATE_CHANGE flg=0x4000010 (has extras) } from null (pid=-1, uid=-1) requires android.permission.CHANGE_NETWORK_STATE due to registered receiver BroadcastFilter{e0d6898 u0 ReceiverList{c9d727b 7387 com.android.settings/1000/u0 remote:38fba0a}}
08-26 14:05:19.520  7387  7387 W ContextImpl: Calling a method in the system process without a qualified user: android.app.ContextImpl.sendBroadcast:1009 android.content.ContextWrapper.sendBroadcast:444 android.app.Activity.sendOnResumeBroadcast:7905 android.app.Activity.onResume:1363 com.android.settingslib.drawer.SettingsDrawerActivity.onResume:99 
08-26 14:05:19.533   908   923 W BroadcastQueue: Background execution not allowed: receiving Intent { act=android.intent.action.DROPBOX_ENTRY_ADDED flg=0x10 (has extras) } to com.google.android.gms/.stats.service.DropBoxEntryAddedReceiver
08-26 14:05:19.533   908   923 W BroadcastQueue: Background execution not allowed: receiving Intent { act=android.intent.action.DROPBOX_ENTRY_ADDED flg=0x10 (has extras) } to com.google.android.gms/.chimera.GmsIntentOperationService$PersistentTrustedReceiver
08-26 14:05:19.609   908  1333 I WindowManager: Relayout Window{8ea27e0 u0 com.android.settings/com.android.settings.SubSettings}: oldVis=4 newVis=0 focusMayChange = true
08-26 14:05:19.617   908  1333 V WindowManager: Changing focus from null to Window{8ea27e0 u0 com.android.settings/com.android.settings.SubSettings} Callers=com.android.server.wm.WindowManagerService.relayoutWindow:2134 com.android.server.wm.Session.relayout:244 android.view.IWindowSession$Stub.onTransact:309 com.android.server.wm.Session.onTransact:164 
08-26 14:05:19.617   908  1333 D WindowManager: Input focus has changed to Window{8ea27e0 u0 com.android.settings/com.android.settings.SubSettings}
08-26 14:05:19.619   908   932 I WindowManager: Focus moving from null to Window{8ea27e0 u0 com.android.settings/com.android.settings.SubSettings}
08-26 14:05:22.561   908   924 V WindowOrientationListener: Proposed rotation changed!  proposedRotation=0, oldProposedRotation=-1
08-26 14:05:24.013   908   924 V WindowOrientationListener: Proposed rotation changed!  proposedRotation=1, oldProposedRotation=-1
08-26 14:05:24.061   908  1333 V SettingsProvider: name : EMP_CURRENT_WIFI_NAME appId : 10020
08-26 14:05:24.061   908  1333 V SettingsProvider: Package name : com.android.systemui privateFlags : 1052776
08-26 14:05:24.513   908  1333 V SettingsProvider: name : EMP_CURRENT_WIFI_NAME appId : 10020
08-26 14:05:24.513   908  1333 V SettingsProvider: Package name : com.android.systemui privateFlags : 1052776
08-26 14:05:25.068   908   924 V WindowOrientationListener: Proposed rotation changed!  proposedRotation=0, oldProposedRotation=-1
08-26 14:05:25.515   908  1333 V SettingsProvider: name : EMP_CURRENT_WIFI_NAME appId : 10020
08-26 14:05:25.515   908  1333 V SettingsProvider: Package name : com.android.systemui privateFlags : 1052776
08-26 14:05:26.517   908  2591 V SettingsProvider: name : EMP_CURRENT_WIFI_NAME appId : 10020
08-26 14:05:26.517   908  2591 V SettingsProvider: Package name : com.android.systemui privateFlags : 1052776
08-26 14:05:26.701   908  1333 I ActivityManager: Killing 10086:com.google.android.videos/u0a48 (adj 906): empty for 2355s
08-26 14:05:27.070   908  1333 V SettingsProvider: name : EMP_CURRENT_WIFI_NAME appId : 10020
08-26 14:05:27.070   908  1333 V SettingsProvider: Package name : com.android.systemui privateFlags : 1052776
08-26 14:05:27.519   908  2358 V SettingsProvider: name : EMP_CURRENT_WIFI_NAME appId : 10020
08-26 14:05:27.519   908  2358 V SettingsProvider: Package name : com.android.systemui privateFlags : 1052776
08-26 14:05:28.521   908  2358 V SettingsProvider: name : EMP_CURRENT_WIFI_NAME appId : 10020
08-26 14:05:28.521   908  2358 V SettingsProvider: Package name : com.android.systemui privateFlags : 1052776
08-26 14:05:30.524   908  2358 V SettingsProvider: name : EMP_CURRENT_WIFI_NAME appId : 10020
08-26 14:05:30.525   908  2358 V SettingsProvider: Package name : com.android.systemui privateFlags : 1052776
08-26 14:05:31.526   908  2358 V SettingsProvider: name : EMP_CURRENT_WIFI_NAME appId : 10020
08-26 14:05:31.527   908  2358 V SettingsProvider: Package name : com.android.systemui privateFlags : 1052776
08-26 14:05:32.528   908  2358 V SettingsProvider: name : EMP_CURRENT_WIFI_NAME appId : 10020
08-26 14:05:32.529   908  2358 V SettingsProvider: Package name : com.android.systemui privateFlags : 1052776
08-26 14:05:33.094   908  1333 V SettingsProvider: name : EMP_CURRENT_WIFI_NAME appId : 10020
08-26 14:05:33.095   908  1333 V SettingsProvider: Package name : com.android.systemui privateFlags : 1052776
08-26 14:05:34.243   908   924 V WindowOrientationListener: Proposed rotation changed!  proposedRotation=0, oldProposedRotation=-1
08-26 14:05:34.532   908  1333 V SettingsProvider: name : EMP_CURRENT_WIFI_NAME appId : 10020
08-26 14:05:34.533   908  1333 V SettingsProvider: Package name : com.android.systemui privateFlags : 1052776
08-26 14:05:35.533   908  2358 V SettingsProvider: name : EMP_CURRENT_WIFI_NAME appId : 10020
08-26 14:05:35.534   908  2358 V SettingsProvider: Package name : com.android.systemui privateFlags : 1052776
08-26 14:05:35.563   908   924 V WindowOrientationListener: Proposed rotation changed!  proposedRotation=0, oldProposedRotation=-1
08-26 14:05:35.819   908   985 I ActivityManager: START u0 {act=android.intent.action.MAIN cat=[android.intent.category.HOME] flg=0x10200000 cmp=com.emporia.emporiaapprebuild/com.emporia.easylauncher.EasyLauncher (has extras)} from uid 1000
08-26 14:05:35.826   908   924 V WindowOrientationListener: Proposed rotation changed!  proposedRotation=0, oldProposedRotation=-1
08-26 14:05:35.837   908  2358 V WindowManager: Set focused app to: AppWindowToken{c4b863c token=Token{3d8b02f ActivityRecord{ea74e0e u0 com.emporia.emporiaapprebuild/com.emporia.easylauncher.EasyLauncher t4}}} old focus=AppWindowToken{3a2e11 token=Token{3fe6e38 ActivityRecord{57e8a9b u0 com.android.settings/.SubSettings t9}}} moveFocusNow=true
08-26 14:05:35.838   908  2358 V WindowManager: findFocusedWindow: Reached focused app=AppWindowToken{c4b863c token=Token{3d8b02f ActivityRecord{ea74e0e u0 com.emporia.emporiaapprebuild/com.emporia.easylauncher.EasyLauncher t4}}}
08-26 14:05:35.839   908  2358 V WindowManager: Changing focus from Window{8ea27e0 u0 com.android.settings/com.android.settings.SubSettings} to null Callers=com.android.server.wm.WindowManagerService.setFocusedApp:2630 com.android.server.am.ActivityManagerService.setResumedActivityUncheckLocked:3648 com.android.server.am.ActivityStack.onActivityStateChanged:498 com.android.server.am.TaskRecord.onActivityStateChanged:1794 
08-26 14:05:35.839   908  2358 D WindowManager: Input focus has changed to null
08-26 14:05:35.845   908   932 I WindowManager: Focus moving from Window{8ea27e0 u0 com.android.settings/com.android.settings.SubSettings} to null
08-26 14:05:35.990   908  2591 I NetworkStatsRecorder: recordSnapshotLocked: ident[[{type=WIFI, subType=COMBINED, networkId="emporia_5G", metered=false, defaultNetwork=true}]]
08-26 14:05:35.991   908  2591 W NetworkStatsRecorder: unknown interfaces [lo], ignoring those stats
08-26 14:05:35.991   908  2591 I NetworkStatsRecorder: recordSnapshotLocked: ident[[{type=WIFI, subType=COMBINED, networkId="emporia_5G", metered=false, defaultNetwork=true}]]
08-26 14:05:35.991   908  2591 W NetworkStatsRecorder: unknown interfaces [lo], ignoring those stats
08-26 14:05:35.991   908  2591 I NetworkStatsRecorder: recordSnapshotLocked: ident[[{type=WIFI, subType=COMBINED, networkId="emporia_5G", metered=false, defaultNetwork=true}]]
08-26 14:05:35.991   908  2591 I chatty  : uid=1000(system) Binder:908_11 identical 4 lines
08-26 14:05:35.992   908  2591 I NetworkStatsRecorder: recordSnapshotLocked: ident[[{type=WIFI, subType=COMBINED, networkId="emporia_5G", metered=false, defaultNetwork=true}]]
08-26 14:05:35.992   908  2591 W NetworkStatsRecorder: unknown interfaces [lo], ignoring those stats
08-26 14:05:35.992   908  2591 I NetworkStatsRecorder: recordSnapshotLocked: ident[[{type=WIFI, subType=COMBINED, networkId="emporia_5G", metered=false, defaultNetwork=true}]]
08-26 14:05:35.992   908  2591 W NetworkStatsRecorder: unknown interfaces [lo], ignoring those stats
08-26 14:05:36.059   908   923 W BroadcastQueue: Background execution not allowed: receiving Intent { act=android.intent.action.DROPBOX_ENTRY_ADDED flg=0x10 (has extras) } to com.google.android.gms/.stats.service.DropBoxEntryAddedReceiver
08-26 14:05:36.060   908   923 W BroadcastQueue: Background execution not allowed: receiving Intent { act=android.intent.action.DROPBOX_ENTRY_ADDED flg=0x10 (has extras) } to com.google.android.gms/.chimera.GmsIntentOperationService$PersistentTrustedReceiver
08-26 14:05:36.120   908  1333 V SettingsProvider: name : EMP_CURRENT_WIFI_NAME appId : 10020
08-26 14:05:36.120   908  1333 V SettingsProvider: Package name : com.android.systemui privateFlags : 1052776
08-26 14:05:36.121   908  4459 I WindowManager: Relayout Window{22f398e u0 com.emporia.emporiaapprebuild/com.emporia.easylauncher.EasyLauncher}: oldVis=4 newVis=0 focusMayChange = true
08-26 14:05:36.128   908  4459 V WindowManager: Changing focus from null to Window{22f398e u0 com.emporia.emporiaapprebuild/com.emporia.easylauncher.EasyLauncher} Callers=com.android.server.wm.WindowManagerService.relayoutWindow:2134 com.android.server.wm.Session.relayout:244 android.view.IWindowSession$Stub.onTransact:309 com.android.server.wm.Session.onTransact:164 
08-26 14:05:36.129   908  4459 D WindowManager: Input focus has changed to Window{22f398e u0 com.emporia.emporiaapprebuild/com.emporia.easylauncher.EasyLauncher}
08-26 14:05:36.134   908   932 I WindowManager: Focus moving from null to Window{22f398e u0 com.emporia.emporiaapprebuild/com.emporia.easylauncher.EasyLauncher}
08-26 14:05:36.219   908  4459 W BroadcastQueue: Background execution not allowed: receiving Intent { act=android.intent.action.DROPBOX_ENTRY_ADDED flg=0x10 (has extras) } to com.google.android.gms/.stats.service.DropBoxEntryAddedReceiver
08-26 14:05:36.221   908   923 W BroadcastQueue: Background execution not allowed: receiving Intent { act=android.intent.action.DROPBOX_ENTRY_ADDED flg=0x10 (has extras) } to com.google.android.gms/.chimera.GmsIntentOperationService$PersistentTrustedReceiver
08-26 14:05:36.221   908   923 W BroadcastQueue: Background execution not allowed: receiving Intent { act=android.intent.action.DROPBOX_ENTRY_ADDED flg=0x10 (has extras) } to com.google.android.gms/.stats.service.DropBoxEntryAddedReceiver
08-26 14:05:36.221   908   923 W BroadcastQueue: Background execution not allowed: receiving Intent { act=android.intent.action.DROPBOX_ENTRY_ADDED flg=0x10 (has extras) } to com.google.android.gms/.chimera.GmsIntentOperationService$PersistentTrustedReceiver
08-26 14:05:36.994   908  1858 I ActivityManager: START u0 {act=android.intent.action.MAIN flg=0x10000000 cmp=com.qiyi.video/.WelcomeActivity} from uid 10042
08-26 14:05:37.051   908   971 I WindowManager: Relayout Window{83d46ad u0 SnapshotStartingWindow for taskId=8}: oldVis=8 newVis=0 focusMayChange = true
08-26 14:05:37.067   908   971 W WindowManager: TaskSnapshotSurface.create: Failed to find main window for token=AppWindowToken{4fc2573 token=Token{46dfde2 ActivityRecord{58a57c4 u0 com.qiyi.video/.WelcomeActivity t8}}}
08-26 14:05:37.076   908  1858 V WindowManager: Set focused app to: AppWindowToken{4fc2573 token=Token{46dfde2 ActivityRecord{58a57c4 u0 com.qiyi.video/.WelcomeActivity t8}}} old focus=AppWindowToken{c4b863c token=Token{3d8b02f ActivityRecord{ea74e0e u0 com.emporia.emporiaapprebuild/com.emporia.easylauncher.EasyLauncher t4}}} moveFocusNow=true
08-26 14:05:37.077   908  1858 V WindowManager: Changing focus from Window{22f398e u0 com.emporia.emporiaapprebuild/com.emporia.easylauncher.EasyLauncher} to null Callers=com.android.server.wm.WindowManagerService.setFocusedApp:2630 com.android.server.am.ActivityManagerService.setResumedActivityUncheckLocked:3648 com.android.server.am.ActivityStack.onActivityStateChanged:498 com.android.server.am.TaskRecord.onActivityStateChanged:1794 
08-26 14:05:37.077   908  1858 D WindowManager: Input focus has changed to null
08-26 14:05:37.078   908   932 I WindowManager: Focus moving from Window{22f398e u0 com.emporia.emporiaapprebuild/com.emporia.easylauncher.EasyLauncher} to null
08-26 14:05:37.133   908  3204 I ActivityManager: START u0 {cmp=com.qiyi.video/org.qiyi.android.video.MainActivity (has extras)} from uid 10089
08-26 14:05:37.152   908  1333 W ActivityManager: Duplicate finish request for ActivityRecord{58a57c4 u0 com.qiyi.video/.WelcomeActivity t8 f}
08-26 14:05:37.422   908  3204 V WindowManager: Set focused app to: AppWindowToken{cd8a8e3 token=Token{705a912 ActivityRecord{de8e09d u0 com.qiyi.video/org.qiyi.android.video.MainActivity t8}}} old focus=AppWindowToken{4fc2573 token=Token{46dfde2 ActivityRecord{58a57c4 u0 com.qiyi.video/.WelcomeActivity t8}}} moveFocusNow=true
08-26 14:05:37.428   908   971 I WindowManager: Relayout Window{69adb5c u0 SnapshotStartingWindow for taskId=8}: oldVis=8 newVis=0 focusMayChange = true
08-26 14:05:37.437   908  3204 V WindowManager: transferStartingWindow, fromToken already add a starting window.
08-26 14:05:37.437   908  3204 V WindowManager: transferStartingWindow, fromToken already add a starting window.
08-26 14:05:38.052   908  4459 I WindowManager: Relayout Window{4a432d1 u0 com.qiyi.video/org.qiyi.android.video.MainActivity}: oldVis=8 newVis=0 focusMayChange = true
08-26 14:05:38.059   908  4459 V WindowManager: Changing focus from null to Window{4a432d1 u0 com.qiyi.video/org.qiyi.android.video.MainActivity} Callers=com.android.server.wm.WindowManagerService.relayoutWindow:2134 com.android.server.wm.Session.relayout:244 android.view.IWindowSession$Stub.onTransact:309 com.android.server.wm.Session.onTransact:164 
08-26 14:05:38.059   908  4459 D WindowManager: Input focus has changed to Window{4a432d1 u0 com.qiyi.video/org.qiyi.android.video.MainActivity}
08-26 14:05:38.062   908   932 I WindowManager: Focus moving from null to Window{4a432d1 u0 com.qiyi.video/org.qiyi.android.video.MainActivity}
08-26 14:05:42.202   908  3204 V SettingsProvider: name : EMP_CURRENT_WIFI_NAME appId : 10020
08-26 14:05:42.202   908  3204 V SettingsProvider: Package name : com.android.systemui privateFlags : 1052776
08-26 14:05:45.828   908   923 W ActivityManager: Launch timeout has expired, giving up wake lock!
08-26 14:05:46.111   908  1273 W BroadcastQueue: Background execution not allowed: receiving Intent { act=android.intent.action.DROPBOX_ENTRY_ADDED flg=0x10 (has extras) } to com.google.android.gms/.stats.service.DropBoxEntryAddedReceiver
08-26 14:05:46.150   908   923 W BroadcastQueue: Background execution not allowed: receiving Intent { act=android.intent.action.DROPBOX_ENTRY_ADDED flg=0x10 (has extras) } to com.google.android.gms/.chimera.GmsIntentOperationService$PersistentTrustedReceiver
08-26 14:05:46.150   908   923 W BroadcastQueue: Background execution not allowed: receiving Intent { act=android.intent.action.DROPBOX_ENTRY_ADDED flg=0x10 (has extras) } to com.google.android.gms/.stats.service.DropBoxEntryAddedReceiver
08-26 14:05:46.155   908   923 W BroadcastQueue: Background execution not allowed: receiving Intent { act=android.intent.action.DROPBOX_ENTRY_ADDED flg=0x10 (has extras) } to com.google.android.gms/.chimera.GmsIntentOperationService$PersistentTrustedReceiver
08-26 14:05:46.348   908  1326 W BroadcastQueue: Background execution not allowed: receiving Intent { act=android.intent.action.DROPBOX_ENTRY_ADDED flg=0x10 (has extras) } to com.google.android.gms/.stats.service.DropBoxEntryAddedReceiver
08-26 14:05:46.351   908   923 W BroadcastQueue: Background execution not allowed: receiving Intent { act=android.intent.action.DROPBOX_ENTRY_ADDED flg=0x10 (has extras) } to com.google.android.gms/.chimera.GmsIntentOperationService$PersistentTrustedReceiver
08-26 14:05:46.351   908   923 W BroadcastQueue: Background execution not allowed: receiving Intent { act=android.intent.action.DROPBOX_ENTRY_ADDED flg=0x10 (has extras) } to com.google.android.gms/.stats.service.DropBoxEntryAddedReceiver
08-26 14:05:46.352   908   923 W BroadcastQueue: Background execution not allowed: receiving Intent { act=android.intent.action.DROPBOX_ENTRY_ADDED flg=0x10 (has extras) } to com.google.android.gms/.chimera.GmsIntentOperationService$PersistentTrustedReceiver
08-26 14:05:46.362   908   923 W BroadcastQueue: Background execution not allowed: receiving Intent { act=android.intent.action.DROPBOX_ENTRY_ADDED flg=0x10 (has extras) } to com.google.android.gms/.stats.service.DropBoxEntryAddedReceiver
08-26 14:05:46.362   908   923 W BroadcastQueue: Background execution not allowed: receiving Intent { act=android.intent.action.DROPBOX_ENTRY_ADDED flg=0x10 (has extras) } to com.google.android.gms/.chimera.GmsIntentOperationService$PersistentTrustedReceiver
08-26 14:05:46.362   908   923 W BroadcastQueue: Background execution not allowed: receiving Intent { act=android.intent.action.DROPBOX_ENTRY_ADDED flg=0x10 (has extras) } to com.google.android.gms/.stats.service.DropBoxEntryAddedReceiver
