08-26 02:14:50.877   909  4163 I chatty  : uid=1000(system) Binder:909_18 identical 1 line
08-26 02:14:50.877   909  4163 I NetworkStatsRecorder: recordSnapshotLocked: ident[[{type=WIFI, subType=COMBINED, networkId="emporia_5G", metered=false, defaultNetwork=true}]]
08-26 02:14:50.877   909  4163 W NetworkStatsRecorder: unknown interfaces [lo], ignoring those stats
08-26 02:14:50.881  5320  5320 W Settings: Setting bugreport_in_power_menu has moved from android.provider.Settings.Secure to android.provider.Settings.Global
08-26 02:14:50.890  1246  1276 E PhoneInterfaceManager: [PhoneIntfMgr] checkCarrierPrivilegesForPackage: No UICC
08-26 02:14:50.893  1638  1638 I NetworkStatusMonitor: mobile data enable:true
08-26 02:14:50.909  1246  1276 E PhoneInterfaceManager: [PhoneIntfMgr] checkCarrierPrivilegesForPackage: No UICC
08-26 02:14:50.912  1638  1638 I NetworkStatusMonitor: mobile data enable:true
08-26 02:14:50.925   909   934 I WifiDisplayController: updateWfdEnableState(), mWifiDisplayOnSetting:false, mWifiP2pEnabled:true
08-26 02:14:50.925  1246  1276 E PhoneInterfaceManager: [PhoneIntfMgr] checkCarrierPrivilegesForPackage: No UICC
08-26 02:14:50.925   909   934 I WifiDisplayController: updateWfdInfo(), enable:false,mWfdEnabling:false
08-26 02:14:50.930  1638  1638 I NetworkStatusMonitor: mobile data enable:true
08-26 02:14:50.931  8793 14047 E p2pfile : HCDN_LOG: [2019-08-26 02:14:50.931][T:14047][func:SetParam],[line:2276],[oper: SetParam message ParamName(video_time), ParamValue(-1003500|18), isGlobal(true), m_dwTaskID(0)]
08-26 02:14:50.932  8793 13888 E hcdn_downloadengine: HCDN_LOG: [2019-08-26 02:14:50.932][T:13888]OnRecvSetParam,1841     task_id : 3402957051,SetParam : video_time,18 
08-26 02:14:50.935   909  4485 I WifiService: enableVerboseLogging uid=1000 verbose=0
08-26 02:14:50.944   909   934 I WifiDisplayController: updateScanState(), mSinkEnabled:falsemDiscoverPeersInProgress:false
08-26 02:14:50.944   909   934 I WifiDisplayController: disconnect, mRemoteDisplayInterface = null
08-26 02:14:50.944   909   934 I WifiDisplayController: updateScanState(), mSinkEnabled:falsemDiscoverPeersInProgress:false
08-26 02:14:50.945  1246  1276 E PhoneInterfaceManager: [PhoneIntfMgr] checkCarrierPrivilegesForPackage: No UICC
08-26 02:14:50.948  1638  1638 I NetworkStatusMonitor: mobile data enable:true
08-26 02:14:50.958   909  4485 E WifiVendorHal: setLoggingEventHandler(l.1853) failed {.code = ERROR_NOT_SUPPORTED, .description = }
08-26 02:14:50.960  1246  1276 E PhoneInterfaceManager: [PhoneIntfMgr] checkCarrierPrivilegesForPackage: No UICC
08-26 02:14:50.963  1638  1638 I NetworkStatusMonitor: mobile data enable:true
08-26 02:14:50.977  1246  1452 E PhoneInterfaceManager: [PhoneIntfMgr] checkCarrierPrivilegesForPackage: No UICC
08-26 02:14:50.980  1638  1638 I NetworkStatusMonitor: mobile data enable:true
08-26 02:14:50.993  1246  1452 E PhoneInterfaceManager: [PhoneIntfMgr] checkCarrierPrivilegesForPackage: No UICC
08-26 02:14:50.995  1638  1638 I NetworkStatusMonitor: mobile data enable:true
08-26 02:14:51.006  1246  1452 E PhoneInterfaceManager: [PhoneIntfMgr] checkCarrierPrivilegesForPackage: No UICC
08-26 02:14:51.009  1638  1638 I NetworkStatusMonitor: mobile data enable:true
08-26 02:14:51.020  1246  1452 E PhoneInterfaceManager: [PhoneIntfMgr] checkCarrierPrivilegesForPackage: No UICC
08-26 02:14:51.023  1638  1638 I NetworkStatusMonitor: mobile data enable:true
08-26 02:14:51.035  1246  1452 E PhoneInterfaceManager: [PhoneIntfMgr] checkCarrierPrivilegesForPackage: No UICC
08-26 02:14:51.038  1638  1638 I NetworkStatusMonitor: mobile data enable:true
08-26 02:14:51.050  1246  1452 E PhoneInterfaceManager: [PhoneIntfMgr] checkCarrierPrivilegesForPackage: No UICC
08-26 02:14:51.059  1638  1638 I NetworkStatusMonitor: mobile data enable:true
08-26 02:14:51.070  1246  1452 E PhoneInterfaceManager: [PhoneIntfMgr] checkCarrierPrivilegesForPackage: No UICC
08-26 02:14:51.073  1638  1638 I NetworkStatusMonitor: mobile data enable:true
08-26 02:14:51.085  1246  1452 E PhoneInterfaceManager: [PhoneIntfMgr] checkCarrierPrivilegesForPackage: No UICC
08-26 02:14:51.113  1638  1638 I NetworkStatusMonitor: mobile data enable:true
08-26 02:14:51.124  1246  1452 E PhoneInterfaceManager: [PhoneIntfMgr] checkCarrierPrivilegesForPackage: No UICC
08-26 02:14:51.127  1638  1638 I NetworkStatusMonitor: mobile data enable:true
08-26 02:14:51.140  1246  1452 E PhoneInterfaceManager: [PhoneIntfMgr] checkCarrierPrivilegesForPackage: No UICC
08-26 02:14:51.144  1638  1638 I NetworkStatusMonitor: mobile data enable:true
08-26 02:14:51.149  5320  5320 W ContextImpl: Calling a method in the system process without a qualified user: android.app.ContextImpl.sendBroadcast:1009 android.content.ContextWrapper.sendBroadcast:444 android.app.Activity.sendOnResumeBroadcast:7905 android.app.Activity.onResume:1363 com.android.settingslib.drawer.SettingsDrawerActivity.onResume:99 
08-26 02:14:51.151   909  4485 E ActivityManager: Sending non-protected broadcast com.emporia.action.activity.onResume from system 5320:com.android.settings/1000 pkg com.android.settings
08-26 02:14:51.151   909  4485 E ActivityManager: java.lang.Throwable
08-26 02:14:51.151   909  4485 E ActivityManager: 	at com.android.server.am.ActivityManagerService.checkBroadcastFromSystem(ActivityManagerService.java:21498)
08-26 02:14:51.151   909  4485 E ActivityManager: 	at com.android.server.am.ActivityManagerService.broadcastIntentLocked(ActivityManagerService.java:22009)
08-26 02:14:51.151   909  4485 E ActivityManager: 	at com.android.server.am.ActivityManagerService.broadcastIntent(ActivityManagerService.java:22252)
08-26 02:14:51.151   909  4485 E ActivityManager: 	at android.app.IActivityManager$Stub.onTransact$broadcastIntent$(IActivityManager.java:10180)
08-26 02:14:51.151   909  4485 E ActivityManager: 	at android.app.IActivityManager$Stub.onTransact(IActivityManager.java:167)
08-26 02:14:51.151   909  4485 E ActivityManager: 	at com.android.server.am.ActivityManagerService.onTransact(ActivityManagerService.java:3367)
08-26 02:14:51.151   909  4485 E ActivityManager: 	at android.os.Binder.execTransact(Binder.java:731)
08-26 02:14:51.153  1246  1452 E PhoneInterfaceManager: [PhoneIntfMgr] checkCarrierPrivilegesForPackage: No UICC
08-26 02:14:51.155   533   977 I Accelerometer: batch: handle:0, flag:0,samplingPeriodNs:66667000 maxBatchReportLatencyNs:100000000
08-26 02:14:51.155  1638  1638 I NetworkStatusMonitor: mobile data enable:true
08-26 02:14:51.163   909  4485 W AES     : Exception Log handling...
08-26 02:14:51.165   909  4485 W AES     : skip for Exp level 0
08-26 02:14:51.165  1246  1452 E PhoneInterfaceManager: [PhoneIntfMgr] checkCarrierPrivilegesForPackage: No UICC
08-26 02:14:51.167   909   926 W BroadcastQueue: Background execution not allowed: receiving Intent { act=android.intent.action.DROPBOX_ENTRY_ADDED flg=0x10 (has extras) } to com.google.android.gms/.stats.service.DropBoxEntryAddedReceiver
08-26 02:14:51.167   909   926 W BroadcastQueue: Background execution not allowed: receiving Intent { act=android.intent.action.DROPBOX_ENTRY_ADDED flg=0x10 (has extras) } to com.google.android.gms/.chimera.GmsIntentOperationService$PersistentTrustedReceiver
08-26 02:14:51.167  1638  1638 I NetworkStatusMonitor: mobile data enable:true
08-26 02:14:51.176  1246  1452 E PhoneInterfaceManager: [PhoneIntfMgr] checkCarrierPrivilegesForPackage: No UICC
08-26 02:14:51.178  1638  1638 I NetworkStatusMonitor: mobile data enable:true
08-26 02:14:51.189  1246  1452 E PhoneInterfaceManager: [PhoneIntfMgr] checkCarrierPrivilegesForPackage: No UICC
08-26 02:14:51.190  5320  5347 I DeviceIndex: Skipping: device index is not enabled
08-26 02:14:51.199  1638  1638 I EmpGuideAppWidget: onReceive: com.android.settings/com.android.settings.SubSettings,isSystemLauncher>>false
08-26 02:14:51.202  8793 13888 E Hcdn_DeTask3402957051: HCDN_LOG: [2019-08-26 02:14:51.202][T:13888]OnRecvCacheSecondsRequest,1133     cache_bytes=0!
08-26 02:14:51.202  8793 13888 E Hcdn_DeTask3402957051: HCDN_LOG: [2019-08-26 02:14:51.202][T:13888]OnRecvDownloadInfoRequest,2919     hcdn download info speed(0 KB/s) flie_size(15633482) p2p_speed(0 KB/s) cdn_speed(0 KB/s) 
08-26 02:14:51.220  1246  1246 E PhoneInterfaceManager: [PhoneIntfMgr] getAllowedCarriers: CommandException: com.android.internal.telephony.CommandException: REQUEST_NOT_SUPPORTED
08-26 02:14:51.279  5320  5320 W Settings: Setting bugreport_in_power_menu has moved from android.provider.Settings.Secure to android.provider.Settings.Global.
08-26 02:14:51.279  1638  1638 I NetworkStatusMonitor: mobile data enable:true
08-26 02:14:51.285  5320  5320 W pool-1-thread-1: type=1400 audit(0.0:1092): avc: denied { read } for name="pagetypeinfo" dev="proc" ino=4026532116 scontext=u:r:system_app:s0 tcontext=u:object_r:proc_pagetypeinfo:s0 tclass=file permissive=0
08-26 02:14:51.301  1246  1452 E PhoneInterfaceManager: [PhoneIntfMgr] checkCarrierPrivilegesForPackage: No UICC
08-26 02:14:51.304  1638  1638 I NetworkStatusMonitor: mobile data enable:true
08-26 02:14:51.310  5320  5347 W android.os.Debug: Unable to open /sys/kernel/debug/shrinker: Permission denied
08-26 02:14:51.310  5320  5347 W android.os.Debug: Unable to open /sys/kernel/debug/tracing/buffer_total_size_kb: Permission denied
08-26 02:14:51.310  5320  5347 E android.os.Debug: open dir: /d/ion/clients/.
08-26 02:14:51.316  5320  5347 W ProcStatsManager: No process com.mediatek.simprocessor/1000 for service com.mediatek.simprocessor.SimProcessorService
08-26 02:14:51.316  1246  1276 E PhoneInterfaceManager: [PhoneIntfMgr] checkCarrierPrivilegesForPackage: No UICC
08-26 02:14:51.316  5320  5347 W ProcStatsManager: No process com.google.android.apps.messaging/10051 for service com.google.android.apps.messaging.shared.datamodel.action.execution.ActionJobService
08-26 02:14:51.316  5320  5347 W ProcStatsManager: No process com.google.android.apps.messaging/10051 for service com.google.android.apps.messaging.rcsmigration.RcsMigrationService
08-26 02:14:51.317  5320  5347 W ProcStatsManager: No process com.adups.fota/10081 for service com.adups.fota.JobServiceUtil.MyIntentJobService
08-26 02:14:51.317  5320  5347 W ProcStatsManager: No process com.adups.fota/10081 for service com.adups.fota.JobServiceUtil.TaskIntentJobService
08-26 02:14:51.317  5320  5347 W ProcStatsManager: No process com.adups.fota/10081 for service com.adups.fota.MyJobService
08-26 02:14:51.319  5320  5347 W ProcStatsManager: No process com.mediatek.omacp/10060 for service com.mediatek.omacp.message.OmacpReceiverService
08-26 02:14:51.319  5320  5347 W ProcStatsManager: No process com.android.vending:instant_app_installer/10041 for service com.google.android.finsky.instantapps.notificationenforcement.hygiene.NotificationEnforcementCleanupService
08-26 02:14:51.319  5320  5347 W ProcStatsManager: No process com.android.vending:instant_app_installer/10041 for service com.google.android.finsky.instantapps.metrics.LogFlushJob
08-26 02:14:51.320  5320  5347 W ProcStatsManager: No process com.android.vending:instant_app_installer/10041 for service com.google.android.finsky.instantapps.hint.AppPreloadHygieneService
08-26 02:14:51.320  5320  5347 W ProcStatsManager: No process com.google.android.gm/10064 for service com.google.android.gm.job.ProviderCreatedJob$ProviderCreatedJobService
08-26 02:14:51.320  5320  5347 W ProcStatsManager: No process com.google.android.gm/10064 for service com.google.android.gm.job.GmailInitialSetupJob$GmailInitialSetupJobService
08-26 02:14:51.320  5320  5347 W ProcStatsManager: No process com.google.android.gm/10064 for service com.android.mail.job.NotifyDatasetChangedJob$NotifyDatasetChangedJobService
08-26 02:14:51.321  5320  5347 W ProcStatsManager: No process com.google.android.gm/10064 for service com.android.email.job.UpgradeJob$UpgradeJobService
08-26 02:14:51.321  5320  5347 W ProcStatsManager: No process com.google.android.gm/10064 for service com.google.android.gm.job.BackupDataChangedJob$BackupDataChangedJobService
08-26 02:14:51.321  5320  5347 W ProcStatsManager: No process com.google.android.gm/10064 for service com.android.email.job.BootCompletedJob$BootCompletedJobService
08-26 02:14:51.321  5320  5347 W ProcStatsManager: No process com.google.android.gm/10064 for service com.google.android.gm.job.GoogleMailWidgetAndShortcutSwitchJob$GoogleMailWidgetAndShortcutSwitchJobService
08-26 02:14:51.321  5320  5347 W ProcStatsManager: No process com.google.android.apps.tachyon/10082 for service com.google.android.apps.tachyon.jobs.NativeJobSchedulerJobService
08-26 02:14:51.321  5320  5347 W ProcStatsManager: No process com.google.android.apps.tachyon/10082 for service com.google.android.apps.tachyon.contacts.sync.DuoAccountService
08-26 02:14:51.321  5320  5347 W ProcStatsManager: No process com.google.android.apps.tachyon/10082 for service androidx.work.impl.background.systemjob.SystemJobService
08-26 02:14:51.322  5320  5347 W ProcStatsManager: No process com.android.printspooler/10084 for service com.android.printspooler.model.PrintSpoolerService
08-26 02:14:51.322  5320  5347 W ProcStatsManager: No process com.google.android.apps.wellbeing/10027 for service com.google.android.apps.wellbeing.dnd.impl.DndConditionProviderService
08-26 02:14:51.322  5320  5347 W ProcStatsManager: No process com.google.android.apps.wellbeing/10027 for service com.google.apps.tiktok.concurrent.InternalForegroundService
08-26 02:14:51.322  5320  5347 W ProcStatsManager: No process com.google.android.apps.nbu.files/10008 for service com.google.android.apps.nbu.files.mediastore.MediaStoreContentChangeListenerService
08-26 02:14:51.322  5320  5347 W ProcStatsManager: No process com.google.process.gapps/10070 for service com.google.android.syncadapters.contacts.ContactsSyncAdapterIntentService
08-26 02:14:51.322  5320  5347 W ProcStatsManager: No process com.android.keychain/1000 for service com.android.keychain.KeyChainService
08-26 02:14:51.323  5320  5347 W ProcStatsManager: No process com.android.chrome:sandboxed_process0/10042 for service org.chromium.content.app.SandboxedProcessService0
08-26 02:14:51.323  5320  5347 W ProcStatsManager: No process com.android.chrome:webview_service/10080 for service org.chromium.android_webview.services.AwVariationsSeedFetcher
08-26 02:14:51.323  5320  5347 W ProcStatsManager: No process com.android.chrome:webview_service/10080 for service org.chromium.android_webview.services.VariationsSeedServer
08-26 02:14:51.323  5320  5347 W ProcStatsManager: No process com.android.chrome/10080 for service org.chromium.chrome.browser.customtabs.CustomTabsConnectionService
08-26 02:14:51.323  5320  5347 W ProcStatsManager: No process com.android.chrome:sandboxed_process0/10089 for service org.chromium.content.app.SandboxedProcessService0
08-26 02:14:51.323  5320  5347 W ProcStatsManager: No process com.android.dialer/10038 for service com.android.voicemail.impl.StatusCheckJobService
08-26 02:14:51.324  5320  5347 W ProcStatsManager: No process com.google.android.ims/10025 for service com.google.android.ims.services.LogFileCleanupService
08-26 02:14:51.325  5320  5347 W ProcStatsManager: No process com.google.android.ims/10025 for service com.google.android.ims.services.VoiceService
08-26 02:14:51.325  5320  5347 W ProcStatsManager: No process com.google.android.partnersetup/10005 for service com.google.android.partnersetup.InstalledAppJobService
08-26 02:14:51.325  5320  5347 W ProcStatsManager: No process com.google.android.videos/10048 for service com.google.android.apps.play.movies.common.service.drm.RefreshLicenseTaskService
08-26 02:14:51.325  5320  5347 W ProcStatsManager: No process com.google.android.videos/10048 for service com.google.android.apps.play.movies.common.service.pinning.TransferService
08-26 02:14:51.325  5320  5347 W ProcStatsManager: No process com.google.android.videos/10048 for service com.google.android.apps.play.movies.common.service.indexing.AppIndexingUpdateService
08-26 02:14:51.325  5320  5347 W ProcStatsManager: No process com.google.android.apps.photos/10053 for service com.google.android.apps.photos.dbprocessor.impl.DatabaseProcessorJobService
08-26 02:14:51.325  5320  5347 W ProcStatsManager: No process com.google.android.apps.photos/10053 for service com.google.android.libraries.social.async.BackgroundTaskJobService
08-26 02:14:51.325  5320  5347 W ProcStatsManager: No process com.google.android.apps.photos/10053 for service com.google.android.apps.photos.account.full.SyncAccountsForLoginService
08-26 02:14:51.326  5320  5347 W ProcStatsManager: No process com.google.android.apps.photos/10053 for service com.google.android.apps.photos.jobqueue.PhotosOfflineJobQueueJobsService
08-26 02:14:51.326  5320  5347 W ProcStatsManager: No process com.google.android.apps.photos/10053 for service com.google.android.libraries.social.mediamonitor.MediaMonitorJobSchedulerService
08-26 02:14:51.326  5320  5347 W ProcStatsManager: No process com.google.android.inputmethod.latin/10088 for service com.android.inputmethod.latin.LatinIME
08-26 02:14:51.326  5320  5347 W ProcStatsManager: No process com.google.android.apps.restore/10007 for service com.google.android.apps.pixelmigrate.component.NotificationConsolidatorService
08-26 02:14:51.350  5320  5320 W Settings: Setting bugreport_in_power_menu has moved from android.provider.Settings.Secure to android.provider.Settings.Global
08-26 02:14:51.369   909  4226 I WifiService: enableVerboseLogging uid=1000 verbose=0
08-26 02:14:51.371   909  4226 E WifiVendorHal: setLoggingEventHandler(l.1853) failed {.code = ERROR_NOT_SUPPORTED, .description = }
08-26 02:14:51.380   909   934 W WindowManager: Unable to start animation, surface is null or no children.
08-26 02:14:51.421  8793 13888 E Hcdn_DeTask3402957051: HCDN_LOG: [2019-08-26 02:14:51.421][T:13888]MovieTaskAllocate,5344 left block=0,but seek or new task have not allocate,then can allocate
08-26 02:14:51.421  8793 13888 E HCDN_CMFM: HCDN_LOG: 17k memery total_cnt(128),use_cnt(0)
08-26 02:14:51.490  5320  5320 I Choreographer: Skipped 55 frames!  The application may be doing too much work on its main thread.
08-26 02:14:51.498   365   365 I SurfaceFlinger: [Built-in Screen (type:0)] fps:19.489365,dur:1026.20,max:357.02,min:16.10
08-26 02:14:51.510  5320  5348 I OpenGLRenderer: Davey! duration=1008ms; Flags=0, IntendedVsync=6713350730379, Vsync=6714326426639, OldestInputEvent=9223372036854775807, NewestInputEvent=0, HandleInputStart=6714339811476, AnimationStart=6714339850630, PerformTraversalsStart=6714339999169, DrawStart=6714340177476, SyncQueued=6714347347323, SyncStart=6714347516323, IssueDrawCommandsStart=6714348045630, SwapBuffers=6714357581169, FrameCompleted=6714359315630, DequeueBufferDuration=297000, QueueBufferDuration=357000, 
08-26 02:14:51.511   909  4163 I WindowManager: Relayout Window{b41c818 u0 com.android.settings/com.android.settings.SubSettings}: oldVis=4 newVis=0 focusMayChange = true
08-26 02:14:51.518   365   394 I BufferQueue: [unnamed-365-114](this:0xa4978000,id:114,api:0,p:-1,c:-1) BufferQueue core=(365:/system/bin/surfaceflinger)
08-26 02:14:51.519   365   394 I BufferQueueConsumer: [unnamed-365-114](this:0xa4978000,id:114,api:0,p:-1,c:365) connect(C): consumer=(365:/system/bin/surfaceflinger) controlledByApp=false
08-26 02:14:51.519   365   394 I BufferQueueConsumer: [unnamed-365-114](this:0xa4978000,id:114,api:0,p:-1,c:365) setConsumerName: unnamed-365-114
08-26 02:14:51.519   365   394 I BufferQueueConsumer: [com.android.settings/com.android.settings.SubSettings#0](this:0xa4978000,id:114,api:0,p:-1,c:365) setConsumerName: com.android.settings/com.android.settings.SubSettings#0
08-26 02:14:51.519   365   394 I BufferQueueConsumer: [com.android.settings/com.android.settings.SubSettings#0](this:0xa4978000,id:114,api:0,p:-1,c:365) setDefaultBufferSize: width=720 height=1440
08-26 02:14:51.524   909   934 I WindowManager: Focus moving from null to Window{b41c818 u0 com.android.settings/com.android.settings.SubSettings}
08-26 02:14:51.526   365   939 I BufferQueueProducer: [com.android.settings/com.android.settings.SubSettings#0](this:0xa4978000,id:114,api:1,p:5320,c:365) connect(P): api=1 producer=(5320:com.android.settings) producerControlledByApp=true
08-26 02:14:51.543   365   941 I BufferQueueProducer: [com.android.settings/com.android.settings.Settings$SystemDashboardActivity#0](this:0xa432a000,id:113,api:1,p:5320,c:365) queueBuffer: fps=11.82 dur=1014.84 max=822.08 min=15.03
08-26 02:14:51.551   909   934 W WindowManager: Unable to start animation, surface is null or no children.
08-26 02:14:51.592  4220  4391 E PlayCommon: [299] acij.d(292): Failed to connect to server: java.net.SocketTimeoutException: failed to connect to play.googleapis.com/172.217.160.74 (port 443) from /192.168.1.92 (port 41336) after 40000ms
08-26 02:14:51.595  1246  1246 I SignalStrength_fake: getBirdFakeSignalLevel leveType = 0
08-26 02:14:51.596  1246  1246 I SignalStrength_fake: BIRD_SIGNAL_LTE - level: 0|2147483647
08-26 02:14:51.596  1246  1246 I SignalStrength_fake: getBirdFakeSignalLevel leveType = 1
08-26 02:14:51.596  1246  1246 I SignalStrength_fake: BIRD_SIGNAL_TDD - tdScdmaDbm: 2147483647
08-26 02:14:51.596  1246  1246 I SignalStrength_fake: BIRD_SIGNAL_TDD - level: 0|2147483647
08-26 02:14:51.596  1246  1246 I SignalStrength_fake: getBirdFakeSignalLevel leveType = 2
08-26 02:14:51.596  1246  1246 I SignalStrength_fake: BIRD_SIGNAL_TDD - wcdmaDbm: -88
08-26 02:14:51.596  1246  1246 I SignalStrength_fake: BIRD_SIGNAL_TDD - level: 4|-88
08-26 02:14:51.596  1246  1246 I SignalStrength_fake: getBirdFakeSignalLevel level = 4
08-26 02:14:51.598   909  4163 I SignalStrength_fake: getBirdFakeSignalLevel leveType = 0
08-26 02:14:51.598   909  4163 I SignalStrength_fake: BIRD_SIGNAL_LTE - level: 0|2147483647
08-26 02:14:51.598   909  4163 I SignalStrength_fake: getBirdFakeSignalLevel leveType = 1
08-26 02:14:51.598   909  4163 I SignalStrength_fake: BIRD_SIGNAL_TDD - tdScdmaDbm: 2147483647
08-26 02:14:51.598   909  4163 I SignalStrength_fake: BIRD_SIGNAL_TDD - level: 0|2147483647
08-26 02:14:51.598   909  4163 I SignalStrength_fake: getBirdFakeSignalLevel leveType = 2
08-26 02:14:51.598   909  4163 I SignalStrength_fake: BIRD_SIGNAL_TDD - wcdmaDbm: -87
08-26 02:14:51.598   909  4163 I SignalStrength_fake: BIRD_SIGNAL_TDD - level: 4|-87
08-26 02:14:51.598   909  4163 I SignalStrength_fake: getBirdFakeSignalLevel level = 4
08-26 02:14:51.599  1246  1246 I SignalStrength_fake: getBirdFakeSignalLevel leveType = 0
08-26 02:14:51.599  1246  1246 I SignalStrength_fake: BIRD_SIGNAL_LTE - level: 0|2147483647
08-26 02:14:51.599  1246  1246 I SignalStrength_fake: getBirdFakeSignalLevel leveType = 1
08-26 02:14:51.599  1246  1246 I SignalStrength_fake: BIRD_SIGNAL_TDD - tdScdmaDbm: 2147483647
08-26 02:14:51.599  1246  1246 I SignalStrength_fake: BIRD_SIGNAL_TDD - level: 0|2147483647
08-26 02:14:51.599  1246  1246 I SignalStrength_fake: getBirdFakeSignalLevel leveType = 2
08-26 02:14:51.599  1246  1246 I SignalStrength_fake: BIRD_SIGNAL_TDD - wcdmaDbm: -87
08-26 02:14:51.599  1246  1246 I SignalStrength_fake: BIRD_SIGNAL_TDD - level: 4|-87
08-26 02:14:51.599  1246  1246 I SignalStrength_fake: getBirdFakeSignalLevel level = 4
08-26 02:14:51.710  5320 15482 E JavaBinder: !!! FAILED BINDER TRANSACTION !!!  (parcel size = 0)
08-26 02:14:51.711  5320 15482 E JavaBinder: !!! FAILED BINDER TRANSACTION !!!  (parcel size = 0)
08-26 02:14:51.728   909   934 I chatty  : uid=1000(system) android.display identical 1 line
08-26 02:14:51.775   909   934 I ActivityManager: Displayed com.android.settings/.SubSettings: +1s291ms
08-26 02:14:51.855  5320  5320 W com.android.settings: type=1400 audit(0.0:1101): avc: denied { call } for comm=4173796E635461736B20233132 scontext=u:r:system_app:s0 tcontext=u:r:wificond:s0 tclass=binder permissive=0
08-26 02:14:51.870  5320 15482 E JavaBinder: !!! FAILED BINDER TRANSACTION !!!  (parcel size = 0)
08-26 02:14:51.893   909   934 W WindowManager: Unable to start animation, surface is null or no children.
08-26 02:14:51.945  5320 15482 W TileUtils: Found com.android.settings.Settings$NotificationAppListActivity for intent Intent { act=com.android.settings.action.SETTINGS pkg=com.android.settings } missing metadata com.android.settings.category
08-26 02:14:51.973   357   379 I vendor.mediatek.hardware.power@2.0-impl: powerHintAsync hint:8, data:0
08-26 02:14:51.980   909  4835 I PowerWrap: PowerHal_Wrap_mtkPowerHint
08-26 02:14:51.981   357   378 I libPowerHal: 17: legacy set freq: -1 -1
08-26 02:14:51.981  8793 14047 E p2pfile : HCDN_LOG: [2019-08-26 02:14:51.981][T:14047][func:SetParam],[line:2276],[oper: SetParam message ParamName(video_time), ParamValue(-1003500|18), isGlobal(true), m_dwTaskID(0)]
08-26 02:14:51.982  8793 13888 E hcdn_downloadengine: HCDN_LOG: [2019-08-26 02:14:51.982][T:13888]OnRecvSetParam,1841     task_id : 3402957051,SetParam : video_time,18 
08-26 02:14:51.998  5320 15482 E OperatorCustomizationFactoryLoader: can not find operatorFactoryInfo by slot id -1 from 
08-26 02:14:51.998  5320 15482 E OperatorCustomizationFactoryLoader: 0: OperatorFactoryInfo(OP01_null_null:OP01Settings.apk:com.mediatek.settings.op01.Op01SettingsCustomizationFactory:com.mediatek.settings.op01)
08-26 02:14:51.998  5320 15482 E OperatorCustomizationFactoryLoader: 1: OperatorFactoryInfo(OP02_null_null:OP02Settings.apk:com.mediatek.settings.op02.Op02SettingsCustomizationFactory:com.mediatek.settings.op02)
08-26 02:14:51.998  5320 15482 E OperatorCustomizationFactoryLoader: 2: OperatorFactoryInfo(OP03_null_SEGDEFAULT:OP03Settings.apk:com.mediatek.op03.settings.OP03SettingsCustomizationFactory:com.mediatek.op03.settings)
08-26 02:14:51.998  5320 15482 E OperatorCustomizationFactoryLoader: 3: OperatorFactoryInfo(OP06_null_SEGDEFAULT:OP06Settings.apk:com.mediatek.op06.settings.Op06SettingsCustomizationFactory:com.mediatek.op06.settings)
08-26 02:14:51.998  5320 15482 E OperatorCustomizationFactoryLoader: 4: OperatorFactoryInfo(OP07_null_SEGDEFAULT:OP07Settings.apk:com.mediatek.op07.settings.OP07SettingsCustomizationFactory:com.mediatek.op07.settings)
08-26 02:14:51.998  5320 15482 E OperatorCustomizationFactoryLoader: 5: OperatorFactoryInfo(OP08_null_SEGDEFAULT:OP08Settings.apk:com.mediatek.op08.settings.Op08SettingsCustomizationFactory:com.mediatek.op08.settings)
08-26 02:14:51.998  5320 15482 E OperatorCustomizationFactoryLoader: 6: OperatorFactoryInfo(OP09_null_SEGC:OP09ClibSettings.apk:com.mediatek.settings.op09clib.Op09ClibSettingsCustomizationFactory:com.mediatek.settings.op09clib)
08-26 02:14:51.998  5320 15482 E OperatorCustomizationFactoryLoader: 7: OperatorFactoryInfo(OP12_null_null:OP12Settings.apk:com.mediatek.op12.settings.Op12SettingsCustomizationFactory:com.mediatek.op12.settings)
08-26 02:14:51.998  5320 15482 E OperatorCustomizationFactoryLoader: 8: OperatorFactoryInfo(OP16_null_SEGDEFAULT:OP16Settings.apk:com.mediatek.op16.settings.Op16SettingsCustomizationFactory:com.mediatek.op16.settings)
08-26 02:14:51.998  5320 15482 E OperatorCustomizationFactoryLoader: 9: OperatorFactoryInfo(OP18_null_SEGDEFAULT:OP18Settings.apk:com.mediatek.op18.settings.OP18SettingsCustomizationFactory:com.mediatek.op18.settings)
08-26 02:14:51.998  5320 15482 E OperatorCustomizationFactoryLoader: 10: OperatorFactoryInfo(OP20_null_SEGDEFAULT:OP20Settings.apk:com.mediatek.op20.settings.OP20SettingsCustomizationFactory:com.mediatek.op20.settings)
08-26 02:14:52.037   365   393 I BufferQueueProducer: [Toast#4](this:0xa4318000,id:112,api:1,p:5320,c:365) disconnect(P): api 1
08-26 02:14:52.045   909  4163 W NotificationService: Toast already killed. pkg=com.android.settings callback=android.app.ITransientNotification$Stub$Proxy@a32c306
08-26 02:14:52.205  5320  5320 W com.android.settings: type=1400 audit(0.0:1102): avc: denied { call } for comm=4173796E635461736B20233132 scontext=u:r:system_app:s0 tcontext=u:r:storaged:s0 tclass=binder permissive=0
08-26 02:14:52.205  5320  5320 W com.android.settings: type=1400 audit(0.0:1103): avc: denied { call } for comm=4173796E635461736B20233132 scontext=u:r:system_app:s0 tcontext=u:r:storaged:s0 tclass=binder permissive=0
08-26 02:14:52.208   365   394 I BufferQueueProducer: [com.android.settings/com.android.settings.Settings$SystemDashboardActivity#0](this:0xa432a000,id:113,api:1,p:5320,c:365) disconnect(P): api 1
08-26 02:14:52.215  5320  5320 W com.android.settings: type=1400 audit(0.0:1104): avc: denied { call } for comm=4173796E635461736B20233132 scontext=u:r:system_app:s0 tcontext=u:r:wificond:s0 tclass=binder permissive=0
08-26 02:14:52.216  5320 15482 E JavaBinder: !!! FAILED BINDER TRANSACTION !!!  (parcel size = 0)
08-26 02:14:52.217  5320 15482 E JavaBinder: !!! FAILED BINDER TRANSACTION !!!  (parcel size = 0)
08-26 02:14:52.222  5320 15482 E JavaBinder: !!! FAILED BINDER TRANSACTION !!!  (parcel size = 0)
08-26 02:14:52.240  5320 15482 E OperatorCustomizationFactoryLoader: can not find operatorFactoryInfo by slot id -1 from 
08-26 02:14:52.240  5320 15482 E OperatorCustomizationFactoryLoader: 0: OperatorFactoryInfo(OP01_null_null:OP01Settings.apk:com.mediatek.settings.op01.Op01SettingsCustomizationFactory:com.mediatek.settings.op01)
08-26 02:14:52.240  5320 15482 E OperatorCustomizationFactoryLoader: 1: OperatorFactoryInfo(OP02_null_null:OP02Settings.apk:com.mediatek.settings.op02.Op02SettingsCustomizationFactory:com.mediatek.settings.op02)
08-26 02:14:52.240  5320 15482 E OperatorCustomizationFactoryLoader: 2: OperatorFactoryInfo(OP03_null_SEGDEFAULT:OP03Settings.apk:com.mediatek.op03.settings.OP03SettingsCustomizationFactory:com.mediatek.op03.settings)
08-26 02:14:52.240  5320 15482 E OperatorCustomizationFactoryLoader: 3: OperatorFactoryInfo(OP06_null_SEGDEFAULT:OP06Settings.apk:com.mediatek.op06.settings.Op06SettingsCustomizationFactory:com.mediatek.op06.settings)
08-26 02:14:52.240  5320 15482 E OperatorCustomizationFactoryLoader: 4: OperatorFactoryInfo(OP07_null_SEGDEFAULT:OP07Settings.apk:com.mediatek.op07.settings.OP07SettingsCustomizationFactory:com.mediatek.op07.settings)
08-26 02:14:52.240  5320 15482 E OperatorCustomizationFactoryLoader: 5: OperatorFactoryInfo(OP08_null_SEGDEFAULT:OP08Settings.apk:com.mediatek.op08.settings.Op08SettingsCustomizationFactory:com.mediatek.op08.settings)
08-26 02:14:52.240  5320 15482 E OperatorCustomizationFactoryLoader: 6: OperatorFactoryInfo(OP09_null_SEGC:OP09ClibSettings.apk:com.mediatek.settings.op09clib.Op09ClibSettingsCustomizationFactory:com.mediatek.settings.op09clib)
08-26 02:14:52.240  5320 15482 E OperatorCustomizationFactoryLoader: 7: OperatorFactoryInfo(OP12_null_null:OP12Settings.apk:com.mediatek.op12.settings.Op12SettingsCustomizationFactory:com.mediatek.op12.settings)
08-26 02:14:52.240  5320 15482 E OperatorCustomizationFactoryLoader: 8: OperatorFactoryInfo(OP16_null_SEGDEFAULT:OP16Settings.apk:com.mediatek.op16.settings.Op16SettingsCustomizationFactory:com.mediatek.op16.settings)
08-26 02:14:52.240  5320 15482 E OperatorCustomizationFactoryLoader: 9: OperatorFactoryInfo(OP18_null_SEGDEFAULT:OP18Settings.apk:com.mediatek.op18.settings.OP18SettingsCustomizationFactory:com.mediatek.op18.settings)
08-26 02:14:52.240  5320 15482 E OperatorCustomizationFactoryLoader: 10: OperatorFactoryInfo(OP20_null_SEGDEFAULT:OP20Settings.apk:com.mediatek.op20.settings.OP20SettingsCustomizationFactory:com.mediatek.op20.settings)
08-26 02:14:52.240   365   365 I BufferQueueConsumer: [com.android.settings/com.android.settings.Settings$SystemDashboardActivity#0](this:0xa432a000,id:113,api:1,p:-1,c:-1) disconnect(C)
08-26 02:14:52.240   365   365 I BufferQueue: [com.android.settings/com.android.settings.Settings$SystemDashboardActivity#0](this:0xa432a000,id:113,api:1,p:-1,c:-1) ~BufferQueueCore
08-26 02:14:52.243  8793 13888 E Hcdn_DeTask3402957051: HCDN_LOG: [2019-08-26 02:14:52.243][T:13888]OnRecvCacheSecondsRequest,1133     cache_bytes=0!
08-26 02:14:52.245  8793 13888 E Hcdn_DeTask3402957051: HCDN_LOG: [2019-08-26 02:14:52.245][T:13888]OnRecvDownloadInfoRequest,2919     hcdn download info speed(0 KB/s) flie_size(15633482) p2p_speed(0 KB/s) cdn_speed(0 KB/s) 
08-26 02:14:52.461  8793 13888 E Hcdn_DeTask3402957051: HCDN_LOG: [2019-08-26 02:14:52.461][T:13888]MovieTaskAllocate,5344 left block=0,but seek or new task have not allocate,then can allocate
08-26 02:14:52.461  8793 13888 E HCDN_CMFM: HCDN_LOG: 17k memery total_cnt(128),use_cnt(0)
08-26 02:14:52.508   365   365 I SurfaceFlinger: [Built-in Screen (type:0)] fps:54.416397,dur:1010.72,max:53.37,min:16.01
08-26 02:14:52.569   365   940 W SurfaceFlinger: Attempting to destroy on removed layer: 9c5ec40 Toast#0
08-26 02:14:52.577   365   365 I BufferQueueConsumer: [Toast#4](this:0xa4318000,id:112,api:1,p:-1,c:-1) disconnect(C)
08-26 02:14:52.577   365   365 I BufferQueue: [Toast#4](this:0xa4318000,id:112,api:1,p:-1,c:-1) ~BufferQueueCore
08-26 02:14:52.941   909   988 I PowerWrap: PowerHal_TouchBoost
08-26 02:14:52.957   365   939 I BufferQueueProducer: [com.android.settings/com.android.settings.SubSettings#0](this:0xa4978000,id:114,api:1,p:5320,c:365) queueBuffer: fps=11.54 dur=1213.04 max=866.51 min=8.94
08-26 02:14:52.975   909   988 I PowerWrap: PowerHal_TouchBoost
08-26 02:14:53.012  8793 14047 E p2pfile : HCDN_LOG: [2019-08-26 02:14:53.012][T:14047][func:SetParam],[line:2276],[oper: SetParam message ParamName(video_time), ParamValue(-1003500|18), isGlobal(true), m_dwTaskID(0)]
08-26 02:14:53.013  8793 13888 E hcdn_downloadengine: HCDN_LOG: [2019-08-26 02:14:53.013][T:13888]OnRecvSetParam,1841     task_id : 3402957051,SetParam : video_time,18 
08-26 02:14:53.022   909   934 I WindowManager: Focus moving from Window{b41c818 u0 com.android.settings/com.android.settings.SubSettings} to Window{8edd760 u0 com.android.settings/com.android.settings.SubSettings}
08-26 02:14:53.057   365   939 I BufferQueue: [unnamed-365-115](this:0xa6fbc000,id:115,api:0,p:-1,c:-1) BufferQueue core=(365:/system/bin/surfaceflinger)
08-26 02:14:53.058   365   939 I BufferQueueConsumer: [unnamed-365-115](this:0xa6fbc000,id:115,api:0,p:-1,c:365) connect(C): consumer=(365:/system/bin/surfaceflinger) controlledByApp=false
08-26 02:14:53.058   365   939 I BufferQueueConsumer: [unnamed-365-115](this:0xa6fbc000,id:115,api:0,p:-1,c:365) setConsumerName: unnamed-365-115
08-26 02:14:53.058   365   939 I BufferQueueConsumer: [com.android.settings/com.android.settings.SubSettings#1](this:0xa6fbc000,id:115,api:0,p:-1,c:365) setConsumerName: com.android.settings/com.android.settings.SubSettings#1
08-26 02:14:53.058   365   939 I BufferQueueConsumer: [com.android.settings/com.android.settings.SubSettings#1](this:0xa6fbc000,id:115,api:0,p:-1,c:365) setDefaultBufferSize: width=812 height=727
08-26 02:14:53.065   365   941 I BufferQueueProducer: [com.android.settings/com.android.settings.SubSettings#1](this:0xa6fbc000,id:115,api:1,p:5320,c:365) connect(P): api=1 producer=(5320:com.android.settings) producerControlledByApp=true
08-26 02:14:53.125   909   934 I WindowManager: Losing delayed focus: Window{b41c818 u0 com.android.settings/com.android.settings.SubSettings}
08-26 02:14:53.267   909   999 E WifiVendorHal: getWifiLinkLayerStats(l.937) failed {.code = ERROR_NOT_SUPPORTED, .description = }
08-26 02:14:53.281  8793 13888 E Hcdn_DeTask3402957051: HCDN_LOG: [2019-08-26 02:14:53.281][T:13888]OnRecvCacheSecondsRequest,1133     cache_bytes=0!
08-26 02:14:53.282  8793 13888 E Hcdn_DeTask3402957051: HCDN_LOG: [2019-08-26 02:14:53.281][T:13888]OnRecvDownloadInfoRequest,2919     hcdn download info speed(0 KB/s) flie_size(15633482) p2p_speed(0 KB/s) cdn_speed(0 KB/s) 
08-26 02:14:53.502  8793 13888 E Hcdn_DeTask3402957051: HCDN_LOG: [2019-08-26 02:14:53.502][T:13888]MovieTaskAllocate,5344 left block=0,but seek or new task have not allocate,then can allocate
08-26 02:14:53.502  8793 13888 E HCDN_CMFM: HCDN_LOG: 17k memery total_cnt(128),use_cnt(0)
08-26 02:14:53.519   365   365 I SurfaceFlinger: [Built-in Screen (type:0)] fps:36.609406,dur:1010.67,max:373.75,min:15.61
08-26 02:14:53.661  8793 13912 E storage_trim_block: HCDN_LOG: [2019-08-26 02:14:53.661][T:13912][func:TrimDisconDownloadBlocks],[line:177],[oper:trim block begin...]
08-26 02:14:53.661  8793 13912 E storage_trim_block: HCDN_LOG: [2019-08-26 02:14:53.661][T:13912][func:PrintBlockInfoForTrim],[line:90],PrintBlockInfoForTrim : 
08-26 02:14:53.661  8793 13912 E storage_trim_block: VID[52d4bfe409f3655f62dd8bd71b8cd158], FID_Index[3], BlockNO[0]
08-26 02:14:53.661  8793 13912 E storage_trim_block:  3 : bbe1f9923345c1bc2d989baec0f772ff00000000
08-26 02:14:53.661  8793 13912 E storage_trim_block: 
08-26 02:14:53.661  8793 13912 E storage_trim_block: HCDN_LOG: [2019-08-26 02:14:53.661][T:13912][func:PrintBlockInfoForTrim],[line:90],PrintBlockInfoForTrim : 
08-26 02:14:53.661  8793 13912 E storage_trim_block: VID[84600e02abe361e24a353ee6f7a831ae], FID_Index[0], BlockNO[2]
08-26 02:14:53.661  8793 13912 E storage_trim_block:  0 : ed1209f431bfbfca43da48365085652100000000
08-26 02:14:53.661  8793 13912 E storage_trim_block: 
08-26 02:14:53.661  8793 13912 E storage_trim_block: HCDN_LOG: [2019-08-26 02:14:53.661][T:13912][func:PrintDataBlock],[line:116],DataBlock : 
08-26 02:14:53.661  8793 13912 E storage_trim_block: bbe1f9923345c1bc2d989baec0f772ff00000000 : 0[1,0],1[1,0],2[1,0],3[1,0],4[1,0],5[1,0],6[1,0],7[1,0],8[1,0],
08-26 02:14:53.661  8793 13912 E storage_trim_block: ed1209f431bfbfca43da48365085652100000000 : 2[1,0],3[1,0],4[1,0],5[1,0],6[1,0],7[1,0],
08-26 02:14:53.661  8793 13912 E storage_trim_block: 
08-26 02:14:53.662  8793 13912 E storage_trim_block: HCDN_LOG: [2019-08-26 02:14:53.661][T:13912][func:PrintPriorityBlock],[line:148],PriorityBlock :
08-26 02:14:53.662  8793 13912 E storage_trim_block: bbe1f9923345c1bc2d989baec0f772ff00000000 : 0[0,1,0],
08-26 02:14:53.662  8793 13912 E storage_trim_block: ed1209f431bfbfca43da48365085652100000000 : 2[0,1,0],
08-26 02:14:53.662  8793 13912 E storage_trim_block: bbe1f9923345c1bc2d989baec0f772ff00000000 : 1[1ff,1,0],
08-26 02:14:53.662  8793 13912 E storage_trim_block: ed1209f431bfbfca43da48365085652100000000 : 3[1ff,1,0],
08-26 02:14:53.662  8793 13912 E storage_trim_block: bbe1f9923345c1bc2d989baec0f772ff00000000 : 2[2ff,1,0],
08-26 02:14:53.662  8793 13912 E storage_trim_block: ed1209f431bfbfca43da48365085652100000000 : 4[2ff,1,0],
08-26 02:14:53.662  8793 13912 E storage_trim_block: bbe1f9923345c1bc2d989baec0f772ff00000000 : 3[3ff,1,0],
08-26 02:14:53.662  8793 13912 E storage_trim_block: ed1209f431bfbfca43da48365085652100000000 : 5[3ff,1,0],
08-26 02:14:53.662  8793 13912 E storage_trim_block: bbe1f9923345c1bc2d989baec0f772ff00000000 : 4[4ff,1,0],
08-26 02:14:53.662  8793 13912 E storage_trim_block: ed1209f431bfbfca43da48365085652100000000 : 6[4ff,1,0],
08-26 02:14:53.662  8793 13912 E storage_trim_block: bbe1f9923345c1bc2d989baec0f772ff00000000 : 5[5ff,1,0],
08-26 02:14:53.662  8793 13912 E storage_trim_block: ed1209f431bfbfca43da48365085652100000000 : 7[5ff,1,0],
08-26 02:14:53.662  8793 13912 E storage_trim_block: bbe1f9923345c1bc2d989baec0f772ff00000000 : 6[6ff,1,0],7[7ff,1,0],8[8ff,1,0],
08-26 02:14:53.662  8793 13912 E storage_trim_block: 
08-26 02:14:53.662  8793 13912 E storage_trim_block: HCDN_LOG: [2019-08-26 02:14:53.662][T:13912][func:TrimDisconDownloadBlocks],[line:321],[oper:Post Pause Download request]
08-26 02:14:53.662  8793 13888 E hcdn_downloadengine: HCDN_LOG: [2019-08-26 02:14:53.662][T:13888]OnRecvBlockRemainNotify,1827     left block count:0
08-26 02:14:53.662  8793 13912 E storage_trim_block: HCDN_LOG: [2019-08-26 02:14:53.662][T:13912][func:PrintDataBlock],[line:116],DataBlock : 
08-26 02:14:53.662  8793 13912 E storage_trim_block: bbe1f9923345c1bc2d989baec0f772ff00000000 : 0[1,0],1[1,0],2[1,0],3[1,0],4[1,0],5[1,0],6[1,0],7[1,0],8[1,0],
08-26 02:14:53.662  8793 13912 E storage_trim_block: ed1209f431bfbfca43da48365085652100000000 : 2[1,0],3[1,0],4[1,0],5[1,0],6[1,0],7[1,0],
08-26 02:14:53.662  8793 13912 E storage_trim_block: 
08-26 02:14:53.662  8793 13912 E storage_trim_block: HCDN_LOG: [2019-08-26 02:14:53.662][T:13912][func:TrimDisconDownloadBlocks],[line:375],[oper:trim block end...]
08-26 02:14:53.808   909   988 I PowerWrap: PowerHal_TouchBoost
08-26 02:14:53.861   909   988 I PowerWrap: PowerHal_TouchBoost
08-26 02:14:53.884  1638  1638 I NetworkStatusMonitor: mobile data enable:true
08-26 02:14:53.898  1709  1709 I App     : enabledApp: pkg>>com.android.shell, modifiedComponents>>[Ljava.lang.String;@c5d31e1
08-26 02:14:53.917  1246  1285 E PhoneInterfaceManager: [PhoneIntfMgr] checkCarrierPrivilegesForPackage: No UICC
08-26 02:14:53.919  1709  1892 E AppLoadParseHandler: appContents: [com.emporia.contacts.easysupport.ContactAppMeta, com.emporia.mms.MessageAppMeta, com.emporia.gallery.easysupport.GalleryAppMeta, com.emporia.notificationcenter.NotificationcenterAppMeta]
08-26 02:14:53.929  1638  1638 I App     : enabledApp: pkg>>com.android.shell, modifiedComponents>>[Ljava.lang.String;@15ffbf0
08-26 02:14:53.947  1638  1878 E AppLoadParseHandler: appContents: [com.emporia.contacts.easysupport.ContactAppMeta, com.emporia.mms.MessageAppMeta, com.emporia.gallery.easysupport.GalleryAppMeta, com.emporia.notificationcenter.NotificationcenterAppMeta]
08-26 02:14:53.999   365   940 I BufferQueueProducer: [com.android.settings/com.android.settings.SubSettings#1](this:0xa6fbc000,id:115,api:1,p:5320,c:365) disconnect(P): api 1
08-26 02:14:54.019   909   934 I WindowManager: Focus moving from Window{8edd760 u0 com.android.settings/com.android.settings.SubSettings EXITING} to Window{b41c818 u0 com.android.settings/com.android.settings.SubSettings}
08-26 02:14:54.023  1638 15444 W OneSignalAppinstaller: Location permission exists but GoogleApiClient timed out. Maybe related to mismatch google-play aar versions.
08-26 02:14:54.041  8793 14047 E p2pfile : HCDN_LOG: [2019-08-26 02:14:54.041][T:14047][func:SetParam],[line:2276],[oper: SetParam message ParamName(video_time), ParamValue(-1003500|18), isGlobal(true), m_dwTaskID(0)]
08-26 02:14:54.042  8793 13888 E hcdn_downloadengine: HCDN_LOG: [2019-08-26 02:14:54.042][T:13888]OnRecvSetParam,1841     task_id : 3402957051,SetParam : video_time,18 
08-26 02:14:54.055  1638 15444 I OneSignalAppinstaller: GetUnsentActiveTime: 25
08-26 02:14:54.073  1246  1246 E PhoneInterfaceManager: [PhoneIntfMgr] getCarrierPackageNamesForIntent: No UICC
08-26 02:14:54.098  1638  1878 E AppLoadParseHandler: appContents: [com.emporia.contacts.easysupport.ContactAppMeta, com.emporia.mms.MessageAppMeta, com.emporia.gallery.easysupport.GalleryAppMeta, com.emporia.notificationcenter.NotificationcenterAppMeta]
08-26 02:14:54.127  5320 15485 E OperatorCustomizationFactoryLoader: can not find operatorFactoryInfo by slot id -1 from 
08-26 02:14:54.127  5320 15485 E OperatorCustomizationFactoryLoader: 0: OperatorFactoryInfo(OP01_null_null:OP01Settings.apk:com.mediatek.settings.op01.Op01SettingsCustomizationFactory:com.mediatek.settings.op01)
08-26 02:14:54.127  5320 15485 E OperatorCustomizationFactoryLoader: 1: OperatorFactoryInfo(OP02_null_null:OP02Settings.apk:com.mediatek.settings.op02.Op02SettingsCustomizationFactory:com.mediatek.settings.op02)
08-26 02:14:54.127  5320 15485 E OperatorCustomizationFactoryLoader: 2: OperatorFactoryInfo(OP03_null_SEGDEFAULT:OP03Settings.apk:com.mediatek.op03.settings.OP03SettingsCustomizationFactory:com.mediatek.op03.settings)
08-26 02:14:54.127  5320 15485 E OperatorCustomizationFactoryLoader: 3: OperatorFactoryInfo(OP06_null_SEGDEFAULT:OP06Settings.apk:com.mediatek.op06.settings.Op06SettingsCustomizationFactory:com.mediatek.op06.settings)
08-26 02:14:54.127  5320 15485 E OperatorCustomizationFactoryLoader: 4: OperatorFactoryInfo(OP07_null_SEGDEFAULT:OP07Settings.apk:com.mediatek.op07.settings.OP07SettingsCustomizationFactory:com.mediatek.op07.settings)
08-26 02:14:54.127  5320 15485 E OperatorCustomizationFactoryLoader: 5: OperatorFactoryInfo(OP08_null_SEGDEFAULT:OP08Settings.apk:com.mediatek.op08.settings.Op08SettingsCustomizationFactory:com.mediatek.op08.settings)
08-26 02:14:54.127  5320 15485 E OperatorCustomizationFactoryLoader: 6: OperatorFactoryInfo(OP09_null_SEGC:OP09ClibSettings.apk:com.mediatek.settings.op09clib.Op09ClibSettingsCustomizationFactory:com.mediatek.settings.op09clib)
08-26 02:14:54.127  5320 15485 E OperatorCustomizationFactoryLoader: 7: OperatorFactoryInfo(OP12_null_null:OP12Settings.apk:com.mediatek.op12.settings.Op12SettingsCustomizationFactory:com.mediatek.op12.settings)
08-26 02:14:54.127  5320 15485 E OperatorCustomizationFactoryLoader: 8: OperatorFactoryInfo(OP16_null_SEGDEFAULT:OP16Settings.apk:com.mediatek.op16.settings.Op16SettingsCustomizationFactory:com.mediatek.op16.settings)
08-26 02:14:54.127  5320 15485 E OperatorCustomizationFactoryLoader: 9: OperatorFactoryInfo(OP18_null_SEGDEFAULT:OP18Settings.apk:com.mediatek.op18.settings.OP18SettingsCustomizationFactory:com.mediatek.op18.settings)
08-26 02:14:54.127  5320 15485 E OperatorCustomizationFactoryLoader: 10: OperatorFactoryInfo(OP20_null_SEGDEFAULT:OP20Settings.apk:com.mediatek.op20.settings.OP20SettingsCustomizationFactory:com.mediatek.op20.settings)
08-26 02:14:54.130  1709  1892 E AppLoadParseHandler: appContents: [com.emporia.contacts.easysupport.ContactAppMeta, com.emporia.mms.MessageAppMeta, com.emporia.gallery.easysupport.GalleryAppMeta, com.emporia.notificationcenter.NotificationcenterAppMeta]
08-26 02:14:54.136  2194  2506 W GCoreFlp: No location to return for getLastLocation()
08-26 02:14:54.148   909   988 I InputReader: Reconfiguring input devices.  changes=0x00000010
08-26 02:14:54.180   365   393 W SurfaceFlinger: Attempting to set client state on removed layer: com.android.settings/com.android.settings.SubSettings#1
08-26 02:14:54.180   365   393 W SurfaceFlinger: Attempting to set client state on removed layer: Dim Layer for - Task=13#0
08-26 02:14:54.180   365   393 W SurfaceFlinger: Attempting to destroy on removed layer: com.android.settings/com.android.settings.SubSettings#1
08-26 02:14:54.180   365   393 W SurfaceFlinger: Attempting to destroy on removed layer: Dim Layer for - Task=13#0
08-26 02:14:54.191   365   365 I BufferQueueConsumer: [com.android.settings/com.android.settings.SubSettings#1](this:0xa6fbc000,id:115,api:1,p:-1,c:-1) disconnect(C)
08-26 02:14:54.194   365   365 I BufferQueue: [com.android.settings/com.android.settings.SubSettings#1](this:0xa6fbc000,id:115,api:1,p:-1,c:-1) ~BufferQueueCore
08-26 02:14:54.195   909   909 W Looper  : Slow dispatch took 297ms main h=android.app.ActivityThread$H c=android.app.-$$Lambda$LoadedApk$ReceiverDispatcher$Args$_BumDX2UKsnxLVrE6UJsJZkotuA@cabab43 m=0
08-26 02:14:54.196   909   909 W Looper  : Slow delivery took 311ms main h=android.app.ActivityThread$H c=android.app.-$$Lambda$LoadedApk$ReceiverDispatcher$Args$_BumDX2UKsnxLVrE6UJsJZkotuA@c1885c0 m=0
08-26 02:14:54.234   365   393 I BufferQueueProducer: [com.android.settings/com.android.settings.SubSettings#0](this:0xa4978000,id:114,api:1,p:5320,c:365) queueBuffer: fps=28.20 dur=1276.75 max=653.66 min=7.16
08-26 02:14:54.322  8793 13888 E Hcdn_DeTask3402957051: HCDN_LOG: [2019-08-26 02:14:54.322][T:13888]OnRecvCacheSecondsRequest,1133     cache_bytes=0!
08-26 02:14:54.322  8793 13888 E Hcdn_DeTask3402957051: HCDN_LOG: [2019-08-26 02:14:54.322][T:13888]OnRecvDownloadInfoRequest,2919     hcdn download info speed(0 KB/s) flie_size(15633482) p2p_speed(0 KB/s) cdn_speed(0 KB/s) 
08-26 02:14:54.360  5320 15485 E OperatorCustomizationFactoryLoader: can not find operatorFactoryInfo by slot id -1 from 
08-26 02:14:54.360  5320 15485 E OperatorCustomizationFactoryLoader: 0: OperatorFactoryInfo(OP01_null_null:OP01Settings.apk:com.mediatek.settings.op01.Op01SettingsCustomizationFactory:com.mediatek.settings.op01)
08-26 02:14:54.360  5320 15485 E OperatorCustomizationFactoryLoader: 1: OperatorFactoryInfo(OP02_null_null:OP02Settings.apk:com.mediatek.settings.op02.Op02SettingsCustomizationFactory:com.mediatek.settings.op02)
08-26 02:14:54.360  5320 15485 E OperatorCustomizationFactoryLoader: 2: OperatorFactoryInfo(OP03_null_SEGDEFAULT:OP03Settings.apk:com.mediatek.op03.settings.OP03SettingsCustomizationFactory:com.mediatek.op03.settings)
08-26 02:14:54.360  5320 15485 E OperatorCustomizationFactoryLoader: 3: OperatorFactoryInfo(OP06_null_SEGDEFAULT:OP06Settings.apk:com.mediatek.op06.settings.Op06SettingsCustomizationFactory:com.mediatek.op06.settings)
08-26 02:14:54.360  5320 15485 E OperatorCustomizationFactoryLoader: 4: OperatorFactoryInfo(OP07_null_SEGDEFAULT:OP07Settings.apk:com.mediatek.op07.settings.OP07SettingsCustomizationFactory:com.mediatek.op07.settings)
08-26 02:14:54.360  5320 15485 E OperatorCustomizationFactoryLoader: 5: OperatorFactoryInfo(OP08_null_SEGDEFAULT:OP08Settings.apk:com.mediatek.op08.settings.Op08SettingsCustomizationFactory:com.mediatek.op08.settings)
08-26 02:14:54.360  5320 15485 E OperatorCustomizationFactoryLoader: 6: OperatorFactoryInfo(OP09_null_SEGC:OP09ClibSettings.apk:com.mediatek.settings.op09clib.Op09ClibSettingsCustomizationFactory:com.mediatek.settings.op09clib)
08-26 02:14:54.360  5320 15485 E OperatorCustomizationFactoryLoader: 7: OperatorFactoryInfo(OP12_null_null:OP12Settings.apk:com.mediatek.op12.settings.Op12SettingsCustomizationFactory:com.mediatek.op12.settings)
08-26 02:14:54.360  5320 15485 E OperatorCustomizationFactoryLoader: 8: OperatorFactoryInfo(OP16_null_SEGDEFAULT:OP16Settings.apk:com.mediatek.op16.settings.Op16SettingsCustomizationFactory:com.mediatek.op16.settings)
08-26 02:14:54.360  5320 15485 E OperatorCustomizationFactoryLoader: 9: OperatorFactoryInfo(OP18_null_SEGDEFAULT:OP18Settings.apk:com.mediatek.op18.settings.OP18SettingsCustomizationFactory:com.mediatek.op18.settings)
