08-26 02:07:54.343   902   987 I NetworkStatsRecorder: recordSnapshotLocked: ident[[{type=WIFI, subType=COMBINED, networkId="emporia_5G", metered=false, defaultNetwork=true}]]
08-26 02:07:54.343   902   987 I NetworkStatsRecorder: recordSnapshotLocked: ident[[{type=WIFI, subType=COMBINED, networkId="emporia_5G", metered=false, defaultNetwork=true}]]
08-26 02:07:54.343   902   987 W NetworkStatsRecorder: unknown interfaces [lo], ignoring those stats
08-26 02:07:55.535   902   987 I NetworkStatsRecorder: recordSnapshotLocked: ident[[{type=WIFI, subType=COMBINED, networkId="emporia_5G", metered=false, defaultNetwork=true}]]
08-26 02:07:55.535   902   987 W NetworkStatsRecorder: unknown interfaces [lo], ignoring those stats
08-26 02:07:55.536   902   987 I NetworkStatsRecorder: recordSnapshotLocked: ident[[{type=WIFI, subType=COMBINED, networkId="emporia_5G", metered=false, defaultNetwork=true}]]
08-26 02:07:55.537   902   987 W NetworkStatsRecorder: unknown interfaces [lo], ignoring those stats
08-26 02:07:55.538   902   987 I NetworkStatsRecorder: recordSnapshotLocked: ident[[{type=WIFI, subType=COMBINED, networkId="emporia_5G", metered=false, defaultNetwork=true}]]
08-26 02:07:55.539   902   987 I NetworkStatsRecorder: recordSnapshotLocked: ident[[{type=WIFI, subType=COMBINED, networkId="emporia_5G", metered=false, defaultNetwork=true}]]
08-26 02:07:55.539   902   987 W NetworkStatsRecorder: unknown interfaces [lo], ignoring those stats
08-26 02:07:55.540   902   987 I NetworkStatsRecorder: recordSnapshotLocked: ident[[{type=WIFI, subType=COMBINED, networkId="emporia_5G", metered=false, defaultNetwork=true}]]
08-26 02:07:55.540   902   987 W NetworkStatsRecorder: unknown interfaces [lo], ignoring those stats
08-26 02:08:05.790   525   660 E storaged: getDiskStats failed with result NOT_SUPPORTED and size 0
08-26 02:08:48.154   902   987 I NetworkStatsRecorder: recordSnapshotLocked: ident[[{type=WIFI, subType=COMBINED, networkId="emporia_5G", metered=false, defaultNetwork=true}]]
08-26 02:08:48.154   902   987 W NetworkStatsRecorder: unknown interfaces [lo], ignoring those stats
08-26 02:08:48.155   902   987 I NetworkStatsRecorder: recordSnapshotLocked: ident[[{type=WIFI, subType=COMBINED, networkId="emporia_5G", metered=false, defaultNetwork=true}]]
08-26 02:08:48.155   902   987 W NetworkStatsRecorder: unknown interfaces [lo], ignoring those stats
08-26 02:08:48.156   902   987 I NetworkStatsRecorder: recordSnapshotLocked: ident[[{type=WIFI, subType=COMBINED, networkId="emporia_5G", metered=false, defaultNetwork=true}]]
08-26 02:08:48.156   902   987 I chatty  : uid=1000(system) NetworkStats identical 2 lines
08-26 02:08:48.158   902   987 I NetworkStatsRecorder: recordSnapshotLocked: ident[[{type=WIFI, subType=COMBINED, networkId="emporia_5G", metered=false, defaultNetwork=true}]]
08-26 02:08:48.159   902   987 W NetworkStatsRecorder: unknown interfaces [lo], ignoring those stats
08-26 02:08:48.160   902   987 I NetworkStatsRecorder: recordSnapshotLocked: ident[[{type=WIFI, subType=COMBINED, networkId="emporia_5G", metered=false, defaultNetwork=true}]]
08-26 02:08:48.162   902   987 I chatty  : uid=1000(system) NetworkStats identical 1 line
08-26 02:08:48.162   902   987 I NetworkStatsRecorder: recordSnapshotLocked: ident[[{type=WIFI, subType=COMBINED, networkId="emporia_5G", metered=false, defaultNetwork=true}]]
08-26 02:08:48.163   902   987 W NetworkStatsRecorder: unknown interfaces [lo], ignoring those stats
08-26 02:08:49.225   902   987 I NetworkStatsRecorder: recordSnapshotLocked: ident[[{type=WIFI, subType=COMBINED, networkId="emporia_5G", metered=false, defaultNetwork=true}]]
08-26 02:08:49.226   902   987 W NetworkStatsRecorder: unknown interfaces [lo], ignoring those stats
08-26 02:08:49.226   902   987 I NetworkStatsRecorder: recordSnapshotLocked: ident[[{type=WIFI, subType=COMBINED, networkId="emporia_5G", metered=false, defaultNetwork=true}]]
08-26 02:08:49.226   902   987 W NetworkStatsRecorder: unknown interfaces [lo], ignoring those stats
08-26 02:08:49.227   902   987 I NetworkStatsRecorder: recordSnapshotLocked: ident[[{type=WIFI, subType=COMBINED, networkId="emporia_5G", metered=false, defaultNetwork=true}]]
08-26 02:08:49.228   902   987 W NetworkStatsRecorder: unknown interfaces [lo], ignoring those stats
08-26 02:08:49.229   902   987 W NetworkStatsRecorder: unknown interfaces [lo], ignoring those stats
08-26 02:09:05.791   525   660 E storaged: getDiskStats failed with result NOT_SUPPORTED and size 0
08-26 02:10:05.791   525   660 E storaged: getDiskStats failed with result NOT_SUPPORTED and size 0
08-26 02:10:54.379   902   918 W BroadcastQueue: Background execution not allowed: receiving Intent { act=android.net.conn.NETWORK_CONDITIONS_MEASURED flg=0x10 (has extras) } to com.google.android.gms/.chimera.GmsIntentOperationService$PersistentTrustedReceiver
08-26 02:11:05.792   525   660 E storaged: getDiskStats failed with result NOT_SUPPORTED and size 0
08-26 02:11:11.536   902   987 I NetworkStatsRecorder: recordSnapshotLocked: ident[[{type=WIFI, subType=COMBINED, networkId="emporia_5G", metered=false, defaultNetwork=true}]]
08-26 02:11:11.536   902   987 W NetworkStatsRecorder: unknown interfaces [lo], ignoring those stats
08-26 02:11:11.536   902   987 I NetworkStatsRecorder: recordSnapshotLocked: ident[[{type=WIFI, subType=COMBINED, networkId="emporia_5G", metered=false, defaultNetwork=true}]]
08-26 02:11:11.537   902   987 W NetworkStatsRecorder: unknown interfaces [lo], ignoring those stats
08-26 02:11:11.538   902   987 I NetworkStatsRecorder: recordSnapshotLocked: ident[[{type=WIFI, subType=COMBINED, networkId="emporia_5G", metered=false, defaultNetwork=true}]]
08-26 02:11:11.538   902   987 I chatty  : uid=1000(system) NetworkStats identical 4 lines
08-26 02:11:11.539   902   987 I NetworkStatsRecorder: recordSnapshotLocked: ident[[{type=WIFI, subType=COMBINED, networkId="emporia_5G", metered=false, defaultNetwork=true}]]
08-26 02:11:11.539   902   987 W NetworkStatsRecorder: unknown interfaces [lo], ignoring those stats
08-26 02:11:11.540   902   987 I NetworkStatsRecorder: recordSnapshotLocked: ident[[{type=WIFI, subType=COMBINED, networkId="emporia_5G", metered=false, defaultNetwork=true}]]
08-26 02:11:11.541   902   987 I chatty  : uid=1000(system) NetworkStats identical 7 lines
08-26 02:11:11.541   902   987 I NetworkStatsRecorder: recordSnapshotLocked: ident[[{type=WIFI, subType=COMBINED, networkId="emporia_5G", metered=false, defaultNetwork=true}]]
08-26 02:11:11.541   902   987 W NetworkStatsRecorder: unknown interfaces [lo], ignoring those stats
08-26 02:11:31.259   902   917 I UsageStatsService: User[0] Flushing usage stats to disk
08-26 02:12:05.793   525   660 E storaged: getDiskStats failed with result NOT_SUPPORTED and size 0
08-26 02:12:19.024   902   987 I NetworkStatsRecorder: recordSnapshotLocked: ident[[{type=WIFI, subType=COMBINED, networkId="emporia_5G", metered=false, defaultNetwork=true}]]
08-26 02:12:19.024   902   987 W NetworkStatsRecorder: unknown interfaces [lo], ignoring those stats
08-26 02:12:19.024   902   987 I NetworkStatsRecorder: recordSnapshotLocked: ident[[{type=WIFI, subType=COMBINED, networkId="emporia_5G", metered=false, defaultNetwork=true}]]
08-26 02:12:19.024   902   987 W NetworkStatsRecorder: unknown interfaces [lo], ignoring those stats
08-26 02:12:19.025   902   987 I NetworkStatsRecorder: recordSnapshotLocked: ident[[{type=WIFI, subType=COMBINED, networkId="emporia_5G", metered=false, defaultNetwork=true}]]
08-26 02:12:19.026   902   987 I chatty  : uid=1000(system) NetworkStats identical 4 lines
08-26 02:12:19.026   902   987 I NetworkStatsRecorder: recordSnapshotLocked: ident[[{type=WIFI, subType=COMBINED, networkId="emporia_5G", metered=false, defaultNetwork=true}]]
08-26 02:12:19.026   902   987 W NetworkStatsRecorder: unknown interfaces [lo], ignoring those stats
08-26 02:12:19.027   902   987 I NetworkStatsRecorder: recordSnapshotLocked: ident[[{type=WIFI, subType=COMBINED, networkId="emporia_5G", metered=false, defaultNetwork=true}]]
08-26 02:12:19.027   902   987 I chatty  : uid=1000(system) NetworkStats identical 1 line
08-26 02:12:19.027   902   987 I NetworkStatsRecorder: recordSnapshotLocked: ident[[{type=WIFI, subType=COMBINED, networkId="emporia_5G", metered=false, defaultNetwork=true}]]
08-26 02:12:19.028   902   987 W NetworkStatsRecorder: unknown interfaces [lo], ignoring those stats
08-26 02:12:20.314   902   987 I NetworkStatsRecorder: recordSnapshotLocked: ident[[{type=WIFI, subType=COMBINED, networkId="emporia_5G", metered=false, defaultNetwork=true}]]
08-26 02:12:20.315   902   987 W NetworkStatsRecorder: unknown interfaces [lo], ignoring those stats
08-26 02:12:20.322   902   987 I NetworkStatsRecorder: recordSnapshotLocked: ident[[{type=WIFI, subType=COMBINED, networkId="emporia_5G", metered=false, defaultNetwork=true}]]
08-26 02:12:20.323   902   987 W NetworkStatsRecorder: unknown interfaces [lo], ignoring those stats
08-26 02:12:20.325   902   987 I NetworkStatsRecorder: recordSnapshotLocked: ident[[{type=WIFI, subType=COMBINED, networkId="emporia_5G", metered=false, defaultNetwork=true}]]
08-26 02:12:20.325   902   987 I NetworkStatsRecorder: recordSnapshotLocked: ident[[{type=WIFI, subType=COMBINED, networkId="emporia_5G", metered=false, defaultNetwork=true}]]
08-26 02:12:20.326   902   987 W NetworkStatsRecorder: unknown interfaces [lo], ignoring those stats
08-26 02:12:20.327   902   987 W NetworkStatsRecorder: unknown interfaces [lo], ignoring those stats
08-26 02:12:49.614   902   922 E BatteryExternalStatsWorker: no controller energy info supplied for wifi
08-26 02:12:49.615   902   922 E BatteryExternalStatsWorker: no controller energy info supplied for bluetooth
08-26 02:13:05.793   525   660 E storaged: getDiskStats failed with result NOT_SUPPORTED and size 0
08-26 02:13:48.427   902   987 I NetworkStatsRecorder: recordSnapshotLocked: ident[[{type=WIFI, subType=COMBINED, networkId="emporia_5G", metered=false, defaultNetwork=true}]]
08-26 02:13:48.427   902   987 W NetworkStatsRecorder: unknown interfaces [lo], ignoring those stats
08-26 02:13:48.427   902   987 I NetworkStatsRecorder: recordSnapshotLocked: ident[[{type=WIFI, subType=COMBINED, networkId="emporia_5G", metered=false, defaultNetwork=true}]]
08-26 02:13:48.427   902   987 W NetworkStatsRecorder: unknown interfaces [lo], ignoring those stats
08-26 02:13:48.428   902   987 I NetworkStatsRecorder: recordSnapshotLocked: ident[[{type=WIFI, subType=COMBINED, networkId="emporia_5G", metered=false, defaultNetwork=true}]]
08-26 02:13:48.428   902   987 I chatty  : uid=1000(system) NetworkStats identical 3 lines
08-26 02:13:48.429   902   987 I NetworkStatsRecorder: recordSnapshotLocked: ident[[{type=WIFI, subType=COMBINED, networkId="emporia_5G", metered=false, defaultNetwork=true}]]
08-26 02:13:48.429   902   987 W NetworkStatsRecorder: unknown interfaces [lo], ignoring those stats
08-26 02:13:48.430   902   987 I NetworkStatsRecorder: recordSnapshotLocked: ident[[{type=WIFI, subType=COMBINED, networkId="emporia_5G", metered=false, defaultNetwork=true}]]
08-26 02:13:48.430   902   987 I chatty  : uid=1000(system) NetworkStats identical 3 lines
08-26 02:13:48.430   902   987 I NetworkStatsRecorder: recordSnapshotLocked: ident[[{type=WIFI, subType=COMBINED, networkId="emporia_5G", metered=false, defaultNetwork=true}]]
08-26 02:13:48.430   902   987 W NetworkStatsRecorder: unknown interfaces [lo], ignoring those stats
08-26 02:13:49.534   902   987 I NetworkStatsRecorder: recordSnapshotLocked: ident[[{type=WIFI, subType=COMBINED, networkId="emporia_5G", metered=false, defaultNetwork=true}]]
08-26 02:13:49.534   902   987 W NetworkStatsRecorder: unknown interfaces [lo], ignoring those stats
08-26 02:13:49.535   902   987 I NetworkStatsRecorder: recordSnapshotLocked: ident[[{type=WIFI, subType=COMBINED, networkId="emporia_5G", metered=false, defaultNetwork=true}]]
08-26 02:13:49.535   902   987 W NetworkStatsRecorder: unknown interfaces [lo], ignoring those stats
08-26 02:13:49.536   902   987 I NetworkStatsRecorder: recordSnapshotLocked: ident[[{type=WIFI, subType=COMBINED, networkId="emporia_5G", metered=false, defaultNetwork=true}]]
08-26 02:13:49.537   902   987 W NetworkStatsRecorder: unknown interfaces [lo], ignoring those stats
08-26 02:13:49.538   902   987 W NetworkStatsRecorder: unknown interfaces [lo], ignoring those stats
08-26 02:13:50.671   902   987 I NetworkStatsRecorder: recordSnapshotLocked: ident[[{type=WIFI, subType=COMBINED, networkId="emporia_5G", metered=false, defaultNetwork=true}]]
08-26 02:13:50.671   902   987 W NetworkStatsRecorder: unknown interfaces [lo], ignoring those stats
08-26 02:13:50.672   902   987 I NetworkStatsRecorder: recordSnapshotLocked: ident[[{type=WIFI, subType=COMBINED, networkId="emporia_5G", metered=false, defaultNetwork=true}]]
08-26 02:13:50.672   902   987 W NetworkStatsRecorder: unknown interfaces [lo], ignoring those stats
08-26 02:13:50.673   902   987 I NetworkStatsRecorder: recordSnapshotLocked: ident[[{type=WIFI, subType=COMBINED, networkId="emporia_5G", metered=false, defaultNetwork=true}]]
08-26 02:13:50.674   902   987 W NetworkStatsRecorder: unknown interfaces [lo], ignoring those stats
08-26 02:13:50.676   902   987 W NetworkStatsRecorder: unknown interfaces [lo], ignoring those stats
08-26 02:13:51.704   902   918 W BroadcastQueue: Background execution not allowed: receiving Intent { act=android.intent.action.DROPBOX_ENTRY_ADDED flg=0x10 (has extras) } to com.google.android.gms/.stats.service.DropBoxEntryAddedReceiver
08-26 02:13:51.704   902   918 W BroadcastQueue: Background execution not allowed: receiving Intent { act=android.intent.action.DROPBOX_ENTRY_ADDED flg=0x10 (has extras) } to com.google.android.gms/.chimera.GmsIntentOperationService$PersistentTrustedReceiver
08-26 02:13:52.367   902   987 I NetworkStatsRecorder: recordSnapshotLocked: ident[[{type=WIFI, subType=COMBINED, networkId="emporia_5G", metered=false, defaultNetwork=true}]]
08-26 02:13:52.368   902   987 W NetworkStatsRecorder: unknown interfaces [lo], ignoring those stats
08-26 02:13:52.371   902   987 I NetworkStatsRecorder: recordSnapshotLocked: ident[[{type=WIFI, subType=COMBINED, networkId="emporia_5G", metered=false, defaultNetwork=true}]]
08-26 02:13:52.373   902   987 W NetworkStatsRecorder: unknown interfaces [lo], ignoring those stats
08-26 02:13:52.373   902   987 I NetworkStatsRecorder: recordSnapshotLocked: ident[[{type=WIFI, subType=COMBINED, networkId="emporia_5G", metered=false, defaultNetwork=true}]]
08-26 02:13:52.374   902   987 I chatty  : uid=1000(system) NetworkStats identical 2 lines
08-26 02:13:52.374   902   987 I NetworkStatsRecorder: recordSnapshotLocked: ident[[{type=WIFI, subType=COMBINED, networkId="emporia_5G", metered=false, defaultNetwork=true}]]
08-26 02:13:52.374   902   987 W NetworkStatsRecorder: unknown interfaces [lo], ignoring those stats
08-26 02:13:52.374   902   987 I NetworkStatsRecorder: recordSnapshotLocked: ident[[{type=WIFI, subType=COMBINED, networkId="emporia_5G", metered=false, defaultNetwork=true}]]
08-26 02:13:52.374   902   987 W NetworkStatsRecorder: unknown interfaces [lo], ignoring those stats
08-26 02:13:53.587   902   987 I NetworkStatsRecorder: recordSnapshotLocked: ident[[{type=WIFI, subType=COMBINED, networkId="emporia_5G", metered=false, defaultNetwork=true}]]
08-26 02:13:53.587   902   987 W NetworkStatsRecorder: unknown interfaces [lo], ignoring those stats
08-26 02:13:53.587   902   987 I NetworkStatsRecorder: recordSnapshotLocked: ident[[{type=WIFI, subType=COMBINED, networkId="emporia_5G", metered=false, defaultNetwork=true}]]
08-26 02:13:53.588   902   987 W NetworkStatsRecorder: unknown interfaces [lo], ignoring those stats
08-26 02:13:53.588   902   987 I NetworkStatsRecorder: recordSnapshotLocked: ident[[{type=WIFI, subType=COMBINED, networkId="emporia_5G", metered=false, defaultNetwork=true}]]
08-26 02:13:53.588   902   987 I chatty  : uid=1000(system) NetworkStats identical 2 lines
08-26 02:13:53.588   902   987 I NetworkStatsRecorder: recordSnapshotLocked: ident[[{type=WIFI, subType=COMBINED, networkId="emporia_5G", metered=false, defaultNetwork=true}]]
08-26 02:13:53.588   902   987 W NetworkStatsRecorder: unknown interfaces [lo], ignoring those stats
08-26 02:13:53.589   902   987 I NetworkStatsRecorder: recordSnapshotLocked: ident[[{type=WIFI, subType=COMBINED, networkId="emporia_5G", metered=false, defaultNetwork=true}]]
08-26 02:13:53.591   902   987 W NetworkStatsRecorder: unknown interfaces [lo], ignoring those stats
08-26 02:13:55.151   902   987 I NetworkStatsRecorder: recordSnapshotLocked: ident[[{type=WIFI, subType=COMBINED, networkId="emporia_5G", metered=false, defaultNetwork=true}]]
08-26 02:13:55.152   902   987 W NetworkStatsRecorder: unknown interfaces [lo], ignoring those stats
08-26 02:13:55.152   902   987 I NetworkStatsRecorder: recordSnapshotLocked: ident[[{type=WIFI, subType=COMBINED, networkId="emporia_5G", metered=false, defaultNetwork=true}]]
08-26 02:13:55.152   902   987 W NetworkStatsRecorder: unknown interfaces [lo], ignoring those stats
08-26 02:13:55.152   902   987 I NetworkStatsRecorder: recordSnapshotLocked: ident[[{type=WIFI, subType=COMBINED, networkId="emporia_5G", metered=false, defaultNetwork=true}]]
08-26 02:13:55.152   902   987 I NetworkStatsRecorder: recordSnapshotLocked: ident[[{type=WIFI, subType=COMBINED, networkId="emporia_5G", metered=false, defaultNetwork=true}]]
08-26 02:13:55.152   902   987 W NetworkStatsRecorder: unknown interfaces [lo], ignoring those stats
08-26 02:13:55.153   902   987 W NetworkStatsRecorder: unknown interfaces [lo], ignoring those stats
08-26 02:13:56.282   902   987 I NetworkStatsRecorder: recordSnapshotLocked: ident[[{type=WIFI, subType=COMBINED, networkId="emporia_5G", metered=false, defaultNetwork=true}]]
08-26 02:13:56.282   902   987 W NetworkStatsRecorder: unknown interfaces [lo], ignoring those stats
08-26 02:13:56.283   902   987 I NetworkStatsRecorder: recordSnapshotLocked: ident[[{type=WIFI, subType=COMBINED, networkId="emporia_5G", metered=false, defaultNetwork=true}]]
08-26 02:13:56.283   902   987 W NetworkStatsRecorder: unknown interfaces [lo], ignoring those stats
08-26 02:13:56.289   902   987 I NetworkStatsRecorder: recordSnapshotLocked: ident[[{type=WIFI, subType=COMBINED, networkId="emporia_5G", metered=false, defaultNetwork=true}]]
08-26 02:13:56.291   902   987 I chatty  : uid=1000(system) NetworkStats identical 1 line
08-26 02:13:56.292   902   987 I NetworkStatsRecorder: recordSnapshotLocked: ident[[{type=WIFI, subType=COMBINED, networkId="emporia_5G", metered=false, defaultNetwork=true}]]
08-26 02:13:56.292   902   987 W NetworkStatsRecorder: unknown interfaces [lo], ignoring those stats
08-26 02:13:56.293   902   987 I NetworkStatsRecorder: recordSnapshotLocked: ident[[{type=WIFI, subType=COMBINED, networkId="emporia_5G", metered=false, defaultNetwork=true}]]
08-26 02:13:56.293   902   987 W NetworkStatsRecorder: unknown interfaces [lo], ignoring those stats
08-26 02:13:57.672   902   920 I ActivityManager: Start proc 13901:com.google.process.gapps/u0a7 for broadcast com.google.android.gsf/.settings.GoogleLocationSettings$LocationSettingsChangedListener
08-26 02:14:05.794   525   660 E storaged: getDiskStats failed with result NOT_SUPPORTED and size 0
08-26 02:14:56.615   902   987 I NetworkStatsRecorder: recordSnapshotLocked: ident[[{type=WIFI, subType=COMBINED, networkId="emporia_5G", metered=false, defaultNetwork=true}]]
08-26 02:14:56.615   902   987 W NetworkStatsRecorder: unknown interfaces [lo], ignoring those stats
08-26 02:14:56.616   902   987 I NetworkStatsRecorder: recordSnapshotLocked: ident[[{type=WIFI, subType=COMBINED, networkId="emporia_5G", metered=false, defaultNetwork=true}]]
08-26 02:14:56.616   902   987 W NetworkStatsRecorder: unknown interfaces [lo], ignoring those stats
08-26 02:14:56.617   902   987 I NetworkStatsRecorder: recordSnapshotLocked: ident[[{type=WIFI, subType=COMBINED, networkId="emporia_5G", metered=false, defaultNetwork=true}]]
08-26 02:14:56.618   902   987 I chatty  : uid=1000(system) NetworkStats identical 2 lines
08-26 02:14:56.619   902   987 I NetworkStatsRecorder: recordSnapshotLocked: ident[[{type=WIFI, subType=COMBINED, networkId="emporia_5G", metered=false, defaultNetwork=true}]]
08-26 02:14:56.620   902   987 W NetworkStatsRecorder: unknown interfaces [lo], ignoring those stats
08-26 02:14:56.621   902   987 I NetworkStatsRecorder: recordSnapshotLocked: ident[[{type=WIFI, subType=COMBINED, networkId="emporia_5G", metered=false, defaultNetwork=true}]]
08-26 02:14:56.621   902   987 I NetworkStatsRecorder: recordSnapshotLocked: ident[[{type=WIFI, subType=COMBINED, networkId="emporia_5G", metered=false, defaultNetwork=true}]]
08-26 02:14:56.622   902   987 W NetworkStatsRecorder: unknown interfaces [lo], ignoring those stats
08-26 02:14:57.803   902   987 I NetworkStatsRecorder: recordSnapshotLocked: ident[[{type=WIFI, subType=COMBINED, networkId="emporia_5G", metered=false, defaultNetwork=true}]]
08-26 02:14:57.803   902   987 W NetworkStatsRecorder: unknown interfaces [lo], ignoring those stats
08-26 02:14:57.803   902   987 I NetworkStatsRecorder: recordSnapshotLocked: ident[[{type=WIFI, subType=COMBINED, networkId="emporia_5G", metered=false, defaultNetwork=true}]]
08-26 02:14:57.803   902   987 W NetworkStatsRecorder: unknown interfaces [lo], ignoring those stats
08-26 02:14:57.804   902   987 I NetworkStatsRecorder: recordSnapshotLocked: ident[[{type=WIFI, subType=COMBINED, networkId="emporia_5G", metered=false, defaultNetwork=true}]]
08-26 02:14:57.805   902   987 W NetworkStatsRecorder: unknown interfaces [lo], ignoring those stats
08-26 02:14:57.806   902   987 W NetworkStatsRecorder: unknown interfaces [lo], ignoring those stats
08-26 02:15:05.795   525   660 E storaged: getDiskStats failed with result NOT_SUPPORTED and size 0
08-26 02:16:02.464   902   987 I NetworkStatsRecorder: recordSnapshotLocked: ident[[{type=WIFI, subType=COMBINED, networkId="emporia_5G", metered=false, defaultNetwork=true}]]
08-26 02:16:02.464   902   987 W NetworkStatsRecorder: unknown interfaces [lo], ignoring those stats
08-26 02:16:02.464   902   987 I NetworkStatsRecorder: recordSnapshotLocked: ident[[{type=WIFI, subType=COMBINED, networkId="emporia_5G", metered=false, defaultNetwork=true}]]
08-26 02:16:02.465   902   987 W NetworkStatsRecorder: unknown interfaces [lo], ignoring those stats
08-26 02:16:02.466   902   987 I NetworkStatsRecorder: recordSnapshotLocked: ident[[{type=WIFI, subType=COMBINED, networkId="emporia_5G", metered=false, defaultNetwork=true}]]
08-26 02:16:02.466   902   987 I chatty  : uid=1000(system) NetworkStats identical 2 lines
08-26 02:16:02.466   902   987 I NetworkStatsRecorder: recordSnapshotLocked: ident[[{type=WIFI, subType=COMBINED, networkId="emporia_5G", metered=false, defaultNetwork=true}]]
08-26 02:16:02.467   902   987 W NetworkStatsRecorder: unknown interfaces [lo], ignoring those stats
08-26 02:16:02.467   902   987 I NetworkStatsRecorder: recordSnapshotLocked: ident[[{type=WIFI, subType=COMBINED, networkId="emporia_5G", metered=false, defaultNetwork=true}]]
08-26 02:16:02.467   902   987 I NetworkStatsRecorder: recordSnapshotLocked: ident[[{type=WIFI, subType=COMBINED, networkId="emporia_5G", metered=false, defaultNetwork=true}]]
08-26 02:16:02.467   902   987 W NetworkStatsRecorder: unknown interfaces [lo], ignoring those stats
08-26 02:16:03.596   902   987 I NetworkStatsRecorder: recordSnapshotLocked: ident[[{type=WIFI, subType=COMBINED, networkId="emporia_5G", metered=false, defaultNetwork=true}]]
08-26 02:16:03.598   902   987 W NetworkStatsRecorder: unknown interfaces [lo], ignoring those stats
08-26 02:16:03.598   902   987 I NetworkStatsRecorder: recordSnapshotLocked: ident[[{type=WIFI, subType=COMBINED, networkId="emporia_5G", metered=false, defaultNetwork=true}]]
08-26 02:16:03.600   902   987 W NetworkStatsRecorder: unknown interfaces [lo], ignoring those stats
08-26 02:16:03.601   902   987 I NetworkStatsRecorder: recordSnapshotLocked: ident[[{type=WIFI, subType=COMBINED, networkId="emporia_5G", metered=false, defaultNetwork=true}]]
08-26 02:16:03.603   902   987 W NetworkStatsRecorder: unknown interfaces [lo], ignoring those stats
08-26 02:16:03.606   902   987 W NetworkStatsRecorder: unknown interfaces [lo], ignoring those stats
08-26 02:16:05.795   525   660 E storaged: getDiskStats failed with result NOT_SUPPORTED and size 0
08-26 02:17:05.796   525   660 E storaged: getDiskStats failed with result NOT_SUPPORTED and size 0
08-26 02:18:05.797   525   660 E storaged: getDiskStats failed with result NOT_SUPPORTED and size 0
08-26 02:18:07.896   902   987 I NetworkStatsRecorder: recordSnapshotLocked: ident[[{type=WIFI, subType=COMBINED, networkId="emporia_5G", metered=false, defaultNetwork=true}]]
08-26 02:18:07.897   902   987 W NetworkStatsRecorder: unknown interfaces [lo], ignoring those stats
08-26 02:18:07.897   902   987 I NetworkStatsRecorder: recordSnapshotLocked: ident[[{type=WIFI, subType=COMBINED, networkId="emporia_5G", metered=false, defaultNetwork=true}]]
08-26 02:18:07.898   902   987 W NetworkStatsRecorder: unknown interfaces [lo], ignoring those stats
08-26 02:18:07.898   902   987 I NetworkStatsRecorder: recordSnapshotLocked: ident[[{type=WIFI, subType=COMBINED, networkId="emporia_5G", metered=false, defaultNetwork=true}]]
08-26 02:18:07.899   902   987 I chatty  : uid=1000(system) NetworkStats identical 3 lines
08-26 02:18:07.899   902   987 I NetworkStatsRecorder: recordSnapshotLocked: ident[[{type=WIFI, subType=COMBINED, networkId="emporia_5G", metered=false, defaultNetwork=true}]]
08-26 02:18:07.899   902   987 W NetworkStatsRecorder: unknown interfaces [lo], ignoring those stats
08-26 02:18:07.899   902   987 I NetworkStatsRecorder: recordSnapshotLocked: ident[[{type=WIFI, subType=COMBINED, networkId="emporia_5G", metered=false, defaultNetwork=true}]]
08-26 02:18:07.900   902   987 I chatty  : uid=1000(system) NetworkStats identical 3 lines
08-26 02:18:07.900   902   987 I NetworkStatsRecorder: recordSnapshotLocked: ident[[{type=WIFI, subType=COMBINED, networkId="emporia_5G", metered=false, defaultNetwork=true}]]
08-26 02:18:07.900   902   987 W NetworkStatsRecorder: unknown interfaces [lo], ignoring those stats
08-26 02:18:42.034   902   987 I NetworkStatsRecorder: recordSnapshotLocked: ident[[{type=WIFI, subType=COMBINED, networkId="emporia_5G", metered=false, defaultNetwork=true}]]
08-26 02:18:42.034   902   987 W NetworkStatsRecorder: unknown interfaces [lo], ignoring those stats
08-26 02:18:42.035   902   987 I NetworkStatsRecorder: recordSnapshotLocked: ident[[{type=WIFI, subType=COMBINED, networkId="emporia_5G", metered=false, defaultNetwork=true}]]
08-26 02:18:42.036   902   987 W NetworkStatsRecorder: unknown interfaces [lo], ignoring those stats
08-26 02:18:42.038   902   987 I NetworkStatsRecorder: recordSnapshotLocked: ident[[{type=WIFI, subType=COMBINED, networkId="emporia_5G", metered=false, defaultNetwork=true}]]
08-26 02:18:42.038   902   987 I chatty  : uid=1000(system) NetworkStats identical 2 lines
08-26 02:18:42.039   902   987 I NetworkStatsRecorder: recordSnapshotLocked: ident[[{type=WIFI, subType=COMBINED, networkId="emporia_5G", metered=false, defaultNetwork=true}]]
08-26 02:18:42.039   902   987 W NetworkStatsRecorder: unknown interfaces [lo], ignoring those stats
08-26 02:18:42.039   902   987 I NetworkStatsRecorder: recordSnapshotLocked: ident[[{type=WIFI, subType=COMBINED, networkId="emporia_5G", metered=false, defaultNetwork=true}]]
08-26 02:18:42.040   902   987 I NetworkStatsRecorder: recordSnapshotLocked: ident[[{type=WIFI, subType=COMBINED, networkId="emporia_5G", metered=false, defaultNetwork=true}]]
08-26 02:18:42.040   902   987 W NetworkStatsRecorder: unknown interfaces [lo], ignoring those stats
08-26 02:18:43.317   902   987 I NetworkStatsRecorder: recordSnapshotLocked: ident[[{type=WIFI, subType=COMBINED, networkId="emporia_5G", metered=false, defaultNetwork=true}]]
08-26 02:18:43.318   902   987 W NetworkStatsRecorder: unknown interfaces [lo], ignoring those stats
08-26 02:18:43.318   902   987 I NetworkStatsRecorder: recordSnapshotLocked: ident[[{type=WIFI, subType=COMBINED, networkId="emporia_5G", metered=false, defaultNetwork=true}]]
08-26 02:18:43.318   902   987 W NetworkStatsRecorder: unknown interfaces [lo], ignoring those stats
08-26 02:18:43.319   902   987 I NetworkStatsRecorder: recordSnapshotLocked: ident[[{type=WIFI, subType=COMBINED, networkId="emporia_5G", metered=false, defaultNetwork=true}]]
08-26 02:18:43.319   902   987 I NetworkStatsRecorder: recordSnapshotLocked: ident[[{type=WIFI, subType=COMBINED, networkId="emporia_5G", metered=false, defaultNetwork=true}]]
08-26 02:18:43.319   902   987 W NetworkStatsRecorder: unknown interfaces [lo], ignoring those stats
08-26 02:18:43.320   902   987 I NetworkStatsRecorder: recordSnapshotLocked: ident[[{type=WIFI, subType=COMBINED, networkId="emporia_5G", metered=false, defaultNetwork=true}]]
08-26 02:18:43.320   902   987 W NetworkStatsRecorder: unknown interfaces [lo], ignoring those stats
08-26 02:19:05.798   525   660 E storaged: getDiskStats failed with result NOT_SUPPORTED and size 0
08-26 02:19:53.847   902   987 I NetworkStatsRecorder: recordSnapshotLocked: ident[[{type=WIFI, subType=COMBINED, networkId="emporia_5G", metered=false, defaultNetwork=true}]]
08-26 02:19:53.848   902   987 W NetworkStatsRecorder: unknown interfaces [lo], ignoring those stats
08-26 02:19:53.855   902   987 I NetworkStatsRecorder: recordSnapshotLocked: ident[[{type=WIFI, subType=COMBINED, networkId="emporia_5G", metered=false, defaultNetwork=true}]]
08-26 02:19:53.858   902   987 W NetworkStatsRecorder: unknown interfaces [lo], ignoring those stats
08-26 02:19:53.862   902   987 I NetworkStatsRecorder: recordSnapshotLocked: ident[[{type=WIFI, subType=COMBINED, networkId="emporia_5G", metered=false, defaultNetwork=true}]]
08-26 02:19:53.863   902   987 I chatty  : uid=1000(system) NetworkStats identical 1 line
08-26 02:19:53.863   902   987 I NetworkStatsRecorder: recordSnapshotLocked: ident[[{type=WIFI, subType=COMBINED, networkId="emporia_5G", metered=false, defaultNetwork=true}]]
08-26 02:19:53.863   902   987 W NetworkStatsRecorder: unknown interfaces [lo], ignoring those stats
08-26 02:19:53.864   902   987 I NetworkStatsRecorder: recordSnapshotLocked: ident[[{type=WIFI, subType=COMBINED, networkId="emporia_5G", metered=false, defaultNetwork=true}]]
08-26 02:19:53.864   902   987 I NetworkStatsRecorder: recordSnapshotLocked: ident[[{type=WIFI, subType=COMBINED, networkId="emporia_5G", metered=false, defaultNetwork=true}]]
08-26 02:19:53.864   902   987 W NetworkStatsRecorder: unknown interfaces [lo], ignoring those stats
08-26 02:19:57.840   902   987 I NetworkStatsRecorder: recordSnapshotLocked: ident[[{type=WIFI, subType=COMBINED, networkId="emporia_5G", metered=false, defaultNetwork=true}]]
08-26 02:19:57.841   902   987 W NetworkStatsRecorder: unknown interfaces [lo], ignoring those stats
08-26 02:19:57.841   902   987 I NetworkStatsRecorder: recordSnapshotLocked: ident[[{type=WIFI, subType=COMBINED, networkId="emporia_5G", metered=false, defaultNetwork=true}]]
08-26 02:19:57.841   902   987 W NetworkStatsRecorder: unknown interfaces [lo], ignoring those stats
08-26 02:19:57.844   902   987 I NetworkStatsRecorder: recordSnapshotLocked: ident[[{type=WIFI, subType=COMBINED, networkId="emporia_5G", metered=false, defaultNetwork=true}]]
08-26 02:19:57.844   902   987 I chatty  : uid=1000(system) NetworkStats identical 1 line
08-26 02:19:57.844   902   987 I NetworkStatsRecorder: recordSnapshotLocked: ident[[{type=WIFI, subType=COMBINED, networkId="emporia_5G", metered=false, defaultNetwork=true}]]
08-26 02:19:57.844   902   987 W NetworkStatsRecorder: unknown interfaces [lo], ignoring those stats
08-26 02:19:57.846   902   987 I NetworkStatsRecorder: recordSnapshotLocked: ident[[{type=WIFI, subType=COMBINED, networkId="emporia_5G", metered=false, defaultNetwork=true}]]
08-26 02:19:57.846   902   987 I NetworkStatsRecorder: recordSnapshotLocked: ident[[{type=WIFI, subType=COMBINED, networkId="emporia_5G", metered=false, defaultNetwork=true}]]
08-26 02:19:57.846   902   987 W NetworkStatsRecorder: unknown interfaces [lo], ignoring those stats
08-26 02:19:59.118   902   987 I NetworkStatsRecorder: recordSnapshotLocked: ident[[{type=WIFI, subType=COMBINED, networkId="emporia_5G", metered=false, defaultNetwork=true}]]
08-26 02:19:59.119   902   987 W NetworkStatsRecorder: unknown interfaces [lo], ignoring those stats
08-26 02:19:59.120   902   987 I NetworkStatsRecorder: recordSnapshotLocked: ident[[{type=WIFI, subType=COMBINED, networkId="emporia_5G", metered=false, defaultNetwork=true}]]
08-26 02:19:59.120   902   987 W NetworkStatsRecorder: unknown interfaces [lo], ignoring those stats
08-26 02:19:59.120   902   987 I NetworkStatsRecorder: recordSnapshotLocked: ident[[{type=WIFI, subType=COMBINED, networkId="emporia_5G", metered=false, defaultNetwork=true}]]
08-26 02:19:59.120   902   987 W NetworkStatsRecorder: unknown interfaces [lo], ignoring those stats
08-26 02:19:59.121   902   987 W NetworkStatsRecorder: unknown interfaces [lo], ignoring those stats
08-26 02:20:01.285   902   987 I NetworkStatsRecorder: recordSnapshotLocked: ident[[{type=WIFI, subType=COMBINED, networkId="emporia_5G", metered=false, defaultNetwork=true}]]
08-26 02:20:01.285   902   987 W NetworkStatsRecorder: unknown interfaces [lo], ignoring those stats
08-26 02:20:01.285   902   987 I NetworkStatsRecorder: recordSnapshotLocked: ident[[{type=WIFI, subType=COMBINED, networkId="emporia_5G", metered=false, defaultNetwork=true}]]
08-26 02:20:01.286   902   987 W NetworkStatsRecorder: unknown interfaces [lo], ignoring those stats
08-26 02:20:01.286   902   987 I NetworkStatsRecorder: recordSnapshotLocked: ident[[{type=WIFI, subType=COMBINED, networkId="emporia_5G", metered=false, defaultNetwork=true}]]
08-26 02:20:01.286   902   987 I chatty  : uid=1000(system) NetworkStats identical 1 line
08-26 02:20:01.286   902   987 I NetworkStatsRecorder: recordSnapshotLocked: ident[[{type=WIFI, subType=COMBINED, networkId="emporia_5G", metered=false, defaultNetwork=true}]]
08-26 02:20:01.286   902   987 W NetworkStatsRecorder: unknown interfaces [lo], ignoring those stats
08-26 02:20:01.287   902   987 I NetworkStatsRecorder: recordSnapshotLocked: ident[[{type=WIFI, subType=COMBINED, networkId="emporia_5G", metered=false, defaultNetwork=true}]]
08-26 02:20:01.287   902   987 W NetworkStatsRecorder: unknown interfaces [lo], ignoring those stats
08-26 02:20:03.398   902   987 I NetworkStatsRecorder: recordSnapshotLocked: ident[[{type=WIFI, subType=COMBINED, networkId="emporia_5G", metered=false, defaultNetwork=true}]]
08-26 02:20:03.399   902   987 W NetworkStatsRecorder: unknown interfaces [lo], ignoring those stats
08-26 02:20:03.399   902   987 I NetworkStatsRecorder: recordSnapshotLocked: ident[[{type=WIFI, subType=COMBINED, networkId="emporia_5G", metered=false, defaultNetwork=true}]]
08-26 02:20:03.399   902   987 W NetworkStatsRecorder: unknown interfaces [lo], ignoring those stats
08-26 02:20:03.400   902   987 I NetworkStatsRecorder: recordSnapshotLocked: ident[[{type=WIFI, subType=COMBINED, networkId="emporia_5G", metered=false, defaultNetwork=true}]]
08-26 02:20:03.400   902   987 I chatty  : uid=1000(system) NetworkStats identical 1 line
08-26 02:20:03.400   902   987 I NetworkStatsRecorder: recordSnapshotLocked: ident[[{type=WIFI, subType=COMBINED, networkId="emporia_5G", metered=false, defaultNetwork=true}]]
08-26 02:20:03.400   902   987 W NetworkStatsRecorder: unknown interfaces [lo], ignoring those stats
08-26 02:20:03.401   902   987 I NetworkStatsRecorder: recordSnapshotLocked: ident[[{type=WIFI, subType=COMBINED, networkId="emporia_5G", metered=false, defaultNetwork=true}]]
08-26 02:20:03.401   902   987 I NetworkStatsRecorder: recordSnapshotLocked: ident[[{type=WIFI, subType=COMBINED, networkId="emporia_5G", metered=false, defaultNetwork=true}]]
08-26 02:20:03.401   902   987 W NetworkStatsRecorder: unknown interfaces [lo], ignoring those stats
08-26 02:20:04.553   902   987 I NetworkStatsRecorder: recordSnapshotLocked: ident[[{type=WIFI, subType=COMBINED, networkId="emporia_5G", metered=false, defaultNetwork=true}]]
08-26 02:20:04.553   902   987 W NetworkStatsRecorder: unknown interfaces [lo], ignoring those stats
08-26 02:20:04.553   902   987 I NetworkStatsRecorder: recordSnapshotLocked: ident[[{type=WIFI, subType=COMBINED, networkId="emporia_5G", metered=false, defaultNetwork=true}]]
08-26 02:20:04.553   902   987 W NetworkStatsRecorder: unknown interfaces [lo], ignoring those stats
08-26 02:20:04.555   902   987 I NetworkStatsRecorder: recordSnapshotLocked: ident[[{type=WIFI, subType=COMBINED, networkId="emporia_5G", metered=false, defaultNetwork=true}]]
08-26 02:20:04.555   902   987 I NetworkStatsRecorder: recordSnapshotLocked: ident[[{type=WIFI, subType=COMBINED, networkId="emporia_5G", metered=false, defaultNetwork=true}]]
08-26 02:20:04.555   902   987 W NetworkStatsRecorder: unknown interfaces [lo], ignoring those stats
08-26 02:20:04.556   902   987 I NetworkStatsRecorder: recordSnapshotLocked: ident[[{type=WIFI, subType=COMBINED, networkId="emporia_5G", metered=false, defaultNetwork=true}]]
08-26 02:20:04.556   902   987 W NetworkStatsRecorder: unknown interfaces [lo], ignoring those stats
08-26 02:20:05.799   525   660 E storaged: getDiskStats failed with result NOT_SUPPORTED and size 0
08-26 02:20:06.576   902   987 I NetworkStatsRecorder: recordSnapshotLocked: ident[[{type=WIFI, subType=COMBINED, networkId="emporia_5G", metered=false, defaultNetwork=true}]]
08-26 02:20:06.576   902   987 W NetworkStatsRecorder: unknown interfaces [lo], ignoring those stats
08-26 02:20:06.576   902   987 I NetworkStatsRecorder: recordSnapshotLocked: ident[[{type=WIFI, subType=COMBINED, networkId="emporia_5G", metered=false, defaultNetwork=true}]]
08-26 02:20:06.576   902   987 W NetworkStatsRecorder: unknown interfaces [lo], ignoring those stats
08-26 02:20:06.577   902   987 I NetworkStatsRecorder: recordSnapshotLocked: ident[[{type=WIFI, subType=COMBINED, networkId="emporia_5G", metered=false, defaultNetwork=true}]]
08-26 02:20:06.577   902   987 W NetworkStatsRecorder: unknown interfaces [lo], ignoring those stats
08-26 02:20:06.577   902   987 W NetworkStatsRecorder: unknown interfaces [lo], ignoring those stats
08-26 02:20:52.952   902   987 I NetworkStatsRecorder: recordSnapshotLocked: ident[[{type=WIFI, subType=COMBINED, networkId="emporia_5G", metered=false, defaultNetwork=true}]]
08-26 02:20:52.952   902   987 W NetworkStatsRecorder: unknown interfaces [lo], ignoring those stats
08-26 02:20:52.953   902   987 I NetworkStatsRecorder: recordSnapshotLocked: ident[[{type=WIFI, subType=COMBINED, networkId="emporia_5G", metered=false, defaultNetwork=true}]]
08-26 02:20:52.953   902   987 W NetworkStatsRecorder: unknown interfaces [lo], ignoring those stats
08-26 02:20:52.953   902   987 I NetworkStatsRecorder: recordSnapshotLocked: ident[[{type=WIFI, subType=COMBINED, networkId="emporia_5G", metered=false, defaultNetwork=true}]]
08-26 02:20:52.954   902   987 I chatty  : uid=1000(system) NetworkStats identical 1 line
08-26 02:20:52.955   902   987 I NetworkStatsRecorder: recordSnapshotLocked: ident[[{type=WIFI, subType=COMBINED, networkId="emporia_5G", metered=false, defaultNetwork=true}]]
08-26 02:20:52.955   902   987 W NetworkStatsRecorder: unknown interfaces [lo], ignoring those stats
08-26 02:20:52.956   902   987 I NetworkStatsRecorder: recordSnapshotLocked: ident[[{type=WIFI, subType=COMBINED, networkId="emporia_5G", metered=false, defaultNetwork=true}]]
08-26 02:20:52.956   902   987 I NetworkStatsRecorder: recordSnapshotLocked: ident[[{type=WIFI, subType=COMBINED, networkId="emporia_5G", metered=false, defaultNetwork=true}]]
08-26 02:20:52.957   902   987 W NetworkStatsRecorder: unknown interfaces [lo], ignoring those stats
08-26 02:20:54.116   902   987 I NetworkStatsRecorder: recordSnapshotLocked: ident[[{type=WIFI, subType=COMBINED, networkId="emporia_5G", metered=false, defaultNetwork=true}]]
08-26 02:20:54.117   902   987 W NetworkStatsRecorder: unknown interfaces [lo], ignoring those stats
08-26 02:20:54.118   902   987 I NetworkStatsRecorder: recordSnapshotLocked: ident[[{type=WIFI, subType=COMBINED, networkId="emporia_5G", metered=false, defaultNetwork=true}]]
08-26 02:20:54.118   902   987 W NetworkStatsRecorder: unknown interfaces [lo], ignoring those stats
08-26 02:20:54.118   902   987 I NetworkStatsRecorder: recordSnapshotLocked: ident[[{type=WIFI, subType=COMBINED, networkId="emporia_5G", metered=false, defaultNetwork=true}]]
08-26 02:20:54.118   902   987 W NetworkStatsRecorder: unknown interfaces [lo], ignoring those stats
08-26 02:20:54.119   902   987 W NetworkStatsRecorder: unknown interfaces [lo], ignoring those stats
08-26 02:21:05.800   525   660 E storaged: getDiskStats failed with result NOT_SUPPORTED and size 0
08-26 02:21:37.444   902  1264 I ActivityManager: Killing 3618:com.android.vending/u0a41 (adj 904): empty for 1800s
08-26 02:21:43.803   902   987 I NetworkStatsRecorder: recordSnapshotLocked: ident[[{type=WIFI, subType=COMBINED, networkId="emporia_5G", metered=false, defaultNetwork=true}]]
08-26 02:21:43.803   902   987 W NetworkStatsRecorder: unknown interfaces [lo], ignoring those stats
08-26 02:21:43.803   902   987 I NetworkStatsRecorder: recordSnapshotLocked: ident[[{type=WIFI, subType=COMBINED, networkId="emporia_5G", metered=false, defaultNetwork=true}]]
08-26 02:21:43.803   902   987 W NetworkStatsRecorder: unknown interfaces [lo], ignoring those stats
08-26 02:21:43.804   902   987 I NetworkStatsRecorder: recordSnapshotLocked: ident[[{type=WIFI, subType=COMBINED, networkId="emporia_5G", metered=false, defaultNetwork=true}]]
08-26 02:21:43.804   902   987 I chatty  : uid=1000(system) NetworkStats identical 2 lines
08-26 02:21:43.804   902   987 I NetworkStatsRecorder: recordSnapshotLocked: ident[[{type=WIFI, subType=COMBINED, networkId="emporia_5G", metered=false, defaultNetwork=true}]]
08-26 02:21:43.805   902   987 W NetworkStatsRecorder: unknown interfaces [lo], ignoring those stats
08-26 02:21:43.807   902   987 I NetworkStatsRecorder: recordSnapshotLocked: ident[[{type=WIFI, subType=COMBINED, networkId="emporia_5G", metered=false, defaultNetwork=true}]]
08-26 02:21:43.807   902   987 I NetworkStatsRecorder: recordSnapshotLocked: ident[[{type=WIFI, subType=COMBINED, networkId="emporia_5G", metered=false, defaultNetwork=true}]]
08-26 02:21:43.808   902   987 W NetworkStatsRecorder: unknown interfaces [lo], ignoring those stats
08-26 02:21:44.996   902   987 I NetworkStatsRecorder: recordSnapshotLocked: ident[[{type=WIFI, subType=COMBINED, networkId="emporia_5G", metered=false, defaultNetwork=true}]]
08-26 02:21:44.996   902   987 W NetworkStatsRecorder: unknown interfaces [lo], ignoring those stats
08-26 02:21:44.996   902   987 I NetworkStatsRecorder: recordSnapshotLocked: ident[[{type=WIFI, subType=COMBINED, networkId="emporia_5G", metered=false, defaultNetwork=true}]]
08-26 02:21:44.996   902   987 W NetworkStatsRecorder: unknown interfaces [lo], ignoring those stats
08-26 02:21:44.997   902   987 I NetworkStatsRecorder: recordSnapshotLocked: ident[[{type=WIFI, subType=COMBINED, networkId="emporia_5G", metered=false, defaultNetwork=true}]]
08-26 02:21:44.997   902   987 I NetworkStatsRecorder: recordSnapshotLocked: ident[[{type=WIFI, subType=COMBINED, networkId="emporia_5G", metered=false, defaultNetwork=true}]]
08-26 02:21:44.997   902   987 W NetworkStatsRecorder: unknown interfaces [lo], ignoring those stats
08-26 02:21:44.999   902   987 I NetworkStatsRecorder: recordSnapshotLocked: ident[[{type=WIFI, subType=COMBINED, networkId="emporia_5G", metered=false, defaultNetwork=true}]]
08-26 02:21:44.999   902   987 W NetworkStatsRecorder: unknown interfaces [lo], ignoring those stats
08-26 02:22:01.623   902   987 I NetworkStatsRecorder: recordSnapshotLocked: ident[[{type=WIFI, subType=COMBINED, networkId="emporia_5G", metered=false, defaultNetwork=true}]]
08-26 02:22:01.623   902   987 W NetworkStatsRecorder: unknown interfaces [lo], ignoring those stats
08-26 02:22:01.623   902   987 I NetworkStatsRecorder: recordSnapshotLocked: ident[[{type=WIFI, subType=COMBINED, networkId="emporia_5G", metered=false, defaultNetwork=true}]]
08-26 02:22:01.623   902   987 W NetworkStatsRecorder: unknown interfaces [lo], ignoring those stats
08-26 02:22:01.624   902   987 I NetworkStatsRecorder: recordSnapshotLocked: ident[[{type=WIFI, subType=COMBINED, networkId="emporia_5G", metered=false, defaultNetwork=true}]]
08-26 02:22:01.624   902   987 I chatty  : uid=1000(system) NetworkStats identical 1 line
08-26 02:22:01.624   902   987 I NetworkStatsRecorder: recordSnapshotLocked: ident[[{type=WIFI, subType=COMBINED, networkId="emporia_5G", metered=false, defaultNetwork=true}]]
08-26 02:22:01.624   902   987 W NetworkStatsRecorder: unknown interfaces [lo], ignoring those stats
08-26 02:22:01.625   902   987 I NetworkStatsRecorder: recordSnapshotLocked: ident[[{type=WIFI, subType=COMBINED, networkId="emporia_5G", metered=false, defaultNetwork=true}]]
08-26 02:22:01.625   902   987 W NetworkStatsRecorder: unknown interfaces [lo], ignoring those stats
08-26 02:22:05.801   525   660 E storaged: getDiskStats failed with result NOT_SUPPORTED and size 0
08-26 02:23:05.801   525   660 E storaged: getDiskStats failed with result NOT_SUPPORTED and size 0
08-26 02:23:18.151   902   918 W BroadcastQueue: Background execution not allowed: receiving Intent { act=com.android.providers.media.ACTIVATE_MEDIAPROCESS flg=0x10 } to com.android.providers.media/.MtpReceiver
08-26 02:24:05.803   525   660 E storaged: getDiskStats failed with result NOT_SUPPORTED and size 0
08-26 02:24:15.036   902   987 I NetworkStatsRecorder: recordSnapshotLocked: ident[[{type=WIFI, subType=COMBINED, networkId="emporia_5G", metered=false, defaultNetwork=true}]]
08-26 02:24:15.036   902   987 W NetworkStatsRecorder: unknown interfaces [lo], ignoring those stats
08-26 02:24:15.036   902   987 I NetworkStatsRecorder: recordSnapshotLocked: ident[[{type=WIFI, subType=COMBINED, networkId="emporia_5G", metered=false, defaultNetwork=true}]]
08-26 02:24:15.036   902   987 W NetworkStatsRecorder: unknown interfaces [lo], ignoring those stats
08-26 02:24:15.037   902   987 I NetworkStatsRecorder: recordSnapshotLocked: ident[[{type=WIFI, subType=COMBINED, networkId="emporia_5G", metered=false, defaultNetwork=true}]]
08-26 02:24:15.037   902   987 I chatty  : uid=1000(system) NetworkStats identical 2 lines
08-26 02:24:15.038   902   987 I NetworkStatsRecorder: recordSnapshotLocked: ident[[{type=WIFI, subType=COMBINED, networkId="emporia_5G", metered=false, defaultNetwork=true}]]
08-26 02:24:15.038   902   987 W NetworkStatsRecorder: unknown interfaces [lo], ignoring those stats
08-26 02:24:15.038   902   987 I NetworkStatsRecorder: recordSnapshotLocked: ident[[{type=WIFI, subType=COMBINED, networkId="emporia_5G", metered=false, defaultNetwork=true}]]
08-26 02:24:15.038   902   987 I NetworkStatsRecorder: recordSnapshotLocked: ident[[{type=WIFI, subType=COMBINED, networkId="emporia_5G", metered=false, defaultNetwork=true}]]
08-26 02:24:15.038   902   987 W NetworkStatsRecorder: unknown interfaces [lo], ignoring those stats
08-26 02:24:17.267   902   987 I NetworkStatsRecorder: recordSnapshotLocked: ident[[{type=WIFI, subType=COMBINED, networkId="emporia_5G", metered=false, defaultNetwork=true}]]
08-26 02:24:17.267   902   987 W NetworkStatsRecorder: unknown interfaces [lo], ignoring those stats
08-26 02:24:17.267   902   987 I NetworkStatsRecorder: recordSnapshotLocked: ident[[{type=WIFI, subType=COMBINED, networkId="emporia_5G", metered=false, defaultNetwork=true}]]
08-26 02:24:17.267   902   987 W NetworkStatsRecorder: unknown interfaces [lo], ignoring those stats
08-26 02:24:17.268   902   987 I NetworkStatsRecorder: recordSnapshotLocked: ident[[{type=WIFI, subType=COMBINED, networkId="emporia_5G", metered=false, defaultNetwork=true}]]
08-26 02:24:17.268   902   987 W NetworkStatsRecorder: unknown interfaces [lo], ignoring those stats
08-26 02:24:17.269   902   987 W NetworkStatsRecorder: unknown interfaces [lo], ignoring those stats
08-26 02:25:05.803   525   660 E storaged: getDiskStats failed with result NOT_SUPPORTED and size 0
08-26 02:25:10.547   902   987 I NetworkStatsRecorder: recordSnapshotLocked: ident[[{type=WIFI, subType=COMBINED, networkId="emporia_5G", metered=false, defaultNetwork=true}]]
08-26 02:25:10.547   902   987 W NetworkStatsRecorder: unknown interfaces [lo], ignoring those stats
08-26 02:25:10.548   902   987 I NetworkStatsRecorder: recordSnapshotLocked: ident[[{type=WIFI, subType=COMBINED, networkId="emporia_5G", metered=false, defaultNetwork=true}]]
08-26 02:25:10.548   902   987 W NetworkStatsRecorder: unknown interfaces [lo], ignoring those stats
08-26 02:25:10.548   902   987 I NetworkStatsRecorder: recordSnapshotLocked: ident[[{type=WIFI, subType=COMBINED, networkId="emporia_5G", metered=false, defaultNetwork=true}]]
08-26 02:25:10.548   902   987 I chatty  : uid=1000(system) NetworkStats identical 1 line
08-26 02:25:10.549   902   987 I NetworkStatsRecorder: recordSnapshotLocked: ident[[{type=WIFI, subType=COMBINED, networkId="emporia_5G", metered=false, defaultNetwork=true}]]
08-26 02:25:10.549   902   987 W NetworkStatsRecorder: unknown interfaces [lo], ignoring those stats
08-26 02:25:10.549   902   987 I NetworkStatsRecorder: recordSnapshotLocked: ident[[{type=WIFI, subType=COMBINED, networkId="emporia_5G", metered=false, defaultNetwork=true}]]
08-26 02:25:10.549   902   987 W NetworkStatsRecorder: unknown interfaces [lo], ignoring those stats
