08-26 13:57:15.462   908   908 V SettingsProvider: Notifying for 0: content://settings/system/volume_music_speaker
08-26 13:57:15.834   908  1019 V SettingsProvider: name : volume_music_speaker appId : 1000
08-26 13:57:15.855   908   908 V SettingsProvider: Notifying for 0: content://settings/system/volume_music_speaker
08-26 13:57:16.028   908  1019 V SettingsProvider: name : volume_music_speaker appId : 1000
08-26 13:57:16.368   908  1019 V SettingsProvider: name : volume_music_speaker appId : 1000
08-26 13:57:16.372   908   908 V SettingsProvider: Notifying for 0: content://settings/system/volume_music_speaker
08-26 13:57:16.724   908  1019 V SettingsProvider: name : volume_music_speaker appId : 1000
08-26 13:57:16.726   908   908 V SettingsProvider: Notifying for 0: content://settings/system/volume_music_speaker
08-26 13:57:16.906   908   994 I NetworkStatsRecorder: recordSnapshotLocked: ident[[{type=WIFI, subType=COMBINED, networkId="emporia_5G", metered=false, defaultNetwork=true}]]
08-26 13:57:16.907   908   994 W NetworkStatsRecorder: unknown interfaces [lo], ignoring those stats
08-26 13:57:16.907   908   994 I NetworkStatsRecorder: recordSnapshotLocked: ident[[{type=WIFI, subType=COMBINED, networkId="emporia_5G", metered=false, defaultNetwork=true}]]
08-26 13:57:16.908   908   994 W NetworkStatsRecorder: unknown interfaces [lo], ignoring those stats
08-26 13:57:16.912   908   994 I NetworkStatsRecorder: recordSnapshotLocked: ident[[{type=WIFI, subType=COMBINED, networkId="emporia_5G", metered=false, defaultNetwork=true}]]
08-26 13:57:16.912   908   994 I chatty  : uid=1000(system) NetworkStats identical 1 line
08-26 13:57:16.912   908   994 I NetworkStatsRecorder: recordSnapshotLocked: ident[[{type=WIFI, subType=COMBINED, networkId="emporia_5G", metered=false, defaultNetwork=true}]]
08-26 13:57:16.912   908   994 W NetworkStatsRecorder: unknown interfaces [lo], ignoring those stats
08-26 13:57:16.913   908   994 I NetworkStatsRecorder: recordSnapshotLocked: ident[[{type=WIFI, subType=COMBINED, networkId="emporia_5G", metered=false, defaultNetwork=true}]]
08-26 13:57:16.913   908   994 W NetworkStatsRecorder: unknown interfaces [lo], ignoring those stats
08-26 13:57:16.913   908   994 D NetworkStatsRecorder: forcePersistLocked() writing for dev
08-26 13:57:16.963   908   994 D NetworkStatsRecorder: forcePersistLocked() writing for xt
08-26 13:57:16.997   908  1019 V SettingsProvider: name : volume_music_speaker appId : 1000
08-26 13:57:17.002   908   908 V SettingsProvider: Notifying for 0: content://settings/system/volume_music_speaker
08-26 13:57:17.486   908  1019 V SettingsProvider: name : volume_music_speaker appId : 1000
08-26 13:57:18.288   908  1019 V SettingsProvider: name : volume_music_speaker appId : 1000
08-26 13:57:18.291   908   908 V SettingsProvider: Notifying for 0: content://settings/system/volume_music_speaker
08-26 13:57:22.521   908  1331 V SettingsProvider: name : EMP_CURRENT_WIFI_NAME appId : 10020
08-26 13:57:22.521   908  1331 V SettingsProvider: Package name : com.android.systemui privateFlags : 1052776
08-26 13:57:23.521   908  1331 V SettingsProvider: name : EMP_CURRENT_WIFI_NAME appId : 10020
08-26 13:57:23.521   908  1331 V SettingsProvider: Package name : com.android.systemui privateFlags : 1052776
08-26 13:57:24.526   908  1331 V SettingsProvider: name : EMP_CURRENT_WIFI_NAME appId : 10020
08-26 13:57:24.526   908  1331 V SettingsProvider: Package name : com.android.systemui privateFlags : 1052776
08-26 13:57:27.631   908   994 I NetworkStatsRecorder: recordSnapshotLocked: ident[[{type=WIFI, subType=COMBINED, networkId="emporia_5G", metered=false, defaultNetwork=true}]]
08-26 13:57:27.631   908   994 W NetworkStatsRecorder: unknown interfaces [lo], ignoring those stats
08-26 13:57:27.631   908   994 I NetworkStatsRecorder: recordSnapshotLocked: ident[[{type=WIFI, subType=COMBINED, networkId="emporia_5G", metered=false, defaultNetwork=true}]]
08-26 13:57:27.631   908   994 W NetworkStatsRecorder: unknown interfaces [lo], ignoring those stats
08-26 13:57:27.632   908   994 I NetworkStatsRecorder: recordSnapshotLocked: ident[[{type=WIFI, subType=COMBINED, networkId="emporia_5G", metered=false, defaultNetwork=true}]]
08-26 13:57:27.632   908   994 I chatty  : uid=1000(system) NetworkStats identical 2 lines
08-26 13:57:27.633   908   994 I NetworkStatsRecorder: recordSnapshotLocked: ident[[{type=WIFI, subType=COMBINED, networkId="emporia_5G", metered=false, defaultNetwork=true}]]
08-26 13:57:27.633   908   994 W NetworkStatsRecorder: unknown interfaces [lo], ignoring those stats
08-26 13:57:27.633   908   994 I NetworkStatsRecorder: recordSnapshotLocked: ident[[{type=WIFI, subType=COMBINED, networkId="emporia_5G", metered=false, defaultNetwork=true}]]
08-26 13:57:27.633   908   994 W NetworkStatsRecorder: unknown interfaces [lo], ignoring those stats
08-26 13:57:27.633   908   994 D NetworkStatsRecorder: forcePersistLocked() writing for dev
08-26 13:57:27.653   908   994 D NetworkStatsRecorder: forcePersistLocked() writing for xt
08-26 13:57:28.000   908  2262 V SettingsProvider: name : EMP_CURRENT_WIFI_NAME appId : 10020
08-26 13:57:28.000   908  2262 V SettingsProvider: Package name : com.android.systemui privateFlags : 1052776
08-26 13:57:28.211   908   994 I NetworkStatsRecorder: recordSnapshotLocked: ident[[{type=WIFI, subType=COMBINED, networkId="emporia_5G", metered=false, defaultNetwork=true}]]
08-26 13:57:28.220   908   994 W NetworkStatsRecorder: unknown interfaces [lo], ignoring those stats
08-26 13:57:28.220   908   994 I NetworkStatsRecorder: recordSnapshotLocked: ident[[{type=WIFI, subType=COMBINED, networkId="emporia_5G", metered=false, defaultNetwork=true}]]
08-26 13:57:28.220   908   994 W NetworkStatsRecorder: unknown interfaces [lo], ignoring those stats
08-26 13:57:28.221   908   994 I NetworkStatsRecorder: recordSnapshotLocked: ident[[{type=WIFI, subType=COMBINED, networkId="emporia_5G", metered=false, defaultNetwork=true}]]
08-26 13:57:28.221   908   994 I NetworkStatsRecorder: recordSnapshotLocked: ident[[{type=WIFI, subType=COMBINED, networkId="emporia_5G", metered=false, defaultNetwork=true}]]
08-26 13:57:28.221   908   994 W NetworkStatsRecorder: unknown interfaces [lo], ignoring those stats
08-26 13:57:28.222   908   994 W NetworkStatsRecorder: unknown interfaces [lo], ignoring those stats
08-26 13:57:28.224   908   994 D NetworkStatsRecorder: forcePersistLocked() writing for dev
08-26 13:57:28.244   908   994 D NetworkStatsRecorder: forcePersistLocked() writing for xt
08-26 13:57:28.890   908   994 I NetworkStatsRecorder: recordSnapshotLocked: ident[[{type=WIFI, subType=COMBINED, networkId="emporia_5G", metered=false, defaultNetwork=true}]]
08-26 13:57:28.890   908   994 W NetworkStatsRecorder: unknown interfaces [lo], ignoring those stats
08-26 13:57:28.890   908   994 I NetworkStatsRecorder: recordSnapshotLocked: ident[[{type=WIFI, subType=COMBINED, networkId="emporia_5G", metered=false, defaultNetwork=true}]]
08-26 13:57:28.891   908   994 W NetworkStatsRecorder: unknown interfaces [lo], ignoring those stats
08-26 13:57:28.892   908   994 I NetworkStatsRecorder: recordSnapshotLocked: ident[[{type=WIFI, subType=COMBINED, networkId="emporia_5G", metered=false, defaultNetwork=true}]]
08-26 13:57:28.893   908   994 W NetworkStatsRecorder: unknown interfaces [lo], ignoring those stats
08-26 13:57:28.907   908   994 W NetworkStatsRecorder: unknown interfaces [lo], ignoring those stats
08-26 13:57:28.908   908   994 D NetworkStatsRecorder: forcePersistLocked() writing for dev
08-26 13:57:28.928   908   994 D NetworkStatsRecorder: forcePersistLocked() writing for xt
08-26 13:57:30.533   908  2262 V SettingsProvider: name : EMP_CURRENT_WIFI_NAME appId : 10020
08-26 13:57:30.534   908  2262 V SettingsProvider: Package name : com.android.systemui privateFlags : 1052776
08-26 13:57:32.538   908  2262 V SettingsProvider: name : EMP_CURRENT_WIFI_NAME appId : 10020
08-26 13:57:32.539   908  2262 V SettingsProvider: Package name : com.android.systemui privateFlags : 1052776
08-26 13:57:33.546   908  2262 V SettingsProvider: name : EMP_CURRENT_WIFI_NAME appId : 10020
08-26 13:57:33.546   908  2262 V SettingsProvider: Package name : com.android.systemui privateFlags : 1052776
08-26 13:57:37.022   908  2262 V SettingsProvider: name : EMP_CURRENT_WIFI_NAME appId : 10020
08-26 13:57:37.023   908  2262 V SettingsProvider: Package name : com.android.systemui privateFlags : 1052776
08-26 13:57:37.546   908  5199 V SettingsProvider: name : EMP_CURRENT_WIFI_NAME appId : 10020
08-26 13:57:37.547   908  5199 V SettingsProvider: Package name : com.android.systemui privateFlags : 1052776
08-26 13:57:39.553   908  5199 V SettingsProvider: name : EMP_CURRENT_WIFI_NAME appId : 10020
08-26 13:57:39.556   908  5199 V SettingsProvider: Package name : com.android.systemui privateFlags : 1052776
08-26 13:57:40.554   908  5199 V SettingsProvider: name : EMP_CURRENT_WIFI_NAME appId : 10020
08-26 13:57:40.554   908  5199 V SettingsProvider: Package name : com.android.systemui privateFlags : 1052776
08-26 13:57:41.554   908  5199 V SettingsProvider: name : EMP_CURRENT_WIFI_NAME appId : 10020
08-26 13:57:41.555   908  5199 V SettingsProvider: Package name : com.android.systemui privateFlags : 1052776
08-26 13:57:42.556   908  5199 V SettingsProvider: name : EMP_CURRENT_WIFI_NAME appId : 10020
08-26 13:57:42.558   908  5199 V SettingsProvider: Package name : com.android.systemui privateFlags : 1052776
08-26 13:57:44.564   908  2262 V SettingsProvider: name : EMP_CURRENT_WIFI_NAME appId : 10020
08-26 13:57:44.564   908  2262 V SettingsProvider: Package name : com.android.systemui privateFlags : 1052776
08-26 13:57:45.552   908  5199 I ActivityManager: Config changes=20000480 {1.3 ?mcc?mnc [en_US] ldltr sw360dp w720dp h336dp 320dpi nrml long land finger -keyb/v/h -nav/h winConfig={ mBounds=Rect(0, 0 - 0, 0) mAppBounds=Rect(0, 0 - 1440, 720) mWindowingMode=fullscreen mActivityType=undefined} s.12}
08-26 13:57:45.566   908  4530 V SettingsProvider: name : EMP_CURRENT_WIFI_NAME appId : 10020
08-26 13:57:45.567   908  4530 V SettingsProvider: Package name : com.android.systemui privateFlags : 1052776
08-26 13:57:45.671   908  5199 I ActivityManager: Override config changes=20000480 {1.3 ?mcc?mnc [en_US] ldltr sw360dp w720dp h336dp 320dpi nrml long land finger -keyb/v/h -nav/h winConfig={ mBounds=Rect(0, 0 - 720, 1440) mAppBounds=Rect(0, 0 - 1440, 720) mWindowingMode=fullscreen mActivityType=undefined} s.12} for displayId=0
08-26 13:57:46.650  1182  1182 I EmergencyButton: ss.getState()=1 ss.isEmergencyOnly()=true for simId=0
08-26 13:57:46.825   908   971 I WindowManager: Screen frozen for +1s364ms due to Window{f55b47c u0 StatusBar}
08-26 13:57:46.875   908  5199 V SettingsProvider: name : EMP_CURRENT_WIFI_NAME appId : 10020
08-26 13:57:46.877   908  5199 V SettingsProvider: Package name : com.android.systemui privateFlags : 1052776
08-26 13:57:49.571   908  5199 V SettingsProvider: name : EMP_CURRENT_WIFI_NAME appId : 10020
08-26 13:57:49.572   908  5199 V SettingsProvider: Package name : com.android.systemui privateFlags : 1052776
08-26 13:57:52.576   908  5199 V SettingsProvider: name : EMP_CURRENT_WIFI_NAME appId : 10020
08-26 13:57:52.576   908  5199 V SettingsProvider: Package name : com.android.systemui privateFlags : 1052776
08-26 13:57:53.784   908   994 I NetworkStatsRecorder: recordSnapshotLocked: ident[[{type=WIFI, subType=COMBINED, networkId="emporia_5G", metered=false, defaultNetwork=true}]]
08-26 13:57:53.784   908   994 W NetworkStatsRecorder: unknown interfaces [lo], ignoring those stats
08-26 13:57:53.784   908   994 I NetworkStatsRecorder: recordSnapshotLocked: ident[[{type=WIFI, subType=COMBINED, networkId="emporia_5G", metered=false, defaultNetwork=true}]]
08-26 13:57:53.784   908   994 W NetworkStatsRecorder: unknown interfaces [lo], ignoring those stats
08-26 13:57:53.785   908   994 I NetworkStatsRecorder: recordSnapshotLocked: ident[[{type=WIFI, subType=COMBINED, networkId="emporia_5G", metered=false, defaultNetwork=true}]]
08-26 13:57:53.785   908   994 I chatty  : uid=1000(system) NetworkStats identical 2 lines
08-26 13:57:53.785   908   994 I NetworkStatsRecorder: recordSnapshotLocked: ident[[{type=WIFI, subType=COMBINED, networkId="emporia_5G", metered=false, defaultNetwork=true}]]
08-26 13:57:53.785   908   994 W NetworkStatsRecorder: unknown interfaces [lo], ignoring those stats
08-26 13:57:53.785   908   994 I NetworkStatsRecorder: recordSnapshotLocked: ident[[{type=WIFI, subType=COMBINED, networkId="emporia_5G", metered=false, defaultNetwork=true}]]
08-26 13:57:53.786   908   994 I NetworkStatsRecorder: recordSnapshotLocked: ident[[{type=WIFI, subType=COMBINED, networkId="emporia_5G", metered=false, defaultNetwork=true}]]
08-26 13:57:53.786   908   994 W NetworkStatsRecorder: unknown interfaces [lo], ignoring those stats
08-26 13:57:53.786   908   994 D NetworkStatsRecorder: forcePersistLocked() writing for dev
08-26 13:57:53.797   908   994 D NetworkStatsRecorder: forcePersistLocked() writing for xt
08-26 13:57:55.582   908  5199 V SettingsProvider: name : EMP_CURRENT_WIFI_NAME appId : 10020
08-26 13:57:55.582   908  5199 V SettingsProvider: Package name : com.android.systemui privateFlags : 1052776
08-26 13:57:56.582   908  5199 V SettingsProvider: name : EMP_CURRENT_WIFI_NAME appId : 10020
08-26 13:57:56.583   908  5199 V SettingsProvider: Package name : com.android.systemui privateFlags : 1052776
08-26 13:57:57.584   908  5199 V SettingsProvider: name : EMP_CURRENT_WIFI_NAME appId : 10020
08-26 13:57:57.585   908  5199 V SettingsProvider: Package name : com.android.systemui privateFlags : 1052776
08-26 13:57:58.167   908  5199 V SettingsProvider: name : EMP_CURRENT_WIFI_NAME appId : 10020
08-26 13:57:58.168   908  5199 V SettingsProvider: Package name : com.android.systemui privateFlags : 1052776
08-26 13:57:58.587   908  1278 V SettingsProvider: name : EMP_CURRENT_WIFI_NAME appId : 10020
08-26 13:57:58.587   908  1278 V SettingsProvider: Package name : com.android.systemui privateFlags : 1052776
08-26 13:57:59.588   908  1278 V SettingsProvider: name : EMP_CURRENT_WIFI_NAME appId : 10020
08-26 13:57:59.589   908  1278 V SettingsProvider: Package name : com.android.systemui privateFlags : 1052776
08-26 13:58:00.590   908  5199 V SettingsProvider: name : EMP_CURRENT_WIFI_NAME appId : 10020
08-26 13:58:00.591   908  5199 V SettingsProvider: Package name : com.android.systemui privateFlags : 1052776
08-26 13:58:01.591   908  5199 V SettingsProvider: name : EMP_CURRENT_WIFI_NAME appId : 10020
08-26 13:58:01.592   908  5199 V SettingsProvider: Package name : com.android.systemui privateFlags : 1052776
08-26 13:58:02.592   908  5199 V SettingsProvider: name : EMP_CURRENT_WIFI_NAME appId : 10020
08-26 13:58:02.593   908  5199 V SettingsProvider: Package name : com.android.systemui privateFlags : 1052776
08-26 13:58:05.598   908  5199 V SettingsProvider: name : EMP_CURRENT_WIFI_NAME appId : 10020
08-26 13:58:05.600   908  5199 V SettingsProvider: Package name : com.android.systemui privateFlags : 1052776
08-26 13:58:07.221   908  5199 V SettingsProvider: name : EMP_CURRENT_WIFI_NAME appId : 10020
08-26 13:58:07.222   908  5199 V SettingsProvider: Package name : com.android.systemui privateFlags : 1052776
08-26 13:58:08.716   529   672 E storaged: getDiskStats failed with result NOT_SUPPORTED and size 0
08-26 13:58:10.259   908  2591 V SettingsProvider: name : EMP_CURRENT_WIFI_NAME appId : 10020
08-26 13:58:10.259   908  2591 V SettingsProvider: Package name : com.android.systemui privateFlags : 1052776
08-26 13:58:10.607   908  2591 V SettingsProvider: name : EMP_CURRENT_WIFI_NAME appId : 10020
08-26 13:58:10.608   908  2591 V SettingsProvider: Package name : com.android.systemui privateFlags : 1052776
08-26 13:58:11.546   908   994 I NetworkStatsRecorder: recordSnapshotLocked: ident[[{type=WIFI, subType=COMBINED, networkId="emporia_5G", metered=false, defaultNetwork=true}]]
08-26 13:58:11.546   908   994 W NetworkStatsRecorder: unknown interfaces [lo], ignoring those stats
08-26 13:58:11.546   908   994 I NetworkStatsRecorder: recordSnapshotLocked: ident[[{type=WIFI, subType=COMBINED, networkId="emporia_5G", metered=false, defaultNetwork=true}]]
08-26 13:58:11.546   908   994 W NetworkStatsRecorder: unknown interfaces [lo], ignoring those stats
08-26 13:58:11.547   908   994 I NetworkStatsRecorder: recordSnapshotLocked: ident[[{type=WIFI, subType=COMBINED, networkId="emporia_5G", metered=false, defaultNetwork=true}]]
08-26 13:58:11.547   908   994 I chatty  : uid=1000(system) NetworkStats identical 1 line
08-26 13:58:11.547   908   994 I NetworkStatsRecorder: recordSnapshotLocked: ident[[{type=WIFI, subType=COMBINED, networkId="emporia_5G", metered=false, defaultNetwork=true}]]
08-26 13:58:11.547   908   994 W NetworkStatsRecorder: unknown interfaces [lo], ignoring those stats
08-26 13:58:11.548   908   994 W NetworkStatsRecorder: unknown interfaces [lo], ignoring those stats
08-26 13:58:11.548   908   994 D NetworkStatsRecorder: forcePersistLocked() writing for dev
08-26 13:58:11.558   908   994 D NetworkStatsRecorder: forcePersistLocked() writing for xt
08-26 13:58:12.404   908   994 I NetworkStatsRecorder: recordSnapshotLocked: ident[[{type=WIFI, subType=COMBINED, networkId="emporia_5G", metered=false, defaultNetwork=true}]]
08-26 13:58:12.405   908   994 W NetworkStatsRecorder: unknown interfaces [lo], ignoring those stats
08-26 13:58:12.405   908   994 I NetworkStatsRecorder: recordSnapshotLocked: ident[[{type=WIFI, subType=COMBINED, networkId="emporia_5G", metered=false, defaultNetwork=true}]]
08-26 13:58:12.405   908   994 W NetworkStatsRecorder: unknown interfaces [lo], ignoring those stats
08-26 13:58:12.405   908   994 I NetworkStatsRecorder: recordSnapshotLocked: ident[[{type=WIFI, subType=COMBINED, networkId="emporia_5G", metered=false, defaultNetwork=true}]]
08-26 13:58:12.405   908   994 W NetworkStatsRecorder: unknown interfaces [lo], ignoring those stats
08-26 13:58:12.406   908   994 W NetworkStatsRecorder: unknown interfaces [lo], ignoring those stats
08-26 13:58:12.406   908   994 D NetworkStatsRecorder: forcePersistLocked() writing for dev
08-26 13:58:12.415   908   994 D NetworkStatsRecorder: forcePersistLocked() writing for xt
08-26 13:58:14.614   908  2591 V SettingsProvider: name : EMP_CURRENT_WIFI_NAME appId : 10020
08-26 13:58:14.614   908  2591 V SettingsProvider: Package name : com.android.systemui privateFlags : 1052776
08-26 13:58:14.713   908   924 V WindowOrientationListener: Proposed rotation changed!  proposedRotation=0, oldProposedRotation=-1
08-26 13:58:14.845   908   924 V WindowOrientationListener: Proposed rotation changed!  proposedRotation=3, oldProposedRotation=0
08-26 13:58:15.306   908   924 V WindowOrientationListener: Proposed rotation changed!  proposedRotation=3, oldProposedRotation=-1
08-26 13:58:15.616   908  2591 V SettingsProvider: name : EMP_CURRENT_WIFI_NAME appId : 10020
08-26 13:58:15.616   908  2591 V SettingsProvider: Package name : com.android.systemui privateFlags : 1052776
08-26 13:58:16.271   908  2591 V SettingsProvider: name : EMP_CURRENT_WIFI_NAME appId : 10020
08-26 13:58:16.271   908  2591 V SettingsProvider: Package name : com.android.systemui privateFlags : 1052776
08-26 13:58:19.284   908  4929 V SettingsProvider: name : EMP_CURRENT_WIFI_NAME appId : 10020
08-26 13:58:19.285   908  4929 V SettingsProvider: Package name : com.android.systemui privateFlags : 1052776
08-26 13:58:19.622   908  5199 V SettingsProvider: name : EMP_CURRENT_WIFI_NAME appId : 10020
08-26 13:58:19.623   908  5199 V SettingsProvider: Package name : com.android.systemui privateFlags : 1052776
08-26 13:58:20.625   908  5199 V SettingsProvider: name : EMP_CURRENT_WIFI_NAME appId : 10020
08-26 13:58:20.625   908  5199 V SettingsProvider: Package name : com.android.systemui privateFlags : 1052776
08-26 13:58:21.262   908   935 V SettingsProvider: name : screen_brightness appId : 1000
08-26 13:58:21.265   908   908 V SettingsProvider: Notifying for 0: content://settings/system/screen_brightness
08-26 13:58:21.266   908   935 V SettingsProvider: name : screen_brightness appId : 1000
08-26 13:58:21.626   908  4929 V SettingsProvider: name : EMP_CURRENT_WIFI_NAME appId : 10020
08-26 13:58:21.627   908  4929 V SettingsProvider: Package name : com.android.systemui privateFlags : 1052776
08-26 13:58:22.216   908   935 V SettingsProvider: name : screen_brightness appId : 1000
08-26 13:58:22.279   908  4929 V SettingsProvider: name : EMP_CURRENT_WIFI_NAME appId : 10020
08-26 13:58:22.280   908  4929 V SettingsProvider: Package name : com.android.systemui privateFlags : 1052776
08-26 13:58:22.628   908  2591 V SettingsProvider: name : EMP_CURRENT_WIFI_NAME appId : 10020
08-26 13:58:22.629   908  2591 V SettingsProvider: Package name : com.android.systemui privateFlags : 1052776
08-26 13:58:24.633   908  2591 V SettingsProvider: name : EMP_CURRENT_WIFI_NAME appId : 10020
08-26 13:58:24.634   908  2591 V SettingsProvider: Package name : com.android.systemui privateFlags : 1052776
08-26 13:58:25.316   908  4929 V SettingsProvider: name : EMP_CURRENT_WIFI_NAME appId : 10020
08-26 13:58:25.317   908  4929 V SettingsProvider: Package name : com.android.systemui privateFlags : 1052776
08-26 13:58:25.635   908  4929 V SettingsProvider: name : EMP_CURRENT_WIFI_NAME appId : 10020
08-26 13:58:25.635   908  4929 V SettingsProvider: Package name : com.android.systemui privateFlags : 1052776
08-26 13:58:27.538   908   994 I NetworkStatsRecorder: recordSnapshotLocked: ident[[{type=WIFI, subType=COMBINED, networkId="emporia_5G", metered=false, defaultNetwork=true}]]
08-26 13:58:27.538   908   994 W NetworkStatsRecorder: unknown interfaces [lo], ignoring those stats
08-26 13:58:27.539   908   994 I NetworkStatsRecorder: recordSnapshotLocked: ident[[{type=WIFI, subType=COMBINED, networkId="emporia_5G", metered=false, defaultNetwork=true}]]
08-26 13:58:27.539   908   994 W NetworkStatsRecorder: unknown interfaces [lo], ignoring those stats
08-26 13:58:27.539   908   994 I NetworkStatsRecorder: recordSnapshotLocked: ident[[{type=WIFI, subType=COMBINED, networkId="emporia_5G", metered=false, defaultNetwork=true}]]
08-26 13:58:27.540   908   994 I chatty  : uid=1000(system) NetworkStats identical 3 lines
08-26 13:58:27.540   908   994 I NetworkStatsRecorder: recordSnapshotLocked: ident[[{type=WIFI, subType=COMBINED, networkId="emporia_5G", metered=false, defaultNetwork=true}]]
08-26 13:58:27.540   908   994 W NetworkStatsRecorder: unknown interfaces [lo], ignoring those stats
08-26 13:58:27.540   908   994 I NetworkStatsRecorder: recordSnapshotLocked: ident[[{type=WIFI, subType=COMBINED, networkId="emporia_5G", metered=false, defaultNetwork=true}]]
08-26 13:58:27.540   908   994 W NetworkStatsRecorder: unknown interfaces [lo], ignoring those stats
08-26 13:58:27.540   908   994 D NetworkStatsRecorder: forcePersistLocked() writing for dev
08-26 13:58:27.548   908   994 D NetworkStatsRecorder: forcePersistLocked() writing for xt
08-26 13:58:28.329   908  1331 V SettingsProvider: name : EMP_CURRENT_WIFI_NAME appId : 10020
08-26 13:58:28.330   908  1331 V SettingsProvider: Package name : com.android.systemui privateFlags : 1052776
08-26 13:58:30.225   908   994 I NetworkStatsRecorder: recordSnapshotLocked: ident[[{type=WIFI, subType=COMBINED, networkId="emporia_5G", metered=false, defaultNetwork=true}]]
08-26 13:58:30.225   908   994 W NetworkStatsRecorder: unknown interfaces [lo], ignoring those stats
08-26 13:58:30.225   908   994 I NetworkStatsRecorder: recordSnapshotLocked: ident[[{type=WIFI, subType=COMBINED, networkId="emporia_5G", metered=false, defaultNetwork=true}]]
08-26 13:58:30.226   908   994 W NetworkStatsRecorder: unknown interfaces [lo], ignoring those stats
08-26 13:58:30.226   908   994 I NetworkStatsRecorder: recordSnapshotLocked: ident[[{type=WIFI, subType=COMBINED, networkId="emporia_5G", metered=false, defaultNetwork=true}]]
08-26 13:58:30.226   908   994 W NetworkStatsRecorder: unknown interfaces [lo], ignoring those stats
08-26 13:58:30.227   908   994 W NetworkStatsRecorder: unknown interfaces [lo], ignoring those stats
08-26 13:58:30.227   908   994 D NetworkStatsRecorder: forcePersistLocked() writing for dev
08-26 13:58:30.238   908   994 D NetworkStatsRecorder: forcePersistLocked() writing for xt
08-26 13:58:32.427   908   994 I NetworkStatsRecorder: recordSnapshotLocked: ident[[{type=WIFI, subType=COMBINED, networkId="emporia_5G", metered=false, defaultNetwork=true}]]
08-26 13:58:32.427   908   994 W NetworkStatsRecorder: unknown interfaces [lo], ignoring those stats
08-26 13:58:32.428   908   994 I NetworkStatsRecorder: recordSnapshotLocked: ident[[{type=WIFI, subType=COMBINED, networkId="emporia_5G", metered=false, defaultNetwork=true}]]
08-26 13:58:32.429   908   994 W NetworkStatsRecorder: unknown interfaces [lo], ignoring those stats
08-26 13:58:32.429   908   994 I NetworkStatsRecorder: recordSnapshotLocked: ident[[{type=WIFI, subType=COMBINED, networkId="emporia_5G", metered=false, defaultNetwork=true}]]
08-26 13:58:32.430   908   994 I NetworkStatsRecorder: recordSnapshotLocked: ident[[{type=WIFI, subType=COMBINED, networkId="emporia_5G", metered=false, defaultNetwork=true}]]
08-26 13:58:32.430   908   994 W NetworkStatsRecorder: unknown interfaces [lo], ignoring those stats
08-26 13:58:32.443   908   994 W NetworkStatsRecorder: unknown interfaces [lo], ignoring those stats
08-26 13:58:32.444   908   994 D NetworkStatsRecorder: forcePersistLocked() writing for dev
08-26 13:58:32.458   908   994 D NetworkStatsRecorder: forcePersistLocked() writing for xt
08-26 13:58:33.301   908   994 I NetworkStatsRecorder: recordSnapshotLocked: ident[[{type=WIFI, subType=COMBINED, networkId="emporia_5G", metered=false, defaultNetwork=true}]]
08-26 13:58:33.302   908   994 W NetworkStatsRecorder: unknown interfaces [lo], ignoring those stats
08-26 13:58:33.303   908   994 I NetworkStatsRecorder: recordSnapshotLocked: ident[[{type=WIFI, subType=COMBINED, networkId="emporia_5G", metered=false, defaultNetwork=true}]]
08-26 13:58:33.303   908   994 W NetworkStatsRecorder: unknown interfaces [lo], ignoring those stats
08-26 13:58:33.304   908   994 I NetworkStatsRecorder: recordSnapshotLocked: ident[[{type=WIFI, subType=COMBINED, networkId="emporia_5G", metered=false, defaultNetwork=true}]]
08-26 13:58:33.305   908   994 W NetworkStatsRecorder: unknown interfaces [lo], ignoring those stats
08-26 13:58:33.306   908   994 W NetworkStatsRecorder: unknown interfaces [lo], ignoring those stats
08-26 13:58:33.306   908   994 D NetworkStatsRecorder: forcePersistLocked() writing for dev
08-26 13:58:33.321   908   994 D NetworkStatsRecorder: forcePersistLocked() writing for xt
08-26 13:58:35.841   908   994 I NetworkStatsRecorder: recordSnapshotLocked: ident[[{type=WIFI, subType=COMBINED, networkId="emporia_5G", metered=false, defaultNetwork=true}]]
08-26 13:58:35.842   908   994 W NetworkStatsRecorder: unknown interfaces [lo], ignoring those stats
08-26 13:58:35.843   908   994 I NetworkStatsRecorder: recordSnapshotLocked: ident[[{type=WIFI, subType=COMBINED, networkId="emporia_5G", metered=false, defaultNetwork=true}]]
08-26 13:58:35.843   908   994 W NetworkStatsRecorder: unknown interfaces [lo], ignoring those stats
08-26 13:58:35.844   908   994 I NetworkStatsRecorder: recordSnapshotLocked: ident[[{type=WIFI, subType=COMBINED, networkId="emporia_5G", metered=false, defaultNetwork=true}]]
08-26 13:58:35.845   908   994 W NetworkStatsRecorder: unknown interfaces [lo], ignoring those stats
08-26 13:58:35.846   908   994 W NetworkStatsRecorder: unknown interfaces [lo], ignoring those stats
08-26 13:58:35.847   908   994 D NetworkStatsRecorder: forcePersistLocked() writing for dev
08-26 13:58:35.862   908   994 D NetworkStatsRecorder: forcePersistLocked() writing for xt
08-26 13:58:36.013   908   935 V SettingsProvider: name : screen_brightness appId : 1000
08-26 13:58:36.017   908   908 V SettingsProvider: Notifying for 0: content://settings/system/screen_brightness
08-26 13:58:36.026   908   935 V SettingsProvider: name : screen_brightness appId : 1000
08-26 13:58:36.894   908   994 I NetworkStatsRecorder: recordSnapshotLocked: ident[[{type=WIFI, subType=COMBINED, networkId="emporia_5G", metered=false, defaultNetwork=true}]]
08-26 13:58:36.895   908   994 W NetworkStatsRecorder: unknown interfaces [lo], ignoring those stats
08-26 13:58:36.895   908   994 I NetworkStatsRecorder: recordSnapshotLocked: ident[[{type=WIFI, subType=COMBINED, networkId="emporia_5G", metered=false, defaultNetwork=true}]]
08-26 13:58:36.898   908   994 W NetworkStatsRecorder: unknown interfaces [lo], ignoring those stats
08-26 13:58:36.899   908   994 I NetworkStatsRecorder: recordSnapshotLocked: ident[[{type=WIFI, subType=COMBINED, networkId="emporia_5G", metered=false, defaultNetwork=true}]]
08-26 13:58:36.899   908   994 I NetworkStatsRecorder: recordSnapshotLocked: ident[[{type=WIFI, subType=COMBINED, networkId="emporia_5G", metered=false, defaultNetwork=true}]]
08-26 13:58:36.899   908   994 W NetworkStatsRecorder: unknown interfaces [lo], ignoring those stats
08-26 13:58:36.903   908   994 W NetworkStatsRecorder: unknown interfaces [lo], ignoring those stats
08-26 13:58:36.903   908   994 D NetworkStatsRecorder: forcePersistLocked() writing for dev
08-26 13:58:36.918   908   994 D NetworkStatsRecorder: forcePersistLocked() writing for xt
08-26 13:58:37.075   908   935 V SettingsProvider: name : screen_brightness appId : 1000
08-26 13:58:37.369   908  1331 V SettingsProvider: name : EMP_CURRENT_WIFI_NAME appId : 10020
08-26 13:58:37.369   908  1331 V SettingsProvider: Package name : com.android.systemui privateFlags : 1052776
08-26 13:58:38.619   908   994 I NetworkStatsRecorder: recordSnapshotLocked: ident[[{type=WIFI, subType=COMBINED, networkId="emporia_5G", metered=false, defaultNetwork=true}]]
08-26 13:58:38.619   908   994 W NetworkStatsRecorder: unknown interfaces [lo], ignoring those stats
08-26 13:58:38.621   908   994 I NetworkStatsRecorder: recordSnapshotLocked: ident[[{type=WIFI, subType=COMBINED, networkId="emporia_5G", metered=false, defaultNetwork=true}]]
08-26 13:58:38.622   908   994 W NetworkStatsRecorder: unknown interfaces [lo], ignoring those stats
08-26 13:58:38.624   908   994 I NetworkStatsRecorder: recordSnapshotLocked: ident[[{type=WIFI, subType=COMBINED, networkId="emporia_5G", metered=false, defaultNetwork=true}]]
08-26 13:58:38.624   908   994 I NetworkStatsRecorder: recordSnapshotLocked: ident[[{type=WIFI, subType=COMBINED, networkId="emporia_5G", metered=false, defaultNetwork=true}]]
08-26 13:58:38.624   908   994 W NetworkStatsRecorder: unknown interfaces [lo], ignoring those stats
08-26 13:58:38.625   908   994 W NetworkStatsRecorder: unknown interfaces [lo], ignoring those stats
08-26 13:58:38.626   908   994 D NetworkStatsRecorder: forcePersistLocked() writing for dev
08-26 13:58:38.647   908   994 D NetworkStatsRecorder: forcePersistLocked() writing for xt
08-26 13:58:39.481   908   994 I NetworkStatsRecorder: recordSnapshotLocked: ident[[{type=WIFI, subType=COMBINED, networkId="emporia_5G", metered=false, defaultNetwork=true}]]
08-26 13:58:39.481   908   994 W NetworkStatsRecorder: unknown interfaces [lo], ignoring those stats
08-26 13:58:39.481   908   994 I NetworkStatsRecorder: recordSnapshotLocked: ident[[{type=WIFI, subType=COMBINED, networkId="emporia_5G", metered=false, defaultNetwork=true}]]
08-26 13:58:39.481   908   994 W NetworkStatsRecorder: unknown interfaces [lo], ignoring those stats
08-26 13:58:39.482   908   994 I NetworkStatsRecorder: recordSnapshotLocked: ident[[{type=WIFI, subType=COMBINED, networkId="emporia_5G", metered=false, defaultNetwork=true}]]
08-26 13:58:39.482   908   994 I NetworkStatsRecorder: recordSnapshotLocked: ident[[{type=WIFI, subType=COMBINED, networkId="emporia_5G", metered=false, defaultNetwork=true}]]
08-26 13:58:39.482   908   994 W NetworkStatsRecorder: unknown interfaces [lo], ignoring those stats
08-26 13:58:39.482   908   994 W NetworkStatsRecorder: unknown interfaces [lo], ignoring those stats
08-26 13:58:39.483   908   994 D NetworkStatsRecorder: forcePersistLocked() writing for dev
08-26 13:58:39.494   908   994 D NetworkStatsRecorder: forcePersistLocked() writing for xt
08-26 13:58:41.602   908   994 I NetworkStatsRecorder: recordSnapshotLocked: ident[[{type=WIFI, subType=COMBINED, networkId="emporia_5G", metered=false, defaultNetwork=true}]]
08-26 13:58:41.603   908   994 W NetworkStatsRecorder: unknown interfaces [lo], ignoring those stats
08-26 13:58:41.603   908   994 I NetworkStatsRecorder: recordSnapshotLocked: ident[[{type=WIFI, subType=COMBINED, networkId="emporia_5G", metered=false, defaultNetwork=true}]]
08-26 13:58:41.603   908   994 W NetworkStatsRecorder: unknown interfaces [lo], ignoring those stats
08-26 13:58:41.604   908   994 I NetworkStatsRecorder: recordSnapshotLocked: ident[[{type=WIFI, subType=COMBINED, networkId="emporia_5G", metered=false, defaultNetwork=true}]]
08-26 13:58:41.604   908   994 I chatty  : uid=1000(system) NetworkStats identical 1 line
08-26 13:58:41.604   908   994 I NetworkStatsRecorder: recordSnapshotLocked: ident[[{type=WIFI, subType=COMBINED, networkId="emporia_5G", metered=false, defaultNetwork=true}]]
08-26 13:58:41.605   908   994 W NetworkStatsRecorder: unknown interfaces [lo], ignoring those stats
08-26 13:58:41.605   908   994 I NetworkStatsRecorder: recordSnapshotLocked: ident[[{type=WIFI, subType=COMBINED, networkId="emporia_5G", metered=false, defaultNetwork=true}]]
08-26 13:58:41.605   908   994 I NetworkStatsRecorder: recordSnapshotLocked: ident[[{type=WIFI, subType=COMBINED, networkId="emporia_5G", metered=false, defaultNetwork=true}]]
08-26 13:58:41.605   908   994 W NetworkStatsRecorder: unknown interfaces [lo], ignoring those stats
08-26 13:58:41.605   908   994 D NetworkStatsRecorder: forcePersistLocked() writing for dev
08-26 13:58:41.628   908   994 D NetworkStatsRecorder: forcePersistLocked() writing for xt
08-26 13:58:42.295   908   994 I NetworkStatsRecorder: recordSnapshotLocked: ident[[{type=WIFI, subType=COMBINED, networkId="emporia_5G", metered=false, defaultNetwork=true}]]
08-26 13:58:42.296   908   994 W NetworkStatsRecorder: unknown interfaces [lo], ignoring those stats
08-26 13:58:42.296   908   994 I NetworkStatsRecorder: recordSnapshotLocked: ident[[{type=WIFI, subType=COMBINED, networkId="emporia_5G", metered=false, defaultNetwork=true}]]
08-26 13:58:42.296   908   994 W NetworkStatsRecorder: unknown interfaces [lo], ignoring those stats
08-26 13:58:42.298   908   994 I NetworkStatsRecorder: recordSnapshotLocked: ident[[{type=WIFI, subType=COMBINED, networkId="emporia_5G", metered=false, defaultNetwork=true}]]
08-26 13:58:42.299   908   994 W NetworkStatsRecorder: unknown interfaces [lo], ignoring those stats
08-26 13:58:42.299   908   994 W NetworkStatsRecorder: unknown interfaces [lo], ignoring those stats
08-26 13:58:42.299   908   994 D NetworkStatsRecorder: forcePersistLocked() writing for dev
08-26 13:58:42.334   908   994 D NetworkStatsRecorder: forcePersistLocked() writing for xt
08-26 13:58:45.682   908  1331 V SettingsProvider: name : EMP_CURRENT_WIFI_NAME appId : 10020
08-26 13:58:45.682   908  1331 V SettingsProvider: Package name : com.android.systemui privateFlags : 1052776
08-26 13:58:46.683   908  5199 V SettingsProvider: name : EMP_CURRENT_WIFI_NAME appId : 10020
08-26 13:58:46.684   908  5199 V SettingsProvider: Package name : com.android.systemui privateFlags : 1052776
08-26 13:58:52.531   908   994 I NetworkStatsRecorder: recordSnapshotLocked: ident[[{type=WIFI, subType=COMBINED, networkId="emporia_5G", metered=false, defaultNetwork=true}]]
08-26 13:58:52.532   908   994 W NetworkStatsRecorder: unknown interfaces [lo], ignoring those stats
08-26 13:58:52.532   908   994 I NetworkStatsRecorder: recordSnapshotLocked: ident[[{type=WIFI, subType=COMBINED, networkId="emporia_5G", metered=false, defaultNetwork=true}]]
08-26 13:58:52.532   908   994 W NetworkStatsRecorder: unknown interfaces [lo], ignoring those stats
08-26 13:58:52.546   908   994 I NetworkStatsRecorder: recordSnapshotLocked: ident[[{type=WIFI, subType=COMBINED, networkId="emporia_5G", metered=false, defaultNetwork=true}]]
08-26 13:58:52.546   908   994 I chatty  : uid=1000(system) NetworkStats identical 2 lines
08-26 13:58:52.547   908   994 I NetworkStatsRecorder: recordSnapshotLocked: ident[[{type=WIFI, subType=COMBINED, networkId="emporia_5G", metered=false, defaultNetwork=true}]]
08-26 13:58:52.547   908   994 W NetworkStatsRecorder: unknown interfaces [lo], ignoring those stats
08-26 13:58:52.548   908   994 I NetworkStatsRecorder: recordSnapshotLocked: ident[[{type=WIFI, subType=COMBINED, networkId="emporia_5G", metered=false, defaultNetwork=true}]]
08-26 13:58:52.549   908   994 I chatty  : uid=1000(system) NetworkStats identical 1 line
08-26 13:58:52.550   908   994 I NetworkStatsRecorder: recordSnapshotLocked: ident[[{type=WIFI, subType=COMBINED, networkId="emporia_5G", metered=false, defaultNetwork=true}]]
08-26 13:58:52.550   908   994 W NetworkStatsRecorder: unknown interfaces [lo], ignoring those stats
08-26 13:58:52.550   908   994 D NetworkStatsRecorder: forcePersistLocked() writing for dev
08-26 13:58:52.571   908   994 D NetworkStatsRecorder: forcePersistLocked() writing for xt
08-26 13:58:52.583   908  1331 V SettingsProvider: name : EMP_CURRENT_WIFI_NAME appId : 10020
08-26 13:58:52.583   908  1331 V SettingsProvider: Package name : com.android.systemui privateFlags : 1052776
08-26 13:58:55.383   908   994 I NetworkStatsRecorder: recordSnapshotLocked: ident[[{type=WIFI, subType=COMBINED, networkId="emporia_5G", metered=false, defaultNetwork=true}]]
08-26 13:58:55.384   908   994 W NetworkStatsRecorder: unknown interfaces [lo], ignoring those stats
08-26 13:58:55.384   908   994 I NetworkStatsRecorder: recordSnapshotLocked: ident[[{type=WIFI, subType=COMBINED, networkId="emporia_5G", metered=false, defaultNetwork=true}]]
08-26 13:58:55.385   908   994 W NetworkStatsRecorder: unknown interfaces [lo], ignoring those stats
08-26 13:58:55.385   908   994 I NetworkStatsRecorder: recordSnapshotLocked: ident[[{type=WIFI, subType=COMBINED, networkId="emporia_5G", metered=false, defaultNetwork=true}]]
08-26 13:58:55.385   908   994 I NetworkStatsRecorder: recordSnapshotLocked: ident[[{type=WIFI, subType=COMBINED, networkId="emporia_5G", metered=false, defaultNetwork=true}]]
08-26 13:58:55.386   908   994 W NetworkStatsRecorder: unknown interfaces [lo], ignoring those stats
08-26 13:58:55.388   908   994 W NetworkStatsRecorder: unknown interfaces [lo], ignoring those stats
08-26 13:58:55.389   908   994 D NetworkStatsRecorder: forcePersistLocked() writing for dev
08-26 13:58:55.404   908   994 D NetworkStatsRecorder: forcePersistLocked() writing for xt
08-26 13:58:56.534   908   935 V SettingsProvider: name : screen_brightness appId : 1000
08-26 13:58:56.537   908   908 V SettingsProvider: Notifying for 0: content://settings/system/screen_brightness
08-26 13:58:56.541   908   935 V SettingsProvider: name : screen_brightness appId : 1000
08-26 13:58:57.727   908   994 I NetworkStatsRecorder: recordSnapshotLocked: ident[[{type=WIFI, subType=COMBINED, networkId="emporia_5G", metered=false, defaultNetwork=true}]]
08-26 13:58:57.728   908   994 W NetworkStatsRecorder: unknown interfaces [lo], ignoring those stats
08-26 13:58:57.731   908   994 I NetworkStatsRecorder: recordSnapshotLocked: ident[[{type=WIFI, subType=COMBINED, networkId="emporia_5G", metered=false, defaultNetwork=true}]]
08-26 13:58:57.735   908   994 W NetworkStatsRecorder: unknown interfaces [lo], ignoring those stats
08-26 13:58:57.746   908   994 I NetworkStatsRecorder: recordSnapshotLocked: ident[[{type=WIFI, subType=COMBINED, networkId="emporia_5G", metered=false, defaultNetwork=true}]]
08-26 13:58:57.747   908   994 W NetworkStatsRecorder: unknown interfaces [lo], ignoring those stats
08-26 13:58:57.747   908   994 I NetworkStatsRecorder: recordSnapshotLocked: ident[[{type=WIFI, subType=COMBINED, networkId="emporia_5G", metered=false, defaultNetwork=true}]]
08-26 13:58:57.750   908   994 W NetworkStatsRecorder: unknown interfaces [lo], ignoring those stats
08-26 13:58:57.756   908   994 D NetworkStatsRecorder: forcePersistLocked() writing for dev
08-26 13:58:57.784   908   994 D NetworkStatsRecorder: forcePersistLocked() writing for xt
08-26 13:58:58.034   908   935 V SettingsProvider: name : screen_brightness appId : 1000
08-26 13:58:58.828   908   994 I NetworkStatsRecorder: recordSnapshotLocked: ident[[{type=WIFI, subType=COMBINED, networkId="emporia_5G", metered=false, defaultNetwork=true}]]
08-26 13:58:58.828   908   994 W NetworkStatsRecorder: unknown interfaces [lo], ignoring those stats
08-26 13:58:58.829   908   994 I NetworkStatsRecorder: recordSnapshotLocked: ident[[{type=WIFI, subType=COMBINED, networkId="emporia_5G", metered=false, defaultNetwork=true}]]
08-26 13:58:58.831   908   994 W NetworkStatsRecorder: unknown interfaces [lo], ignoring those stats
08-26 13:58:58.835   908   994 I NetworkStatsRecorder: recordSnapshotLocked: ident[[{type=WIFI, subType=COMBINED, networkId="emporia_5G", metered=false, defaultNetwork=true}]]
08-26 13:58:58.836   908   994 W NetworkStatsRecorder: unknown interfaces [lo], ignoring those stats
08-26 13:58:58.839   908   994 W NetworkStatsRecorder: unknown interfaces [lo], ignoring those stats
08-26 13:58:58.843   908   994 D NetworkStatsRecorder: forcePersistLocked() writing for dev
08-26 13:58:58.888   908   994 D NetworkStatsRecorder: forcePersistLocked() writing for xt
08-26 13:58:59.573   908   994 I NetworkStatsRecorder: recordSnapshotLocked: ident[[{type=WIFI, subType=COMBINED, networkId="emporia_5G", metered=false, defaultNetwork=true}]]
08-26 13:58:59.573   908   994 W NetworkStatsRecorder: unknown interfaces [lo], ignoring those stats
08-26 13:58:59.573   908   994 I NetworkStatsRecorder: recordSnapshotLocked: ident[[{type=WIFI, subType=COMBINED, networkId="emporia_5G", metered=false, defaultNetwork=true}]]
08-26 13:58:59.574   908   994 W NetworkStatsRecorder: unknown interfaces [lo], ignoring those stats
08-26 13:58:59.575   908   994 I NetworkStatsRecorder: recordSnapshotLocked: ident[[{type=WIFI, subType=COMBINED, networkId="emporia_5G", metered=false, defaultNetwork=true}]]
08-26 13:58:59.575   908   994 W NetworkStatsRecorder: unknown interfaces [lo], ignoring those stats
08-26 13:58:59.576   908   994 W NetworkStatsRecorder: unknown interfaces [lo], ignoring those stats
08-26 13:58:59.589   908   994 D NetworkStatsRecorder: forcePersistLocked() writing for dev
08-26 13:58:59.600   908   994 D NetworkStatsRecorder: forcePersistLocked() writing for xt
08-26 13:59:00.344   908   994 I NetworkStatsRecorder: recordSnapshotLocked: ident[[{type=WIFI, subType=COMBINED, networkId="emporia_5G", metered=false, defaultNetwork=true}]]
08-26 13:59:00.345   908   994 W NetworkStatsRecorder: unknown interfaces [lo], ignoring those stats
08-26 13:59:00.348   908   994 I NetworkStatsRecorder: recordSnapshotLocked: ident[[{type=WIFI, subType=COMBINED, networkId="emporia_5G", metered=false, defaultNetwork=true}]]
08-26 13:59:00.348   908   994 W NetworkStatsRecorder: unknown interfaces [lo], ignoring those stats
08-26 13:59:00.349   908   994 I NetworkStatsRecorder: recordSnapshotLocked: ident[[{type=WIFI, subType=COMBINED, networkId="emporia_5G", metered=false, defaultNetwork=true}]]
08-26 13:59:00.349   908   994 W NetworkStatsRecorder: unknown interfaces [lo], ignoring those stats
08-26 13:59:00.350   908   994 W NetworkStatsRecorder: unknown interfaces [lo], ignoring those stats
08-26 13:59:00.355   908   994 D NetworkStatsRecorder: forcePersistLocked() writing for dev
08-26 13:59:00.393   908   994 D NetworkStatsRecorder: forcePersistLocked() writing for xt
08-26 13:59:02.110   908   994 I NetworkStatsRecorder: recordSnapshotLocked: ident[[{type=WIFI, subType=COMBINED, networkId="emporia_5G", metered=false, defaultNetwork=true}]]
08-26 13:59:02.110   908   994 W NetworkStatsRecorder: unknown interfaces [lo], ignoring those stats
08-26 13:59:02.110   908   994 I NetworkStatsRecorder: recordSnapshotLocked: ident[[{type=WIFI, subType=COMBINED, networkId="emporia_5G", metered=false, defaultNetwork=true}]]
08-26 13:59:02.110   908   994 W NetworkStatsRecorder: unknown interfaces [lo], ignoring those stats
08-26 13:59:02.114   908   994 I NetworkStatsRecorder: recordSnapshotLocked: ident[[{type=WIFI, subType=COMBINED, networkId="emporia_5G", metered=false, defaultNetwork=true}]]
08-26 13:59:02.115   908   994 W NetworkStatsRecorder: unknown interfaces [lo], ignoring those stats
08-26 13:59:02.116   908   994 W NetworkStatsRecorder: unknown interfaces [lo], ignoring those stats
08-26 13:59:02.116   908   994 D NetworkStatsRecorder: forcePersistLocked() writing for dev
08-26 13:59:02.141   908   994 D NetworkStatsRecorder: forcePersistLocked() writing for xt
08-26 13:59:08.717   529   672 E storaged: getDiskStats failed with result NOT_SUPPORTED and size 0
08-26 13:59:22.044   908   935 V SettingsProvider: name : screen_brightness appId : 1000
08-26 13:59:22.048   908   908 V SettingsProvider: Notifying for 0: content://settings/system/screen_brightness
08-26 13:59:22.050   908   935 V SettingsProvider: name : screen_brightness appId : 1000
08-26 13:59:22.647   908   935 I chatty  : uid=1000(system) PowerManagerSer identical 1 line
08-26 13:59:32.790   908   935 V SettingsProvider: name : screen_brightness appId : 1000
08-26 13:59:32.794   908   908 V SettingsProvider: Notifying for 0: content://settings/system/screen_brightness
08-26 13:59:32.797   908   935 V SettingsProvider: name : screen_brightness appId : 1000
08-26 13:59:33.392   908   935 V SettingsProvider: name : screen_brightness appId : 1000
08-26 13:59:48.873   908   994 I NetworkStatsRecorder: recordSnapshotLocked: ident[[{type=WIFI, subType=COMBINED, networkId="emporia_5G", metered=false, defaultNetwork=true}]]
08-26 13:59:48.875   908   994 W NetworkStatsRecorder: unknown interfaces [lo], ignoring those stats
08-26 13:59:48.875   908   994 I NetworkStatsRecorder: recordSnapshotLocked: ident[[{type=WIFI, subType=COMBINED, networkId="emporia_5G", metered=false, defaultNetwork=true}]]
08-26 13:59:48.876   908   994 W NetworkStatsRecorder: unknown interfaces [lo], ignoring those stats
08-26 13:59:48.876   908   994 I NetworkStatsRecorder: recordSnapshotLocked: ident[[{type=WIFI, subType=COMBINED, networkId="emporia_5G", metered=false, defaultNetwork=true}]]
08-26 13:59:48.878   908   994 I chatty  : uid=1000(system) NetworkStats identical 2 lines
08-26 13:59:48.878   908   994 I NetworkStatsRecorder: recordSnapshotLocked: ident[[{type=WIFI, subType=COMBINED, networkId="emporia_5G", metered=false, defaultNetwork=true}]]
08-26 13:59:48.878   908   994 W NetworkStatsRecorder: unknown interfaces [lo], ignoring those stats
08-26 13:59:48.879   908   994 I NetworkStatsRecorder: recordSnapshotLocked: ident[[{type=WIFI, subType=COMBINED, networkId="emporia_5G", metered=false, defaultNetwork=true}]]
08-26 13:59:48.880   908   994 I NetworkStatsRecorder: recordSnapshotLocked: ident[[{type=WIFI, subType=COMBINED, networkId="emporia_5G", metered=false, defaultNetwork=true}]]
08-26 13:59:48.880   908   994 W NetworkStatsRecorder: unknown interfaces [lo], ignoring those stats
08-26 13:59:48.881   908   994 D NetworkStatsRecorder: forcePersistLocked() writing for dev
08-26 13:59:48.898   908   994 D NetworkStatsRecorder: forcePersistLocked() writing for xt
08-26 13:59:50.553   908   994 I NetworkStatsRecorder: recordSnapshotLocked: ident[[{type=WIFI, subType=COMBINED, networkId="emporia_5G", metered=false, defaultNetwork=true}]]
08-26 13:59:50.553   908   994 W NetworkStatsRecorder: unknown interfaces [lo], ignoring those stats
08-26 13:59:50.553   908   994 I NetworkStatsRecorder: recordSnapshotLocked: ident[[{type=WIFI, subType=COMBINED, networkId="emporia_5G", metered=false, defaultNetwork=true}]]
08-26 13:59:50.553   908   994 W NetworkStatsRecorder: unknown interfaces [lo], ignoring those stats
08-26 13:59:50.560   908   994 I NetworkStatsRecorder: recordSnapshotLocked: ident[[{type=WIFI, subType=COMBINED, networkId="emporia_5G", metered=false, defaultNetwork=true}]]
08-26 13:59:50.560   908   994 W NetworkStatsRecorder: unknown interfaces [lo], ignoring those stats
08-26 13:59:50.562   908   994 W NetworkStatsRecorder: unknown interfaces [lo], ignoring those stats
08-26 13:59:50.565   908   994 D NetworkStatsRecorder: forcePersistLocked() writing for dev
08-26 13:59:50.594   908   994 D NetworkStatsRecorder: forcePersistLocked() writing for xt
08-26 13:59:52.441   908   927 E BatteryExternalStatsWorker: no controller energy info supplied for wifi
08-26 13:59:52.442   908   927 E BatteryExternalStatsWorker: no controller energy info supplied for bluetooth
08-26 13:59:54.647   908   994 I NetworkStatsRecorder: recordSnapshotLocked: ident[[{type=WIFI, subType=COMBINED, networkId="emporia_5G", metered=false, defaultNetwork=true}]]
08-26 13:59:54.647   908   994 W NetworkStatsRecorder: unknown interfaces [lo], ignoring those stats
08-26 13:59:54.648   908   994 I NetworkStatsRecorder: recordSnapshotLocked: ident[[{type=WIFI, subType=COMBINED, networkId="emporia_5G", metered=false, defaultNetwork=true}]]
08-26 13:59:54.648   908   994 W NetworkStatsRecorder: unknown interfaces [lo], ignoring those stats
08-26 13:59:54.649   908   994 I NetworkStatsRecorder: recordSnapshotLocked: ident[[{type=WIFI, subType=COMBINED, networkId="emporia_5G", metered=false, defaultNetwork=true}]]
08-26 13:59:54.649   908   994 I NetworkStatsRecorder: recordSnapshotLocked: ident[[{type=WIFI, subType=COMBINED, networkId="emporia_5G", metered=false, defaultNetwork=true}]]
