08-26 14:16:46.041   908  4459 V SettingsProvider: Package name : com.android.systemui privateFlags : 1052776
08-26 14:16:48.045   908  4459 V SettingsProvider: name : EMP_CURRENT_WIFI_NAME appId : 10020
08-26 14:16:48.045   908  4459 V SettingsProvider: Package name : com.android.systemui privateFlags : 1052776
08-26 14:16:51.053   908  4459 V SettingsProvider: name : EMP_CURRENT_WIFI_NAME appId : 10020
08-26 14:16:51.054   908  4459 V SettingsProvider: Package name : com.android.systemui privateFlags : 1052776
08-26 14:16:52.056   908  4459 V SettingsProvider: name : EMP_CURRENT_WIFI_NAME appId : 10020
08-26 14:16:52.056   908  4459 V SettingsProvider: Package name : com.android.systemui privateFlags : 1052776
08-26 14:16:55.062   908  4459 V SettingsProvider: name : EMP_CURRENT_WIFI_NAME appId : 10020
08-26 14:16:55.063   908  4459 V SettingsProvider: Package name : com.android.systemui privateFlags : 1052776
08-26 14:16:56.065   908  4459 V SettingsProvider: name : EMP_CURRENT_WIFI_NAME appId : 10020
08-26 14:16:56.065   908  4459 V SettingsProvider: Package name : com.android.systemui privateFlags : 1052776
08-26 14:16:57.067   908  4459 V SettingsProvider: name : EMP_CURRENT_WIFI_NAME appId : 10020
08-26 14:16:57.068   908  4459 V SettingsProvider: Package name : com.android.systemui privateFlags : 1052776
08-26 14:17:00.096   908  1858 V SettingsProvider: name : EMP_CURRENT_WIFI_NAME appId : 10020
08-26 14:17:00.096   908  1858 V SettingsProvider: Package name : com.android.systemui privateFlags : 1052776
08-26 14:17:01.081   908  1858 V SettingsProvider: name : EMP_CURRENT_WIFI_NAME appId : 10020
08-26 14:17:01.081   908  1858 V SettingsProvider: Package name : com.android.systemui privateFlags : 1052776
08-26 14:17:03.085   908  1858 V SettingsProvider: name : EMP_CURRENT_WIFI_NAME appId : 10020
08-26 14:17:03.086   908  1858 V SettingsProvider: Package name : com.android.systemui privateFlags : 1052776
08-26 14:17:04.088   908  1858 V SettingsProvider: name : EMP_CURRENT_WIFI_NAME appId : 10020
08-26 14:17:04.088   908  1858 V SettingsProvider: Package name : com.android.systemui privateFlags : 1052776
08-26 14:17:05.089   908  1858 V SettingsProvider: name : EMP_CURRENT_WIFI_NAME appId : 10020
08-26 14:17:05.090   908  1858 V SettingsProvider: Package name : com.android.systemui privateFlags : 1052776
08-26 14:17:06.093   908  1858 V SettingsProvider: name : EMP_CURRENT_WIFI_NAME appId : 10020
08-26 14:17:06.094   908  1858 V SettingsProvider: Package name : com.android.systemui privateFlags : 1052776
08-26 14:17:08.788   529   672 E storaged: getDiskStats failed with result NOT_SUPPORTED and size 0
08-26 14:17:09.101   908  1858 V SettingsProvider: name : EMP_CURRENT_WIFI_NAME appId : 10020
08-26 14:17:09.101   908  1858 V SettingsProvider: Package name : com.android.systemui privateFlags : 1052776
08-26 14:17:10.102   908  1858 V SettingsProvider: name : EMP_CURRENT_WIFI_NAME appId : 10020
08-26 14:17:10.102   908  1858 V SettingsProvider: Package name : com.android.systemui privateFlags : 1052776
08-26 14:17:11.104   908  1858 V SettingsProvider: name : EMP_CURRENT_WIFI_NAME appId : 10020
08-26 14:17:11.105   908  1858 V SettingsProvider: Package name : com.android.systemui privateFlags : 1052776
08-26 14:17:15.109   908  1858 V SettingsProvider: name : EMP_CURRENT_WIFI_NAME appId : 10020
08-26 14:17:15.110   908  1858 V SettingsProvider: Package name : com.android.systemui privateFlags : 1052776
08-26 14:17:17.121   908  1858 V SettingsProvider: name : EMP_CURRENT_WIFI_NAME appId : 10020
08-26 14:17:17.121   908  1858 V SettingsProvider: Package name : com.android.systemui privateFlags : 1052776
08-26 14:17:18.121   908  1858 V SettingsProvider: name : EMP_CURRENT_WIFI_NAME appId : 10020
08-26 14:17:18.121   908  1858 V SettingsProvider: Package name : com.android.systemui privateFlags : 1052776
08-26 14:17:20.124   908  1858 V SettingsProvider: name : EMP_CURRENT_WIFI_NAME appId : 10020
08-26 14:17:20.124   908  1858 V SettingsProvider: Package name : com.android.systemui privateFlags : 1052776
08-26 14:17:22.126   908  1858 V SettingsProvider: name : EMP_CURRENT_WIFI_NAME appId : 10020
08-26 14:17:22.127   908  1858 V SettingsProvider: Package name : com.android.systemui privateFlags : 1052776
08-26 14:17:23.129   908  1858 V SettingsProvider: name : EMP_CURRENT_WIFI_NAME appId : 10020
08-26 14:17:23.131   908  1858 V SettingsProvider: Package name : com.android.systemui privateFlags : 1052776
08-26 14:17:24.131   908  1858 V SettingsProvider: name : EMP_CURRENT_WIFI_NAME appId : 10020
08-26 14:17:24.132   908  1858 V SettingsProvider: Package name : com.android.systemui privateFlags : 1052776
08-26 14:17:25.134   908  1858 V SettingsProvider: name : EMP_CURRENT_WIFI_NAME appId : 10020
08-26 14:17:25.134   908  1858 V SettingsProvider: Package name : com.android.systemui privateFlags : 1052776
08-26 14:18:08.789   529   672 E storaged: getDiskStats failed with result NOT_SUPPORTED and size 0
08-26 14:19:08.790   529   672 E storaged: getDiskStats failed with result NOT_SUPPORTED and size 0
08-26 14:20:08.791   529   672 E storaged: getDiskStats failed with result NOT_SUPPORTED and size 0
08-26 14:21:08.792   529   672 E storaged: getDiskStats failed with result NOT_SUPPORTED and size 0
08-26 14:21:12.921   908   923 W BroadcastQueue: Background execution not allowed: receiving Intent { act=android.intent.action.ACTION_POWER_DISCONNECTED flg=0x4000010 (has extras) } to com.adups.fota/.MyReceiver
08-26 14:21:12.971   908   923 W BroadcastQueue: Background execution not allowed: receiving Intent { act=android.intent.action.ACTION_POWER_DISCONNECTED flg=0x4000010 (has extras) } to com.emporia.emporiaapprebuild/com.appguide.app.receivers.BackroundBroadcastReceiver
08-26 14:21:12.972   908   923 W BroadcastQueue: Background execution not allowed: receiving Intent { act=android.intent.action.ACTION_POWER_DISCONNECTED flg=0x4000010 (has extras) } to com.google.android.gms/.chimera.GmsIntentOperationService$PersistentTrustedReceiver
08-26 14:21:12.990   908   927 E BatteryExternalStatsWorker: no controller energy info supplied for wifi
08-26 14:21:12.990   908   927 E BatteryExternalStatsWorker: no controller energy info supplied for bluetooth
08-26 14:21:15.976   908   985 I ActivityManager: START u0 {act=android.intent.action.MAIN cat=[android.intent.category.HOME] flg=0x10200000 cmp=com.emporia.emporiaapprebuild/com.emporia.easylauncher.EasyLauncher (has extras)} from uid 1000
08-26 14:21:16.085   908  2358 V WindowManager: Set focused app to: AppWindowToken{c4b863c token=Token{3d8b02f ActivityRecord{ea74e0e u0 com.emporia.emporiaapprebuild/com.emporia.easylauncher.EasyLauncher t4}}} old focus=AppWindowToken{315c286 token=Token{4746761 ActivityRecord{c637ac8 u0 com.qiyi.video/org.iqiyi.video.activity.PlayerActivity t8}}} moveFocusNow=true
08-26 14:21:16.085   908  2358 V WindowManager: findFocusedWindow: Reached focused app=AppWindowToken{c4b863c token=Token{3d8b02f ActivityRecord{ea74e0e u0 com.emporia.emporiaapprebuild/com.emporia.easylauncher.EasyLauncher t4}}}
08-26 14:21:16.086   908  2358 V WindowManager: Changing focus from Window{eb7683f u0 com.qiyi.video/org.iqiyi.video.activity.PlayerActivity} to null Callers=com.android.server.wm.WindowManagerService.setFocusedApp:2630 com.android.server.am.ActivityManagerService.setResumedActivityUncheckLocked:3648 com.android.server.am.ActivityStack.onActivityStateChanged:498 com.android.server.am.TaskRecord.onActivityStateChanged:1794 
08-26 14:21:16.086   908  2358 D WindowManager: Input focus has changed to null
08-26 14:21:16.187   908  2358 I ActivityManager: Config changes=20000480 {1.3 ?mcc?mnc [en_US] ldltr sw360dp w360dp h696dp 320dpi nrml long port finger -keyb/v/h -nav/h winConfig={ mBounds=Rect(0, 0 - 0, 0) mAppBounds=Rect(0, 0 - 720, 1440) mWindowingMode=fullscreen mActivityType=undefined} s.15}
08-26 14:21:16.229   908  2358 I ActivityManager: Override config changes=20000480 {1.3 ?mcc?mnc [en_US] ldltr sw360dp w360dp h696dp 320dpi nrml long port finger -keyb/v/h -nav/h winConfig={ mBounds=Rect(0, 0 - 1440, 720) mAppBounds=Rect(0, 0 - 720, 1440) mWindowingMode=fullscreen mActivityType=undefined} s.15} for displayId=0
08-26 14:21:16.305   908   932 I WindowManager: Focus moving from Window{eb7683f u0 com.qiyi.video/org.iqiyi.video.activity.PlayerActivity} to null
08-26 14:21:16.429   908   924 W Looper  : Slow dispatch took 140ms android.ui h=com.android.server.am.ActivityManagerService$UiHandler c=null m=30
08-26 14:21:16.679   908  1273 I NetworkStatsRecorder: recordSnapshotLocked: ident[[{type=WIFI, subType=COMBINED, networkId="emporia_5G", metered=false, defaultNetwork=true}]]
08-26 14:21:16.679   908  1273 W NetworkStatsRecorder: unknown interfaces [lo], ignoring those stats
08-26 14:21:16.679   908  1273 I NetworkStatsRecorder: recordSnapshotLocked: ident[[{type=WIFI, subType=COMBINED, networkId="emporia_5G", metered=false, defaultNetwork=true}]]
08-26 14:21:16.679   908  1273 W NetworkStatsRecorder: unknown interfaces [lo], ignoring those stats
08-26 14:21:16.680   908  1273 I NetworkStatsRecorder: recordSnapshotLocked: ident[[{type=WIFI, subType=COMBINED, networkId="emporia_5G", metered=false, defaultNetwork=true}]]
08-26 14:21:16.680   908  1273 I chatty  : uid=1000(system) Binder:908_4 identical 4 lines
08-26 14:21:16.680   908  1273 I NetworkStatsRecorder: recordSnapshotLocked: ident[[{type=WIFI, subType=COMBINED, networkId="emporia_5G", metered=false, defaultNetwork=true}]]
08-26 14:21:16.680   908  1273 W NetworkStatsRecorder: unknown interfaces [lo], ignoring those stats
08-26 14:21:16.681   908  1273 I NetworkStatsRecorder: recordSnapshotLocked: ident[[{type=WIFI, subType=COMBINED, networkId="emporia_5G", metered=false, defaultNetwork=true}]]
08-26 14:21:16.682   908  1273 I chatty  : uid=1000(system) Binder:908_4 identical 5 lines
08-26 14:21:16.682   908  1273 I NetworkStatsRecorder: recordSnapshotLocked: ident[[{type=WIFI, subType=COMBINED, networkId="emporia_5G", metered=false, defaultNetwork=true}]]
08-26 14:21:16.682   908  1273 W NetworkStatsRecorder: unknown interfaces [lo], ignoring those stats
08-26 14:21:16.682   908  1273 D NetworkStatsRecorder: forcePersistLocked() writing for dev
08-26 14:21:16.692   908  1273 D NetworkStatsRecorder: forcePersistLocked() writing for xt
08-26 14:21:16.702   908  1273 D NetworkStatsRecorder: forcePersistLocked() writing for uid
08-26 14:21:16.712   908  1273 D NetworkStatsRecorder: forcePersistLocked() writing for uid_tag
08-26 14:21:16.878   908   923 W BroadcastQueue: Background execution not allowed: receiving Intent { act=android.intent.action.DROPBOX_ENTRY_ADDED flg=0x10 (has extras) } to com.google.android.gms/.stats.service.DropBoxEntryAddedReceiver
08-26 14:21:16.878   908   923 W BroadcastQueue: Background execution not allowed: receiving Intent { act=android.intent.action.DROPBOX_ENTRY_ADDED flg=0x10 (has extras) } to com.google.android.gms/.chimera.GmsIntentOperationService$PersistentTrustedReceiver
08-26 14:21:17.032   908  4852 I WindowManager: Relayout Window{22f398e u0 com.emporia.emporiaapprebuild/com.emporia.easylauncher.EasyLauncher}: oldVis=4 newVis=0 focusMayChange = true
08-26 14:21:17.043   908  4852 V WindowManager: Changing focus from null to Window{22f398e u0 com.emporia.emporiaapprebuild/com.emporia.easylauncher.EasyLauncher} Callers=com.android.server.wm.WindowManagerService.relayoutWindow:2134 com.android.server.wm.Session.relayout:244 android.view.IWindowSession$Stub.onTransact:309 com.android.server.wm.Session.onTransact:164 
08-26 14:21:17.043   908  4852 D WindowManager: Input focus has changed to Window{22f398e u0 com.emporia.emporiaapprebuild/com.emporia.easylauncher.EasyLauncher}
08-26 14:21:17.046   908   932 I WindowManager: Focus moving from null to Window{22f398e u0 com.emporia.emporiaapprebuild/com.emporia.easylauncher.EasyLauncher}
08-26 14:21:17.091  1182  1182 I EmergencyButton: ss.getState()=1 ss.isEmergencyOnly()=true for simId=0
08-26 14:21:17.159   908  4761 V SettingsProvider: name : EMP_CURRENT_WIFI_NAME appId : 10020
08-26 14:21:17.160   908  4761 V SettingsProvider: Package name : com.android.systemui privateFlags : 1052776
08-26 14:21:17.182   908  4761 W BroadcastQueue: Background execution not allowed: receiving Intent { act=android.intent.action.DROPBOX_ENTRY_ADDED flg=0x10 (has extras) } to com.google.android.gms/.stats.service.DropBoxEntryAddedReceiver
08-26 14:21:17.186   908   923 W BroadcastQueue: Background execution not allowed: receiving Intent { act=android.intent.action.DROPBOX_ENTRY_ADDED flg=0x10 (has extras) } to com.google.android.gms/.chimera.GmsIntentOperationService$PersistentTrustedReceiver
08-26 14:21:17.186   908   923 W BroadcastQueue: Background execution not allowed: receiving Intent { act=android.intent.action.DROPBOX_ENTRY_ADDED flg=0x10 (has extras) } to com.google.android.gms/.stats.service.DropBoxEntryAddedReceiver
08-26 14:21:17.186   908   923 W BroadcastQueue: Background execution not allowed: receiving Intent { act=android.intent.action.DROPBOX_ENTRY_ADDED flg=0x10 (has extras) } to com.google.android.gms/.chimera.GmsIntentOperationService$PersistentTrustedReceiver
08-26 14:21:17.187   908   923 W BroadcastQueue: Background execution not allowed: receiving Intent { act=android.intent.action.DROPBOX_ENTRY_ADDED flg=0x10 (has extras) } to com.google.android.gms/.stats.service.DropBoxEntryAddedReceiver
08-26 14:21:17.188   908   923 W BroadcastQueue: Background execution not allowed: receiving Intent { act=android.intent.action.DROPBOX_ENTRY_ADDED flg=0x10 (has extras) } to com.google.android.gms/.chimera.GmsIntentOperationService$PersistentTrustedReceiver
08-26 14:21:17.631   908   923 W BroadcastQueue: Background execution not allowed: receiving Intent { act=android.intent.action.DROPBOX_ENTRY_ADDED flg=0x10 (has extras) } to com.google.android.gms/.stats.service.DropBoxEntryAddedReceiver
08-26 14:21:17.631   908   923 W BroadcastQueue: Background execution not allowed: receiving Intent { act=android.intent.action.DROPBOX_ENTRY_ADDED flg=0x10 (has extras) } to com.google.android.gms/.chimera.GmsIntentOperationService$PersistentTrustedReceiver
08-26 14:21:17.664   908   971 I WindowManager: Screen frozen for +1s576ms due to Window{f55b47c u0 StatusBar}
08-26 14:21:18.635   908   924 V WindowOrientationListener: Proposed rotation changed!  proposedRotation=0, oldProposedRotation=-1
08-26 14:21:19.030   908   924 V WindowOrientationListener: Proposed rotation changed!  proposedRotation=0, oldProposedRotation=-1
08-26 14:21:19.465   908  1273 V SettingsProvider: name : EMP_CURRENT_WIFI_NAME appId : 10020
08-26 14:21:19.465   908  1273 V SettingsProvider: Package name : com.android.systemui privateFlags : 1052776
08-26 14:21:19.664   908  1273 V SettingsProvider: name : EMP_CURRENT_WIFI_NAME appId : 10020
08-26 14:21:19.664   908  1273 V SettingsProvider: Package name : com.android.systemui privateFlags : 1052776
08-26 14:21:21.666   908  1273 V SettingsProvider: name : EMP_CURRENT_WIFI_NAME appId : 10020
08-26 14:21:21.666   908  1273 V SettingsProvider: Package name : com.android.systemui privateFlags : 1052776
08-26 14:21:22.476   908  1273 V SettingsProvider: name : EMP_CURRENT_WIFI_NAME appId : 10020
08-26 14:21:22.476   908  1273 V SettingsProvider: Package name : com.android.systemui privateFlags : 1052776
08-26 14:21:24.574   908   924 V WindowOrientationListener: Proposed rotation changed!  proposedRotation=3, oldProposedRotation=-1
08-26 14:21:24.905   908   924 I chatty  : uid=1000(system) android.ui identical 1 line
08-26 14:21:25.894   908   924 V WindowOrientationListener: Proposed rotation changed!  proposedRotation=3, oldProposedRotation=-1
08-26 14:21:26.005   908   923 W ActivityManager: Launch timeout has expired, giving up wake lock!
08-26 14:21:28.502   908  2591 V SettingsProvider: name : EMP_CURRENT_WIFI_NAME appId : 10020
08-26 14:21:28.502   908  2591 V SettingsProvider: Package name : com.android.systemui privateFlags : 1052776
08-26 14:21:30.678   908  2591 V SettingsProvider: name : EMP_CURRENT_WIFI_NAME appId : 10020
08-26 14:21:30.679   908  2591 V SettingsProvider: Package name : com.android.systemui privateFlags : 1052776
08-26 14:21:30.782   908   935 V SettingsProvider: name : screen_brightness appId : 1000
08-26 14:21:30.783   908   908 V SettingsProvider: Notifying for 0: content://settings/system/screen_brightness
08-26 14:21:30.784   908   935 V SettingsProvider: name : screen_brightness appId : 1000
08-26 14:21:31.642   908   935 V SettingsProvider: name : screen_brightness appId : 1000
08-26 14:21:31.680   908  2591 V SettingsProvider: name : EMP_CURRENT_WIFI_NAME appId : 10020
08-26 14:21:31.681   908  2591 V SettingsProvider: Package name : com.android.systemui privateFlags : 1052776
08-26 14:21:32.682   908  2591 V SettingsProvider: name : EMP_CURRENT_WIFI_NAME appId : 10020
08-26 14:21:32.683   908  2591 V SettingsProvider: Package name : com.android.systemui privateFlags : 1052776
08-26 14:21:33.684   908  2591 V SettingsProvider: name : EMP_CURRENT_WIFI_NAME appId : 10020
08-26 14:21:33.685   908  2591 V SettingsProvider: Package name : com.android.systemui privateFlags : 1052776
08-26 14:21:34.856   908   931 I EntropyMixer: Writing entropy...
08-26 14:21:34.864   908   923 W BroadcastQueue: Background execution not allowed: receiving Intent { act=android.intent.action.ACTION_POWER_CONNECTED flg=0x4000010 (has extras) } to com.emporia.emporiaapprebuild/com.appguide.app.receivers.BackroundBroadcastReceiver
08-26 14:21:34.867   908   923 W BroadcastQueue: Background execution not allowed: receiving Intent { act=android.intent.action.ACTION_POWER_CONNECTED flg=0x4000010 (has extras) } to com.google.android.gms/.gcm.nts.SchedulerReceiver
08-26 14:21:34.868   908   923 W BroadcastQueue: Background execution not allowed: receiving Intent { act=android.intent.action.ACTION_POWER_CONNECTED flg=0x4000010 (has extras) } to com.google.android.gms/.chimera.GmsIntentOperationService$PersistentTrustedReceiver
08-26 14:21:34.878   908   927 E BatteryExternalStatsWorker: no controller energy info supplied for wifi
08-26 14:21:34.878   908   927 E BatteryExternalStatsWorker: no controller energy info supplied for bluetooth
08-26 14:21:34.878   908 10430 I UsbPortManager: ClientCallback: dual-role-usb20
08-26 14:21:34.879   908   930 I UsbPortManager: USB port changed: port=UsbPort{id=dual-role-usb20, supportedModes=dual}, status=UsbPortStatus{connected=true, currentMode=ufp, currentPowerRole=sink, currentDataRole=device, supportedRoleCombinations=[sink:device]}, canChangeMode=false, canChangePowerRole=false, canChangeDataRole=false
08-26 14:21:35.149   908   930 D UsbDeviceManager: push notification:Charging this device via USB
08-26 14:21:35.317   908   923 W BroadcastQueue: Background execution not allowed: receiving Intent { act=android.intent.action.DROPBOX_ENTRY_ADDED flg=0x10 (has extras) } to com.google.android.gms/.stats.service.DropBoxEntryAddedReceiver
08-26 14:21:35.318   908   923 W BroadcastQueue: Background execution not allowed: receiving Intent { act=android.intent.action.DROPBOX_ENTRY_ADDED flg=0x10 (has extras) } to com.google.android.gms/.chimera.GmsIntentOperationService$PersistentTrustedReceiver
08-26 14:21:35.348   908   923 W BroadcastQueue: Background execution not allowed: receiving Intent { act=android.intent.action.DROPBOX_ENTRY_ADDED flg=0x10 (has extras) } to com.google.android.gms/.stats.service.DropBoxEntryAddedReceiver
08-26 14:21:35.349   908   923 W BroadcastQueue: Background execution not allowed: receiving Intent { act=android.intent.action.DROPBOX_ENTRY_ADDED flg=0x10 (has extras) } to com.google.android.gms/.chimera.GmsIntentOperationService$PersistentTrustedReceiver
08-26 14:21:35.367   908   923 W BroadcastQueue: Background execution not allowed: receiving Intent { act=android.intent.action.DROPBOX_ENTRY_ADDED flg=0x10 (has extras) } to com.google.android.gms/.stats.service.DropBoxEntryAddedReceiver
08-26 14:21:35.368   908   923 W BroadcastQueue: Background execution not allowed: receiving Intent { act=android.intent.action.DROPBOX_ENTRY_ADDED flg=0x10 (has extras) } to com.google.android.gms/.chimera.GmsIntentOperationService$PersistentTrustedReceiver
08-26 14:21:35.379   908   923 W BroadcastQueue: Background execution not allowed: receiving Intent { act=android.intent.action.DROPBOX_ENTRY_ADDED flg=0x10 (has extras) } to com.google.android.gms/.stats.service.DropBoxEntryAddedReceiver
08-26 14:21:35.380   908   923 W BroadcastQueue: Background execution not allowed: receiving Intent { act=android.intent.action.DROPBOX_ENTRY_ADDED flg=0x10 (has extras) } to com.google.android.gms/.chimera.GmsIntentOperationService$PersistentTrustedReceiver
08-26 14:21:35.398   908   923 W BroadcastQueue: Background execution not allowed: receiving Intent { act=android.intent.action.DROPBOX_ENTRY_ADDED flg=0x10 (has extras) } to com.google.android.gms/.stats.service.DropBoxEntryAddedReceiver
08-26 14:21:35.399   908   923 W BroadcastQueue: Background execution not allowed: receiving Intent { act=android.intent.action.DROPBOX_ENTRY_ADDED flg=0x10 (has extras) } to com.google.android.gms/.chimera.GmsIntentOperationService$PersistentTrustedReceiver
08-26 14:21:38.970   908  4761 I ActivityManager: START u0 {act=android.settings.SETTINGS flg=0x10000000 cmp=com.android.settings/.Settings} from uid 10042
08-26 14:21:39.009   908  3204 V WindowManager: Set focused app to: AppWindowToken{6853399 token=Token{cf374e0 ActivityRecord{aae62e3 u0 com.android.settings/.Settings t9}}} old focus=AppWindowToken{c4b863c token=Token{3d8b02f ActivityRecord{ea74e0e u0 com.emporia.emporiaapprebuild/com.emporia.easylauncher.EasyLauncher t4}}} moveFocusNow=true
08-26 14:21:39.010   908  3204 V WindowManager: findFocusedWindow: Reached focused app=AppWindowToken{6853399 token=Token{cf374e0 ActivityRecord{aae62e3 u0 com.android.settings/.Settings t9}}}
08-26 14:21:39.011   908  3204 V WindowManager: Changing focus from Window{22f398e u0 com.emporia.emporiaapprebuild/com.emporia.easylauncher.EasyLauncher} to null Callers=com.android.server.wm.WindowManagerService.setFocusedApp:2630 com.android.server.am.ActivityManagerService.setResumedActivityUncheckLocked:3648 com.android.server.am.ActivityStack.onActivityStateChanged:498 com.android.server.am.TaskRecord.onActivityStateChanged:1794 
08-26 14:21:39.011   908  3204 D WindowManager: Input focus has changed to null
08-26 14:21:39.015   908  3204 V WindowManager: transferStartingWindow, fromToken already add a starting window.
08-26 14:21:39.015   908  3204 V WindowManager: transferStartingWindow, fromToken already add a starting window.
08-26 14:21:39.028   908   932 I WindowManager: Focus moving from Window{22f398e u0 com.emporia.emporiaapprebuild/com.emporia.easylauncher.EasyLauncher} to null
08-26 14:21:39.083  7387  7387 W ContextImpl: Calling a method in the system process without a qualified user: android.app.ContextImpl.sendBroadcast:1009 android.content.ContextWrapper.sendBroadcast:444 android.app.Activity.sendOnResumeBroadcast:7905 android.app.Activity.onResume:1363 com.android.settingslib.drawer.SettingsDrawerActivity.onResume:99 
08-26 14:21:39.177   908  2591 I WindowManager: Relayout Window{1b9c12b u0 com.android.settings/com.android.settings.Settings}: oldVis=8 newVis=0 focusMayChange = true
08-26 14:21:39.190   908  2591 V WindowManager: Changing focus from null to Window{1b9c12b u0 com.android.settings/com.android.settings.Settings} Callers=com.android.server.wm.WindowManagerService.relayoutWindow:2134 com.android.server.wm.Session.relayout:244 android.view.IWindowSession$Stub.onTransact:309 com.android.server.wm.Session.onTransact:164 
08-26 14:21:39.191   908  2591 D WindowManager: Input focus has changed to Window{1b9c12b u0 com.android.settings/com.android.settings.Settings}
08-26 14:21:39.208   908   932 I WindowManager: Focus moving from null to Window{1b9c12b u0 com.android.settings/com.android.settings.Settings}
08-26 14:21:39.402   908   927 E BatteryExternalStatsWorker: no controller energy info supplied for wifi
08-26 14:21:39.402   908   927 E BatteryExternalStatsWorker: no controller energy info supplied for bluetooth
08-26 14:21:39.533   908   927 E BatteryExternalStatsWorker: no controller energy info supplied for wifi
08-26 14:21:39.533   908   927 E BatteryExternalStatsWorker: no controller energy info supplied for bluetooth
08-26 14:21:39.537   908   935 V SettingsProvider: name : screen_brightness appId : 1000
08-26 14:21:39.545   908   935 V SettingsProvider: name : screen_brightness appId : 1000
08-26 14:21:39.549   908   908 V SettingsProvider: Notifying for 0: content://settings/system/screen_brightness
--------- beginning of main
08-26 14:21:39.644   348   348 D lights  : write_int open fd=7
08-26 14:21:39.648   510   556 D AAL     : onBacklightChanged: 638/1023 -> 642/1023(phy:2570/4095)
08-26 14:21:39.648   908  2591 E ActivityManager: Sending non-protected broadcast com.emporia.notificationcenter.EMPO_NOTIFICATION_NAME from system 1645:com.emporia.emporiaapprebuild/u0a42 pkg com.emporia.emporiaapprebuild
08-26 14:21:39.648   908  2591 E ActivityManager: java.lang.Throwable
08-26 14:21:39.648   908  2591 E ActivityManager: 	at com.android.server.am.ActivityManagerService.checkBroadcastFromSystem(ActivityManagerService.java:21498)
08-26 14:21:39.648   908  2591 E ActivityManager: 	at com.android.server.am.ActivityManagerService.broadcastIntentLocked(ActivityManagerService.java:22009)
08-26 14:21:39.648   908  2591 E ActivityManager: 	at com.android.server.am.ActivityManagerService.broadcastIntent(ActivityManagerService.java:22252)
08-26 14:21:39.648   908  2591 E ActivityManager: 	at android.app.IActivityManager$Stub.onTransact$broadcastIntent$(IActivityManager.java:10180)
08-26 14:21:39.648   908  2591 E ActivityManager: 	at android.app.IActivityManager$Stub.onTransact(IActivityManager.java:167)
08-26 14:21:39.648   908  2591 E ActivityManager: 	at com.android.server.am.ActivityManagerService.onTransact(ActivityManagerService.java:3367)
08-26 14:21:39.648   908  2591 E ActivityManager: 	at android.os.Binder.execTransact(Binder.java:731)
08-26 14:21:39.651   908  2591 E ActivityManager: Sending non-protected broadcast com.emporia.notificationcenter.EMPO_NOTIFICATION_NAME from system 1645:com.emporia.emporiaapprebuild/u0a42 pkg com.emporia.emporiaapprebuild
08-26 14:21:39.651   908  2591 E ActivityManager: java.lang.Throwable
08-26 14:21:39.651   908  2591 E ActivityManager: 	at com.android.server.am.ActivityManagerService.checkBroadcastFromSystem(ActivityManagerService.java:21498)
08-26 14:21:39.651   908  2591 E ActivityManager: 	at com.android.server.am.ActivityManagerService.broadcastIntentLocked(ActivityManagerService.java:22102)
08-26 14:21:39.651   908  2591 E ActivityManager: 	at com.android.server.am.ActivityManagerService.broadcastIntent(ActivityManagerService.java:22252)
08-26 14:21:39.651   908  2591 E ActivityManager: 	at android.app.IActivityManager$Stub.onTransact$broadcastIntent$(IActivityManager.java:10180)
08-26 14:21:39.651   908  2591 E ActivityManager: 	at android.app.IActivityManager$Stub.onTransact(IActivityManager.java:167)
08-26 14:21:39.651   908  2591 E ActivityManager: 	at com.android.server.am.ActivityManagerService.onTransact(ActivityManagerService.java:3367)
08-26 14:21:39.651   908  2591 E ActivityManager: 	at android.os.Binder.execTransact(Binder.java:731)
08-26 14:21:39.653  1645  1645 I EmporiaNotificationListenerService: total list size: 3
08-26 14:21:39.654   908  2591 E ActivityManager: Sending non-protected broadcast com.emporia.notificationcenter.EMPO_UI_NOTIFICATION from system 1645:com.emporia.emporiaapprebuild/u0a42 pkg com.emporia.emporiaapprebuild
08-26 14:21:39.654   908  2591 E ActivityManager: java.lang.Throwable
08-26 14:21:39.654   908  2591 E ActivityManager: 	at com.android.server.am.ActivityManagerService.checkBroadcastFromSystem(ActivityManagerService.java:21498)
08-26 14:21:39.654   908  2591 E ActivityManager: 	at com.android.server.am.ActivityManagerService.broadcastIntentLocked(ActivityManagerService.java:22009)
08-26 14:21:39.654   908  2591 E ActivityManager: 	at com.android.server.am.ActivityManagerService.broadcastIntent(ActivityManagerService.java:22252)
08-26 14:21:39.654   908  2591 E ActivityManager: 	at android.app.IActivityManager$Stub.onTransact$broadcastIntent$(IActivityManager.java:10180)
08-26 14:21:39.654   908  2591 E ActivityManager: 	at android.app.IActivityManager$Stub.onTransact(IActivityManager.java:167)
08-26 14:21:39.654   908  2591 E ActivityManager: 	at com.android.server.am.ActivityManagerService.onTransact(ActivityManagerService.java:3367)
08-26 14:21:39.654   908  2591 E ActivityManager: 	at android.os.Binder.execTransact(Binder.java:731)
08-26 14:21:39.655   337   676 D AudioALSAStreamOut: standby(), flag 6
08-26 14:21:39.655   337   676 D AudioALSAStreamOut: standbyStreamOut(), flag 6
08-26 14:21:39.655   337   676 D AudioALSAStreamOut: close(), flags 6
08-26 14:21:39.655   337   676 D AudioALSAPlaybackHandlerNormal: +close(), flag 6, mDevice = 0x2
08-26 14:21:39.655   337   676 D AudioVoiceUIDL: [SetInputStandBy] ReadRefFromRing to exit? (0) 
08-26 14:21:39.655   337   676 D AudioALSAHardwareResourceManager: +stopOutputDevice(), mOutputDevices = 0x2, mStartOutputDevicesCount = 1
08-26 14:21:39.655   337   676 D AudioALSADeviceConfigManager: ApplyDeviceTurnoffSequenceByName(), DeviceName = ext_speaker_output descriptor->DeviceStatusCounter = 1
08-26 14:21:39.656   337   676 D AudioALSADeviceConfigManager: ApplyDeviceTurnoffSequenceByName(), DeviceName = speaker_output descriptor->DeviceStatusCounter = 1
08-26 14:21:39.656   337   676 D AudioALSAStreamManager: speakerStatusChangeCb(), status = 1
08-26 14:21:39.657   337   676 D AudioALSAPlaybackHandlerBase: -closePcmDriver(), mPcm = 0x0
08-26 14:21:39.657   337   676 D AudioALSAPlaybackHandlerNormal: SetLowJitterMode(), bypass low jitter mode, bEnable = 0, device = 0x2, SampleRate = 48000
08-26 14:21:39.657   337   676 D AudioALSAPlaybackHandlerBase: DestroyAurisysLibManager()
08-26 14:21:39.657   337   676 D aurisys_lib_handler: aurisys_arsi_destroy_handler(), lib_name mtk_bessound, 0xb0992dc0, arsi_destroy_handler, arsi_handler = 0xb0ada5c0, retval = 0
08-26 14:21:39.657   337   676 D aurisys_lib_manager: delete_aurisys_lib_manager(), manager 0xb0b1ece0
08-26 14:21:39.657   337   676 D AudioALSAPlaybackHandlerNormal: -close()
08-26 14:21:39.657   908  2591 E ActivityManager: Sending non-protected broadcast com.emporia.notificationcenter.EMPO_UI_NOTIFICATION from system 1645:com.emporia.emporiaapprebuild/u0a42 pkg com.emporia.emporiaapprebuild
08-26 14:21:39.657   908  2591 E ActivityManager: java.lang.Throwable
08-26 14:21:39.657   908  2591 E ActivityManager: 	at com.android.server.am.ActivityManagerService.checkBroadcastFromSystem(ActivityManagerService.java:21498)
08-26 14:21:39.657   908  2591 E ActivityManager: 	at com.android.server.am.ActivityManagerService.broadcastIntentLocked(ActivityManagerService.java:22102)
08-26 14:21:39.657   908  2591 E ActivityManager: 	at com.android.server.am.ActivityManagerService.broadcastIntent(ActivityManagerService.java:22252)
08-26 14:21:39.657   908  2591 E ActivityManager: 	at android.app.IActivityManager$Stub.onTransact$broadcastIntent$(IActivityManager.java:10180)
08-26 14:21:39.657   908  2591 E ActivityManager: 	at android.app.IActivityManager$Stub.onTransact(IActivityManager.java:167)
08-26 14:21:39.657   908  2591 E ActivityManager: 	at com.android.server.am.ActivityManagerService.onTransact(ActivityManagerService.java:3367)
08-26 14:21:39.657   908  2591 E ActivityManager: 	at android.os.Binder.execTransact(Binder.java:731)
08-26 14:21:39.664   348   348 D lights  : write_int open fd=7
08-26 14:21:39.665   510   556 D AAL     : onBacklightChanged: 642/1023 -> 646/1023(phy:2586/4095)
08-26 14:21:39.666   510   556 D AAL     : 08-26 02:21:39.595 BL= 485,ESS= 256, 08-26 02:21:39.613 BL= 488,ESS= 256, 08-26 02:21:39.637 BL= 491,ESS= 256, 08-26 02:21:39.648 BL= 496,ESS= 256, 08-26 02:21:39.666 BL= 500,ESS= 256, 
08-26 14:21:39.666   908  1273 E ActivityManager: Sending non-protected broadcast com.emporia.notificationcenter.EMPO_NOTIFICATION_NAME from system 1645:com.emporia.emporiaapprebuild/u0a42 pkg com.emporia.emporiaapprebuild
08-26 14:21:39.666   908  1273 E ActivityManager: java.lang.Throwable
08-26 14:21:39.666   908  1273 E ActivityManager: 	at com.android.server.am.ActivityManagerService.checkBroadcastFromSystem(ActivityManagerService.java:21498)
08-26 14:21:39.666   908  1273 E ActivityManager: 	at com.android.server.am.ActivityManagerService.broadcastIntentLocked(ActivityManagerService.java:22009)
08-26 14:21:39.666   908  1273 E ActivityManager: 	at com.android.server.am.ActivityManagerService.broadcastIntent(ActivityManagerService.java:22252)
08-26 14:21:39.666   908  1273 E ActivityManager: 	at android.app.IActivityManager$Stub.onTransact$broadcastIntent$(IActivityManager.java:10180)
08-26 14:21:39.666   908  1273 E ActivityManager: 	at android.app.IActivityManager$Stub.onTransact(IActivityManager.java:167)
08-26 14:21:39.666   908  1273 E ActivityManager: 	at com.android.server.am.ActivityManagerService.onTransact(ActivityManagerService.java:3367)
08-26 14:21:39.666   908  1273 E ActivityManager: 	at android.os.Binder.execTransact(Binder.java:731)
08-26 14:21:39.668   908  1273 E ActivityManager: Sending non-protected broadcast com.emporia.notificationcenter.EMPO_NOTIFICATION_NAME from system 1645:com.emporia.emporiaapprebuild/u0a42 pkg com.emporia.emporiaapprebuild
08-26 14:21:39.668   908  1273 E ActivityManager: java.lang.Throwable
08-26 14:21:39.668   908  1273 E ActivityManager: 	at com.android.server.am.ActivityManagerService.checkBroadcastFromSystem(ActivityManagerService.java:21498)
08-26 14:21:39.668   908  1273 E ActivityManager: 	at com.android.server.am.ActivityManagerService.broadcastIntentLocked(ActivityManagerService.java:22102)
08-26 14:21:39.668   908  1273 E ActivityManager: 	at com.android.server.am.ActivityManagerService.broadcastIntent(ActivityManagerService.java:22252)
08-26 14:21:39.668   908  1273 E ActivityManager: 	at android.app.IActivityManager$Stub.onTransact$broadcastIntent$(IActivityManager.java:10180)
08-26 14:21:39.668   908  1273 E ActivityManager: 	at android.app.IActivityManager$Stub.onTransact(IActivityManager.java:167)
08-26 14:21:39.668   908  1273 E ActivityManager: 	at com.android.server.am.ActivityManagerService.onTransact(ActivityManagerService.java:3367)
08-26 14:21:39.668   908  1273 E ActivityManager: 	at android.os.Binder.execTransact(Binder.java:731)
08-26 14:21:39.672   908  1273 E ActivityManager: Sending non-protected broadcast com.emporia.notificationcenter.EMPO_NOTIFICATION_NAME from system 1645:com.emporia.emporiaapprebuild/u0a42 pkg com.emporia.emporiaapprebuild
08-26 14:21:39.672   908  1273 E ActivityManager: java.lang.Throwable
08-26 14:21:39.672   908  1273 E ActivityManager: 	at com.android.server.am.ActivityManagerService.checkBroadcastFromSystem(ActivityManagerService.java:21498)
08-26 14:21:39.672   908  1273 E ActivityManager: 	at com.android.server.am.ActivityManagerService.broadcastIntentLocked(ActivityManagerService.java:22009)
08-26 14:21:39.672   908  1273 E ActivityManager: 	at com.android.server.am.ActivityManagerService.broadcastIntent(ActivityManagerService.java:22252)
08-26 14:21:39.672   908  1273 E ActivityManager: 	at android.app.IActivityManager$Stub.onTransact$broadcastIntent$(IActivityManager.java:10180)
08-26 14:21:39.672   908  1273 E ActivityManager: 	at android.app.IActivityManager$Stub.onTransact(IActivityManager.java:167)
08-26 14:21:39.672   908  1273 E ActivityManager: 	at com.android.server.am.ActivityManagerService.onTransact(ActivityManagerService.java:3367)
08-26 14:21:39.672   908  1273 E ActivityManager: 	at android.os.Binder.execTransact(Binder.java:731)
08-26 14:21:39.674   366   366 I BufferQueueConsumer: [com.emporia.emporiaapprebuild/com.emporia.easylauncher.EasyLauncher#0](this:0xa6876000,id:128,api:1,p:-1,c:-1) disconnect(C)
08-26 14:21:39.675   908  1273 E ActivityManager: Sending non-protected broadcast com.emporia.notificationcenter.EMPO_NOTIFICATION_NAME from system 1645:com.emporia.emporiaapprebuild/u0a42 pkg com.emporia.emporiaapprebuild
08-26 14:21:39.675   908  1273 E ActivityManager: java.lang.Throwable
08-26 14:21:39.675   908  1273 E ActivityManager: 	at com.android.server.am.ActivityManagerService.checkBroadcastFromSystem(ActivityManagerService.java:21498)
08-26 14:21:39.675   908  1273 E ActivityManager: 	at com.android.server.am.ActivityManagerService.broadcastIntentLocked(ActivityManagerService.java:22102)
08-26 14:21:39.675   908  1273 E ActivityManager: 	at com.android.server.am.ActivityManagerService.broadcastIntent(ActivityManagerService.java:22252)
08-26 14:21:39.675   908  1273 E ActivityManager: 	at android.app.IActivityManager$Stub.onTransact$broadcastIntent$(IActivityManager.java:10180)
08-26 14:21:39.675   908  1273 E ActivityManager: 	at android.app.IActivityManager$Stub.onTransact(IActivityManager.java:167)
08-26 14:21:39.675   908  1273 E ActivityManager: 	at com.android.server.am.ActivityManagerService.onTransact(ActivityManagerService.java:3367)
08-26 14:21:39.675   908  1273 E ActivityManager: 	at android.os.Binder.execTransact(Binder.java:731)
08-26 14:21:39.677  1645  1645 I MainScreenFragment: updateAppNotification: com.android.vending, count:1, updateTime:-1
08-26 14:21:39.677  1645  1645 I MainScreenFragment: updateNotify: []
08-26 14:21:39.677   348   348 D lights  : write_int open fd=7
08-26 14:21:39.678  1645  1645 I MainScreenFragment: updateAppNotification: com.qiyi.video, count:1, updateTime:-1
08-26 14:21:39.678  1645  1645 I MainScreenFragment: updateNotify: [2]
08-26 14:21:39.678  1645  1645 D StaticGridView: same child view
08-26 14:21:39.680  1645  1645 I chatty  : uid=10042(com.emporia.emporiaapprebuild) identical 3 lines
08-26 14:21:39.681   366   396 I BufferQueue: [com.emporia.emporiaapprebuild/com.emporia.easylauncher.EasyLauncher#0](this:0xa6876000,id:128,api:1,p:-1,c:-1) ~BufferQueueCore
08-26 14:21:39.681  1645  1645 D StaticGridView: same child view
08-26 14:21:39.681  1645  1645 I MainScreenFragment: updateAppNotification: android, count:1, updateTime:-1
08-26 14:21:39.681  1645  1645 I MainScreenFragment: updateNotify: []
08-26 14:21:39.683  1645  1645 I NotificationCenter-MainActivity: onReceive: data size = 3
08-26 14:21:39.683   510   556 D AAL     : onBacklightChanged: 646/1023 -> 650/1023(phy:2602/4095)
08-26 14:21:39.684  1645  1645 W ServiceRestartReceiver: ===>onReceive: com.emporia.notificationcenter.EMPO_SYS_NOTIFICATION
08-26 14:21:39.686  1645  1645 D NotificationUtils: isListenerServiceValid: has found the notification center service.
08-26 14:21:39.687  1645  1645 I JTest   : isListenerServiceValid: pid = 1645, clientCount = 1, started = false, crashedCount = 0
08-26 14:21:39.687  1645  1645 I JTest   : service is valid?: true
08-26 14:21:39.689   908  1273 E ActivityManager: Sending non-protected broadcast com.emporia.notificationcenter.EMPO_NOTIFICATION_NAME from system 1645:com.emporia.emporiaapprebuild/u0a42 pkg com.emporia.emporiaapprebuild
08-26 14:21:39.689   908  1273 E ActivityManager: java.lang.Throwable
08-26 14:21:39.689   908  1273 E ActivityManager: 	at com.android.server.am.ActivityManagerService.checkBroadcastFromSystem(ActivityManagerService.java:21498)
08-26 14:21:39.689   908  1273 E ActivityManager: 	at com.android.server.am.ActivityManagerService.broadcastIntentLocked(ActivityManagerService.java:22009)
08-26 14:21:39.689   908  1273 E ActivityManager: 	at com.android.server.am.ActivityManagerService.broadcastIntent(ActivityManagerService.java:22252)
08-26 14:21:39.689   908  1273 E ActivityManager: 	at android.app.IActivityManager$Stub.onTransact$broadcastIntent$(IActivityManager.java:10180)
08-26 14:21:39.689   908  1273 E ActivityManager: 	at android.app.IActivityManager$Stub.onTransact(IActivityManager.java:167)
08-26 14:21:39.689   908  1273 E ActivityManager: 	at com.android.server.am.ActivityManagerService.onTransact(ActivityManagerService.java:3367)
08-26 14:21:39.689   908  1273 E ActivityManager: 	at android.os.Binder.execTransact(Binder.java:731)
08-26 14:21:39.692   908  1273 E ActivityManager: Sending non-protected broadcast com.emporia.notificationcenter.EMPO_NOTIFICATION_NAME from system 1645:com.emporia.emporiaapprebuild/u0a42 pkg com.emporia.emporiaapprebuild
08-26 14:21:39.692   908  1273 E ActivityManager: java.lang.Throwable
08-26 14:21:39.692   908  1273 E ActivityManager: 	at com.android.server.am.ActivityManagerService.checkBroadcastFromSystem(ActivityManagerService.java:21498)
08-26 14:21:39.692   908  1273 E ActivityManager: 	at com.android.server.am.ActivityManagerService.broadcastIntentLocked(ActivityManagerService.java:22102)
08-26 14:21:39.692   908  1273 E ActivityManager: 	at com.android.server.am.ActivityManagerService.broadcastIntent(ActivityManagerService.java:22252)
08-26 14:21:39.692   908  1273 E ActivityManager: 	at android.app.IActivityManager$Stub.onTransact$broadcastIntent$(IActivityManager.java:10180)
08-26 14:21:39.692   908  1273 E ActivityManager: 	at android.app.IActivityManager$Stub.onTransact(IActivityManager.java:167)
08-26 14:21:39.692   908  1273 E ActivityManager: 	at com.android.server.am.ActivityManagerService.onTransact(ActivityManagerService.java:3367)
08-26 14:21:39.692   908  1273 E ActivityManager: 	at android.os.Binder.execTransact(Binder.java:731)
08-26 14:21:39.693   348   348 D lights  : write_int open fd=7
08-26 14:21:39.697   908  1273 E ActivityManager: Sending non-protected broadcast com.emporia.notificationcenter.EMPO_NOTIFICATION_NAME from system 1645:com.emporia.emporiaapprebuild/u0a42 pkg com.emporia.emporiaapprebuild
08-26 14:21:39.697   908  1273 E ActivityManager: java.lang.Throwable
08-26 14:21:39.697   908  1273 E ActivityManager: 	at com.android.server.am.ActivityManagerService.checkBroadcastFromSystem(ActivityManagerService.java:21498)
08-26 14:21:39.697   908  1273 E ActivityManager: 	at com.android.server.am.ActivityManagerService.broadcastIntentLocked(ActivityManagerService.java:22009)
08-26 14:21:39.697   908  1273 E ActivityManager: 	at com.android.server.am.ActivityManagerService.broadcastIntent(ActivityManagerService.java:22252)
08-26 14:21:39.697   908  1273 E ActivityManager: 	at android.app.IActivityManager$Stub.onTransact$broadcastIntent$(IActivityManager.java:10180)
08-26 14:21:39.697   908  1273 E ActivityManager: 	at android.app.IActivityManager$Stub.onTransact(IActivityManager.java:167)
08-26 14:21:39.697   908  1273 E ActivityManager: 	at com.android.server.am.ActivityManagerService.onTransact(ActivityManagerService.java:3367)
08-26 14:21:39.697   908  1273 E ActivityManager: 	at android.os.Binder.execTransact(Binder.java:731)
08-26 14:21:39.699   908  1273 E ActivityManager: Sending non-protected broadcast com.emporia.notificationcenter.EMPO_NOTIFICATION_NAME from system 1645:com.emporia.emporiaapprebuild/u0a42 pkg com.emporia.emporiaapprebuild
08-26 14:21:39.699   908  1273 E ActivityManager: java.lang.Throwable
08-26 14:21:39.699   908  1273 E ActivityManager: 	at com.android.server.am.ActivityManagerService.checkBroadcastFromSystem(ActivityManagerService.java:21498)
08-26 14:21:39.699   908  1273 E ActivityManager: 	at com.android.server.am.ActivityManagerService.broadcastIntentLocked(ActivityManagerService.java:22102)
08-26 14:21:39.699   908  1273 E ActivityManager: 	at com.android.server.am.ActivityManagerService.broadcastIntent(ActivityManagerService.java:22252)
08-26 14:21:39.699   908  1273 E ActivityManager: 	at android.app.IActivityManager$Stub.onTransact$broadcastIntent$(IActivityManager.java:10180)
08-26 14:21:39.699   908  1273 E ActivityManager: 	at android.app.IActivityManager$Stub.onTransact(IActivityManager.java:167)
08-26 14:21:39.699   908  1273 E ActivityManager: 	at com.android.server.am.ActivityManagerService.onTransact(ActivityManagerService.java:3367)
08-26 14:21:39.699   908  1273 E ActivityManager: 	at android.os.Binder.execTransact(Binder.java:731)
08-26 14:21:39.701  1645  1645 I MainScreenFragment: updateAppNotification: com.android.vending, count:1, updateTime:-1
08-26 14:21:39.701  1645  1645 I MainScreenFragment: updateNotify: []
08-26 14:21:39.701   510   556 D AAL     : onBacklightChanged: 650/1023 -> 654/1023(phy:2618/4095)
08-26 14:21:39.701  1645  1645 I MainScreenFragment: updateAppNotification: com.qiyi.video, count:1, updateTime:-1
08-26 14:21:39.702  1645  1645 I MainScreenFragment: updateNotify: [2]
08-26 14:21:39.702  1645  1645 D StaticGridView: same child view
08-26 14:21:39.702  1645  1645 I chatty  : uid=10042(com.emporia.emporiaapprebuild) identical 3 lines
08-26 14:21:39.703  1645  1645 D StaticGridView: same child view
08-26 14:21:39.703  1645  1645 I MainScreenFragment: updateAppNotification: android, count:1, updateTime:-1
08-26 14:21:39.703  1645  1645 I MainScreenFragment: updateNotify: []
08-26 14:21:39.703  1645  1645 I NotificationCenter-MainActivity: onReceive: data size = 3
08-26 14:21:39.706  1645  1645 I MainScreenFragment: updateAppNotification: com.emporia.notificationcenter, count:2, updateTime:-1
08-26 14:21:39.706  1645  1645 I MainScreenFragment: updateNotify: [3]
08-26 14:21:39.706  1645  1645 D StaticGridView: same child view
08-26 14:21:39.707  1645  1645 I chatty  : uid=10042(com.emporia.emporiaapprebuild) identical 3 lines
08-26 14:21:39.707  1645  1645 D StaticGridView: same child view
08-26 14:21:39.707  1645  1645 I MainScreenFragment: updateAppNotification: com.emporia.notificationcenter, count:2, updateTime:-1
08-26 14:21:39.708  1645  1645 I MainScreenFragment: updateNotify: [3]
08-26 14:21:39.708  1645  1645 D StaticGridView: same child view
08-26 14:21:39.708  1645  1645 I chatty  : uid=10042(com.emporia.emporiaapprebuild) identical 2 lines
08-26 14:21:39.708  1645  1645 D StaticGridView: same child view
08-26 14:21:39.709   908  1273 E TouchFilter: setTouchFilter LOG Enable prameter: 0
08-26 14:21:39.709  1645  1645 D StaticGridView: same child view
08-26 14:21:39.709   908  1273 D EventHub: Event Hub Touch Filter log is disabled
08-26 14:21:39.709   908  1273 D EventHub: Event Hub Touch Filter is enabled
08-26 14:21:39.711  1645  1645 W ServiceRestartReceiver: ===>onReceive: com.emporia.notificationcenter.EMPO_SYS_NOTIFICATION
08-26 14:21:39.711   348   348 D lights  : write_int open fd=7
08-26 14:21:39.713  1586  1599 D GasService: pkg a:[com.android.settings] [D] pid:7387 uid:1000 audio:0,_s:1
08-26 14:21:39.714  1645  1645 D NotificationUtils: isListenerServiceValid: has found the notification center service.
08-26 14:21:39.714  1645  1645 I JTest   : isListenerServiceValid: pid = 1645, clientCount = 1, started = false, crashedCount = 0
08-26 14:21:39.714  1645  1645 I JTest   : service is valid?: true
08-26 14:21:39.715  1645  1645 I MainScreenFragment: updateAppNotification: com.emporia.notificationcenter, count:2, updateTime:-1
08-26 14:21:39.715  1645  1645 I MainScreenFragment: updateNotify: [3]
08-26 14:21:39.715  1645  1645 D StaticGridView: same child view
08-26 14:21:39.716  1645  1645 I chatty  : uid=10042(com.emporia.emporiaapprebuild) identical 3 lines
08-26 14:21:39.716  1645  1645 D StaticGridView: same child view
08-26 14:21:39.716  1645  1645 I MainScreenFragment: updateAppNotification: com.emporia.notificationcenter, count:2, updateTime:-1
08-26 14:21:39.716  1645  1645 I MainScreenFragment: updateNotify: [3]
08-26 14:21:39.717  1645  1645 D StaticGridView: same child view
08-26 14:21:39.717  1645  1645 I chatty  : uid=10042(com.emporia.emporiaapprebuild) identical 3 lines
08-26 14:21:39.717  1645  1645 D StaticGridView: same child view
08-26 14:21:39.719   510   556 D AAL     : onBacklightChanged: 654/1023 -> 658/1023(phy:2634/4095)
08-26 14:21:39.720 11439 13513 E p2pfile : HCDN_LOG: [2019-08-26 14:21:39.720][T:13513][func:SetParam],[line:2276],[oper: SetParam message ParamName(video_time), ParamValue(-1005500|29), isGlobal(true), m_dwTaskID(0)]
08-26 14:21:39.720 11439 12481 E hcdn_downloadengine: HCDN_LOG: [2019-08-26 14:21:39.720][T:12481]OnRecvSetParam,1841     task_id : 2598258058,SetParam : video_time,29 
08-26 14:21:39.729   348   348 D lights  : write_int open fd=7
08-26 14:21:39.731  7387  7397 I ndroid.setting: Background concurrent copying GC freed 5216(447KB) AllocSpace objects, 1(300KB) LOS objects, 45% free, 7MB/13MB, paused 256us total 122.474ms
08-26 14:21:39.736   510   556 D AAL     : onBacklightChanged: 658/1023 -> 662/1023(phy:2650/4095)
08-26 14:21:39.746   348   348 D lights  : write_int open fd=7
08-26 14:21:39.754   510   556 D AAL     : onBacklightChanged: 662/1023 -> 666/1023(phy:2666/4095)
08-26 14:21:39.754   510   556 D AAL     : 08-26 02:21:39.684 BL= 504,ESS= 256, 08-26 02:21:39.701 BL= 508,ESS= 256, 08-26 02:21:39.719 BL= 513,ESS= 256, 08-26 02:21:39.737 BL= 516,ESS= 256, 08-26 02:21:39.754 BL= 519,ESS= 256, 
08-26 14:21:39.764   348   348 D lights  : write_int open fd=7
08-26 14:21:39.770   908   986 I PowerWrap: PowerHal_TouchBoost
08-26 14:21:39.772   510   556 D AAL     : onBacklightChanged: 666/1023 -> 674/1023(phy:2698/4095)
08-26 14:21:39.781   348   348 D lights  : write_int open fd=7
08-26 14:21:39.790   510   556 D AAL     : onBacklightChanged: 674/1023 -> 678/1023(phy:2714/4095)
08-26 14:21:39.800   348   348 D lights  : write_int open fd=7
08-26 14:21:39.807   510   556 D AAL     : onBacklightChanged: 678/1023 -> 682/1023(phy:2730/4095)
08-26 14:21:39.819   348   348 D lights  : write_int open fd=7
08-26 14:21:39.826   510   556 D AAL     : onBacklightChanged: 682/1023 -> 686/1023(phy:2746/4095)
08-26 14:21:39.835   348   348 D lights  : write_int open fd=7
