08-26 02:29:24.176 20557 21063 E storage_trim_block: ed1209f431bfbfca43da48365085652100000000 : 7[6ff,1,0],
08-26 02:29:24.176 20557 21063 E storage_trim_block: 
08-26 02:29:24.176 20557 21063 E storage_trim_block: HCDN_LOG: [2019-08-26 02:29:24.176][T:21063][func:TrimDisconDownloadBlocks],[line:321],[oper:Post Pause Download request]
08-26 02:29:24.176 20557 21047 E hcdn_downloadengine: HCDN_LOG: [2019-08-26 02:29:24.176][T:21047]OnRecvBlockRemainNotify,1827     left block count:0
08-26 02:29:24.176 20557 21063 E storage_trim_block: HCDN_LOG: [2019-08-26 02:29:24.176][T:21063][func:PrintDataBlock],[line:116],DataBlock : 
08-26 02:29:24.176 20557 21063 E storage_trim_block: dc43cfe9abe98af1c5d989100f44f1bc00000000 : 1[1,0],2[1,0],3[1,0],4[1,0],5[1,0],6[1,0],7[1,0],
08-26 02:29:24.176 20557 21063 E storage_trim_block: ed1209f431bfbfca43da48365085652100000000 : 1[1,0],2[1,0],3[1,0],4[1,0],5[1,0],6[1,0],7[1,0],
08-26 02:29:24.176 20557 21063 E storage_trim_block: 
08-26 02:29:24.176 20557 21063 E storage_trim_block: HCDN_LOG: [2019-08-26 02:29:24.176][T:21063][func:TrimDisconDownloadBlocks],[line:375],[oper:trim block end...]
08-26 02:29:24.224 20557 21380 E p2pfile : HCDN_LOG: [2019-08-26 02:29:24.224][T:21380][func:SetParam],[line:2276],[oper: SetParam message ParamName(video_time), ParamValue(-1003500|30), isGlobal(true), m_dwTaskID(0)]
08-26 02:29:24.225 20557 21047 E hcdn_downloadengine: HCDN_LOG: [2019-08-26 02:29:24.225][T:21047]OnRecvSetParam,1841     task_id : 2488362245,SetParam : video_time,30 
08-26 02:29:24.464 20557 21047 E Hcdn_DeTask2488362245: HCDN_LOG: [2019-08-26 02:29:24.464][T:21047]OnRecvDownloadInfoRequest,2919     hcdn download info speed(0 KB/s) flie_size(15633482) p2p_speed(0 KB/s) cdn_speed(0 KB/s) 
08-26 02:29:24.464 20557 21047 E Hcdn_DeTask2488362245: HCDN_LOG: [2019-08-26 02:29:24.464][T:21047]OnRecvCacheSecondsRequest,1133     cache_bytes=0!
08-26 02:29:24.486  1111  1139 W ActivityManager: Stopping service due to app idle: u0a89 -33m56s540ms com.qiyi.video/org.qiyi.pluginlibrary.pm.PluginPackageManagerService
08-26 02:29:24.486  1111  1139 W ActivityManager: Stopping service due to app idle: u0a89 -33m8s877ms com.qiyi.video/org.qiyi.pluginlibrary.component.ServiceProxy3
08-26 02:29:24.487  1111  1139 W ActivityManager: Stopping service due to app idle: u0a89 -33m13s890ms com.qiyi.video/org.qiyi.pluginlibrary.component.ServiceProxy1
08-26 02:29:24.487  1111  1139 W ActivityManager: Stopping service due to app idle: u0a89 -33m50s553ms com.qiyi.video/org.qiyi.android.commonphonepad.pushmessage.qiyi.service.PushMessageService
08-26 02:29:24.487  1111  1139 W ActivityManager: Stopping service due to app idle: u0a89 -33m58s322ms com.qiyi.video/com.iqiyi.im.core.service.PPMessageService
08-26 02:29:24.487  1111  1139 W ActivityManager: Stopping service due to app idle: u0a89 -33m57s179ms com.qiyi.video/com.iqiyi.video.download.filedownload.QiyiDownloadCoreService
08-26 02:29:24.487  1111  1139 W ActivityManager: Stopping service due to app idle: u0a89 -33m44s741ms com.qiyi.video/com.iqiyi.video.download.QiyiDownloadCenterService
08-26 02:29:24.487  1111  1139 W ActivityManager: Stopping service due to app idle: u0a89 -33m16s705ms com.qiyi.video/org.qiyi.video.module.icommunication.ipc.HostService
08-26 02:29:24.487  1111  1139 W ActivityManager: Stopping service due to app idle: u0a89 -33m12s103ms com.qiyi.video/org.qiyi.android.plugin.ipc.IPCService3
08-26 02:29:24.487  1111  1139 W ActivityManager: Stopping service due to app idle: u0a89 -33m17s795ms com.qiyi.video/org.qiyi.android.plugin.ipc.IPCService1
08-26 02:29:24.487  1111  1139 W ActivityManager: Stopping service due to app idle: u0a89 -32m41s32ms com.qiyi.video/org.qiyi.android.plugin.ipc.IPCService0
08-26 02:29:24.487  1111  1139 W ActivityManager: Stopping service due to app idle: u0a89 -33m58s110ms com.qiyi.video/com.iqiyi.hcim.service.IMService
08-26 02:29:24.508 20557 20557 E ActivityThread: Service com.iqiyi.im.core.service.PPMessageService has leaked ServiceConnection com.iqiyi.im.core.service.com1@b7550c4 that was originally bound here
08-26 02:29:24.508 20557 20557 E ActivityThread: android.app.ServiceConnectionLeaked: Service com.iqiyi.im.core.service.PPMessageService has leaked ServiceConnection com.iqiyi.im.core.service.com1@b7550c4 that was originally bound here
08-26 02:29:24.508 20557 20557 E ActivityThread: 	at android.app.LoadedApk$ServiceDispatcher.<init>(LoadedApk.java:1610)
08-26 02:29:24.508 20557 20557 E ActivityThread: 	at android.app.LoadedApk.getServiceDispatcher(LoadedApk.java:1502)
08-26 02:29:24.508 20557 20557 E ActivityThread: 	at android.app.ContextImpl.bindServiceCommon(ContextImpl.java:1663)
08-26 02:29:24.508 20557 20557 E ActivityThread: 	at android.app.ContextImpl.bindService(ContextImpl.java:1616)
08-26 02:29:24.508 20557 20557 E ActivityThread: 	at android.content.ContextWrapper.bindService(ContextWrapper.java:698)
08-26 02:29:24.508 20557 20557 E ActivityThread: 	at com.iqiyi.im.core.service.PPMessageService.onCreate(Unknown Source:126)
08-26 02:29:24.508 20557 20557 E ActivityThread: 	at android.app.ActivityThread.handleCreateService(ActivityThread.java:3563)
08-26 02:29:24.508 20557 20557 E ActivityThread: 	at android.app.ActivityThread.access$1400(ActivityThread.java:206)
08-26 02:29:24.508 20557 20557 E ActivityThread: 	at android.app.ActivityThread$H.handleMessage(ActivityThread.java:1694)
08-26 02:29:24.508 20557 20557 E ActivityThread: 	at android.os.Handler.dispatchMessage(Handler.java:106)
08-26 02:29:24.508 20557 20557 E ActivityThread: 	at android.os.Looper.loop(Looper.java:193)
08-26 02:29:24.508 20557 20557 E ActivityThread: 	at android.app.ActivityThread.main(ActivityThread.java:6703)
08-26 02:29:24.508 20557 20557 E ActivityThread: 	at java.lang.reflect.Method.invoke(Native Method)
08-26 02:29:24.508 20557 20557 E ActivityThread: 	at com.android.internal.os.RuntimeInit$MethodAndArgsCaller.run(RuntimeInit.java:493)
08-26 02:29:24.508 20557 20557 E ActivityThread: 	at com.android.internal.os.ZygoteInit.main(ZygoteInit.java:911)
08-26 02:29:24.526   359   359 W IMGMemtrackHAL: hal_get_memory: memtrack cache rebuild was required
08-26 02:29:24.657   753   753 I thermal_repeater: [recvMdThermalInfo] ret=28, strLen=127,  2, 32767, -127, 0, 32767, 0
08-26 02:29:24.680   359   359 W IMGMemtrackHAL: hal_get_memory: memtrack cache rebuild was required
08-26 02:29:24.692   359   359 W IMGMemtrackHAL: hal_get_memory: memtrack cache rebuild was required
08-26 02:29:24.723  1870 23349 W NetRec  : [942] alfq.a: Timeout after 2240 ms while waiting for score updates. Returning 1.
08-26 02:29:24.742  1870 23349 I NetRec  : [942] NetRecChimeraGcmTaskService.a: Still entries pending update, scheduling new refresh_scores_task refresh.
08-26 02:29:24.749  1870 23349 I NetRec  : [942] NetRecChimeraGcmTaskService.a: Completed refresh_scores_task score refresh task in 2293 ms, returning 1
08-26 02:29:24.753  1870 23378 I NetRec  : [944] alfq.b: Will retry failed rapid_refresh_scores_task task as standard refresh.
08-26 02:29:24.765  1870 23378 W NetRec  : [944] alfq.a: Timeout after 2242 ms while waiting for score updates. Returning 2.
08-26 02:29:24.787  1870 23378 I NetRec  : [944] NetRecChimeraGcmTaskService.a: Still entries pending update, scheduling new rapid_refresh_scores_task refresh.
08-26 02:29:24.794  1870 23378 I NetRec  : [944] NetRecChimeraGcmTaskService.a: Completed rapid_refresh_scores_task score refresh task in 2296 ms, returning 2
08-26 02:29:24.812 20557 21047 E HCDN_CMFM: HCDN_LOG: 17k memery total_cnt(320),use_cnt(0)
08-26 02:29:24.816   990  1005 I [BIP]   :  [BIP NL] event newlink match dev 0, interface index 35
08-26 02:29:24.816   990  1005 I [BIP]   :  [BIP NL] the link status of interface(index:0) changes to 1
08-26 02:29:24.840   359   359 W IMGMemtrackHAL: hal_get_memory: memtrack cache rebuild was required
08-26 02:29:25.228 20557 21380 E p2pfile : HCDN_LOG: [2019-08-26 02:29:25.228][T:21380][func:SetParam],[line:2276],[oper: SetParam message ParamName(video_time), ParamValue(-1003500|30), isGlobal(true), m_dwTaskID(0)]
08-26 02:29:25.228 20557 21047 E hcdn_downloadengine: HCDN_LOG: [2019-08-26 02:29:25.228][T:21047]OnRecvSetParam,1841     task_id : 2488362245,SetParam : video_time,30 
08-26 02:29:25.261   359   359 W IMGMemtrackHAL: hal_get_memory: memtrack cache rebuild was required
08-26 02:29:25.502 20557 21047 E Hcdn_DeTask2488362245: HCDN_LOG: [2019-08-26 02:29:25.502][T:21047]OnRecvDownloadInfoRequest,2919     hcdn download info speed(0 KB/s) flie_size(15633482) p2p_speed(0 KB/s) cdn_speed(0 KB/s) 
08-26 02:29:25.502 20557 21047 E Hcdn_DeTask2488362245: HCDN_LOG: [2019-08-26 02:29:25.502][T:21047]OnRecvCacheSecondsRequest,1133     cache_bytes=0!
08-26 02:29:25.606  1111  1111 W android.bg: type=1400 audit(0.0:1156): avc: denied { read } for name="buffer_total_size_kb" dev="tracefs" ino=11 scontext=u:r:system_server:s0 tcontext=u:object_r:debugfs_tracing_debug:s0 tclass=file permissive=0
08-26 02:29:25.616  1111  1138 W android.os.Debug: Unable to open /sys/kernel/debug/tracing/buffer_total_size_kb: Permission denied
08-26 02:29:25.616  1111  1138 I android.os.Debug: android_os_Debug_getIONDISP match 4:      ion_mm_heap   1  4239360   4 cdce7ac0 c2c00780.
08-26 02:29:25.616  1111  1138 I android.os.Debug:  : 1 4239360 4 4239360
08-26 02:29:25.617  1111  1138 I android.os.Debug: android_os_Debug_getIONDISP match 4:      ion_mm_heap 160  3112960   1 cf00da00 cf57ec00.
08-26 02:29:25.617  1111  1138 I android.os.Debug:  : 160 3112960 1 7352320
08-26 02:29:25.619   359   359 W IMGMemtrackHAL: hal_get_memory: memtrack cache rebuild was required
08-26 02:29:25.694   359   359 W IMGMemtrackHAL: hal_get_memory: memtrack cache rebuild was required
08-26 02:29:25.852 20557 21047 E HCDN_CMFM: HCDN_LOG: 17k memery total_cnt(320),use_cnt(0)
08-26 02:29:26.084   359   359 W IMGMemtrackHAL: hal_get_memory: memtrack cache rebuild was required
08-26 02:29:26.176   359   359 W IMGMemtrackHAL: hal_get_memory: memtrack cache rebuild was required
08-26 02:29:26.262 20557 21380 E p2pfile : HCDN_LOG: [2019-08-26 02:29:26.262][T:21380][func:SetParam],[line:2276],[oper: SetParam message ParamName(video_time), ParamValue(-1003500|30), isGlobal(true), m_dwTaskID(0)]
08-26 02:29:26.262 20557 21047 E hcdn_downloadengine: HCDN_LOG: [2019-08-26 02:29:26.262][T:21047]OnRecvSetParam,1841     task_id : 2488362245,SetParam : video_time,30 
08-26 02:29:26.501   359   359 W IMGMemtrackHAL: hal_get_memory: memtrack cache rebuild was required
08-26 02:29:26.542 20557 21047 E Hcdn_DeTask2488362245: HCDN_LOG: [2019-08-26 02:29:26.542][T:21047]OnRecvDownloadInfoRequest,2919     hcdn download info speed(0 KB/s) flie_size(15633482) p2p_speed(0 KB/s) cdn_speed(0 KB/s) 
08-26 02:29:26.542 20557 21047 E Hcdn_DeTask2488362245: HCDN_LOG: [2019-08-26 02:29:26.542][T:21047]OnRecvCacheSecondsRequest,1133     cache_bytes=0!
08-26 02:29:26.829  1111  1150 I PowerManagerService: Going to sleep due to screen timeout (uid 1000)...
08-26 02:29:26.829  1111  1111 W UsageStatsService: Event reported without a package name
08-26 02:29:26.833  1111  1150 I PowerManagerService: Sleeping (uid 1000)...
08-26 02:29:26.834   378  1152 I BufferQueue: [unnamed-378-175](this:0xae810000,id:175,api:0,p:-1,c:-1) BufferQueue core=(378:/system/bin/surfaceflinger)
08-26 02:29:26.834   378  1152 I BufferQueueConsumer: [unnamed-378-175](this:0xae810000,id:175,api:0,p:-1,c:378) connect(C): consumer=(378:/system/bin/surfaceflinger) controlledByApp=false
08-26 02:29:26.834   378  1152 I BufferQueueConsumer: [unnamed-378-175](this:0xae810000,id:175,api:0,p:-1,c:378) setConsumerName: unnamed-378-175
08-26 02:29:26.834   378  1152 I BufferQueueConsumer: [ColorFade#0](this:0xae810000,id:175,api:0,p:-1,c:378) setConsumerName: ColorFade#0
08-26 02:29:26.834   378  1152 I BufferQueueConsumer: [ColorFade#0](this:0xae810000,id:175,api:0,p:-1,c:378) setDefaultBufferSize: width=720 height=1440
08-26 02:29:26.836  1111  1111 W PowerManagerSer: type=1400 audit(0.0:1157): avc: denied { read } for name="u:object_r:graphics_debug_prop:s0" dev="tmpfs" ino=1744 scontext=u:r:system_server:s0 tcontext=u:object_r:graphics_debug_prop:s0 tclass=file permissive=0
08-26 02:29:26.836  1111  1111 W PowerManagerSer: type=1400 audit(0.0:1158): avc: denied { read } for name="u:object_r:debug_bq_dump_prop:s0" dev="tmpfs" ino=1705 scontext=u:r:system_server:s0 tcontext=u:object_r:debug_bq_dump_prop:s0 tclass=file permissive=0
08-26 02:29:26.836  1111  1111 W PowerManagerSer: type=1400 audit(0.0:1159): avc: denied { read } for name="u:object_r:debug_bq_dump_prop:s0" dev="tmpfs" ino=1705 scontext=u:r:system_server:s0 tcontext=u:object_r:debug_bq_dump_prop:s0 tclass=file permissive=0
08-26 02:29:26.843   378   407 I BufferQueueProducer: [ColorFade#0](this:0xae810000,id:175,api:1,p:1111,c:378) connect(P): api=1 producer=(1111:system_server) producerControlledByApp=false
08-26 02:29:26.845   378   378 I SurfaceFlinger: [Built-in Screen (type:0)] fps:0.112113,dur:26758.62,max:26725.16,min:16.53
08-26 02:29:26.846  1111  1111 W PowerManagerSer: type=1400 audit(0.0:1160): avc: denied { read } for name="u:object_r:graphics_debug_prop:s0" dev="tmpfs" ino=1744 scontext=u:r:system_server:s0 tcontext=u:object_r:graphics_debug_prop:s0 tclass=file permissive=0
08-26 02:29:26.846  1111  1111 W PowerManagerSer: type=1400 audit(0.0:1161): avc: denied { read } for name="u:object_r:debug_bq_dump_prop:s0" dev="tmpfs" ino=1705 scontext=u:r:system_server:s0 tcontext=u:object_r:debug_bq_dump_prop:s0 tclass=file permissive=0
08-26 02:29:26.846  1111  1111 W PowerManagerSer: type=1400 audit(0.0:1162): avc: denied { read } for name="u:object_r:graphics_debug_prop:s0" dev="tmpfs" ino=1744 scontext=u:r:system_server:s0 tcontext=u:object_r:graphics_debug_prop:s0 tclass=file permissive=0
08-26 02:29:26.850  1111  1150 I BufferQueue: [unnamed-1111-17](this:0xa8f71000,id:17,api:0,p:-1,c:-1) BufferQueue core=(1111:system_server)
08-26 02:29:26.851  1111  1150 E libc    : Access denied finding property "vendor.debug.sf.stc_interval"
08-26 02:29:26.851  1111  1150 E libc    : Access denied finding property "vendor.debug.bq.dump"
08-26 02:29:26.851  1111  1150 I BufferQueueConsumer: [unnamed-1111-17](this:0xa8f71000,id:17,api:0,p:-1,c:1111) connect(C): consumer=(1111:system_server) controlledByApp=true
08-26 02:29:26.852  1111  1150 E libc    : Access denied finding property "vendor.debug.bq.dump"
08-26 02:29:26.852  1111  1150 I BufferQueueConsumer: [unnamed-1111-17](this:0xa8f71000,id:17,api:0,p:-1,c:1111) setConsumerName: unnamed-1111-17
08-26 02:29:26.852  1111  1150 E libc    : Access denied finding property "vendor.debug.bq.line"
08-26 02:29:26.852  1111  1150 E libc    : Access denied finding property "vendor.debug.bq.dump"
08-26 02:29:26.852  1111  1150 I BufferQueueConsumer: [SurfaceTexture-18-1111-17](this:0xa8f71000,id:17,api:0,p:-1,c:1111) setConsumerName: SurfaceTexture-18-1111-17
08-26 02:29:26.852  1111  1150 E libc    : Access denied finding property "vendor.debug.bq.line"
08-26 02:29:26.856  1111  1111 W PowerManagerSer: type=1400 audit(0.0:1163): avc: denied { read } for name="u:object_r:graphics_debug_prop:s0" dev="tmpfs" ino=1744 scontext=u:r:system_server:s0 tcontext=u:object_r:graphics_debug_prop:s0 tclass=file permissive=0
08-26 02:29:26.856   378   378 I SurfaceFlinger: screenshot (com.emporia.emporiaapprebuild/com.emporia.easylauncher.EasyLauncher#0)
08-26 02:29:26.865  1111  1150 I BufferQueueProducer: [SurfaceTexture-18-1111-17](this:0xa8f71000,id:17,api:2,p:1111,c:1111) connect(P): api=2 producer=(1111:system_server) producerControlledByApp=true
08-26 02:29:26.865  1111  1150 E libc    : Access denied finding property "vendor.debug.bq.line"
08-26 02:29:26.866  1111  1150 I BufferQueueProducer: [SurfaceTexture-18-1111-17](this:0xa8f71000,id:17,api:2,p:1111,c:1111) disconnect(P): api 2
08-26 02:29:26.867  1111  1150 I BufferQueueConsumer: [SurfaceTexture-18-1111-17](this:0xa8f71000,id:17,api:2,p:-1,c:-1) disconnect(C)
08-26 02:29:26.876  1854  1854 W ndroid.systemui: type=1400 audit(0.0:1164): avc: denied { read } for name="u:object_r:vendor_default_prop:s0" dev="tmpfs" ino=1938 scontext=u:r:platform_app:s0:c512,c768 tcontext=u:object_r:vendor_default_prop:s0 tclass=file permissive=0
08-26 02:29:26.890  1854  1854 E libc    : Access denied finding property "vendor.sys.boot.reason"
08-26 02:29:26.892 20557 21047 E HCDN_CMFM: HCDN_LOG: 17k memery total_cnt(320),use_cnt(0)
08-26 02:29:26.901  1854  1854 E libc    : Access denied finding property "vendor.sys.boot.reason"
08-26 02:29:26.921  1854  1854 I vol.Events: writeEvent dismiss_dialog volume_controller
08-26 02:29:27.023  1111  1150 I DisplayPowerController: Blocking screen off
08-26 02:29:27.023  1111  1150 I DisplayPowerController: Unblocked screen off after 1 ms
08-26 02:29:27.041  2440  2440 I ActivityLifecycleMonitor: activity name:com.emporia.easylauncher.EasyLauncher@4e4d3b2 paused
08-26 02:29:27.056   749   749 I Accelerometer: enable: handle:0, en:0
08-26 02:29:27.082 20557 21066 E multisource: HCDN_LOG: [2019-08-26 02:29:27.082][T:21066]UpdateMaxSpeed TOTAL => play speed:0[len:0, tm:0], offline speed:0[len:0, tm:0], predeploy speed:0[len:0, tm:0], m_maxDownloadSpeed:0
08-26 02:29:27.096   378  1152 I BufferQueueProducer: [ColorFade#0](this:0xae810000,id:175,api:1,p:1111,c:378) disconnect(P): api 1
08-26 02:29:27.097  1111  1150 E Surface : getSlotFromBufferLocked: unknown buffer: 0x89bfe140
08-26 02:29:27.097  1111  1150 E IMGSRV  : :0: QueueCancelBufferWrapper: Failed to cancel buffer 0x97d26968 (-22)
08-26 02:29:27.097  1854  1854 I FaceUnlockManager: onScreenTurnedOff: false
08-26 02:29:27.102  1854  1854 E libc    : Access denied finding property "vendor.sys.boot.reason"
08-26 02:29:27.104  1854  1854 E libc    : Access denied finding property "vendor.sys.boot.reason"
08-26 02:29:27.105   749  1190 I Light   : enable: handle:4, en:0 
08-26 02:29:27.107  1111  1147 I DisplayManagerService: Display device changed state: "Built-in Screen", OFF
08-26 02:29:27.110  2440  2440 I ActivityLifecycleMonitor: activity name:com.emporia.easylauncher.EasyLauncher@4e4d3b2 stopped
08-26 02:29:27.111  1854  1854 E libc    : Access denied finding property "vendor.sys.boot.reason"
08-26 02:29:27.112   356  7251 I hwcomposer: [HWC] Display(0) SetPowerMode(0)  
08-26 02:29:27.130  1111  1809 E WifiVendorHal: getWifiLinkLayerStats(l.937) failed {.code = ERROR_NOT_SUPPORTED, .description = }
08-26 02:29:27.131  1111  1201 I InputReader: Reconfiguring input devices.  changes=0x00000004
08-26 02:29:27.155  1111  2158 E ActivityManager: Sending non-protected broadcast com.emporia.notificationcenter.EMPO_SYS_NOTIFICATION from system 2440:com.emporia.emporiaapprebuild/u0a41 pkg com.emporia.emporiaapprebuild
08-26 02:29:27.155  1111  2158 E ActivityManager: java.lang.Throwable
08-26 02:29:27.155  1111  2158 E ActivityManager: 	at com.android.server.am.ActivityManagerService.checkBroadcastFromSystem(ActivityManagerService.java:21498)
08-26 02:29:27.155  1111  2158 E ActivityManager: 	at com.android.server.am.ActivityManagerService.broadcastIntentLocked(ActivityManagerService.java:22009)
08-26 02:29:27.155  1111  2158 E ActivityManager: 	at com.android.server.am.ActivityManagerService.broadcastIntent(ActivityManagerService.java:22252)
08-26 02:29:27.155  1111  2158 E ActivityManager: 	at android.app.IActivityManager$Stub.onTransact$broadcastIntent$(IActivityManager.java:10180)
08-26 02:29:27.155  1111  2158 E ActivityManager: 	at android.app.IActivityManager$Stub.onTransact(IActivityManager.java:167)
08-26 02:29:27.155  1111  2158 E ActivityManager: 	at com.android.server.am.ActivityManagerService.onTransact(ActivityManagerService.java:3367)
08-26 02:29:27.155  1111  2158 E ActivityManager: 	at android.os.Binder.execTransact(Binder.java:731)
08-26 02:29:27.171  1111  2158 W AES     : Exception Log handling...
08-26 02:29:27.173  1111  2158 W AES     : skip for Exp level 0
08-26 02:29:27.174  1111  2158 E ActivityManager: Sending non-protected broadcast com.emporia.notificationcenter.EMPO_SYS_NOTIFICATION from system 2440:com.emporia.emporiaapprebuild/u0a41 pkg com.emporia.emporiaapprebuild
08-26 02:29:27.174  1111  2158 E ActivityManager: java.lang.Throwable
08-26 02:29:27.174  1111  2158 E ActivityManager: 	at com.android.server.am.ActivityManagerService.checkBroadcastFromSystem(ActivityManagerService.java:21498)
08-26 02:29:27.174  1111  2158 E ActivityManager: 	at com.android.server.am.ActivityManagerService.broadcastIntentLocked(ActivityManagerService.java:22102)
08-26 02:29:27.174  1111  2158 E ActivityManager: 	at com.android.server.am.ActivityManagerService.broadcastIntent(ActivityManagerService.java:22252)
08-26 02:29:27.174  1111  2158 E ActivityManager: 	at android.app.IActivityManager$Stub.onTransact$broadcastIntent$(IActivityManager.java:10180)
08-26 02:29:27.174  1111  2158 E ActivityManager: 	at android.app.IActivityManager$Stub.onTransact(IActivityManager.java:167)
08-26 02:29:27.174  1111  2158 E ActivityManager: 	at com.android.server.am.ActivityManagerService.onTransact(ActivityManagerService.java:3367)
08-26 02:29:27.174  1111  2158 E ActivityManager: 	at android.os.Binder.execTransact(Binder.java:731)
08-26 02:29:27.184  1111  2158 W AES     : Exception Log handling...
08-26 02:29:27.185  1111  2158 W AES     : skip for Exp level 0
08-26 02:29:27.192  1111  5530 E ActivityManager: Sending non-protected broadcast com.emporia.notificationcenter.EMPO_SYS_NOTIFICATION from system 2440:com.emporia.emporiaapprebuild/u0a41 pkg com.emporia.emporiaapprebuild
08-26 02:29:27.192  1111  5530 E ActivityManager: java.lang.Throwable
08-26 02:29:27.192  1111  5530 E ActivityManager: 	at com.android.server.am.ActivityManagerService.checkBroadcastFromSystem(ActivityManagerService.java:21498)
08-26 02:29:27.192  1111  5530 E ActivityManager: 	at com.android.server.am.ActivityManagerService.broadcastIntentLocked(ActivityManagerService.java:22009)
08-26 02:29:27.192  1111  5530 E ActivityManager: 	at com.android.server.am.ActivityManagerService.broadcastIntent(ActivityManagerService.java:22252)
08-26 02:29:27.192  1111  5530 E ActivityManager: 	at android.app.IActivityManager$Stub.onTransact$broadcastIntent$(IActivityManager.java:10180)
08-26 02:29:27.192  1111  5530 E ActivityManager: 	at android.app.IActivityManager$Stub.onTransact(IActivityManager.java:167)
08-26 02:29:27.192  1111  5530 E ActivityManager: 	at com.android.server.am.ActivityManagerService.onTransact(ActivityManagerService.java:3367)
08-26 02:29:27.192  1111  5530 E ActivityManager: 	at android.os.Binder.execTransact(Binder.java:731)
08-26 02:29:27.205  1111  5530 W AES     : Exception Log handling...
08-26 02:29:27.206  1111  5530 W AES     : skip for Exp level 0
08-26 02:29:27.207  1111  5530 E ActivityManager: Sending non-protected broadcast com.emporia.notificationcenter.EMPO_SYS_NOTIFICATION from system 2440:com.emporia.emporiaapprebuild/u0a41 pkg com.emporia.emporiaapprebuild
08-26 02:29:27.207  1111  5530 E ActivityManager: java.lang.Throwable
08-26 02:29:27.207  1111  5530 E ActivityManager: 	at com.android.server.am.ActivityManagerService.checkBroadcastFromSystem(ActivityManagerService.java:21498)
08-26 02:29:27.207  1111  5530 E ActivityManager: 	at com.android.server.am.ActivityManagerService.broadcastIntentLocked(ActivityManagerService.java:22102)
08-26 02:29:27.207  1111  5530 E ActivityManager: 	at com.android.server.am.ActivityManagerService.broadcastIntent(ActivityManagerService.java:22252)
08-26 02:29:27.207  1111  5530 E ActivityManager: 	at android.app.IActivityManager$Stub.onTransact$broadcastIntent$(IActivityManager.java:10180)
08-26 02:29:27.207  1111  5530 E ActivityManager: 	at android.app.IActivityManager$Stub.onTransact(IActivityManager.java:167)
08-26 02:29:27.207  1111  5530 E ActivityManager: 	at com.android.server.am.ActivityManagerService.onTransact(ActivityManagerService.java:3367)
08-26 02:29:27.207  1111  5530 E ActivityManager: 	at android.os.Binder.execTransact(Binder.java:731)
08-26 02:29:27.214  1111  5530 W AES     : Exception Log handling...
08-26 02:29:27.214 20557 21063 E storage_trim_block: HCDN_LOG: [2019-08-26 02:29:27.214][T:21063][func:TrimDisconDownloadBlocks],[line:177],[oper:trim block begin...]
08-26 02:29:27.214 20557 21063 E storage_trim_block: HCDN_LOG: [2019-08-26 02:29:27.214][T:21063][func:PrintBlockInfoForTrim],[line:90],PrintBlockInfoForTrim : 
08-26 02:29:27.214 20557 21063 E storage_trim_block: VID[52d4bfe409f3655f62dd8bd71b8cd158], FID_Index[5], BlockNO[1]
08-26 02:29:27.214 20557 21063 E storage_trim_block:  5 : dc43cfe9abe98af1c5d989100f44f1bc00000000
08-26 02:29:27.214 20557 21063 E storage_trim_block: 
08-26 02:29:27.214 20557 21063 E storage_trim_block: HCDN_LOG: [2019-08-26 02:29:27.214][T:21063][func:PrintBlockInfoForTrim],[line:90],PrintBlockInfoForTrim : 
08-26 02:29:27.214 20557 21063 E storage_trim_block: VID[84600e02abe361e24a353ee6f7a831ae], FID_Index[0], BlockNO[1]
08-26 02:29:27.214 20557 21063 E storage_trim_block:  0 : ed1209f431bfbfca43da48365085652100000000
08-26 02:29:27.214 20557 21063 E storage_trim_block: 
08-26 02:29:27.214 20557 21063 E storage_trim_block: HCDN_LOG: [2019-08-26 02:29:27.214][T:21063][func:PrintDataBlock],[line:116],DataBlock : 
08-26 02:29:27.214 20557 21063 E storage_trim_block: dc43cfe9abe98af1c5d989100f44f1bc00000000 : 1[1,0],2[1,0],3[1,0],4[1,0],5[1,0],6[1,0],7[1,0],
08-26 02:29:27.214 20557 21063 E storage_trim_block: ed1209f431bfbfca43da48365085652100000000 : 1[1,0],2[1,0],3[1,0],4[1,0],5[1,0],6[1,0],7[1,0],
08-26 02:29:27.214 20557 21063 E storage_trim_block: 
08-26 02:29:27.215 20557 21063 E storage_trim_block: HCDN_LOG: [2019-08-26 02:29:27.215][T:21063][func:PrintPriorityBlock],[line:148],PriorityBlock :
08-26 02:29:27.215 20557 21063 E storage_trim_block: dc43cfe9abe98af1c5d989100f44f1bc00000000 : 1[0,1,0],
08-26 02:29:27.215 20557 21063 E storage_trim_block: ed1209f431bfbfca43da48365085652100000000 : 1[0,1,0],
08-26 02:29:27.215 20557 21063 E storage_trim_block: dc43cfe9abe98af1c5d989100f44f1bc00000000 : 2[1ff,1,0],
08-26 02:29:27.215 20557 21063 E storage_trim_block: ed1209f431bfbfca43da48365085652100000000 : 2[1ff,1,0],
08-26 02:29:27.215 20557 21063 E storage_trim_block: dc43cfe9abe98af1c5d989100f44f1bc00000000 : 3[2ff,1,0],
08-26 02:29:27.215 20557 21063 E storage_trim_block: ed1209f431bfbfca43da48365085652100000000 : 3[2ff,1,0],
08-26 02:29:27.215 20557 21063 E storage_trim_block: dc43cfe9abe98af1c5d989100f44f1bc00000000 : 4[3ff,1,0],
08-26 02:29:27.215 20557 21063 E storage_trim_block: ed1209f431bfbfca43da48365085652100000000 : 4[3ff,1,0],
08-26 02:29:27.215 20557 21063 E storage_trim_block: dc43cfe9abe98af1c5d989100f44f1bc00000000 : 5[4ff,1,0],
08-26 02:29:27.215 20557 21063 E storage_trim_block: ed1209f431bfbfca43da48365085652100000000 : 5[4ff,1,0],
08-26 02:29:27.215 20557 21063 E storage_trim_block: dc43cfe9abe98af1c5d989100f44f1bc00000000 : 6[5ff,1,0],
08-26 02:29:27.215 20557 21063 E storage_trim_block: ed1209f431bfbfca43da48365085652100000000 : 6[5ff,1,0],
08-26 02:29:27.215 20557 21063 E storage_trim_block: dc43cfe9abe98af1c5d989100f44f1bc00000000 : 7[6ff,1,0],
08-26 02:29:27.215 20557 21063 E storage_trim_block: ed1209f431bfbfca43da48365085652100000000 : 7[6ff,1,0],
08-26 02:29:27.215 20557 21063 E storage_trim_block: 
08-26 02:29:27.215 20557 21063 E storage_trim_block: HCDN_LOG: [2019-08-26 02:29:27.215][T:21063][func:TrimDisconDownloadBlocks],[line:321],[oper:Post Pause Download request]
08-26 02:29:27.215 20557 21047 E hcdn_downloadengine: HCDN_LOG: [2019-08-26 02:29:27.215][T:21047]OnRecvBlockRemainNotify,1827     left block count:0
08-26 02:29:27.215 20557 21063 E storage_trim_block: HCDN_LOG: [2019-08-26 02:29:27.215][T:21063][func:PrintDataBlock],[line:116],DataBlock : 
08-26 02:29:27.215 20557 21063 E storage_trim_block: dc43cfe9abe98af1c5d989100f44f1bc00000000 : 1[1,0],2[1,0],3[1,0],4[1,0],5[1,0],6[1,0],7[1,0],
08-26 02:29:27.215 20557 21063 E storage_trim_block: ed1209f431bfbfca43da48365085652100000000 : 1[1,0],2[1,0],3[1,0],4[1,0],5[1,0],6[1,0],7[1,0],
08-26 02:29:27.215 20557 21063 E storage_trim_block: 
08-26 02:29:27.215 20557 21063 E storage_trim_block: HCDN_LOG: [2019-08-26 02:29:27.215][T:21063][func:TrimDisconDownloadBlocks],[line:375],[oper:trim block end...]
08-26 02:29:27.217  1111  5530 W AES     : skip for Exp level 0
08-26 02:29:27.239  1111  5182 E ActivityManager: Sending non-protected broadcast com.emporia.notificationcenter.EMPO_SYS_NOTIFICATION from system 2440:com.emporia.emporiaapprebuild/u0a41 pkg com.emporia.emporiaapprebuild
08-26 02:29:27.239  1111  5182 E ActivityManager: java.lang.Throwable
08-26 02:29:27.239  1111  5182 E ActivityManager: 	at com.android.server.am.ActivityManagerService.checkBroadcastFromSystem(ActivityManagerService.java:21498)
08-26 02:29:27.239  1111  5182 E ActivityManager: 	at com.android.server.am.ActivityManagerService.broadcastIntentLocked(ActivityManagerService.java:22009)
08-26 02:29:27.239  1111  5182 E ActivityManager: 	at com.android.server.am.ActivityManagerService.broadcastIntent(ActivityManagerService.java:22252)
08-26 02:29:27.239  1111  5182 E ActivityManager: 	at android.app.IActivityManager$Stub.onTransact$broadcastIntent$(IActivityManager.java:10180)
08-26 02:29:27.239  1111  5182 E ActivityManager: 	at android.app.IActivityManager$Stub.onTransact(IActivityManager.java:167)
08-26 02:29:27.239  1111  5182 E ActivityManager: 	at com.android.server.am.ActivityManagerService.onTransact(ActivityManagerService.java:3367)
08-26 02:29:27.239  1111  5182 E ActivityManager: 	at android.os.Binder.execTransact(Binder.java:731)
08-26 02:29:27.247  1111  5182 W AES     : Exception Log handling...
08-26 02:29:27.250  1111  5182 W AES     : skip for Exp level 0
08-26 02:29:27.251  1111  5182 E ActivityManager: Sending non-protected broadcast com.emporia.notificationcenter.EMPO_SYS_NOTIFICATION from system 2440:com.emporia.emporiaapprebuild/u0a41 pkg com.emporia.emporiaapprebuild
08-26 02:29:27.251  1111  5182 E ActivityManager: java.lang.Throwable
08-26 02:29:27.251  1111  5182 E ActivityManager: 	at com.android.server.am.ActivityManagerService.checkBroadcastFromSystem(ActivityManagerService.java:21498)
08-26 02:29:27.251  1111  5182 E ActivityManager: 	at com.android.server.am.ActivityManagerService.broadcastIntentLocked(ActivityManagerService.java:22102)
08-26 02:29:27.251  1111  5182 E ActivityManager: 	at com.android.server.am.ActivityManagerService.broadcastIntent(ActivityManagerService.java:22252)
08-26 02:29:27.251  1111  5182 E ActivityManager: 	at android.app.IActivityManager$Stub.onTransact$broadcastIntent$(IActivityManager.java:10180)
08-26 02:29:27.251  1111  5182 E ActivityManager: 	at android.app.IActivityManager$Stub.onTransact(IActivityManager.java:167)
08-26 02:29:27.251  1111  5182 E ActivityManager: 	at com.android.server.am.ActivityManagerService.onTransact(ActivityManagerService.java:3367)
08-26 02:29:27.251  1111  5182 E ActivityManager: 	at android.os.Binder.execTransact(Binder.java:731)
08-26 02:29:27.257  2440  2440 I ActivityLifecycleMonitor: activity name:com.emporia.easylauncher.EasyLauncher@4e4d3b2 saveInstanceState
08-26 02:29:27.272 20557 21380 E p2pfile : HCDN_LOG: [2019-08-26 02:29:27.272][T:21380][func:SetParam],[line:2276],[oper: SetParam message ParamName(video_time), ParamValue(-1003500|30), isGlobal(true), m_dwTaskID(0)]
08-26 02:29:27.274 20557 21047 E hcdn_downloadengine: HCDN_LOG: [2019-08-26 02:29:27.274][T:21047]OnRecvSetParam,1841     task_id : 2488362245,SetParam : video_time,30 
08-26 02:29:27.285  1111  5530 E ActivityManager: Sending non-protected broadcast com.emporia.notificationcenter.EMPO_SYS_NOTIFICATION_COUNT from system 2440:com.emporia.emporiaapprebuild/u0a41 pkg com.emporia.emporiaapprebuild
08-26 02:29:27.285  1111  5530 E ActivityManager: java.lang.Throwable
08-26 02:29:27.285  1111  5530 E ActivityManager: 	at com.android.server.am.ActivityManagerService.checkBroadcastFromSystem(ActivityManagerService.java:21498)
08-26 02:29:27.285  1111  5530 E ActivityManager: 	at com.android.server.am.ActivityManagerService.broadcastIntentLocked(ActivityManagerService.java:22009)
08-26 02:29:27.285  1111  5530 E ActivityManager: 	at com.android.server.am.ActivityManagerService.broadcastIntent(ActivityManagerService.java:22252)
08-26 02:29:27.285  1111  5530 E ActivityManager: 	at android.app.IActivityManager$Stub.onTransact$broadcastIntent$(IActivityManager.java:10180)
08-26 02:29:27.285  1111  5530 E ActivityManager: 	at android.app.IActivityManager$Stub.onTransact(IActivityManager.java:167)
08-26 02:29:27.285  1111  5530 E ActivityManager: 	at com.android.server.am.ActivityManagerService.onTransact(ActivityManagerService.java:3367)
08-26 02:29:27.285  1111  5530 E ActivityManager: 	at android.os.Binder.execTransact(Binder.java:731)
08-26 02:29:27.288  1111  5530 E ActivityManager: Sending non-protected broadcast com.emporia.notificationcenter.EMPO_SYS_NOTIFICATION_COUNT from system 2440:com.emporia.emporiaapprebuild/u0a41 pkg com.emporia.emporiaapprebuild
08-26 02:29:27.288  1111  5530 E ActivityManager: java.lang.Throwable
08-26 02:29:27.288  1111  5530 E ActivityManager: 	at com.android.server.am.ActivityManagerService.checkBroadcastFromSystem(ActivityManagerService.java:21498)
08-26 02:29:27.288  1111  5530 E ActivityManager: 	at com.android.server.am.ActivityManagerService.broadcastIntentLocked(ActivityManagerService.java:22102)
08-26 02:29:27.288  1111  5530 E ActivityManager: 	at com.android.server.am.ActivityManagerService.broadcastIntent(ActivityManagerService.java:22252)
08-26 02:29:27.288  1111  5530 E ActivityManager: 	at android.app.IActivityManager$Stub.onTransact$broadcastIntent$(IActivityManager.java:10180)
08-26 02:29:27.288  1111  5530 E ActivityManager: 	at android.app.IActivityManager$Stub.onTransact(IActivityManager.java:167)
08-26 02:29:27.288  1111  5530 E ActivityManager: 	at com.android.server.am.ActivityManagerService.onTransact(ActivityManagerService.java:3367)
08-26 02:29:27.288  1111  5530 E ActivityManager: 	at android.os.Binder.execTransact(Binder.java:731)
08-26 02:29:27.307  2440  2440 I System.out: NotificationUtils.isEasyLauncherNotification:true, false
08-26 02:29:27.318  1111  2428 E ActivityManager: Sending non-protected broadcast com.emporia.notificationcenter.EMPO_NOTIFICATION_NAME from system 2440:com.emporia.emporiaapprebuild/u0a41 pkg com.emporia.emporiaapprebuild
08-26 02:29:27.318  1111  2428 E ActivityManager: java.lang.Throwable
08-26 02:29:27.318  1111  2428 E ActivityManager: 	at com.android.server.am.ActivityManagerService.checkBroadcastFromSystem(ActivityManagerService.java:21498)
08-26 02:29:27.318  1111  2428 E ActivityManager: 	at com.android.server.am.ActivityManagerService.broadcastIntentLocked(ActivityManagerService.java:22009)
08-26 02:29:27.318  1111  2428 E ActivityManager: 	at com.android.server.am.ActivityManagerService.broadcastIntent(ActivityManagerService.java:22252)
08-26 02:29:27.318  1111  2428 E ActivityManager: 	at android.app.IActivityManager$Stub.onTransact$broadcastIntent$(IActivityManager.java:10180)
08-26 02:29:27.318  1111  2428 E ActivityManager: 	at android.app.IActivityManager$Stub.onTransact(IActivityManager.java:167)
08-26 02:29:27.318  1111  2428 E ActivityManager: 	at com.android.server.am.ActivityManagerService.onTransact(ActivityManagerService.java:3367)
08-26 02:29:27.318  1111  2428 E ActivityManager: 	at android.os.Binder.execTransact(Binder.java:731)
08-26 02:29:27.322  1111  2428 E ActivityManager: Sending non-protected broadcast com.emporia.notificationcenter.EMPO_NOTIFICATION_NAME from system 2440:com.emporia.emporiaapprebuild/u0a41 pkg com.emporia.emporiaapprebuild
08-26 02:29:27.322  1111  2428 E ActivityManager: java.lang.Throwable
08-26 02:29:27.322  1111  2428 E ActivityManager: 	at com.android.server.am.ActivityManagerService.checkBroadcastFromSystem(ActivityManagerService.java:21498)
08-26 02:29:27.322  1111  2428 E ActivityManager: 	at com.android.server.am.ActivityManagerService.broadcastIntentLocked(ActivityManagerService.java:22102)
08-26 02:29:27.322  1111  2428 E ActivityManager: 	at com.android.server.am.ActivityManagerService.broadcastIntent(ActivityManagerService.java:22252)
08-26 02:29:27.322  1111  2428 E ActivityManager: 	at android.app.IActivityManager$Stub.onTransact$broadcastIntent$(IActivityManager.java:10180)
08-26 02:29:27.322  1111  2428 E ActivityManager: 	at android.app.IActivityManager$Stub.onTransact(IActivityManager.java:167)
08-26 02:29:27.322  1111  2428 E ActivityManager: 	at com.android.server.am.ActivityManagerService.onTransact(ActivityManagerService.java:3367)
08-26 02:29:27.322  1111  2428 E ActivityManager: 	at android.os.Binder.execTransact(Binder.java:731)
08-26 02:29:27.324  2440  2440 I System.out: NotificationUtils.isEasyLauncherNotification:true, false
08-26 02:29:27.326  1111  3648 E ActivityManager: Sending non-protected broadcast com.emporia.notificationcenter.EMPO_NOTIFICATION_NAME from system 2440:com.emporia.emporiaapprebuild/u0a41 pkg com.emporia.emporiaapprebuild
08-26 02:29:27.326  1111  3648 E ActivityManager: java.lang.Throwable
08-26 02:29:27.326  1111  3648 E ActivityManager: 	at com.android.server.am.ActivityManagerService.checkBroadcastFromSystem(ActivityManagerService.java:21498)
08-26 02:29:27.326  1111  3648 E ActivityManager: 	at com.android.server.am.ActivityManagerService.broadcastIntentLocked(ActivityManagerService.java:22009)
08-26 02:29:27.326  1111  3648 E ActivityManager: 	at com.android.server.am.ActivityManagerService.broadcastIntent(ActivityManagerService.java:22252)
08-26 02:29:27.326  1111  3648 E ActivityManager: 	at android.app.IActivityManager$Stub.onTransact$broadcastIntent$(IActivityManager.java:10180)
08-26 02:29:27.326  1111  3648 E ActivityManager: 	at android.app.IActivityManager$Stub.onTransact(IActivityManager.java:167)
08-26 02:29:27.326  1111  3648 E ActivityManager: 	at com.android.server.am.ActivityManagerService.onTransact(ActivityManagerService.java:3367)
08-26 02:29:27.326  1111  3648 E ActivityManager: 	at android.os.Binder.execTransact(Binder.java:731)
08-26 02:29:27.328  1111  3648 E ActivityManager: Sending non-protected broadcast com.emporia.notificationcenter.EMPO_NOTIFICATION_NAME from system 2440:com.emporia.emporiaapprebuild/u0a41 pkg com.emporia.emporiaapprebuild
08-26 02:29:27.328  1111  3648 E ActivityManager: java.lang.Throwable
08-26 02:29:27.328  1111  3648 E ActivityManager: 	at com.android.server.am.ActivityManagerService.checkBroadcastFromSystem(ActivityManagerService.java:21498)
08-26 02:29:27.328  1111  3648 E ActivityManager: 	at com.android.server.am.ActivityManagerService.broadcastIntentLocked(ActivityManagerService.java:22102)
08-26 02:29:27.328  1111  3648 E ActivityManager: 	at com.android.server.am.ActivityManagerService.broadcastIntent(ActivityManagerService.java:22252)
08-26 02:29:27.328  1111  3648 E ActivityManager: 	at android.app.IActivityManager$Stub.onTransact$broadcastIntent$(IActivityManager.java:10180)
08-26 02:29:27.328  1111  3648 E ActivityManager: 	at android.app.IActivityManager$Stub.onTransact(IActivityManager.java:167)
08-26 02:29:27.328  1111  3648 E ActivityManager: 	at com.android.server.am.ActivityManagerService.onTransact(ActivityManagerService.java:3367)
08-26 02:29:27.328  1111  3648 E ActivityManager: 	at android.os.Binder.execTransact(Binder.java:731)
08-26 02:29:27.331  2440  2440 I System.out: NotificationUtils.isEasyLauncherNotification:true, false
08-26 02:29:27.339  1111  5530 E ActivityManager: Sending non-protected broadcast com.emporia.notificationcenter.EMPO_NOTIFICATION_NAME from system 2440:com.emporia.emporiaapprebuild/u0a41 pkg com.emporia.emporiaapprebuild
08-26 02:29:27.339  1111  5530 E ActivityManager: java.lang.Throwable
08-26 02:29:27.339  1111  5530 E ActivityManager: 	at com.android.server.am.ActivityManagerService.checkBroadcastFromSystem(ActivityManagerService.java:21498)
08-26 02:29:27.339  1111  5530 E ActivityManager: 	at com.android.server.am.ActivityManagerService.broadcastIntentLocked(ActivityManagerService.java:22009)
08-26 02:29:27.339  1111  5530 E ActivityManager: 	at com.android.server.am.ActivityManagerService.broadcastIntent(ActivityManagerService.java:22252)
08-26 02:29:27.339  1111  5530 E ActivityManager: 	at android.app.IActivityManager$Stub.onTransact$broadcastIntent$(IActivityManager.java:10180)
08-26 02:29:27.339  1111  5530 E ActivityManager: 	at android.app.IActivityManager$Stub.onTransact(IActivityManager.java:167)
08-26 02:29:27.339  1111  5530 E ActivityManager: 	at com.android.server.am.ActivityManagerService.onTransact(ActivityManagerService.java:3367)
08-26 02:29:27.339  1111  5530 E ActivityManager: 	at android.os.Binder.execTransact(Binder.java:731)
08-26 02:29:27.342  1111  5530 E ActivityManager: Sending non-protected broadcast com.emporia.notificationcenter.EMPO_NOTIFICATION_NAME from system 2440:com.emporia.emporiaapprebuild/u0a41 pkg com.emporia.emporiaapprebuild
08-26 02:29:27.342  1111  5530 E ActivityManager: java.lang.Throwable
08-26 02:29:27.342  1111  5530 E ActivityManager: 	at com.android.server.am.ActivityManagerService.checkBroadcastFromSystem(ActivityManagerService.java:21498)
08-26 02:29:27.342  1111  5530 E ActivityManager: 	at com.android.server.am.ActivityManagerService.broadcastIntentLocked(ActivityManagerService.java:22102)
08-26 02:29:27.342  1111  5530 E ActivityManager: 	at com.android.server.am.ActivityManagerService.broadcastIntent(ActivityManagerService.java:22252)
08-26 02:29:27.342  1111  5530 E ActivityManager: 	at android.app.IActivityManager$Stub.onTransact$broadcastIntent$(IActivityManager.java:10180)
08-26 02:29:27.342  1111  5530 E ActivityManager: 	at android.app.IActivityManager$Stub.onTransact(IActivityManager.java:167)
08-26 02:29:27.342  1111  5530 E ActivityManager: 	at com.android.server.am.ActivityManagerService.onTransact(ActivityManagerService.java:3367)
08-26 02:29:27.342  1111  5530 E ActivityManager: 	at android.os.Binder.execTransact(Binder.java:731)
08-26 02:29:27.345  2440  2440 I System.out: NotificationUtils.isEasyLauncherNotification:true, false
08-26 02:29:27.348   371   391 I libPowerHal: gameNotifyDisplayType - type:1
08-26 02:29:27.350  1111  1134 E ActivityManager: Sending non-protected broadcast com.emporia.notificationcenter.EMPO_NOTIFICATION_NAME from system 2440:com.emporia.emporiaapprebuild/u0a41 pkg com.emporia.emporiaapprebuild
08-26 02:29:27.350  1111  1134 E ActivityManager: java.lang.Throwable
08-26 02:29:27.350  1111  1134 E ActivityManager: 	at com.android.server.am.ActivityManagerService.checkBroadcastFromSystem(ActivityManagerService.java:21498)
08-26 02:29:27.350  1111  1134 E ActivityManager: 	at com.android.server.am.ActivityManagerService.broadcastIntentLocked(ActivityManagerService.java:22009)
08-26 02:29:27.350  1111  1134 E ActivityManager: 	at com.android.server.am.ActivityManagerService.broadcastIntent(ActivityManagerService.java:22252)
08-26 02:29:27.350  1111  1134 E ActivityManager: 	at android.app.IActivityManager$Stub.onTransact$broadcastIntent$(IActivityManager.java:10180)
08-26 02:29:27.350  1111  1134 E ActivityManager: 	at android.app.IActivityManager$Stub.onTransact(IActivityManager.java:167)
08-26 02:29:27.350  1111  1134 E ActivityManager: 	at com.android.server.am.ActivityManagerService.onTransact(ActivityManagerService.java:3367)
08-26 02:29:27.350  1111  1134 E ActivityManager: 	at android.os.Binder.execTransact(Binder.java:731)
08-26 02:29:27.354  1111  1134 E ActivityManager: Sending non-protected broadcast com.emporia.notificationcenter.EMPO_NOTIFICATION_NAME from system 2440:com.emporia.emporiaapprebuild/u0a41 pkg com.emporia.emporiaapprebuild
08-26 02:29:27.354  1111  1134 E ActivityManager: java.lang.Throwable
08-26 02:29:27.354  1111  1134 E ActivityManager: 	at com.android.server.am.ActivityManagerService.checkBroadcastFromSystem(ActivityManagerService.java:21498)
08-26 02:29:27.354  1111  1134 E ActivityManager: 	at com.android.server.am.ActivityManagerService.broadcastIntentLocked(ActivityManagerService.java:22102)
08-26 02:29:27.354  1111  1134 E ActivityManager: 	at com.android.server.am.ActivityManagerService.broadcastIntent(ActivityManagerService.java:22252)
08-26 02:29:27.354  1111  1134 E ActivityManager: 	at android.app.IActivityManager$Stub.onTransact$broadcastIntent$(IActivityManager.java:10180)
08-26 02:29:27.354  1111  1134 E ActivityManager: 	at android.app.IActivityManager$Stub.onTransact(IActivityManager.java:167)
08-26 02:29:27.354  1111  1134 E ActivityManager: 	at com.android.server.am.ActivityManagerService.onTransact(ActivityManagerService.java:3367)
08-26 02:29:27.354  1111  1134 E ActivityManager: 	at android.os.Binder.execTransact(Binder.java:731)
08-26 02:29:27.361  2440  2440 I System.out: NotificationUtils.isEasyLauncherNotification:true, false
08-26 02:29:27.367  1111  2158 E ActivityManager: Sending non-protected broadcast com.emporia.notificationcenter.EMPO_NOTIFICATION_NAME from system 2440:com.emporia.emporiaapprebuild/u0a41 pkg com.emporia.emporiaapprebuild
08-26 02:29:27.367  1111  2158 E ActivityManager: java.lang.Throwable
08-26 02:29:27.367  1111  2158 E ActivityManager: 	at com.android.server.am.ActivityManagerService.checkBroadcastFromSystem(ActivityManagerService.java:21498)
08-26 02:29:27.367  1111  2158 E ActivityManager: 	at com.android.server.am.ActivityManagerService.broadcastIntentLocked(ActivityManagerService.java:22009)
08-26 02:29:27.367  1111  2158 E ActivityManager: 	at com.android.server.am.ActivityManagerService.broadcastIntent(ActivityManagerService.java:22252)
08-26 02:29:27.367  1111  2158 E ActivityManager: 	at android.app.IActivityManager$Stub.onTransact$broadcastIntent$(IActivityManager.java:10180)
08-26 02:29:27.367  1111  2158 E ActivityManager: 	at android.app.IActivityManager$Stub.onTransact(IActivityManager.java:167)
08-26 02:29:27.367  1111  2158 E ActivityManager: 	at com.android.server.am.ActivityManagerService.onTransact(ActivityManagerService.java:3367)
08-26 02:29:27.367  1111  2158 E ActivityManager: 	at android.os.Binder.execTransact(Binder.java:731)
08-26 02:29:27.369  1111  2158 E ActivityManager: Sending non-protected broadcast com.emporia.notificationcenter.EMPO_NOTIFICATION_NAME from system 2440:com.emporia.emporiaapprebuild/u0a41 pkg com.emporia.emporiaapprebuild
08-26 02:29:27.369  1111  2158 E ActivityManager: java.lang.Throwable
08-26 02:29:27.369  1111  2158 E ActivityManager: 	at com.android.server.am.ActivityManagerService.checkBroadcastFromSystem(ActivityManagerService.java:21498)
08-26 02:29:27.369  1111  2158 E ActivityManager: 	at com.android.server.am.ActivityManagerService.broadcastIntentLocked(ActivityManagerService.java:22102)
08-26 02:29:27.369  1111  2158 E ActivityManager: 	at com.android.server.am.ActivityManagerService.broadcastIntent(ActivityManagerService.java:22252)
08-26 02:29:27.369  1111  2158 E ActivityManager: 	at android.app.IActivityManager$Stub.onTransact$broadcastIntent$(IActivityManager.java:10180)
08-26 02:29:27.369  1111  2158 E ActivityManager: 	at android.app.IActivityManager$Stub.onTransact(IActivityManager.java:167)
08-26 02:29:27.369  1111  2158 E ActivityManager: 	at com.android.server.am.ActivityManagerService.onTransact(ActivityManagerService.java:3367)
08-26 02:29:27.369  1111  2158 E ActivityManager: 	at android.os.Binder.execTransact(Binder.java:731)
08-26 02:29:27.371  2440  2440 I System.out: NotificationUtils.isEasyLauncherNotification:true, false
08-26 02:29:27.374   371   392 I vendor.mediatek.hardware.power@2.0-impl: setInteractive Disable All 18 11743
08-26 02:29:27.377  1111  3648 E ActivityManager: Sending non-protected broadcast com.emporia.notificationcenter.EMPO_NOTIFICATION_NAME from system 2440:com.emporia.emporiaapprebuild/u0a41 pkg com.emporia.emporiaapprebuild
08-26 02:29:27.377  1111  3648 E ActivityManager: java.lang.Throwable
08-26 02:29:27.377  1111  3648 E ActivityManager: 	at com.android.server.am.ActivityManagerService.checkBroadcastFromSystem(ActivityManagerService.java:21498)
08-26 02:29:27.377  1111  3648 E ActivityManager: 	at com.android.server.am.ActivityManagerService.broadcastIntentLocked(ActivityManagerService.java:22009)
08-26 02:29:27.377  1111  3648 E ActivityManager: 	at com.android.server.am.ActivityManagerService.broadcastIntent(ActivityManagerService.java:22252)
08-26 02:29:27.377  1111  3648 E ActivityManager: 	at android.app.IActivityManager$Stub.onTransact$broadcastIntent$(IActivityManager.java:10180)
08-26 02:29:27.377  1111  3648 E ActivityManager: 	at android.app.IActivityManager$Stub.onTransact(IActivityManager.java:167)
08-26 02:29:27.377  1111  3648 E ActivityManager: 	at com.android.server.am.ActivityManagerService.onTransact(ActivityManagerService.java:3367)
08-26 02:29:27.377  1111  3648 E ActivityManager: 	at android.os.Binder.execTransact(Binder.java:731)
08-26 02:29:27.379  1111  3648 E ActivityManager: Sending non-protected broadcast com.emporia.notificationcenter.EMPO_NOTIFICATION_NAME from system 2440:com.emporia.emporiaapprebuild/u0a41 pkg com.emporia.emporiaapprebuild
08-26 02:29:27.379  1111  3648 E ActivityManager: java.lang.Throwable
08-26 02:29:27.379  1111  3648 E ActivityManager: 	at com.android.server.am.ActivityManagerService.checkBroadcastFromSystem(ActivityManagerService.java:21498)
08-26 02:29:27.379  1111  3648 E ActivityManager: 	at com.android.server.am.ActivityManagerService.broadcastIntentLocked(ActivityManagerService.java:22102)
08-26 02:29:27.379  1111  3648 E ActivityManager: 	at com.android.server.am.ActivityManagerService.broadcastIntent(ActivityManagerService.java:22252)
08-26 02:29:27.379  1111  3648 E ActivityManager: 	at android.app.IActivityManager$Stub.onTransact$broadcastIntent$(IActivityManager.java:10180)
