08-26 01:48:58.194   902  4027 W BroadcastQueue: Background execution not allowed: receiving Intent { act=android.intent.action.DROPBOX_ENTRY_ADDED flg=0x10 (has extras) } to com.google.android.gms/.stats.service.DropBoxEntryAddedReceiver
08-26 01:48:58.197   902   918 W BroadcastQueue: Background execution not allowed: receiving Intent { act=android.intent.action.DROPBOX_ENTRY_ADDED flg=0x10 (has extras) } to com.google.android.gms/.chimera.GmsIntentOperationService$PersistentTrustedReceiver
08-26 01:48:58.198   902   918 W BroadcastQueue: Background execution not allowed: receiving Intent { act=android.intent.action.DROPBOX_ENTRY_ADDED flg=0x10 (has extras) } to com.google.android.gms/.stats.service.DropBoxEntryAddedReceiver
08-26 01:48:58.200   902   918 W BroadcastQueue: Background execution not allowed: receiving Intent { act=android.intent.action.DROPBOX_ENTRY_ADDED flg=0x10 (has extras) } to com.google.android.gms/.chimera.GmsIntentOperationService$PersistentTrustedReceiver
08-26 01:48:58.262   902  2532 W BroadcastQueue: Background execution not allowed: receiving Intent { act=android.intent.action.DROPBOX_ENTRY_ADDED flg=0x10 (has extras) } to com.google.android.gms/.stats.service.DropBoxEntryAddedReceiver
08-26 01:48:58.264   902   918 W BroadcastQueue: Background execution not allowed: receiving Intent { act=android.intent.action.DROPBOX_ENTRY_ADDED flg=0x10 (has extras) } to com.google.android.gms/.chimera.GmsIntentOperationService$PersistentTrustedReceiver
08-26 01:48:58.276   902  1342 W BroadcastQueue: Background execution not allowed: receiving Intent { act=android.intent.action.DROPBOX_ENTRY_ADDED flg=0x10 (has extras) } to com.google.android.gms/.stats.service.DropBoxEntryAddedReceiver
08-26 01:48:58.277   902   918 W BroadcastQueue: Background execution not allowed: receiving Intent { act=android.intent.action.DROPBOX_ENTRY_ADDED flg=0x10 (has extras) } to com.google.android.gms/.chimera.GmsIntentOperationService$PersistentTrustedReceiver
08-26 01:48:58.967   902   926 I WindowManager: Focus moving from Window{48a2ac6 u0 com.emporia.emporiaapprebuild/com.emporia.emporialauncherrebuild.AllAppListActivity} to null
08-26 01:48:59.103   902  2532 I WindowManager: Relayout Window{5830c3c u0 com.emporia.emporiaapprebuild/com.emporia.easylauncher.EasyLauncher}: oldVis=8 newVis=0 focusMayChange = true
08-26 01:48:59.109   902   926 I WindowManager: Focus moving from null to Window{5830c3c u0 com.emporia.emporiaapprebuild/com.emporia.easylauncher.EasyLauncher}
08-26 01:49:16.187   525   660 E storaged: getDiskStats failed with result NOT_SUPPORTED and size 0
08-26 01:49:58.874   902   929 I PowerManagerService: Going to sleep due to screen timeout (uid 1000)...
08-26 01:49:58.874   902   902 W UsageStatsService: Event reported without a package name
08-26 01:49:58.875   902   929 I PowerManagerService: Sleeping (uid 1000)...
08-26 01:49:59.051   902   929 I DisplayPowerController: Blocking screen off
08-26 01:49:59.052   902   929 I DisplayPowerController: Unblocked screen off after 0 ms
08-26 01:49:59.118   902   926 I DisplayManagerService: Display device changed state: "Built-in Screen", OFF
08-26 01:49:59.244   902  2532 W BroadcastQueue: Background execution not allowed: receiving Intent { act=android.intent.action.DROPBOX_ENTRY_ADDED flg=0x10 (has extras) } to com.google.android.gms/.stats.service.DropBoxEntryAddedReceiver
08-26 01:49:59.250   902   918 W BroadcastQueue: Background execution not allowed: receiving Intent { act=android.intent.action.DROPBOX_ENTRY_ADDED flg=0x10 (has extras) } to com.google.android.gms/.chimera.GmsIntentOperationService$PersistentTrustedReceiver
08-26 01:49:59.254   902   918 W BroadcastQueue: Background execution not allowed: receiving Intent { act=android.intent.action.DROPBOX_ENTRY_ADDED flg=0x10 (has extras) } to com.google.android.gms/.stats.service.DropBoxEntryAddedReceiver
08-26 01:49:59.254   902   918 W BroadcastQueue: Background execution not allowed: receiving Intent { act=android.intent.action.DROPBOX_ENTRY_ADDED flg=0x10 (has extras) } to com.google.android.gms/.chimera.GmsIntentOperationService$PersistentTrustedReceiver
08-26 01:49:59.296   902  4786 W BroadcastQueue: Background execution not allowed: receiving Intent { act=android.intent.action.DROPBOX_ENTRY_ADDED flg=0x10 (has extras) } to com.google.android.gms/.stats.service.DropBoxEntryAddedReceiver
08-26 01:49:59.298   902   918 W BroadcastQueue: Background execution not allowed: receiving Intent { act=android.intent.action.DROPBOX_ENTRY_ADDED flg=0x10 (has extras) } to com.google.android.gms/.chimera.GmsIntentOperationService$PersistentTrustedReceiver
08-26 01:49:59.318   902  1168 W BroadcastQueue: Background execution not allowed: receiving Intent { act=android.intent.action.DROPBOX_ENTRY_ADDED flg=0x10 (has extras) } to com.google.android.gms/.stats.service.DropBoxEntryAddedReceiver
08-26 01:49:59.319   902   918 W BroadcastQueue: Background execution not allowed: receiving Intent { act=android.intent.action.DROPBOX_ENTRY_ADDED flg=0x10 (has extras) } to com.google.android.gms/.chimera.GmsIntentOperationService$PersistentTrustedReceiver
08-26 01:49:59.320   902   918 W BroadcastQueue: Background execution not allowed: receiving Intent { act=android.intent.action.DROPBOX_ENTRY_ADDED flg=0x10 (has extras) } to com.google.android.gms/.stats.service.DropBoxEntryAddedReceiver
08-26 01:49:59.320   902   918 W BroadcastQueue: Background execution not allowed: receiving Intent { act=android.intent.action.DROPBOX_ENTRY_ADDED flg=0x10 (has extras) } to com.google.android.gms/.chimera.GmsIntentOperationService$PersistentTrustedReceiver
08-26 01:50:03.934   902  1168 W UsageStatsService: Event reported without a package name
08-26 01:50:03.940   902   926 I WindowManager: Focus moving from Window{5830c3c u0 com.emporia.emporiaapprebuild/com.emporia.easylauncher.EasyLauncher} to null
08-26 01:50:04.077   902   926 I WindowManager: Focus moving from null to Window{20c0296 u0 StatusBar}
08-26 01:50:16.188   525   660 E storaged: getDiskStats failed with result NOT_SUPPORTED and size 0
08-26 01:50:59.430   902   902 W BroadcastQueue: Background execution not allowed: receiving Intent { act=android.intent.action.DROPBOX_ENTRY_ADDED flg=0x10 (has extras) } to com.google.android.gms/.stats.service.DropBoxEntryAddedReceiver
08-26 01:50:59.430   902   918 W BroadcastQueue: Background execution not allowed: receiving Intent { act=android.intent.action.DROPBOX_ENTRY_ADDED flg=0x10 (has extras) } to com.google.android.gms/.chimera.GmsIntentOperationService$PersistentTrustedReceiver
08-26 01:51:16.189   525   660 E storaged: getDiskStats failed with result NOT_SUPPORTED and size 0
08-26 01:51:21.502   902   987 I NetworkStatsRecorder: recordSnapshotLocked: ident[[{type=WIFI, subType=COMBINED, networkId="emporia_5G", metered=false, defaultNetwork=true}]]
08-26 01:51:21.502   902   987 W NetworkStatsRecorder: unknown interfaces [lo], ignoring those stats
08-26 01:51:21.502   902   987 I NetworkStatsRecorder: recordSnapshotLocked: ident[[{type=WIFI, subType=COMBINED, networkId="emporia_5G", metered=false, defaultNetwork=true}]]
08-26 01:51:21.502   902   987 W NetworkStatsRecorder: unknown interfaces [lo], ignoring those stats
08-26 01:51:21.503   902   987 I NetworkStatsRecorder: recordSnapshotLocked: ident[[{type=WIFI, subType=COMBINED, networkId="emporia_5G", metered=false, defaultNetwork=true}]]
08-26 01:51:21.503   902   987 I chatty  : uid=1000(system) NetworkStats identical 5 lines
08-26 01:51:21.503   902   987 I NetworkStatsRecorder: recordSnapshotLocked: ident[[{type=WIFI, subType=COMBINED, networkId="emporia_5G", metered=false, defaultNetwork=true}]]
08-26 01:51:21.503   902   987 W NetworkStatsRecorder: unknown interfaces [lo], ignoring those stats
08-26 01:51:21.504   902   987 I NetworkStatsRecorder: recordSnapshotLocked: ident[[{type=WIFI, subType=COMBINED, networkId="emporia_5G", metered=false, defaultNetwork=true}]]
08-26 01:51:21.505   902   987 I chatty  : uid=1000(system) NetworkStats identical 11 lines
08-26 01:51:21.505   902   987 I NetworkStatsRecorder: recordSnapshotLocked: ident[[{type=WIFI, subType=COMBINED, networkId="emporia_5G", metered=false, defaultNetwork=true}]]
08-26 01:51:21.505   902   987 W NetworkStatsRecorder: unknown interfaces [lo], ignoring those stats
08-26 01:52:16.189   525   660 E storaged: getDiskStats failed with result NOT_SUPPORTED and size 0
08-26 01:52:53.054   902   922 E BatteryExternalStatsWorker: no controller energy info supplied for wifi
08-26 01:53:15.733   902   922 I chatty  : uid=1000(system) batterystats-wo identical 3 lines
08-26 01:53:37.071   902   922 E BatteryExternalStatsWorker: no controller energy info supplied for wifi
08-26 01:53:37.079   902   920 I ActivityManager: Start proc 11386:com.google.android.partnersetup/u0a5 for service com.google.android.partnersetup/.InstalledAppJobService
08-26 01:53:38.642   902   922 E BatteryExternalStatsWorker: no controller energy info supplied for wifi
08-26 01:54:32.057   902   922 I chatty  : uid=1000(system) batterystats-wo identical 2 lines
08-26 01:55:03.435   902   922 E BatteryExternalStatsWorker: no controller energy info supplied for wifi
08-26 01:55:33.916   902   979 I PowerManagerService: Waking up from sleep (uid=1000 reason=android.policy:POWER)...
08-26 01:55:33.916   902   902 W UsageStatsService: Event reported without a package name
08-26 01:55:33.923   902   929 I DisplayPowerController: Blocking screen on until initial contents have been drawn.
08-26 01:55:33.940   902   919 I WindowManager: Waiting for drawn Window{20c0296 u0 StatusBar}: removed=false visible=true mHasSurface=true drawState=1
08-26 01:55:33.946   902   964 I WindowManager: Waiting for drawn Window{20c0296 u0 StatusBar}: removed=false visible=true mHasSurface=true drawState=1
08-26 01:55:33.965   902   926 I DisplayManagerService: Display device changed state: "Built-in Screen", ON
08-26 01:55:33.974   902   964 I WindowManager: Waiting for drawn Window{20c0296 u0 StatusBar}: removed=false visible=true mHasSurface=true drawState=1
08-26 01:55:33.990   902   964 I WindowManager: Waiting for drawn Window{20c0296 u0 StatusBar}: removed=false visible=true mHasSurface=true drawState=1
08-26 01:55:34.046   902  2457 I WindowManager: Waiting for drawn Window{20c0296 u0 StatusBar}: removed=false visible=true mHasSurface=true drawState=1
08-26 01:55:34.075   902   922 E BatteryExternalStatsWorker: no controller energy info supplied for wifi
08-26 01:55:34.092   902   964 I WindowManager: Waiting for drawn Window{20c0296 u0 StatusBar}: removed=false visible=true mHasSurface=true drawState=4
08-26 01:55:34.169   902   929 I DisplayPowerController: Unblocked screen on after 247 ms
08-26 01:55:34.542   902   929 W PowerManagerService: Screen on took 654 ms
08-26 01:55:36.463   902   918 W BroadcastQueue: Background execution not allowed: receiving Intent { act=android.intent.action.DROPBOX_ENTRY_ADDED flg=0x10 (has extras) } to com.google.android.gms/.stats.service.DropBoxEntryAddedReceiver
08-26 01:55:36.476   902   918 W BroadcastQueue: Background execution not allowed: receiving Intent { act=android.intent.action.DROPBOX_ENTRY_ADDED flg=0x10 (has extras) } to com.google.android.gms/.chimera.GmsIntentOperationService$PersistentTrustedReceiver
08-26 01:55:36.536   902  2457 I WindowManager: Relayout Window{5830c3c u0 com.emporia.emporiaapprebuild/com.emporia.easylauncher.EasyLauncher}: oldVis=4 newVis=0 focusMayChange = true
08-26 01:55:36.622   902  4312 W BroadcastQueue: Background execution not allowed: receiving Intent { act=android.intent.action.DROPBOX_ENTRY_ADDED flg=0x10 (has extras) } to com.google.android.gms/.stats.service.DropBoxEntryAddedReceiver
08-26 01:55:36.624   902   918 W BroadcastQueue: Background execution not allowed: receiving Intent { act=android.intent.action.DROPBOX_ENTRY_ADDED flg=0x10 (has extras) } to com.google.android.gms/.chimera.GmsIntentOperationService$PersistentTrustedReceiver
08-26 01:55:36.625   902   918 W BroadcastQueue: Background execution not allowed: receiving Intent { act=android.intent.action.DROPBOX_ENTRY_ADDED flg=0x10 (has extras) } to com.google.android.gms/.stats.service.DropBoxEntryAddedReceiver
08-26 01:55:36.625   902   918 W BroadcastQueue: Background execution not allowed: receiving Intent { act=android.intent.action.DROPBOX_ENTRY_ADDED flg=0x10 (has extras) } to com.google.android.gms/.chimera.GmsIntentOperationService$PersistentTrustedReceiver
08-26 01:55:36.736   902   912 W UsageStatsService: Event reported without a package name
08-26 01:55:36.858   902  1264 W BroadcastQueue: Background execution not allowed: receiving Intent { act=android.intent.action.USER_PRESENT flg=0x24200010 } to com.emporia.emporiaapprebuild/com.emporia.notificationcenter.ServiceRestartReceiver
08-26 01:55:36.859   902   918 W BroadcastQueue: Background execution not allowed: receiving Intent { act=android.intent.action.USER_PRESENT flg=0x24200010 } to com.google.android.gms/.auth.setup.devicesignals.LockScreenReceiver
08-26 01:55:36.860   902   918 W BroadcastQueue: Background execution not allowed: receiving Intent { act=android.intent.action.USER_PRESENT flg=0x24200010 } to com.google.android.gms/.trustagent.UserPresentBroadcastReceiver
08-26 01:55:36.860   902   918 W BroadcastQueue: Background execution not allowed: receiving Intent { act=android.intent.action.USER_PRESENT flg=0x24200010 } to com.google.android.gms/.chimera.GmsIntentOperationService$PersistentTrustedReceiver
08-26 01:55:36.860   902   918 W BroadcastQueue: Background execution not allowed: receiving Intent { act=android.intent.action.USER_PRESENT flg=0x24200010 } to com.qiyi.video/com.iqiyi.hcim.service.BroadcastCenter
08-26 01:55:36.861   902   918 W BroadcastQueue: Background execution not allowed: receiving Intent { act=android.intent.action.USER_PRESENT flg=0x24200010 } to com.qiyi.video/com.iqiyi.pushservice.PushServiceReceiver
08-26 01:55:36.861   902   918 W BroadcastQueue: Background execution not allowed: receiving Intent { act=android.intent.action.USER_PRESENT flg=0x24200010 } to com.qiyi.video/com.iqiyi.impushservice.receiver.ImPushServiceReceiver
08-26 01:55:37.213   902   926 I WindowManager: Focus moving from Window{20c0296 u0 StatusBar} to Window{5830c3c u0 com.emporia.emporiaapprebuild/com.emporia.easylauncher.EasyLauncher}
08-26 01:55:39.867   902  4786 I ActivityManager: START u0 {act=android.intent.action.MAIN flg=0x10000000 cmp=com.qiyi.video/.WelcomeActivity} from uid 10042
08-26 01:55:39.923   902   920 I ActivityManager: Start proc 11452:com.qiyi.video/u0a89 for activity com.qiyi.video/.WelcomeActivity
08-26 01:55:39.926   902   926 I WindowManager: Focus moving from Window{5830c3c u0 com.emporia.emporiaapprebuild/com.emporia.easylauncher.EasyLauncher} to null
08-26 01:55:39.978   902  4786 W ActivityManager: Request to remove task ignored for non-existent task 7
08-26 01:55:41.469   902  4312 I ActivityManager: START u0 {cmp=com.qiyi.video/org.qiyi.android.video.MainActivity (has extras)} from uid 10089
08-26 01:55:42.928 11452 11588 E ActivityThread: Failed to find provider info for com.vivo.push.sdk.service.SystemPushConfig
08-26 01:55:44.496   902   912 I WindowManager: Relayout Window{59104ce u0 com.qiyi.video/org.qiyi.android.video.MainActivity}: oldVis=4 newVis=0 focusMayChange = true
08-26 01:55:44.504   902   926 I WindowManager: Focus moving from null to Window{59104ce u0 com.qiyi.video/org.qiyi.android.video.MainActivity}
08-26 01:55:46.515   902  4786 W BroadcastQueue: Background execution not allowed: receiving Intent { act=android.intent.action.DROPBOX_ENTRY_ADDED flg=0x10 (has extras) } to com.google.android.gms/.stats.service.DropBoxEntryAddedReceiver
08-26 01:55:46.518   902   918 W BroadcastQueue: Background execution not allowed: receiving Intent { act=android.intent.action.DROPBOX_ENTRY_ADDED flg=0x10 (has extras) } to com.google.android.gms/.chimera.GmsIntentOperationService$PersistentTrustedReceiver
08-26 01:55:46.518   902   918 W BroadcastQueue: Background execution not allowed: receiving Intent { act=android.intent.action.DROPBOX_ENTRY_ADDED flg=0x10 (has extras) } to com.google.android.gms/.stats.service.DropBoxEntryAddedReceiver
08-26 01:55:46.518   902   918 W BroadcastQueue: Background execution not allowed: receiving Intent { act=android.intent.action.DROPBOX_ENTRY_ADDED flg=0x10 (has extras) } to com.google.android.gms/.chimera.GmsIntentOperationService$PersistentTrustedReceiver
08-26 01:55:46.526   902  4786 W BroadcastQueue: Background execution not allowed: receiving Intent { act=android.intent.action.DROPBOX_ENTRY_ADDED flg=0x10 (has extras) } to com.google.android.gms/.stats.service.DropBoxEntryAddedReceiver
08-26 01:55:46.527   902   918 W BroadcastQueue: Background execution not allowed: receiving Intent { act=android.intent.action.DROPBOX_ENTRY_ADDED flg=0x10 (has extras) } to com.google.android.gms/.chimera.GmsIntentOperationService$PersistentTrustedReceiver
08-26 01:55:46.527   902   918 W BroadcastQueue: Background execution not allowed: receiving Intent { act=android.intent.action.DROPBOX_ENTRY_ADDED flg=0x10 (has extras) } to com.google.android.gms/.stats.service.DropBoxEntryAddedReceiver
08-26 01:55:46.528   902   918 W BroadcastQueue: Background execution not allowed: receiving Intent { act=android.intent.action.DROPBOX_ENTRY_ADDED flg=0x10 (has extras) } to com.google.android.gms/.chimera.GmsIntentOperationService$PersistentTrustedReceiver
08-26 01:55:47.716   902   920 I ActivityManager: Start proc 11747:com.qiyi.video:downloader/u0a89 for service com.qiyi.video/com.iqiyi.video.download.filedownload.QiyiDownloadCoreService
08-26 01:55:49.577   902   918 W BroadcastQueue: Background execution not allowed: receiving Intent { act=android.net.conn.NETWORK_CONDITIONS_MEASURED flg=0x10 (has extras) } to com.google.android.gms/.chimera.GmsIntentOperationService$PersistentTrustedReceiver
08-26 01:55:49.879   902   918 W ActivityManager: Launch timeout has expired, giving up wake lock!
08-26 01:55:50.742   902   918 W BroadcastQueue: Background execution not allowed: receiving Intent { act=android.intent.action.DROPBOX_ENTRY_ADDED flg=0x10 (has extras) } to com.google.android.gms/.stats.service.DropBoxEntryAddedReceiver
08-26 01:55:50.743   902   918 W BroadcastQueue: Background execution not allowed: receiving Intent { act=android.intent.action.DROPBOX_ENTRY_ADDED flg=0x10 (has extras) } to com.google.android.gms/.chimera.GmsIntentOperationService$PersistentTrustedReceiver
08-26 01:55:50.780   902   918 W BroadcastQueue: Background execution not allowed: receiving Intent { act=android.intent.action.DROPBOX_ENTRY_ADDED flg=0x10 (has extras) } to com.google.android.gms/.stats.service.DropBoxEntryAddedReceiver
08-26 01:55:50.808   902   918 W BroadcastQueue: Background execution not allowed: receiving Intent { act=android.intent.action.DROPBOX_ENTRY_ADDED flg=0x10 (has extras) } to com.google.android.gms/.chimera.GmsIntentOperationService$PersistentTrustedReceiver
08-26 01:55:50.814   902   918 W BroadcastQueue: Background execution not allowed: receiving Intent { act=android.intent.action.DROPBOX_ENTRY_ADDED flg=0x10 (has extras) } to com.google.android.gms/.stats.service.DropBoxEntryAddedReceiver
08-26 01:55:50.815   902   918 W BroadcastQueue: Background execution not allowed: receiving Intent { act=android.intent.action.DROPBOX_ENTRY_ADDED flg=0x10 (has extras) } to com.google.android.gms/.chimera.GmsIntentOperationService$PersistentTrustedReceiver
08-26 01:55:51.392   902   902 E NotificationService: Muting recently noisy 0|com.qiyi.video|201166|null|10089
08-26 01:55:51.635   902   902 E NotificationService: Muting recently noisy 0|com.qiyi.video|203437|null|10089
08-26 01:55:56.564   902   902 E NotificationService: Muting recently noisy 0|com.qiyi.video|201312|null|10089
08-26 01:55:56.684   902   918 W BroadcastQueue: Background execution not allowed: receiving Intent { act=android.intent.action.DROPBOX_ENTRY_ADDED flg=0x10 (has extras) } to com.google.android.gms/.stats.service.DropBoxEntryAddedReceiver
08-26 01:55:56.684   902   918 W BroadcastQueue: Background execution not allowed: receiving Intent { act=android.intent.action.DROPBOX_ENTRY_ADDED flg=0x10 (has extras) } to com.google.android.gms/.chimera.GmsIntentOperationService$PersistentTrustedReceiver
08-26 01:55:56.763   902   918 W BroadcastQueue: Background execution not allowed: receiving Intent { act=android.intent.action.DROPBOX_ENTRY_ADDED flg=0x10 (has extras) } to com.google.android.gms/.stats.service.DropBoxEntryAddedReceiver
08-26 01:55:56.765   902   918 W BroadcastQueue: Background execution not allowed: receiving Intent { act=android.intent.action.DROPBOX_ENTRY_ADDED flg=0x10 (has extras) } to com.google.android.gms/.chimera.GmsIntentOperationService$PersistentTrustedReceiver
08-26 01:55:56.793   902   918 W BroadcastQueue: Background execution not allowed: receiving Intent { act=android.intent.action.DROPBOX_ENTRY_ADDED flg=0x10 (has extras) } to com.google.android.gms/.stats.service.DropBoxEntryAddedReceiver
08-26 01:55:56.793   902   918 W BroadcastQueue: Background execution not allowed: receiving Intent { act=android.intent.action.DROPBOX_ENTRY_ADDED flg=0x10 (has extras) } to com.google.android.gms/.chimera.GmsIntentOperationService$PersistentTrustedReceiver
08-26 01:55:56.812   902   918 W BroadcastQueue: Background execution not allowed: receiving Intent { act=android.intent.action.DROPBOX_ENTRY_ADDED flg=0x10 (has extras) } to com.google.android.gms/.stats.service.DropBoxEntryAddedReceiver
08-26 01:55:56.812   902   918 W BroadcastQueue: Background execution not allowed: receiving Intent { act=android.intent.action.DROPBOX_ENTRY_ADDED flg=0x10 (has extras) } to com.google.android.gms/.chimera.GmsIntentOperationService$PersistentTrustedReceiver
08-26 01:55:56.815   902   918 W BroadcastQueue: Background execution not allowed: receiving Intent { act=android.intent.action.DROPBOX_ENTRY_ADDED flg=0x10 (has extras) } to com.google.android.gms/.stats.service.DropBoxEntryAddedReceiver
08-26 01:55:56.816   902   918 W BroadcastQueue: Background execution not allowed: receiving Intent { act=android.intent.action.DROPBOX_ENTRY_ADDED flg=0x10 (has extras) } to com.google.android.gms/.chimera.GmsIntentOperationService$PersistentTrustedReceiver
08-26 01:55:57.654   902   926 I WindowManager: Focus moving from Window{59104ce u0 com.qiyi.video/org.qiyi.android.video.MainActivity} to Window{4fc31c1 u0 com.qiyi.video/org.qiyi.android.video.MainActivity}
08-26 01:55:58.749   902   987 I NetworkStatsRecorder: recordSnapshotLocked: ident[[{type=WIFI, subType=COMBINED, networkId="emporia_5G", metered=false, defaultNetwork=true}]]
08-26 01:55:58.749   902   987 W NetworkStatsRecorder: unknown interfaces [lo], ignoring those stats
08-26 01:55:58.750   902   987 I NetworkStatsRecorder: recordSnapshotLocked: ident[[{type=WIFI, subType=COMBINED, networkId="emporia_5G", metered=false, defaultNetwork=true}]]
08-26 01:55:58.750   902   987 W NetworkStatsRecorder: unknown interfaces [lo], ignoring those stats
08-26 01:55:58.751   902   987 I NetworkStatsRecorder: recordSnapshotLocked: ident[[{type=WIFI, subType=COMBINED, networkId="emporia_5G", metered=false, defaultNetwork=true}]]
08-26 01:55:58.752   902   987 I chatty  : uid=1000(system) NetworkStats identical 4 lines
08-26 01:55:58.752   902   987 I NetworkStatsRecorder: recordSnapshotLocked: ident[[{type=WIFI, subType=COMBINED, networkId="emporia_5G", metered=false, defaultNetwork=true}]]
08-26 01:55:58.753   902   987 W NetworkStatsRecorder: unknown interfaces [lo], ignoring those stats
08-26 01:55:58.753   902   987 I NetworkStatsRecorder: recordSnapshotLocked: ident[[{type=WIFI, subType=COMBINED, networkId="emporia_5G", metered=false, defaultNetwork=true}]]
08-26 01:55:58.757   902   987 I chatty  : uid=1000(system) NetworkStats identical 17 lines
08-26 01:55:58.757   902   987 I NetworkStatsRecorder: recordSnapshotLocked: ident[[{type=WIFI, subType=COMBINED, networkId="emporia_5G", metered=false, defaultNetwork=true}]]
08-26 01:55:58.757   902   987 W NetworkStatsRecorder: unknown interfaces [lo], ignoring those stats
08-26 01:55:58.973   902   926 I WindowManager: Losing delayed focus: Window{59104ce u0 com.qiyi.video/org.qiyi.android.video.MainActivity}
08-26 01:55:59.360   902   987 I NetworkStatsRecorder: recordSnapshotLocked: ident[[{type=WIFI, subType=COMBINED, networkId="emporia_5G", metered=false, defaultNetwork=true}]]
08-26 01:55:59.361   902   987 W NetworkStatsRecorder: unknown interfaces [lo], ignoring those stats
08-26 01:55:59.361   902   987 I NetworkStatsRecorder: recordSnapshotLocked: ident[[{type=WIFI, subType=COMBINED, networkId="emporia_5G", metered=false, defaultNetwork=true}]]
08-26 01:55:59.361   902   987 W NetworkStatsRecorder: unknown interfaces [lo], ignoring those stats
08-26 01:55:59.361   902   987 I NetworkStatsRecorder: recordSnapshotLocked: ident[[{type=WIFI, subType=COMBINED, networkId="emporia_5G", metered=false, defaultNetwork=true}]]
08-26 01:55:59.361   902   987 W NetworkStatsRecorder: unknown interfaces [lo], ignoring those stats
08-26 01:55:59.362   902   987 I NetworkStatsRecorder: recordSnapshotLocked: ident[[{type=WIFI, subType=COMBINED, networkId="emporia_5G", metered=false, defaultNetwork=true}]]
08-26 01:55:59.362   902   987 I NetworkStatsRecorder: recordSnapshotLocked: ident[[{type=WIFI, subType=COMBINED, networkId="emporia_5G", metered=false, defaultNetwork=true}]]
08-26 01:55:59.362   902   987 W NetworkStatsRecorder: unknown interfaces [lo], ignoring those stats
08-26 01:55:59.981   902   987 I NetworkStatsRecorder: recordSnapshotLocked: ident[[{type=WIFI, subType=COMBINED, networkId="emporia_5G", metered=false, defaultNetwork=true}]]
08-26 01:55:59.981   902   987 W NetworkStatsRecorder: unknown interfaces [lo], ignoring those stats
08-26 01:55:59.981   902   987 I NetworkStatsRecorder: recordSnapshotLocked: ident[[{type=WIFI, subType=COMBINED, networkId="emporia_5G", metered=false, defaultNetwork=true}]]
08-26 01:55:59.981   902   987 W NetworkStatsRecorder: unknown interfaces [lo], ignoring those stats
08-26 01:55:59.982   902   987 I NetworkStatsRecorder: recordSnapshotLocked: ident[[{type=WIFI, subType=COMBINED, networkId="emporia_5G", metered=false, defaultNetwork=true}]]
08-26 01:55:59.983   902   987 I chatty  : uid=1000(system) NetworkStats identical 2 lines
08-26 01:55:59.984   902   987 I NetworkStatsRecorder: recordSnapshotLocked: ident[[{type=WIFI, subType=COMBINED, networkId="emporia_5G", metered=false, defaultNetwork=true}]]
08-26 01:55:59.985   902   987 W NetworkStatsRecorder: unknown interfaces [lo], ignoring those stats
08-26 01:55:59.985   902   987 I NetworkStatsRecorder: recordSnapshotLocked: ident[[{type=WIFI, subType=COMBINED, networkId="emporia_5G", metered=false, defaultNetwork=true}]]
08-26 01:56:00.032   902   987 I NetworkStatsRecorder: recordSnapshotLocked: ident[[{type=WIFI, subType=COMBINED, networkId="emporia_5G", metered=false, defaultNetwork=true}]]
08-26 01:56:00.034   902   987 W NetworkStatsRecorder: unknown interfaces [lo], ignoring those stats
08-26 01:56:00.836   902   987 I NetworkStatsRecorder: recordSnapshotLocked: ident[[{type=WIFI, subType=COMBINED, networkId="emporia_5G", metered=false, defaultNetwork=true}]]
08-26 01:56:00.836   902   987 W NetworkStatsRecorder: unknown interfaces [lo], ignoring those stats
08-26 01:56:00.845   902   987 I NetworkStatsRecorder: recordSnapshotLocked: ident[[{type=WIFI, subType=COMBINED, networkId="emporia_5G", metered=false, defaultNetwork=true}]]
08-26 01:56:00.845   902   987 W NetworkStatsRecorder: unknown interfaces [lo], ignoring those stats
08-26 01:56:00.846   902   987 I NetworkStatsRecorder: recordSnapshotLocked: ident[[{type=WIFI, subType=COMBINED, networkId="emporia_5G", metered=false, defaultNetwork=true}]]
08-26 01:56:00.846   902   987 I chatty  : uid=1000(system) NetworkStats identical 1 line
08-26 01:56:00.847   902   987 I NetworkStatsRecorder: recordSnapshotLocked: ident[[{type=WIFI, subType=COMBINED, networkId="emporia_5G", metered=false, defaultNetwork=true}]]
08-26 01:56:00.847   902   987 W NetworkStatsRecorder: unknown interfaces [lo], ignoring those stats
08-26 01:56:00.848   902   987 I NetworkStatsRecorder: recordSnapshotLocked: ident[[{type=WIFI, subType=COMBINED, networkId="emporia_5G", metered=false, defaultNetwork=true}]]
08-26 01:56:00.848   902   987 W NetworkStatsRecorder: unknown interfaces [lo], ignoring those stats
08-26 01:56:01.701   902   926 I WindowManager: Focus moving from Window{4fc31c1 u0 com.qiyi.video/org.qiyi.android.video.MainActivity EXITING} to Window{59104ce u0 com.qiyi.video/org.qiyi.android.video.MainActivity}
08-26 01:56:01.887   902   987 I NetworkStatsRecorder: recordSnapshotLocked: ident[[{type=WIFI, subType=COMBINED, networkId="emporia_5G", metered=false, defaultNetwork=true}]]
08-26 01:56:01.887   902   987 W NetworkStatsRecorder: unknown interfaces [lo], ignoring those stats
08-26 01:56:01.887   902   987 I NetworkStatsRecorder: recordSnapshotLocked: ident[[{type=WIFI, subType=COMBINED, networkId="emporia_5G", metered=false, defaultNetwork=true}]]
08-26 01:56:01.887   902   987 W NetworkStatsRecorder: unknown interfaces [lo], ignoring those stats
08-26 01:56:01.888   902   987 I NetworkStatsRecorder: recordSnapshotLocked: ident[[{type=WIFI, subType=COMBINED, networkId="emporia_5G", metered=false, defaultNetwork=true}]]
08-26 01:56:01.888   902   987 I NetworkStatsRecorder: recordSnapshotLocked: ident[[{type=WIFI, subType=COMBINED, networkId="emporia_5G", metered=false, defaultNetwork=true}]]
08-26 01:56:01.888   902   987 W NetworkStatsRecorder: unknown interfaces [lo], ignoring those stats
08-26 01:56:01.889   902   987 W NetworkStatsRecorder: unknown interfaces [lo], ignoring those stats
08-26 01:56:02.022   902   926 I WindowManager: Focus moving from Window{59104ce u0 com.qiyi.video/org.qiyi.android.video.MainActivity} to Window{6a9454e u0 com.qiyi.video/org.qiyi.android.video.MainActivity}
08-26 01:56:02.364   902   920 I ActivityManager: Start proc 12115:com.qiyi.video:plugin1/u0a89 for service com.qiyi.video/org.qiyi.android.plugin.ipc.IPCService1
08-26 01:56:02.895   902   987 I NetworkStatsRecorder: recordSnapshotLocked: ident[[{type=WIFI, subType=COMBINED, networkId="emporia_5G", metered=false, defaultNetwork=true}]]
08-26 01:56:02.896   902   987 W NetworkStatsRecorder: unknown interfaces [lo], ignoring those stats
08-26 01:56:02.896   902   987 I NetworkStatsRecorder: recordSnapshotLocked: ident[[{type=WIFI, subType=COMBINED, networkId="emporia_5G", metered=false, defaultNetwork=true}]]
08-26 01:56:02.896   902   987 W NetworkStatsRecorder: unknown interfaces [lo], ignoring those stats
08-26 01:56:02.896   902   987 I NetworkStatsRecorder: recordSnapshotLocked: ident[[{type=WIFI, subType=COMBINED, networkId="emporia_5G", metered=false, defaultNetwork=true}]]
08-26 01:56:02.896   902   987 I chatty  : uid=1000(system) NetworkStats identical 1 line
08-26 01:56:02.896   902   987 I NetworkStatsRecorder: recordSnapshotLocked: ident[[{type=WIFI, subType=COMBINED, networkId="emporia_5G", metered=false, defaultNetwork=true}]]
08-26 01:56:02.897   902   987 W NetworkStatsRecorder: unknown interfaces [lo], ignoring those stats
08-26 01:56:02.909   902   987 W NetworkStatsRecorder: unknown interfaces [lo], ignoring those stats
08-26 01:56:04.315   902   987 I NetworkStatsRecorder: recordSnapshotLocked: ident[[{type=WIFI, subType=COMBINED, networkId="emporia_5G", metered=false, defaultNetwork=true}]]
08-26 01:56:04.315   902   987 W NetworkStatsRecorder: unknown interfaces [lo], ignoring those stats
08-26 01:56:04.315   902   987 I NetworkStatsRecorder: recordSnapshotLocked: ident[[{type=WIFI, subType=COMBINED, networkId="emporia_5G", metered=false, defaultNetwork=true}]]
08-26 01:56:04.315   902   987 W NetworkStatsRecorder: unknown interfaces [lo], ignoring those stats
08-26 01:56:04.316   902   987 I NetworkStatsRecorder: recordSnapshotLocked: ident[[{type=WIFI, subType=COMBINED, networkId="emporia_5G", metered=false, defaultNetwork=true}]]
08-26 01:56:04.316   902   987 I chatty  : uid=1000(system) NetworkStats identical 1 line
08-26 01:56:04.316   902   987 I NetworkStatsRecorder: recordSnapshotLocked: ident[[{type=WIFI, subType=COMBINED, networkId="emporia_5G", metered=false, defaultNetwork=true}]]
08-26 01:56:04.317   902   987 W NetworkStatsRecorder: unknown interfaces [lo], ignoring those stats
08-26 01:56:04.317   902   987 I NetworkStatsRecorder: recordSnapshotLocked: ident[[{type=WIFI, subType=COMBINED, networkId="emporia_5G", metered=false, defaultNetwork=true}]]
08-26 01:56:04.317   902   987 I chatty  : uid=1000(system) NetworkStats identical 1 line
08-26 01:56:04.318   902   987 I NetworkStatsRecorder: recordSnapshotLocked: ident[[{type=WIFI, subType=COMBINED, networkId="emporia_5G", metered=false, defaultNetwork=true}]]
08-26 01:56:04.318   902   987 W NetworkStatsRecorder: unknown interfaces [lo], ignoring those stats
08-26 01:56:05.749   525   660 E storaged: getDiskStats failed with result NOT_SUPPORTED and size 0
08-26 01:56:10.047   902   987 I NetworkStatsRecorder: recordSnapshotLocked: ident[[{type=WIFI, subType=COMBINED, networkId="emporia_5G", metered=false, defaultNetwork=true}]]
08-26 01:56:10.050   902   987 W NetworkStatsRecorder: unknown interfaces [lo], ignoring those stats
08-26 01:56:10.050   902   987 I NetworkStatsRecorder: recordSnapshotLocked: ident[[{type=WIFI, subType=COMBINED, networkId="emporia_5G", metered=false, defaultNetwork=true}]]
08-26 01:56:10.051   902   987 W NetworkStatsRecorder: unknown interfaces [lo], ignoring those stats
08-26 01:56:10.051   902   987 I NetworkStatsRecorder: recordSnapshotLocked: ident[[{type=WIFI, subType=COMBINED, networkId="emporia_5G", metered=false, defaultNetwork=true}]]
08-26 01:56:10.055   902   987 I chatty  : uid=1000(system) NetworkStats identical 3 lines
08-26 01:56:10.055   902   987 I NetworkStatsRecorder: recordSnapshotLocked: ident[[{type=WIFI, subType=COMBINED, networkId="emporia_5G", metered=false, defaultNetwork=true}]]
08-26 01:56:10.055   902   987 W NetworkStatsRecorder: unknown interfaces [lo], ignoring those stats
08-26 01:56:10.056   902   987 I NetworkStatsRecorder: recordSnapshotLocked: ident[[{type=WIFI, subType=COMBINED, networkId="emporia_5G", metered=false, defaultNetwork=true}]]
08-26 01:56:10.056   902   987 I chatty  : uid=1000(system) NetworkStats identical 1 line
08-26 01:56:10.057   902   987 I NetworkStatsRecorder: recordSnapshotLocked: ident[[{type=WIFI, subType=COMBINED, networkId="emporia_5G", metered=false, defaultNetwork=true}]]
08-26 01:56:10.059   902   987 W NetworkStatsRecorder: unknown interfaces [lo], ignoring those stats
08-26 01:56:10.929   902   987 I NetworkStatsRecorder: recordSnapshotLocked: ident[[{type=WIFI, subType=COMBINED, networkId="emporia_5G", metered=false, defaultNetwork=true}]]
08-26 01:56:10.929   902   987 W NetworkStatsRecorder: unknown interfaces [lo], ignoring those stats
08-26 01:56:10.930   902   987 I NetworkStatsRecorder: recordSnapshotLocked: ident[[{type=WIFI, subType=COMBINED, networkId="emporia_5G", metered=false, defaultNetwork=true}]]
08-26 01:56:10.930   902   987 W NetworkStatsRecorder: unknown interfaces [lo], ignoring those stats
08-26 01:56:10.939   902   987 I NetworkStatsRecorder: recordSnapshotLocked: ident[[{type=WIFI, subType=COMBINED, networkId="emporia_5G", metered=false, defaultNetwork=true}]]
08-26 01:56:10.940   902   987 I chatty  : uid=1000(system) NetworkStats identical 2 lines
08-26 01:56:10.945   902   987 I NetworkStatsRecorder: recordSnapshotLocked: ident[[{type=WIFI, subType=COMBINED, networkId="emporia_5G", metered=false, defaultNetwork=true}]]
08-26 01:56:10.945   902   987 W NetworkStatsRecorder: unknown interfaces [lo], ignoring those stats
08-26 01:56:10.946   902   987 W NetworkStatsRecorder: unknown interfaces [lo], ignoring those stats
08-26 01:56:11.711   902   926 I WindowManager: Losing delayed focus: Window{59104ce u0 com.qiyi.video/org.qiyi.android.video.MainActivity}
08-26 01:56:11.952   902   987 I NetworkStatsRecorder: recordSnapshotLocked: ident[[{type=WIFI, subType=COMBINED, networkId="emporia_5G", metered=false, defaultNetwork=true}]]
08-26 01:56:11.953   902   987 W NetworkStatsRecorder: unknown interfaces [lo], ignoring those stats
08-26 01:56:11.953   902   987 I NetworkStatsRecorder: recordSnapshotLocked: ident[[{type=WIFI, subType=COMBINED, networkId="emporia_5G", metered=false, defaultNetwork=true}]]
08-26 01:56:11.953   902   987 W NetworkStatsRecorder: unknown interfaces [lo], ignoring those stats
08-26 01:56:11.989   902   987 I NetworkStatsRecorder: recordSnapshotLocked: ident[[{type=WIFI, subType=COMBINED, networkId="emporia_5G", metered=false, defaultNetwork=true}]]
08-26 01:56:11.990   902   987 I chatty  : uid=1000(system) NetworkStats identical 2 lines
08-26 01:56:11.990   902   987 I NetworkStatsRecorder: recordSnapshotLocked: ident[[{type=WIFI, subType=COMBINED, networkId="emporia_5G", metered=false, defaultNetwork=true}]]
08-26 01:56:11.990   902   987 W NetworkStatsRecorder: unknown interfaces [lo], ignoring those stats
08-26 01:56:11.991   902   987 W NetworkStatsRecorder: unknown interfaces [lo], ignoring those stats
08-26 01:56:12.851   902   987 I NetworkStatsRecorder: recordSnapshotLocked: ident[[{type=WIFI, subType=COMBINED, networkId="emporia_5G", metered=false, defaultNetwork=true}]]
08-26 01:56:12.851   902   987 W NetworkStatsRecorder: unknown interfaces [lo], ignoring those stats
08-26 01:56:12.852   902   987 I NetworkStatsRecorder: recordSnapshotLocked: ident[[{type=WIFI, subType=COMBINED, networkId="emporia_5G", metered=false, defaultNetwork=true}]]
08-26 01:56:12.852   902   987 W NetworkStatsRecorder: unknown interfaces [lo], ignoring those stats
08-26 01:56:12.853   902   987 I NetworkStatsRecorder: recordSnapshotLocked: ident[[{type=WIFI, subType=COMBINED, networkId="emporia_5G", metered=false, defaultNetwork=true}]]
08-26 01:56:12.853   902   987 I NetworkStatsRecorder: recordSnapshotLocked: ident[[{type=WIFI, subType=COMBINED, networkId="emporia_5G", metered=false, defaultNetwork=true}]]
08-26 01:56:12.853   902   987 W NetworkStatsRecorder: unknown interfaces [lo], ignoring those stats
08-26 01:56:12.854   902   987 W NetworkStatsRecorder: unknown interfaces [lo], ignoring those stats
08-26 01:56:13.978   902   987 I NetworkStatsRecorder: recordSnapshotLocked: ident[[{type=WIFI, subType=COMBINED, networkId="emporia_5G", metered=false, defaultNetwork=true}]]
08-26 01:56:13.978   902   987 W NetworkStatsRecorder: unknown interfaces [lo], ignoring those stats
08-26 01:56:13.978   902   987 I NetworkStatsRecorder: recordSnapshotLocked: ident[[{type=WIFI, subType=COMBINED, networkId="emporia_5G", metered=false, defaultNetwork=true}]]
08-26 01:56:13.979   902   987 W NetworkStatsRecorder: unknown interfaces [lo], ignoring those stats
08-26 01:56:13.979   902   987 I NetworkStatsRecorder: recordSnapshotLocked: ident[[{type=WIFI, subType=COMBINED, networkId="emporia_5G", metered=false, defaultNetwork=true}]]
08-26 01:56:13.980   902   987 I chatty  : uid=1000(system) NetworkStats identical 3 lines
08-26 01:56:13.980   902   987 I NetworkStatsRecorder: recordSnapshotLocked: ident[[{type=WIFI, subType=COMBINED, networkId="emporia_5G", metered=false, defaultNetwork=true}]]
08-26 01:56:13.980   902   987 W NetworkStatsRecorder: unknown interfaces [lo], ignoring those stats
08-26 01:56:13.980   902   987 I NetworkStatsRecorder: recordSnapshotLocked: ident[[{type=WIFI, subType=COMBINED, networkId="emporia_5G", metered=false, defaultNetwork=true}]]
08-26 01:56:13.981   902   987 I NetworkStatsRecorder: recordSnapshotLocked: ident[[{type=WIFI, subType=COMBINED, networkId="emporia_5G", metered=false, defaultNetwork=true}]]
08-26 01:56:13.981   902   987 W NetworkStatsRecorder: unknown interfaces [lo], ignoring those stats
08-26 01:56:15.493   902   987 I NetworkStatsRecorder: recordSnapshotLocked: ident[[{type=WIFI, subType=COMBINED, networkId="emporia_5G", metered=false, defaultNetwork=true}]]
08-26 01:56:15.493   902   987 W NetworkStatsRecorder: unknown interfaces [lo], ignoring those stats
08-26 01:56:15.493   902   987 I NetworkStatsRecorder: recordSnapshotLocked: ident[[{type=WIFI, subType=COMBINED, networkId="emporia_5G", metered=false, defaultNetwork=true}]]
08-26 01:56:15.494   902   987 W NetworkStatsRecorder: unknown interfaces [lo], ignoring those stats
08-26 01:56:15.494   902   987 I NetworkStatsRecorder: recordSnapshotLocked: ident[[{type=WIFI, subType=COMBINED, networkId="emporia_5G", metered=false, defaultNetwork=true}]]
08-26 01:56:15.495   902   987 I chatty  : uid=1000(system) NetworkStats identical 1 line
08-26 01:56:15.495   902   987 I NetworkStatsRecorder: recordSnapshotLocked: ident[[{type=WIFI, subType=COMBINED, networkId="emporia_5G", metered=false, defaultNetwork=true}]]
08-26 01:56:15.495   902   987 W NetworkStatsRecorder: unknown interfaces [lo], ignoring those stats
08-26 01:56:15.496   902   987 W NetworkStatsRecorder: unknown interfaces [lo], ignoring those stats
08-26 01:56:17.479   902   987 I NetworkStatsRecorder: recordSnapshotLocked: ident[[{type=WIFI, subType=COMBINED, networkId="emporia_5G", metered=false, defaultNetwork=true}]]
08-26 01:56:17.480   902   987 W NetworkStatsRecorder: unknown interfaces [lo], ignoring those stats
08-26 01:56:17.480   902   987 I NetworkStatsRecorder: recordSnapshotLocked: ident[[{type=WIFI, subType=COMBINED, networkId="emporia_5G", metered=false, defaultNetwork=true}]]
08-26 01:56:17.480   902   987 W NetworkStatsRecorder: unknown interfaces [lo], ignoring those stats
08-26 01:56:17.480   902   987 I NetworkStatsRecorder: recordSnapshotLocked: ident[[{type=WIFI, subType=COMBINED, networkId="emporia_5G", metered=false, defaultNetwork=true}]]
08-26 01:56:17.480   902   987 I chatty  : uid=1000(system) NetworkStats identical 3 lines
08-26 01:56:17.481   902   987 I NetworkStatsRecorder: recordSnapshotLocked: ident[[{type=WIFI, subType=COMBINED, networkId="emporia_5G", metered=false, defaultNetwork=true}]]
08-26 01:56:17.481   902   987 W NetworkStatsRecorder: unknown interfaces [lo], ignoring those stats
08-26 01:56:17.481   902   987 I NetworkStatsRecorder: recordSnapshotLocked: ident[[{type=WIFI, subType=COMBINED, networkId="emporia_5G", metered=false, defaultNetwork=true}]]
08-26 01:56:17.481   902   987 I NetworkStatsRecorder: recordSnapshotLocked: ident[[{type=WIFI, subType=COMBINED, networkId="emporia_5G", metered=false, defaultNetwork=true}]]
08-26 01:56:17.481   902   987 W NetworkStatsRecorder: unknown interfaces [lo], ignoring those stats
08-26 01:56:18.730   902   987 I NetworkStatsRecorder: recordSnapshotLocked: ident[[{type=WIFI, subType=COMBINED, networkId="emporia_5G", metered=false, defaultNetwork=true}]]
08-26 01:56:18.731   902   987 W NetworkStatsRecorder: unknown interfaces [lo], ignoring those stats
08-26 01:56:18.731   902   987 I NetworkStatsRecorder: recordSnapshotLocked: ident[[{type=WIFI, subType=COMBINED, networkId="emporia_5G", metered=false, defaultNetwork=true}]]
08-26 01:56:18.731   902   987 W NetworkStatsRecorder: unknown interfaces [lo], ignoring those stats
08-26 01:56:18.732   902   987 I NetworkStatsRecorder: recordSnapshotLocked: ident[[{type=WIFI, subType=COMBINED, networkId="emporia_5G", metered=false, defaultNetwork=true}]]
08-26 01:56:18.732   902   987 I chatty  : uid=1000(system) NetworkStats identical 1 line
08-26 01:56:18.732   902   987 I NetworkStatsRecorder: recordSnapshotLocked: ident[[{type=WIFI, subType=COMBINED, networkId="emporia_5G", metered=false, defaultNetwork=true}]]
08-26 01:56:18.732   902   987 W NetworkStatsRecorder: unknown interfaces [lo], ignoring those stats
08-26 01:56:18.732   902   987 I NetworkStatsRecorder: recordSnapshotLocked: ident[[{type=WIFI, subType=COMBINED, networkId="emporia_5G", metered=false, defaultNetwork=true}]]
08-26 01:56:18.733   902   987 I chatty  : uid=1000(system) NetworkStats identical 1 line
08-26 01:56:18.733   902   987 I NetworkStatsRecorder: recordSnapshotLocked: ident[[{type=WIFI, subType=COMBINED, networkId="emporia_5G", metered=false, defaultNetwork=true}]]
08-26 01:56:18.733   902   987 W NetworkStatsRecorder: unknown interfaces [lo], ignoring those stats
08-26 01:56:21.827   902   987 I NetworkStatsRecorder: recordSnapshotLocked: ident[[{type=WIFI, subType=COMBINED, networkId="emporia_5G", metered=false, defaultNetwork=true}]]
08-26 01:56:21.828   902   987 W NetworkStatsRecorder: unknown interfaces [lo], ignoring those stats
08-26 01:56:21.828   902   987 I NetworkStatsRecorder: recordSnapshotLocked: ident[[{type=WIFI, subType=COMBINED, networkId="emporia_5G", metered=false, defaultNetwork=true}]]
08-26 01:56:21.828   902   987 W NetworkStatsRecorder: unknown interfaces [lo], ignoring those stats
08-26 01:56:21.829   902   987 I NetworkStatsRecorder: recordSnapshotLocked: ident[[{type=WIFI, subType=COMBINED, networkId="emporia_5G", metered=false, defaultNetwork=true}]]
08-26 01:56:21.829   902   987 I chatty  : uid=1000(system) NetworkStats identical 1 line
08-26 01:56:21.829   902   987 I NetworkStatsRecorder: recordSnapshotLocked: ident[[{type=WIFI, subType=COMBINED, networkId="emporia_5G", metered=false, defaultNetwork=true}]]
08-26 01:56:21.829   902   987 W NetworkStatsRecorder: unknown interfaces [lo], ignoring those stats
08-26 01:56:21.830   902   987 I NetworkStatsRecorder: recordSnapshotLocked: ident[[{type=WIFI, subType=COMBINED, networkId="emporia_5G", metered=false, defaultNetwork=true}]]
08-26 01:56:21.830   902   987 I NetworkStatsRecorder: recordSnapshotLocked: ident[[{type=WIFI, subType=COMBINED, networkId="emporia_5G", metered=false, defaultNetwork=true}]]
08-26 01:56:21.830   902   987 W NetworkStatsRecorder: unknown interfaces [lo], ignoring those stats
08-26 01:56:23.372 11452 12014 W PackageParser: Unknown element under <manifest>: meta-data at /data/user/0/com.qiyi.video/app_pluginapp/com.iqiyi.knowledge.apk.dl Binary XML file line #21
08-26 01:56:23.600   902   917 W Looper  : Slow dispatch took 21785ms android.bg h=com.android.server.am.ActivityManagerService$3 c=null m=1
08-26 01:56:24.810   902   926 I WindowManager: Focus moving from Window{6a9454e u0 com.qiyi.video/org.qiyi.android.video.MainActivity EXITING} to Window{59104ce u0 com.qiyi.video/org.qiyi.android.video.MainActivity}
08-26 01:56:24.952   902  4312 I ActivityManager: START u0 {act=android.content.pm.action.REQUEST_PERMISSIONS pkg=com.google.android.packageinstaller cmp=com.google.android.packageinstaller/com.android.packageinstaller.permission.ui.GrantPermissionsActivity (has extras)} from uid 10089
08-26 01:56:25.230   902   918 W BroadcastQueue: Background execution not allowed: receiving Intent { act=action_get_and_install_plugin flg=0x10 } to com.qiyi.video/org.qiyi.android.plugin.service.PluginRetryReceiver
08-26 01:56:25.467   902   918 W ActivityManager: Activity pause timeout for ActivityRecord{f34c646 u0 com.qiyi.video/org.qiyi.android.video.MainActivity t9}
08-26 01:56:25.495   902   920 I ActivityManager: Start proc 12399:com.google.android.packageinstaller/u0a17 for activity com.google.android.packageinstaller/com.android.packageinstaller.permission.ui.GrantPermissionsActivity
08-26 01:56:25.575   902   926 I WindowManager: Focus moving from Window{59104ce u0 com.qiyi.video/org.qiyi.android.video.MainActivity} to null
08-26 01:56:25.688   902   919 W Looper  : Slow dispatch took 127ms android.ui h=com.android.server.am.ActivityManagerService$UiHandler c=null m=30
08-26 01:56:26.039   902  2457 I WindowManager: Relayout Window{4793c9 u0 com.google.android.packageinstaller/com.android.packageinstaller.permission.ui.GrantPermissionsActivity}: oldVis=4 newVis=0 focusMayChange = true
08-26 01:56:26.050   902   926 I WindowManager: Focus moving from null to Window{4793c9 u0 com.google.android.packageinstaller/com.android.packageinstaller.permission.ui.GrantPermissionsActivity}
08-26 01:56:27.450   902   926 I WindowManager: Focus moving from Window{4793c9 u0 com.google.android.packageinstaller/com.android.packageinstaller.permission.ui.GrantPermissionsActivity} to Window{59104ce u0 com.qiyi.video/org.qiyi.android.video.MainActivity}
08-26 01:56:27.563   902   920 I ActivityManager: Start proc 12440:com.android.bookmarkprovider/u0a76 for content provider com.android.bookmarkprovider/.BookmarkProvider
08-26 01:56:31.039   902   920 I ActivityManager: Start proc 12481:com.android.chrome:webview_service/u0a79 for service com.android.chrome/org.chromium.android_webview.services.VariationsSeedServer
08-26 01:56:32.823   902  2457 W ActivityManager: Receiver with filter android.content.IntentFilter@f2d353 already registered for pid 11452, callerPackage is com.qiyi.video
08-26 01:56:33.199   902  2457 W ActivityManager: Receiver with filter android.content.IntentFilter@8f97490 already registered for pid 11452, callerPackage is com.qiyi.video
08-26 01:56:41.520   902   918 I ActivityManager: Waited long enough for: ServiceRecord{a9fe12c u0 com.qiyi.video/org.qiyi.pluginlibrary.component.ServiceProxy3}
08-26 01:56:41.754   902   987 I NetworkStatsRecorder: recordSnapshotLocked: ident[[{type=WIFI, subType=COMBINED, networkId="emporia_5G", metered=false, defaultNetwork=true}]]
08-26 01:56:41.767   902   987 W NetworkStatsRecorder: unknown interfaces [lo], ignoring those stats
08-26 01:56:41.767   902   987 I NetworkStatsRecorder: recordSnapshotLocked: ident[[{type=WIFI, subType=COMBINED, networkId="emporia_5G", metered=false, defaultNetwork=true}]]
08-26 01:56:41.768   902   987 W NetworkStatsRecorder: unknown interfaces [lo], ignoring those stats
