08-26 02:14:47.135   365   365 I SurfaceFlinger: [Built-in Screen (type:0)] fps:49.500885,dur:1010.08,max:144.31,min:16.00
08-26 02:14:47.140   365   394 I BufferQueueProducer: [com.android.settings/com.android.settings.SubSettings#0](this:0xa6ffa000,id:107,api:1,p:5320,c:365) queueBuffer: fps=48.69 dur=1006.26 max=162.70 min=12.70
08-26 02:14:47.237   909   999 E WifiVendorHal: getWifiLinkLayerStats(l.937) failed {.code = ERROR_NOT_SUPPORTED, .description = }
08-26 02:14:47.261  8793 13888 E Hcdn_DeTask3402957051: HCDN_LOG: [2019-08-26 02:14:47.261][T:13888]MovieTaskAllocate,5344 left block=0,but seek or new task have not allocate,then can allocate
08-26 02:14:47.261  8793 13888 E HCDN_CMFM: HCDN_LOG: 17k memery total_cnt(128),use_cnt(0)
08-26 02:14:47.406   909   988 I PowerWrap: PowerHal_TouchBoost
08-26 02:14:47.421   536   536 I thermal_repeater: [recvMdThermalInfo] ret=28, strLen=127,  2, 32767, -127, 0, 32767, 0
08-26 02:14:47.477   909   988 I PowerWrap: PowerHal_TouchBoost
08-26 02:14:47.545  2194  2506 W GCoreFlp: No location to return for getLastLocation()
08-26 02:14:47.581  8793 13912 E storage_trim_block: HCDN_LOG: [2019-08-26 02:14:47.581][T:13912][func:TrimDisconDownloadBlocks],[line:177],[oper:trim block begin...]
08-26 02:14:47.581  8793 13912 E storage_trim_block: HCDN_LOG: [2019-08-26 02:14:47.581][T:13912][func:PrintBlockInfoForTrim],[line:90],PrintBlockInfoForTrim : 
08-26 02:14:47.581  8793 13912 E storage_trim_block: VID[52d4bfe409f3655f62dd8bd71b8cd158], FID_Index[3], BlockNO[0]
08-26 02:14:47.581  8793 13912 E storage_trim_block:  3 : bbe1f9923345c1bc2d989baec0f772ff00000000
08-26 02:14:47.581  8793 13912 E storage_trim_block: 
08-26 02:14:47.581  8793 13912 E storage_trim_block: HCDN_LOG: [2019-08-26 02:14:47.581][T:13912][func:PrintBlockInfoForTrim],[line:90],PrintBlockInfoForTrim : 
08-26 02:14:47.581  8793 13912 E storage_trim_block: VID[84600e02abe361e24a353ee6f7a831ae], FID_Index[0], BlockNO[2]
08-26 02:14:47.581  8793 13912 E storage_trim_block:  0 : ed1209f431bfbfca43da48365085652100000000
08-26 02:14:47.581  8793 13912 E storage_trim_block: 
08-26 02:14:47.581  8793 13912 E storage_trim_block: HCDN_LOG: [2019-08-26 02:14:47.581][T:13912][func:PrintDataBlock],[line:116],DataBlock : 
08-26 02:14:47.581  8793 13912 E storage_trim_block: bbe1f9923345c1bc2d989baec0f772ff00000000 : 0[1,0],1[1,0],2[1,0],3[1,0],4[1,0],5[1,0],6[1,0],7[1,0],8[1,0],
08-26 02:14:47.581  8793 13912 E storage_trim_block: ed1209f431bfbfca43da48365085652100000000 : 2[1,0],3[1,0],4[1,0],5[1,0],6[1,0],7[1,0],
08-26 02:14:47.581  8793 13912 E storage_trim_block: 
08-26 02:14:47.582  8793 13912 E storage_trim_block: HCDN_LOG: [2019-08-26 02:14:47.582][T:13912][func:PrintPriorityBlock],[line:148],PriorityBlock :
08-26 02:14:47.582  8793 13912 E storage_trim_block: bbe1f9923345c1bc2d989baec0f772ff00000000 : 0[0,1,0],
08-26 02:14:47.582  8793 13912 E storage_trim_block: ed1209f431bfbfca43da48365085652100000000 : 2[0,1,0],
08-26 02:14:47.582  8793 13912 E storage_trim_block: bbe1f9923345c1bc2d989baec0f772ff00000000 : 1[1ff,1,0],
08-26 02:14:47.582  8793 13912 E storage_trim_block: ed1209f431bfbfca43da48365085652100000000 : 3[1ff,1,0],
08-26 02:14:47.582  8793 13912 E storage_trim_block: bbe1f9923345c1bc2d989baec0f772ff00000000 : 2[2ff,1,0],
08-26 02:14:47.582  8793 13912 E storage_trim_block: ed1209f431bfbfca43da48365085652100000000 : 4[2ff,1,0],
08-26 02:14:47.582  8793 13912 E storage_trim_block: bbe1f9923345c1bc2d989baec0f772ff00000000 : 3[3ff,1,0],
08-26 02:14:47.582  8793 13912 E storage_trim_block: ed1209f431bfbfca43da48365085652100000000 : 5[3ff,1,0],
08-26 02:14:47.582  8793 13912 E storage_trim_block: bbe1f9923345c1bc2d989baec0f772ff00000000 : 4[4ff,1,0],
08-26 02:14:47.582  8793 13912 E storage_trim_block: ed1209f431bfbfca43da48365085652100000000 : 6[4ff,1,0],
08-26 02:14:47.582  8793 13912 E storage_trim_block: bbe1f9923345c1bc2d989baec0f772ff00000000 : 5[5ff,1,0],
08-26 02:14:47.582  8793 13912 E storage_trim_block: ed1209f431bfbfca43da48365085652100000000 : 7[5ff,1,0],
08-26 02:14:47.582  8793 13912 E storage_trim_block: bbe1f9923345c1bc2d989baec0f772ff00000000 : 6[6ff,1,0],7[7ff,1,0],8[8ff,1,0],
08-26 02:14:47.582  8793 13912 E storage_trim_block: 
08-26 02:14:47.582  8793 13912 E storage_trim_block: HCDN_LOG: [2019-08-26 02:14:47.582][T:13912][func:TrimDisconDownloadBlocks],[line:321],[oper:Post Pause Download request]
08-26 02:14:47.582  8793 13912 E storage_trim_block: HCDN_LOG: [2019-08-26 02:14:47.582][T:13912][func:PrintDataBlock],[line:116],DataBlock : 
08-26 02:14:47.582  8793 13912 E storage_trim_block: bbe1f9923345c1bc2d989baec0f772ff00000000 : 0[1,0],1[1,0],2[1,0],3[1,0],4[1,0],5[1,0],6[1,0],7[1,0],8[1,0],
08-26 02:14:47.582  8793 13912 E storage_trim_block: ed1209f431bfbfca43da48365085652100000000 : 2[1,0],3[1,0],4[1,0],5[1,0],6[1,0],7[1,0],
08-26 02:14:47.582  8793 13912 E storage_trim_block: 
08-26 02:14:47.583  8793 13912 E storage_trim_block: HCDN_LOG: [2019-08-26 02:14:47.583][T:13912][func:TrimDisconDownloadBlocks],[line:375],[oper:trim block end...]
08-26 02:14:47.583  8793 13888 E hcdn_downloadengine: HCDN_LOG: [2019-08-26 02:14:47.583][T:13888]OnRecvBlockRemainNotify,1827     left block count:0
08-26 02:14:47.586   909   988 I PowerWrap: PowerHal_TouchBoost
08-26 02:14:47.655   909   988 I PowerWrap: PowerHal_TouchBoost
08-26 02:14:47.716   909   985 E MtkDataShapingUtils: Exception openLteGateByDataShaping  in java.lang.NullPointerException: null receiver
08-26 02:14:47.716   909   985 W System.err: java.lang.NullPointerException: null receiver
08-26 02:14:47.716   909   985 W System.err: 	at java.lang.reflect.Method.invoke(Native Method)
08-26 02:14:47.716   909   985 W System.err: 	at com.mediatek.server.MtkDataShaping.openLteGateByDataShaping(MtkDataShaping.java:36)
08-26 02:14:47.716   909   985 W System.err: 	at com.android.server.AlarmManagerService.deliverAlarmsLocked(AlarmManagerService.java:3607)
08-26 02:14:47.716   909   985 W System.err: 	at com.android.server.AlarmManagerService$AlarmThread.run(AlarmManagerService.java:3785)
08-26 02:14:47.731   533   977 I Accelerometer: batch: handle:0, flag:0,samplingPeriodNs:20000000 maxBatchReportLatencyNs:0
08-26 02:14:47.731   533   977 I Accelerometer: flush, flushCnt:1
08-26 02:14:47.732   533   533 I Accelerometer: flush complete, flushCnt:0
08-26 02:14:47.797   909   988 I PowerWrap: PowerHal_TouchBoost
08-26 02:14:47.831  8793 14047 E p2pfile : HCDN_LOG: [2019-08-26 02:14:47.831][T:14047][func:SetParam],[line:2276],[oper: SetParam message ParamName(video_time), ParamValue(-1003500|18), isGlobal(true), m_dwTaskID(0)]
08-26 02:14:47.832  8793 13888 E hcdn_downloadengine: HCDN_LOG: [2019-08-26 02:14:47.832][T:13888]OnRecvSetParam,1841     task_id : 3402957051,SetParam : video_time,18 
08-26 02:14:47.850   909   988 I PowerWrap: PowerHal_TouchBoost
08-26 02:14:47.896   365   941 I BufferQueue: [unnamed-365-108](this:0xa6faf000,id:108,api:0,p:-1,c:-1) BufferQueue core=(365:/system/bin/surfaceflinger)
08-26 02:14:47.897   365   941 I BufferQueueConsumer: [unnamed-365-108](this:0xa6faf000,id:108,api:0,p:-1,c:365) connect(C): consumer=(365:/system/bin/surfaceflinger) controlledByApp=false
08-26 02:14:47.897   365   941 I BufferQueueConsumer: [unnamed-365-108](this:0xa6faf000,id:108,api:0,p:-1,c:365) setConsumerName: unnamed-365-108
08-26 02:14:47.897   365   941 I BufferQueueConsumer: [Toast#0](this:0xa6faf000,id:108,api:0,p:-1,c:365) setConsumerName: Toast#0
08-26 02:14:47.897   365   941 I BufferQueueConsumer: [Toast#0](this:0xa6faf000,id:108,api:0,p:-1,c:365) setDefaultBufferSize: width=640 height=151
08-26 02:14:47.906   365   940 I BufferQueueProducer: [Toast#0](this:0xa6faf000,id:108,api:1,p:5320,c:365) connect(P): api=1 producer=(5320:com.android.settings) producerControlledByApp=true
08-26 02:14:47.956   909   988 I PowerWrap: PowerHal_TouchBoost
08-26 02:14:47.992   909   988 I PowerWrap: PowerHal_TouchBoost
08-26 02:14:48.015   365   940 I BufferQueueProducer: [Toast#0](this:0xa6faf000,id:108,api:1,p:5320,c:365) disconnect(P): api 1
08-26 02:14:48.034   909  4485 W WindowManager: removeWindowToken: Attempted to remove non-existing token: android.os.Binder@bf66662
08-26 02:14:48.035   909  4485 I NotificationService: cancelToast pkg=com.android.settings callback=android.app.ITransientNotification$Stub$Proxy@58c8f9d
08-26 02:14:48.035   909  4485 W WindowManager: removeWindowToken: Attempted to remove non-existing token: android.os.Binder@bf66662
08-26 02:14:48.066   365   941 I BufferQueue: [unnamed-365-109](this:0xa4379000,id:109,api:0,p:-1,c:-1) BufferQueue core=(365:/system/bin/surfaceflinger)
08-26 02:14:48.066   365   941 I BufferQueueConsumer: [unnamed-365-109](this:0xa4379000,id:109,api:0,p:-1,c:365) connect(C): consumer=(365:/system/bin/surfaceflinger) controlledByApp=false
08-26 02:14:48.066   365   941 I BufferQueueConsumer: [unnamed-365-109](this:0xa4379000,id:109,api:0,p:-1,c:365) setConsumerName: unnamed-365-109
08-26 02:14:48.066   365   941 I BufferQueueConsumer: [Toast#1](this:0xa4379000,id:109,api:0,p:-1,c:365) setConsumerName: Toast#1
08-26 02:14:48.066   365   941 I BufferQueueConsumer: [Toast#1](this:0xa4379000,id:109,api:0,p:-1,c:365) setDefaultBufferSize: width=640 height=151
08-26 02:14:48.070   365   941 I BufferQueueProducer: [Toast#1](this:0xa4379000,id:109,api:1,p:5320,c:365) connect(P): api=1 producer=(5320:com.android.settings) producerControlledByApp=true
08-26 02:14:48.081  8793 13888 E Hcdn_DeTask3402957051: HCDN_LOG: [2019-08-26 02:14:48.081][T:13888]OnRecvCacheSecondsRequest,1133     cache_bytes=0!
08-26 02:14:48.082  8793 13888 E Hcdn_DeTask3402957051: HCDN_LOG: [2019-08-26 02:14:48.081][T:13888]OnRecvDownloadInfoRequest,2919     hcdn download info speed(0 KB/s) flie_size(15633482) p2p_speed(0 KB/s) cdn_speed(0 KB/s) 
08-26 02:14:48.100   909   988 I PowerWrap: PowerHal_TouchBoost
08-26 02:14:48.147   365   365 I SurfaceFlinger: [Built-in Screen (type:0)] fps:50.363369,dur:1012.64,max:123.94,min:17.18
08-26 02:14:48.151   909   988 I PowerWrap: PowerHal_TouchBoost
08-26 02:14:48.153   365   939 I BufferQueueProducer: [com.android.settings/com.android.settings.SubSettings#0](this:0xa6ffa000,id:107,api:1,p:5320,c:365) queueBuffer: fps=50.34 dur=1013.21 max=125.03 min=14.66
08-26 02:14:48.190   365   939 I BufferQueueProducer: [Toast#1](this:0xa4379000,id:109,api:1,p:5320,c:365) disconnect(P): api 1
08-26 02:14:48.206   909  4485 W WindowManager: removeWindowToken: Attempted to remove non-existing token: android.os.Binder@4919e6b
08-26 02:14:48.207   909  4226 I NotificationService: cancelToast pkg=com.android.settings callback=android.app.ITransientNotification$Stub$Proxy@ce9a8f8
08-26 02:14:48.211   909  4226 W WindowManager: removeWindowToken: Attempted to remove non-existing token: android.os.Binder@4919e6b
08-26 02:14:48.242   365   394 I BufferQueue: [unnamed-365-110](this:0xa48b9000,id:110,api:0,p:-1,c:-1) BufferQueue core=(365:/system/bin/surfaceflinger)
08-26 02:14:48.242   365   394 I BufferQueueConsumer: [unnamed-365-110](this:0xa48b9000,id:110,api:0,p:-1,c:365) connect(C): consumer=(365:/system/bin/surfaceflinger) controlledByApp=false
08-26 02:14:48.242   365   394 I BufferQueueConsumer: [unnamed-365-110](this:0xa48b9000,id:110,api:0,p:-1,c:365) setConsumerName: unnamed-365-110
08-26 02:14:48.242   365   394 I BufferQueueConsumer: [Toast#2](this:0xa48b9000,id:110,api:0,p:-1,c:365) setConsumerName: Toast#2
08-26 02:14:48.242   365   394 I BufferQueueConsumer: [Toast#2](this:0xa48b9000,id:110,api:0,p:-1,c:365) setDefaultBufferSize: width=640 height=151
08-26 02:14:48.246   365   940 I BufferQueueProducer: [Toast#2](this:0xa48b9000,id:110,api:1,p:5320,c:365) connect(P): api=1 producer=(5320:com.android.settings) producerControlledByApp=true
08-26 02:14:48.258   909   988 I PowerWrap: PowerHal_TouchBoost
08-26 02:14:48.301  8793 13888 E Hcdn_DeTask3402957051: HCDN_LOG: [2019-08-26 02:14:48.301][T:13888]MovieTaskAllocate,5344 left block=0,but seek or new task have not allocate,then can allocate
08-26 02:14:48.301  8793 13888 E HCDN_CMFM: HCDN_LOG: 17k memery total_cnt(128),use_cnt(0)
08-26 02:14:48.311   909   988 I PowerWrap: PowerHal_TouchBoost
08-26 02:14:48.345   365   365 I BufferQueueProducer: [FramebufferSurface](this:0xa738e000,id:0,api:1,p:365,c:365) queueBuffer: fps=0.81 dur=23566.46 max=23229.20 min=14.75
08-26 02:14:48.350   365   394 I BufferQueueProducer: [Toast#2](this:0xa48b9000,id:110,api:1,p:5320,c:365) disconnect(P): api 1
08-26 02:14:48.369   909  4485 W WindowManager: removeWindowToken: Attempted to remove non-existing token: android.os.Binder@77d180c
08-26 02:14:48.370   909  4485 I NotificationService: cancelToast pkg=com.android.settings callback=android.app.ITransientNotification$Stub$Proxy@7685e2f
08-26 02:14:48.372   909  4485 W WindowManager: removeWindowToken: Attempted to remove non-existing token: android.os.Binder@77d180c
08-26 02:14:48.400   909   988 I PowerWrap: PowerHal_TouchBoost
08-26 02:14:48.412   365   941 I BufferQueue: [unnamed-365-111](this:0xa6feb000,id:111,api:0,p:-1,c:-1) BufferQueue core=(365:/system/bin/surfaceflinger)
08-26 02:14:48.414   365   941 I BufferQueueConsumer: [unnamed-365-111](this:0xa6feb000,id:111,api:0,p:-1,c:365) connect(C): consumer=(365:/system/bin/surfaceflinger) controlledByApp=false
08-26 02:14:48.415   365   941 I BufferQueueConsumer: [unnamed-365-111](this:0xa6feb000,id:111,api:0,p:-1,c:365) setConsumerName: unnamed-365-111
08-26 02:14:48.415   365   941 I BufferQueueConsumer: [Toast#3](this:0xa6feb000,id:111,api:0,p:-1,c:365) setConsumerName: Toast#3
08-26 02:14:48.415   365   941 I BufferQueueConsumer: [Toast#3](this:0xa6feb000,id:111,api:0,p:-1,c:365) setDefaultBufferSize: width=640 height=151
08-26 02:14:48.420   365   941 I BufferQueueProducer: [Toast#3](this:0xa6feb000,id:111,api:1,p:5320,c:365) connect(P): api=1 producer=(5320:com.android.settings) producerControlledByApp=true
08-26 02:14:48.453   909   988 I PowerWrap: PowerHal_TouchBoost
08-26 02:14:48.491   365   393 I BufferQueueProducer: [Toast#3](this:0xa6feb000,id:111,api:1,p:5320,c:365) disconnect(P): api 1
08-26 02:14:48.505   909  4163 W WindowManager: removeWindowToken: Attempted to remove non-existing token: android.os.Binder@45e17d3
08-26 02:14:48.506   909  4485 I NotificationService: cancelToast pkg=com.android.settings callback=android.app.ITransientNotification$Stub$Proxy@2781b72
08-26 02:14:48.510  5320 15481 E OperatorCustomizationFactoryLoader: can not find operatorFactoryInfo by slot id -1 from 
08-26 02:14:48.510  5320 15481 E OperatorCustomizationFactoryLoader: 0: OperatorFactoryInfo(OP01_null_null:OP01Settings.apk:com.mediatek.settings.op01.Op01SettingsCustomizationFactory:com.mediatek.settings.op01)
08-26 02:14:48.510  5320 15481 E OperatorCustomizationFactoryLoader: 1: OperatorFactoryInfo(OP02_null_null:OP02Settings.apk:com.mediatek.settings.op02.Op02SettingsCustomizationFactory:com.mediatek.settings.op02)
08-26 02:14:48.510  5320 15481 E OperatorCustomizationFactoryLoader: 2: OperatorFactoryInfo(OP03_null_SEGDEFAULT:OP03Settings.apk:com.mediatek.op03.settings.OP03SettingsCustomizationFactory:com.mediatek.op03.settings)
08-26 02:14:48.510  5320 15481 E OperatorCustomizationFactoryLoader: 3: OperatorFactoryInfo(OP06_null_SEGDEFAULT:OP06Settings.apk:com.mediatek.op06.settings.Op06SettingsCustomizationFactory:com.mediatek.op06.settings)
08-26 02:14:48.510  5320 15481 E OperatorCustomizationFactoryLoader: 4: OperatorFactoryInfo(OP07_null_SEGDEFAULT:OP07Settings.apk:com.mediatek.op07.settings.OP07SettingsCustomizationFactory:com.mediatek.op07.settings)
08-26 02:14:48.510  5320 15481 E OperatorCustomizationFactoryLoader: 5: OperatorFactoryInfo(OP08_null_SEGDEFAULT:OP08Settings.apk:com.mediatek.op08.settings.Op08SettingsCustomizationFactory:com.mediatek.op08.settings)
08-26 02:14:48.510  5320 15481 E OperatorCustomizationFactoryLoader: 6: OperatorFactoryInfo(OP09_null_SEGC:OP09ClibSettings.apk:com.mediatek.settings.op09clib.Op09ClibSettingsCustomizationFactory:com.mediatek.settings.op09clib)
08-26 02:14:48.510  5320 15481 E OperatorCustomizationFactoryLoader: 7: OperatorFactoryInfo(OP12_null_null:OP12Settings.apk:com.mediatek.op12.settings.Op12SettingsCustomizationFactory:com.mediatek.op12.settings)
08-26 02:14:48.510  5320 15481 E OperatorCustomizationFactoryLoader: 8: OperatorFactoryInfo(OP16_null_SEGDEFAULT:OP16Settings.apk:com.mediatek.op16.settings.Op16SettingsCustomizationFactory:com.mediatek.op16.settings)
08-26 02:14:48.510  5320 15481 E OperatorCustomizationFactoryLoader: 9: OperatorFactoryInfo(OP18_null_SEGDEFAULT:OP18Settings.apk:com.mediatek.op18.settings.OP18SettingsCustomizationFactory:com.mediatek.op18.settings)
08-26 02:14:48.510  5320 15481 E OperatorCustomizationFactoryLoader: 10: OperatorFactoryInfo(OP20_null_SEGDEFAULT:OP20Settings.apk:com.mediatek.op20.settings.OP20SettingsCustomizationFactory:com.mediatek.op20.settings)
08-26 02:14:48.511   909  4485 W WindowManager: removeWindowToken: Attempted to remove non-existing token: android.os.Binder@45e17d3
08-26 02:14:48.530  5320 15481 W TileUtils: Found com.android.settings.Settings$NotificationAppListActivity for intent Intent { act=com.android.settings.action.SETTINGS pkg=com.android.settings } missing metadata com.android.settings.category
08-26 02:14:48.533   365   393 I BufferQueue: [unnamed-365-112](this:0xa4318000,id:112,api:0,p:-1,c:-1) BufferQueue core=(365:/system/bin/surfaceflinger)
08-26 02:14:48.536   365   393 I BufferQueueConsumer: [unnamed-365-112](this:0xa4318000,id:112,api:0,p:-1,c:365) connect(C): consumer=(365:/system/bin/surfaceflinger) controlledByApp=false
08-26 02:14:48.537   365   393 I BufferQueueConsumer: [unnamed-365-112](this:0xa4318000,id:112,api:0,p:-1,c:365) setConsumerName: unnamed-365-112
08-26 02:14:48.537   365   393 I BufferQueueConsumer: [Toast#4](this:0xa4318000,id:112,api:0,p:-1,c:365) setConsumerName: Toast#4
08-26 02:14:48.537   365   393 I BufferQueueConsumer: [Toast#4](this:0xa4318000,id:112,api:0,p:-1,c:365) setDefaultBufferSize: width=498 height=109
08-26 02:14:48.545   365   941 I BufferQueueProducer: [Toast#4](this:0xa4318000,id:112,api:1,p:5320,c:365) connect(P): api=1 producer=(5320:com.android.settings) producerControlledByApp=true
08-26 02:14:48.545   909   988 I PowerWrap: PowerHal_TouchBoost
08-26 02:14:48.564   365   939 W SurfaceFlinger: Attempting to destroy on removed layer: d448329 Toast#0
08-26 02:14:48.569   365   365 I BufferQueueConsumer: [Toast#0](this:0xa6faf000,id:108,api:1,p:-1,c:-1) disconnect(C)
08-26 02:14:48.570   365   365 I BufferQueue: [Toast#0](this:0xa6faf000,id:108,api:1,p:-1,c:-1) ~BufferQueueCore
08-26 02:14:48.597   909   988 I PowerWrap: PowerHal_TouchBoost
08-26 02:14:48.666   909   988 I chatty  : uid=1000(system) InputReader identical 1 line
08-26 02:14:48.741   909   988 I PowerWrap: PowerHal_TouchBoost
08-26 02:14:48.745   365   940 W SurfaceFlinger: Attempting to destroy on removed layer: c85fde0 Toast#0
08-26 02:14:48.747   365   365 I BufferQueueConsumer: [Toast#1](this:0xa4379000,id:109,api:1,p:-1,c:-1) disconnect(C)
08-26 02:14:48.750   365   365 I BufferQueue: [Toast#1](this:0xa4379000,id:109,api:1,p:-1,c:-1) ~BufferQueueCore
08-26 02:14:48.808   909   988 I PowerWrap: PowerHal_TouchBoost
08-26 02:14:48.879   909   988 I PowerWrap: PowerHal_TouchBoost
08-26 02:14:48.882  8793 14047 E p2pfile : HCDN_LOG: [2019-08-26 02:14:48.881][T:14047][func:SetParam],[line:2276],[oper: SetParam message ParamName(video_time), ParamValue(-1003500|18), isGlobal(true), m_dwTaskID(0)]
08-26 02:14:48.882  8793 13888 E hcdn_downloadengine: HCDN_LOG: [2019-08-26 02:14:48.882][T:13888]OnRecvSetParam,1841     task_id : 3402957051,SetParam : video_time,18 
08-26 02:14:48.905   365   939 W SurfaceFlinger: Attempting to destroy on removed layer: c479436 Toast#0
08-26 02:14:48.906   365   365 I BufferQueueConsumer: [Toast#2](this:0xa48b9000,id:110,api:1,p:-1,c:-1) disconnect(C)
08-26 02:14:48.909   365   365 I BufferQueue: [Toast#2](this:0xa48b9000,id:110,api:1,p:-1,c:-1) ~BufferQueueCore
08-26 02:14:48.967   909   988 I PowerWrap: PowerHal_TouchBoost
08-26 02:14:49.002   909   988 I PowerWrap: PowerHal_TouchBoost
08-26 02:14:49.043   365   939 W SurfaceFlinger: Attempting to destroy on removed layer: e10fdc5 Toast#0
08-26 02:14:49.048   365   365 I BufferQueueConsumer: [Toast#3](this:0xa6feb000,id:111,api:1,p:-1,c:-1) disconnect(C)
08-26 02:14:49.051   365   365 I BufferQueue: [Toast#3](this:0xa6feb000,id:111,api:1,p:-1,c:-1) ~BufferQueueCore
08-26 02:14:49.121  8793 13888 E Hcdn_DeTask3402957051: HCDN_LOG: [2019-08-26 02:14:49.121][T:13888]OnRecvCacheSecondsRequest,1133     cache_bytes=0!
08-26 02:14:49.123  8793 13888 E Hcdn_DeTask3402957051: HCDN_LOG: [2019-08-26 02:14:49.122][T:13888]OnRecvDownloadInfoRequest,2919     hcdn download info speed(0 KB/s) flie_size(15633482) p2p_speed(0 KB/s) cdn_speed(0 KB/s) 
08-26 02:14:49.158   365   365 I SurfaceFlinger: [Built-in Screen (type:0)] fps:56.423439,dur:1010.22,max:21.70,min:14.78
08-26 02:14:49.162   365   939 I BufferQueueProducer: [com.android.settings/com.android.settings.SubSettings#0](this:0xa6ffa000,id:107,api:1,p:5320,c:365) queueBuffer: fps=55.49 dur=1009.25 max=31.24 min=9.35
08-26 02:14:49.341  8793 13888 E Hcdn_DeTask3402957051: HCDN_LOG: [2019-08-26 02:14:49.341][T:13888]MovieTaskAllocate,5344 left block=0,but seek or new task have not allocate,then can allocate
08-26 02:14:49.341  8793 13888 E HCDN_CMFM: HCDN_LOG: 17k memery total_cnt(128),use_cnt(0)
08-26 02:14:49.432   909  4226 I PowerWrap: PowerHal_Wrap_mtkPowerHint
08-26 02:14:49.432   909  4226 I PowerWrap: PowerHal_Wrap_mtkPowerHint
08-26 02:14:49.434   357   378 I libPowerHal: 17: legacy set freq: 1495000 -1
08-26 02:14:49.441   909  4485 I PowerWrap: PowerHal_Wrap_mtkPowerHint
08-26 02:14:49.441   909  4485 I PowerWrap: PowerHal_Wrap_mtkPowerHint
08-26 02:14:49.446   909   934 I WindowManager: Focus moving from Window{e01a1fe u0 com.android.settings/com.android.settings.SubSettings} to null
08-26 02:14:49.447   357   379 I vendor.mediatek.hardware.power@2.0-impl: notifyAppState pack:com.android.settings, act:com.android.settings.Settings$SystemDashboardActivity, pid:5320, state:1
08-26 02:14:49.459  5320  5320 W ContextImpl: Calling a method in the system process without a qualified user: android.app.ContextImpl.sendBroadcast:1009 android.content.ContextWrapper.sendBroadcast:444 android.app.Activity.sendOnResumeBroadcast:7905 android.app.Activity.onResume:1363 com.android.settingslib.drawer.SettingsDrawerActivity.onResume:99 
08-26 02:14:49.461   909  4485 E ActivityManager: Sending non-protected broadcast com.emporia.action.activity.onResume from system 5320:com.android.settings/1000 pkg com.android.settings
08-26 02:14:49.461   909  4485 E ActivityManager: java.lang.Throwable
08-26 02:14:49.461   909  4485 E ActivityManager: 	at com.android.server.am.ActivityManagerService.checkBroadcastFromSystem(ActivityManagerService.java:21498)
08-26 02:14:49.461   909  4485 E ActivityManager: 	at com.android.server.am.ActivityManagerService.broadcastIntentLocked(ActivityManagerService.java:22009)
08-26 02:14:49.461   909  4485 E ActivityManager: 	at com.android.server.am.ActivityManagerService.broadcastIntent(ActivityManagerService.java:22252)
08-26 02:14:49.461   909  4485 E ActivityManager: 	at android.app.IActivityManager$Stub.onTransact$broadcastIntent$(IActivityManager.java:10180)
08-26 02:14:49.461   909  4485 E ActivityManager: 	at android.app.IActivityManager$Stub.onTransact(IActivityManager.java:167)
08-26 02:14:49.461   909  4485 E ActivityManager: 	at com.android.server.am.ActivityManagerService.onTransact(ActivityManagerService.java:3367)
08-26 02:14:49.461   909  4485 E ActivityManager: 	at android.os.Binder.execTransact(Binder.java:731)
08-26 02:14:49.463  1638  1638 I EmpGuideAppWidget: onReceive: com.android.settings/com.android.settings.Settings$SystemDashboardActivity,isSystemLauncher>>false
08-26 02:14:49.466  5320  5347 I DeviceIndex: Skipping: device index is not enabled
08-26 02:14:49.472  5320 15482 W TileUtils: Found com.android.settings.Settings$NotificationAppListActivity for intent Intent { act=com.android.settings.action.SETTINGS pkg=com.android.settings } missing metadata com.android.settings.category
08-26 02:14:49.472   909  4226 I WindowManager: Relayout Window{fa8b8a1 u0 com.android.settings/com.android.settings.Settings$SystemDashboardActivity}: oldVis=8 newVis=0 focusMayChange = true
08-26 02:14:49.479   365   393 I BufferQueue: [unnamed-365-113](this:0xa432a000,id:113,api:0,p:-1,c:-1) BufferQueue core=(365:/system/bin/surfaceflinger)
08-26 02:14:49.479   365   393 I BufferQueueConsumer: [unnamed-365-113](this:0xa432a000,id:113,api:0,p:-1,c:365) connect(C): consumer=(365:/system/bin/surfaceflinger) controlledByApp=false
08-26 02:14:49.479   365   393 I BufferQueueConsumer: [unnamed-365-113](this:0xa432a000,id:113,api:0,p:-1,c:365) setConsumerName: unnamed-365-113
08-26 02:14:49.479   365   393 I BufferQueueConsumer: [com.android.settings/com.android.settings.Settings$SystemDashboardActivity#0](this:0xa432a000,id:113,api:0,p:-1,c:365) setConsumerName: com.android.settings/com.android.settings.Settings$SystemDashboardActivity#0
08-26 02:14:49.479   365   393 I BufferQueueConsumer: [com.android.settings/com.android.settings.Settings$SystemDashboardActivity#0](this:0xa432a000,id:113,api:0,p:-1,c:365) setDefaultBufferSize: width=720 height=1440
08-26 02:14:49.482   909   934 I WindowManager: Focus moving from null to Window{fa8b8a1 u0 com.android.settings/com.android.settings.Settings$SystemDashboardActivity}
08-26 02:14:49.483   365   939 I BufferQueueProducer: [com.android.settings/com.android.settings.Settings$SystemDashboardActivity#0](this:0xa432a000,id:113,api:1,p:5320,c:365) connect(P): api=1 producer=(5320:com.android.settings) producerControlledByApp=true
08-26 02:14:49.503  5320 15482 E OperatorCustomizationFactoryLoader: can not find operatorFactoryInfo by slot id -1 from 
08-26 02:14:49.503  5320 15482 E OperatorCustomizationFactoryLoader: 0: OperatorFactoryInfo(OP01_null_null:OP01Settings.apk:com.mediatek.settings.op01.Op01SettingsCustomizationFactory:com.mediatek.settings.op01)
08-26 02:14:49.503  5320 15482 E OperatorCustomizationFactoryLoader: 1: OperatorFactoryInfo(OP02_null_null:OP02Settings.apk:com.mediatek.settings.op02.Op02SettingsCustomizationFactory:com.mediatek.settings.op02)
08-26 02:14:49.503  5320 15482 E OperatorCustomizationFactoryLoader: 2: OperatorFactoryInfo(OP03_null_SEGDEFAULT:OP03Settings.apk:com.mediatek.op03.settings.OP03SettingsCustomizationFactory:com.mediatek.op03.settings)
08-26 02:14:49.503  5320 15482 E OperatorCustomizationFactoryLoader: 3: OperatorFactoryInfo(OP06_null_SEGDEFAULT:OP06Settings.apk:com.mediatek.op06.settings.Op06SettingsCustomizationFactory:com.mediatek.op06.settings)
08-26 02:14:49.503  5320 15482 E OperatorCustomizationFactoryLoader: 4: OperatorFactoryInfo(OP07_null_SEGDEFAULT:OP07Settings.apk:com.mediatek.op07.settings.OP07SettingsCustomizationFactory:com.mediatek.op07.settings)
08-26 02:14:49.503  5320 15482 E OperatorCustomizationFactoryLoader: 5: OperatorFactoryInfo(OP08_null_SEGDEFAULT:OP08Settings.apk:com.mediatek.op08.settings.Op08SettingsCustomizationFactory:com.mediatek.op08.settings)
08-26 02:14:49.503  5320 15482 E OperatorCustomizationFactoryLoader: 6: OperatorFactoryInfo(OP09_null_SEGC:OP09ClibSettings.apk:com.mediatek.settings.op09clib.Op09ClibSettingsCustomizationFactory:com.mediatek.settings.op09clib)
08-26 02:14:49.503  5320 15482 E OperatorCustomizationFactoryLoader: 7: OperatorFactoryInfo(OP12_null_null:OP12Settings.apk:com.mediatek.op12.settings.Op12SettingsCustomizationFactory:com.mediatek.op12.settings)
08-26 02:14:49.503  5320 15482 E OperatorCustomizationFactoryLoader: 8: OperatorFactoryInfo(OP16_null_SEGDEFAULT:OP16Settings.apk:com.mediatek.op16.settings.Op16SettingsCustomizationFactory:com.mediatek.op16.settings)
08-26 02:14:49.503  5320 15482 E OperatorCustomizationFactoryLoader: 9: OperatorFactoryInfo(OP18_null_SEGDEFAULT:OP18Settings.apk:com.mediatek.op18.settings.OP18SettingsCustomizationFactory:com.mediatek.op18.settings)
08-26 02:14:49.503  5320 15482 E OperatorCustomizationFactoryLoader: 10: OperatorFactoryInfo(OP20_null_SEGDEFAULT:OP20Settings.apk:com.mediatek.op20.settings.OP20SettingsCustomizationFactory:com.mediatek.op20.settings)
08-26 02:14:49.911  8793 14047 E p2pfile : HCDN_LOG: [2019-08-26 02:14:49.911][T:14047][func:SetParam],[line:2276],[oper: SetParam message ParamName(video_time), ParamValue(-1003500|18), isGlobal(true), m_dwTaskID(0)]
08-26 02:14:49.912  8793 13888 E hcdn_downloadengine: HCDN_LOG: [2019-08-26 02:14:49.912][T:13888]OnRecvSetParam,1841     task_id : 3402957051,SetParam : video_time,18 
08-26 02:14:49.976   365   941 I BufferQueueProducer: [com.android.settings/com.android.settings.SubSettings#0](this:0xa6ffa000,id:107,api:1,p:5320,c:365) disconnect(P): api 1
08-26 02:14:50.013   909  4226 I PowerWrap: PowerHal_Wrap_mtkPowerHint
08-26 02:14:50.014   357   378 I libPowerHal: 17: legacy set freq: -1 -1
08-26 02:14:50.041   365   365 I BufferQueueConsumer: [com.android.settings/com.android.settings.SubSettings#0](this:0xa6ffa000,id:107,api:1,p:-1,c:-1) disconnect(C)
08-26 02:14:50.041   365   365 I BufferQueue: [com.android.settings/com.android.settings.SubSettings#0](this:0xa6ffa000,id:107,api:1,p:-1,c:-1) ~BufferQueueCore
08-26 02:14:50.161  8793 13888 E Hcdn_DeTask3402957051: HCDN_LOG: [2019-08-26 02:14:50.161][T:13888]OnRecvCacheSecondsRequest,1133     cache_bytes=0!
08-26 02:14:50.161  8793 13888 E Hcdn_DeTask3402957051: HCDN_LOG: [2019-08-26 02:14:50.161][T:13888]OnRecvDownloadInfoRequest,2919     hcdn download info speed(0 KB/s) flie_size(15633482) p2p_speed(0 KB/s) cdn_speed(0 KB/s) 
08-26 02:14:50.253   909   999 E WifiVendorHal: getWifiLinkLayerStats(l.937) failed {.code = ERROR_NOT_SUPPORTED, .description = }
08-26 02:14:50.381  8793 13888 E Hcdn_DeTask3402957051: HCDN_LOG: [2019-08-26 02:14:50.381][T:13888]MovieTaskAllocate,5344 left block=0,but seek or new task have not allocate,then can allocate
08-26 02:14:50.381  8793 13888 E HCDN_CMFM: HCDN_LOG: 17k memery total_cnt(128),use_cnt(0)
08-26 02:14:50.386   909   988 I PowerWrap: PowerHal_TouchBoost
08-26 02:14:50.439   909   988 I PowerWrap: PowerHal_TouchBoost
08-26 02:14:50.452   909  4485 I ActivityManager: START u0 {act=android.intent.action.MAIN cmp=com.android.settings/.SubSettings (has extras)} from uid 1000
08-26 02:14:50.456   357   379 I vendor.mediatek.hardware.power@2.0-impl: powerHintAsync hint:8, data:1
08-26 02:14:50.459   909  4485 I PowerWrap: PowerHal_Wrap_mtkPowerHint
08-26 02:14:50.459   909  4485 I PowerWrap: PowerHal_Wrap_mtkPowerHint
08-26 02:14:50.465   357   378 I libPowerHal: 8: legacy set freq: 1495000 -1
08-26 02:14:50.471   365   365 I SurfaceFlinger: [Built-in Screen (type:0)] fps:40.344440,dur:1313.69,max:392.43,min:15.67
08-26 02:14:50.476   909  4485 I PowerWrap: PowerHal_Wrap_mtkPowerHint
08-26 02:14:50.477   909  4485 I PowerWrap: PowerHal_Wrap_mtkPowerHint
08-26 02:14:50.483   909   934 I WindowManager: Focus moving from Window{fa8b8a1 u0 com.android.settings/com.android.settings.Settings$SystemDashboardActivity} to null
08-26 02:14:50.488   357   379 I vendor.mediatek.hardware.power@2.0-impl: notifyAppState pack:com.android.settings, act:com.android.settings.SubSettings, pid:5320, state:1
08-26 02:14:50.493  5320  5320 W ActivityThread: handleWindowVisibility: no activity for token android.os.BinderProxy@3618da1
08-26 02:14:50.528   365   939 I BufferQueueProducer: [com.android.settings/com.android.settings.Settings$SystemDashboardActivity#0](this:0xa432a000,id:113,api:1,p:5320,c:365) queueBuffer: fps=30.47 dur=1017.44 max=447.17 min=5.96
08-26 02:14:50.547  5320  5320 E OperatorCustomizationFactoryLoader: can not find operatorFactoryInfo by slot id -1 from 
08-26 02:14:50.547  5320  5320 E OperatorCustomizationFactoryLoader: 0: OperatorFactoryInfo(OP01_null_null:OP01Settings.apk:com.mediatek.settings.op01.Op01SettingsCustomizationFactory:com.mediatek.settings.op01)
08-26 02:14:50.547  5320  5320 E OperatorCustomizationFactoryLoader: 1: OperatorFactoryInfo(OP02_null_null:OP02Settings.apk:com.mediatek.settings.op02.Op02SettingsCustomizationFactory:com.mediatek.settings.op02)
08-26 02:14:50.547  5320  5320 E OperatorCustomizationFactoryLoader: 2: OperatorFactoryInfo(OP03_null_SEGDEFAULT:OP03Settings.apk:com.mediatek.op03.settings.OP03SettingsCustomizationFactory:com.mediatek.op03.settings)
08-26 02:14:50.547  5320  5320 E OperatorCustomizationFactoryLoader: 3: OperatorFactoryInfo(OP06_null_SEGDEFAULT:OP06Settings.apk:com.mediatek.op06.settings.Op06SettingsCustomizationFactory:com.mediatek.op06.settings)
08-26 02:14:50.547  5320  5320 E OperatorCustomizationFactoryLoader: 4: OperatorFactoryInfo(OP07_null_SEGDEFAULT:OP07Settings.apk:com.mediatek.op07.settings.OP07SettingsCustomizationFactory:com.mediatek.op07.settings)
08-26 02:14:50.547  5320  5320 E OperatorCustomizationFactoryLoader: 5: OperatorFactoryInfo(OP08_null_SEGDEFAULT:OP08Settings.apk:com.mediatek.op08.settings.Op08SettingsCustomizationFactory:com.mediatek.op08.settings)
08-26 02:14:50.547  5320  5320 E OperatorCustomizationFactoryLoader: 6: OperatorFactoryInfo(OP09_null_SEGC:OP09ClibSettings.apk:com.mediatek.settings.op09clib.Op09ClibSettingsCustomizationFactory:com.mediatek.settings.op09clib)
08-26 02:14:50.547  5320  5320 E OperatorCustomizationFactoryLoader: 7: OperatorFactoryInfo(OP12_null_null:OP12Settings.apk:com.mediatek.op12.settings.Op12SettingsCustomizationFactory:com.mediatek.op12.settings)
08-26 02:14:50.547  5320  5320 E OperatorCustomizationFactoryLoader: 8: OperatorFactoryInfo(OP16_null_SEGDEFAULT:OP16Settings.apk:com.mediatek.op16.settings.Op16SettingsCustomizationFactory:com.mediatek.op16.settings)
08-26 02:14:50.547  5320  5320 E OperatorCustomizationFactoryLoader: 9: OperatorFactoryInfo(OP18_null_SEGDEFAULT:OP18Settings.apk:com.mediatek.op18.settings.OP18SettingsCustomizationFactory:com.mediatek.op18.settings)
08-26 02:14:50.547  5320  5320 E OperatorCustomizationFactoryLoader: 10: OperatorFactoryInfo(OP20_null_SEGDEFAULT:OP20Settings.apk:com.mediatek.op20.settings.OP20SettingsCustomizationFactory:com.mediatek.op20.settings)
08-26 02:14:50.598   909  4163 E UserRestrictionsUtils: Unknown restriction: null
08-26 02:14:50.605   909  4163 E UserRestrictionsUtils: Unknown restriction: null
08-26 02:14:50.621  8793 13912 E storage_trim_block: HCDN_LOG: [2019-08-26 02:14:50.621][T:13912][func:TrimDisconDownloadBlocks],[line:177],[oper:trim block begin...]
08-26 02:14:50.621  8793 13912 E storage_trim_block: HCDN_LOG: [2019-08-26 02:14:50.621][T:13912][func:PrintBlockInfoForTrim],[line:90],PrintBlockInfoForTrim : 
08-26 02:14:50.621  8793 13912 E storage_trim_block: VID[52d4bfe409f3655f62dd8bd71b8cd158], FID_Index[3], BlockNO[0]
08-26 02:14:50.621  8793 13912 E storage_trim_block:  3 : bbe1f9923345c1bc2d989baec0f772ff00000000
08-26 02:14:50.621  8793 13912 E storage_trim_block: 
08-26 02:14:50.621   909  4226 E UserRestrictionsUtils: Unknown restriction: null
08-26 02:14:50.621  8793 13912 E storage_trim_block: HCDN_LOG: [2019-08-26 02:14:50.621][T:13912][func:PrintBlockInfoForTrim],[line:90],PrintBlockInfoForTrim : 
08-26 02:14:50.621  8793 13912 E storage_trim_block: VID[84600e02abe361e24a353ee6f7a831ae], FID_Index[0], BlockNO[2]
08-26 02:14:50.621  8793 13912 E storage_trim_block:  0 : ed1209f431bfbfca43da48365085652100000000
08-26 02:14:50.621  8793 13912 E storage_trim_block: 
08-26 02:14:50.621  8793 13912 E storage_trim_block: HCDN_LOG: [2019-08-26 02:14:50.621][T:13912][func:PrintDataBlock],[line:116],DataBlock : 
08-26 02:14:50.621  8793 13912 E storage_trim_block: bbe1f9923345c1bc2d989baec0f772ff00000000 : 0[1,0],1[1,0],2[1,0],3[1,0],4[1,0],5[1,0],6[1,0],7[1,0],8[1,0],
08-26 02:14:50.621  8793 13912 E storage_trim_block: ed1209f431bfbfca43da48365085652100000000 : 2[1,0],3[1,0],4[1,0],5[1,0],6[1,0],7[1,0],
08-26 02:14:50.621  8793 13912 E storage_trim_block: 
08-26 02:14:50.622  8793 13912 E storage_trim_block: HCDN_LOG: [2019-08-26 02:14:50.622][T:13912][func:PrintPriorityBlock],[line:148],PriorityBlock :
08-26 02:14:50.622  8793 13912 E storage_trim_block: bbe1f9923345c1bc2d989baec0f772ff00000000 : 0[0,1,0],
08-26 02:14:50.622  8793 13912 E storage_trim_block: ed1209f431bfbfca43da48365085652100000000 : 2[0,1,0],
08-26 02:14:50.622  8793 13912 E storage_trim_block: bbe1f9923345c1bc2d989baec0f772ff00000000 : 1[1ff,1,0],
08-26 02:14:50.622  8793 13912 E storage_trim_block: ed1209f431bfbfca43da48365085652100000000 : 3[1ff,1,0],
08-26 02:14:50.622  8793 13912 E storage_trim_block: bbe1f9923345c1bc2d989baec0f772ff00000000 : 2[2ff,1,0],
08-26 02:14:50.622  8793 13912 E storage_trim_block: ed1209f431bfbfca43da48365085652100000000 : 4[2ff,1,0],
08-26 02:14:50.622  8793 13912 E storage_trim_block: bbe1f9923345c1bc2d989baec0f772ff00000000 : 3[3ff,1,0],
08-26 02:14:50.622  8793 13912 E storage_trim_block: ed1209f431bfbfca43da48365085652100000000 : 5[3ff,1,0],
08-26 02:14:50.622  8793 13912 E storage_trim_block: bbe1f9923345c1bc2d989baec0f772ff00000000 : 4[4ff,1,0],
08-26 02:14:50.622  8793 13912 E storage_trim_block: ed1209f431bfbfca43da48365085652100000000 : 6[4ff,1,0],
08-26 02:14:50.622  8793 13912 E storage_trim_block: bbe1f9923345c1bc2d989baec0f772ff00000000 : 5[5ff,1,0],
08-26 02:14:50.622  8793 13912 E storage_trim_block: ed1209f431bfbfca43da48365085652100000000 : 7[5ff,1,0],
08-26 02:14:50.622  8793 13912 E storage_trim_block: bbe1f9923345c1bc2d989baec0f772ff00000000 : 6[6ff,1,0],7[7ff,1,0],8[8ff,1,0],
08-26 02:14:50.622  8793 13912 E storage_trim_block: 
08-26 02:14:50.622  8793 13912 E storage_trim_block: HCDN_LOG: [2019-08-26 02:14:50.622][T:13912][func:TrimDisconDownloadBlocks],[line:321],[oper:Post Pause Download request]
08-26 02:14:50.622  8793 13912 E storage_trim_block: HCDN_LOG: [2019-08-26 02:14:50.622][T:13912][func:PrintDataBlock],[line:116],DataBlock : 
08-26 02:14:50.622  8793 13912 E storage_trim_block: bbe1f9923345c1bc2d989baec0f772ff00000000 : 0[1,0],1[1,0],2[1,0],3[1,0],4[1,0],5[1,0],6[1,0],7[1,0],8[1,0],
08-26 02:14:50.622  8793 13912 E storage_trim_block: ed1209f431bfbfca43da48365085652100000000 : 2[1,0],3[1,0],4[1,0],5[1,0],6[1,0],7[1,0],
08-26 02:14:50.622  8793 13912 E storage_trim_block: 
08-26 02:14:50.622  8793 13912 E storage_trim_block: HCDN_LOG: [2019-08-26 02:14:50.622][T:13912][func:TrimDisconDownloadBlocks],[line:375],[oper:trim block end...]
08-26 02:14:50.622  8793 13888 E hcdn_downloadengine: HCDN_LOG: [2019-08-26 02:14:50.622][T:13888]OnRecvBlockRemainNotify,1827     left block count:0
08-26 02:14:50.695  5320  5320 W ndroid.settings: type=1400 audit(0.0:1085): avc: denied { read } for name="pagetypeinfo" dev="proc" ino=4026532116 scontext=u:r:system_app:s0 tcontext=u:object_r:proc_pagetypeinfo:s0 tclass=file permissive=0
08-26 02:14:50.705  5320  5320 W ndroid.settings: type=1400 audit(0.0:1086): avc: denied { search } for name="zram0" dev="sysfs" ino=13539 scontext=u:r:system_app:s0 tcontext=u:object_r:sysfs_zram:s0 tclass=dir permissive=0
08-26 02:14:50.705  5320  5320 W ndroid.settings: type=1400 audit(0.0:1087): avc: denied { search } for name="zram0" dev="sysfs" ino=13539 scontext=u:r:system_app:s0 tcontext=u:object_r:sysfs_zram:s0 tclass=dir permissive=0
08-26 02:14:50.705  5320  5320 W ndroid.settings: type=1400 audit(0.0:1088): avc: denied { read } for name="shrinker" dev="debugfs" ino=1441 scontext=u:r:system_app:s0 tcontext=u:object_r:debugfs_shrinker_debug:s0 tclass=file permissive=0
08-26 02:14:50.715  5320  5320 W ndroid.settings: type=1400 audit(0.0:1089): avc: denied { read } for name="buffer_total_size_kb" dev="tracefs" ino=11 scontext=u:r:system_app:s0 tcontext=u:object_r:debugfs_tracing_debug:s0 tclass=file permissive=0
08-26 02:14:50.715  5320  5320 W ndroid.settings: type=1400 audit(0.0:1090): avc: denied { read } for name="clients" dev="debugfs" ino=2090 scontext=u:r:system_app:s0 tcontext=u:object_r:debugfs_ion:s0 tclass=dir permissive=0
08-26 02:14:50.715  5320  5320 W ndroid.settings: type=1400 audit(0.0:1091): avc: denied { read } for name="cmainfo" dev="debugfs" ino=1443 scontext=u:r:system_app:s0 tcontext=u:object_r:debugfs:s0 tclass=file permissive=0
08-26 02:14:50.721  5320  5320 W android.os.Debug: Unable to open /sys/kernel/debug/shrinker: Permission denied
08-26 02:14:50.721  5320  5320 W android.os.Debug: Unable to open /sys/kernel/debug/tracing/buffer_total_size_kb: Permission denied
08-26 02:14:50.721  5320  5320 E android.os.Debug: open dir: /d/ion/clients/.
08-26 02:14:50.752  5320  5320 W ProcStatsManager: No process com.mediatek.simprocessor/1000 for service com.mediatek.simprocessor.SimProcessorService
08-26 02:14:50.753  5320  5320 W ProcStatsManager: No process com.google.android.apps.messaging/10051 for service com.google.android.apps.messaging.shared.datamodel.action.execution.ActionJobService
08-26 02:14:50.753  5320  5320 W ProcStatsManager: No process com.google.android.apps.messaging/10051 for service com.google.android.apps.messaging.rcsmigration.RcsMigrationService
08-26 02:14:50.753  5320  5320 W ProcStatsManager: No process com.adups.fota/10081 for service com.adups.fota.JobServiceUtil.MyIntentJobService
08-26 02:14:50.753  5320  5320 W ProcStatsManager: No process com.adups.fota/10081 for service com.adups.fota.JobServiceUtil.TaskIntentJobService
08-26 02:14:50.753  5320  5320 W ProcStatsManager: No process com.adups.fota/10081 for service com.adups.fota.MyJobService
08-26 02:14:50.753  5320  5320 W ProcStatsManager: No process com.mediatek.omacp/10060 for service com.mediatek.omacp.message.OmacpReceiverService
08-26 02:14:50.754  5320  5320 W ProcStatsManager: No process com.android.vending:instant_app_installer/10041 for service com.google.android.finsky.instantapps.notificationenforcement.hygiene.NotificationEnforcementCleanupService
08-26 02:14:50.754  5320  5320 W ProcStatsManager: No process com.android.vending:instant_app_installer/10041 for service com.google.android.finsky.instantapps.metrics.LogFlushJob
08-26 02:14:50.754  5320  5320 W ProcStatsManager: No process com.android.vending:instant_app_installer/10041 for service com.google.android.finsky.instantapps.hint.AppPreloadHygieneService
08-26 02:14:50.755  5320  5320 W ProcStatsManager: No process com.google.android.gm/10064 for service com.google.android.gm.job.ProviderCreatedJob$ProviderCreatedJobService
08-26 02:14:50.755  5320  5320 W ProcStatsManager: No process com.google.android.gm/10064 for service com.google.android.gm.job.GmailInitialSetupJob$GmailInitialSetupJobService
08-26 02:14:50.755  5320  5320 W ProcStatsManager: No process com.google.android.gm/10064 for service com.android.mail.job.NotifyDatasetChangedJob$NotifyDatasetChangedJobService
08-26 02:14:50.755  5320  5320 W ProcStatsManager: No process com.google.android.gm/10064 for service com.android.email.job.UpgradeJob$UpgradeJobService
08-26 02:14:50.755  5320  5320 W ProcStatsManager: No process com.google.android.gm/10064 for service com.google.android.gm.job.BackupDataChangedJob$BackupDataChangedJobService
08-26 02:14:50.755  5320  5320 W ProcStatsManager: No process com.google.android.gm/10064 for service com.android.email.job.BootCompletedJob$BootCompletedJobService
08-26 02:14:50.755  5320  5320 W ProcStatsManager: No process com.google.android.gm/10064 for service com.google.android.gm.job.GoogleMailWidgetAndShortcutSwitchJob$GoogleMailWidgetAndShortcutSwitchJobService
08-26 02:14:50.755  5320  5320 W ProcStatsManager: No process com.google.android.apps.tachyon/10082 for service com.google.android.apps.tachyon.jobs.NativeJobSchedulerJobService
08-26 02:14:50.756  5320  5320 W ProcStatsManager: No process com.google.android.apps.tachyon/10082 for service com.google.android.apps.tachyon.contacts.sync.DuoAccountService
08-26 02:14:50.756  5320  5320 W ProcStatsManager: No process com.google.android.apps.tachyon/10082 for service androidx.work.impl.background.systemjob.SystemJobService
08-26 02:14:50.756  5320  5320 W ProcStatsManager: No process com.android.printspooler/10084 for service com.android.printspooler.model.PrintSpoolerService
08-26 02:14:50.756  5320  5320 W ProcStatsManager: No process com.google.android.apps.wellbeing/10027 for service com.google.android.apps.wellbeing.dnd.impl.DndConditionProviderService
08-26 02:14:50.757  5320  5320 W ProcStatsManager: No process com.google.android.apps.wellbeing/10027 for service com.google.apps.tiktok.concurrent.InternalForegroundService
08-26 02:14:50.757  5320  5320 W ProcStatsManager: No process com.google.android.apps.nbu.files/10008 for service com.google.android.apps.nbu.files.mediastore.MediaStoreContentChangeListenerService
08-26 02:14:50.758  5320  5320 W ProcStatsManager: No process com.google.process.gapps/10070 for service com.google.android.syncadapters.contacts.ContactsSyncAdapterIntentService
08-26 02:14:50.758  5320  5320 W ProcStatsManager: No process com.android.keychain/1000 for service com.android.keychain.KeyChainService
08-26 02:14:50.758  5320  5320 W ProcStatsManager: No process com.android.chrome:sandboxed_process0/10042 for service org.chromium.content.app.SandboxedProcessService0
08-26 02:14:50.758  5320  5320 W ProcStatsManager: No process com.android.chrome:webview_service/10080 for service org.chromium.android_webview.services.AwVariationsSeedFetcher
08-26 02:14:50.758  5320  5320 W ProcStatsManager: No process com.android.chrome:webview_service/10080 for service org.chromium.android_webview.services.VariationsSeedServer
08-26 02:14:50.758  5320  5320 W ProcStatsManager: No process com.android.chrome/10080 for service org.chromium.chrome.browser.customtabs.CustomTabsConnectionService
08-26 02:14:50.758  5320  5320 W ProcStatsManager: No process com.android.chrome:sandboxed_process0/10089 for service org.chromium.content.app.SandboxedProcessService0
08-26 02:14:50.759  5320  5320 W ProcStatsManager: No process com.android.dialer/10038 for service com.android.voicemail.impl.StatusCheckJobService
08-26 02:14:50.765  5320  5320 W ProcStatsManager: No process com.google.android.ims/10025 for service com.google.android.ims.services.LogFileCleanupService
08-26 02:14:50.766  5320  5320 W ProcStatsManager: No process com.google.android.ims/10025 for service com.google.android.ims.services.VoiceService
08-26 02:14:50.766  5320  5320 W ProcStatsManager: No process com.google.android.partnersetup/10005 for service com.google.android.partnersetup.InstalledAppJobService
08-26 02:14:50.766  5320  5320 W ProcStatsManager: No process com.google.android.videos/10048 for service com.google.android.apps.play.movies.common.service.drm.RefreshLicenseTaskService
08-26 02:14:50.766  5320  5320 W ProcStatsManager: No process com.google.android.videos/10048 for service com.google.android.apps.play.movies.common.service.pinning.TransferService
08-26 02:14:50.766  5320  5320 W ProcStatsManager: No process com.google.android.videos/10048 for service com.google.android.apps.play.movies.common.service.indexing.AppIndexingUpdateService
08-26 02:14:50.766  5320  5320 W ProcStatsManager: No process com.google.android.apps.photos/10053 for service com.google.android.apps.photos.dbprocessor.impl.DatabaseProcessorJobService
08-26 02:14:50.767  5320  5320 W ProcStatsManager: No process com.google.android.apps.photos/10053 for service com.google.android.libraries.social.async.BackgroundTaskJobService
08-26 02:14:50.767  5320  5320 W ProcStatsManager: No process com.google.android.apps.photos/10053 for service com.google.android.apps.photos.account.full.SyncAccountsForLoginService
08-26 02:14:50.767  5320  5320 W ProcStatsManager: No process com.google.android.apps.photos/10053 for service com.google.android.apps.photos.jobqueue.PhotosOfflineJobQueueJobsService
08-26 02:14:50.767  5320  5320 W ProcStatsManager: No process com.google.android.apps.photos/10053 for service com.google.android.libraries.social.mediamonitor.MediaMonitorJobSchedulerService
08-26 02:14:50.768  5320  5320 W ProcStatsManager: No process com.google.android.inputmethod.latin/10088 for service com.android.inputmethod.latin.LatinIME
08-26 02:14:50.768  5320  5320 W ProcStatsManager: No process com.google.android.apps.restore/10007 for service com.google.android.apps.pixelmigrate.component.NotificationConsolidatorService
08-26 02:14:50.810  5320  5330 I ndroid.setting: Background concurrent copying GC freed 55588(3MB) AllocSpace objects, 59(1916KB) LOS objects, 39% free, 9MB/15MB, paused 778us total 218.394ms
08-26 02:14:50.843  1638  1638 I NetworkStatusMonitor: mobile data enable:true
08-26 02:14:50.872   909  4163 I NetworkStatsRecorder: recordSnapshotLocked: ident[[{type=WIFI, subType=COMBINED, networkId="emporia_5G", metered=false, defaultNetwork=true}]]
08-26 02:14:50.872   909  4163 W NetworkStatsRecorder: unknown interfaces [lo], ignoring those stats
08-26 02:14:50.873   909  4163 I NetworkStatsRecorder: recordSnapshotLocked: ident[[{type=WIFI, subType=COMBINED, networkId="emporia_5G", metered=false, defaultNetwork=true}]]
08-26 02:14:50.873   909  4163 W NetworkStatsRecorder: unknown interfaces [lo], ignoring those stats
08-26 02:14:50.874   909  4163 I NetworkStatsRecorder: recordSnapshotLocked: ident[[{type=WIFI, subType=COMBINED, networkId="emporia_5G", metered=false, defaultNetwork=true}]]
08-26 02:14:50.876   909  4163 I chatty  : uid=1000(system) Binder:909_18 identical 4 lines
08-26 02:14:50.876   909  4163 I NetworkStatsRecorder: recordSnapshotLocked: ident[[{type=WIFI, subType=COMBINED, networkId="emporia_5G", metered=false, defaultNetwork=true}]]
08-26 02:14:50.876   909  4163 W NetworkStatsRecorder: unknown interfaces [lo], ignoring those stats
08-26 02:14:50.876   909  4163 I NetworkStatsRecorder: recordSnapshotLocked: ident[[{type=WIFI, subType=COMBINED, networkId="emporia_5G", metered=false, defaultNetwork=true}]]
