08-26 02:28:31.823   902  3537 E ActivityManager: 	at android.os.Binder.execTransact(Binder.java:731)
08-26 02:28:31.831   902  3537 W AES     : Exception Log handling...
08-26 02:28:31.832   902  3537 W AES     : skip for Exp level 0
08-26 02:28:31.837   902   918 W BroadcastQueue: Background execution not allowed: receiving Intent { act=android.intent.action.DROPBOX_ENTRY_ADDED flg=0x10 (has extras) } to com.google.android.gms/.stats.service.DropBoxEntryAddedReceiver
08-26 02:28:31.837   902   918 W BroadcastQueue: Background execution not allowed: receiving Intent { act=android.intent.action.DROPBOX_ENTRY_ADDED flg=0x10 (has extras) } to com.google.android.gms/.chimera.GmsIntentOperationService$PersistentTrustedReceiver
08-26 02:28:31.839   902  4027 E ActivityManager: Sending non-protected broadcast com.emporia.notificationcenter.EMPO_SYS_NOTIFICATION_COUNT from system 1703:com.emporia.emporiaapprebuild/u0a42 pkg com.emporia.emporiaapprebuild
08-26 02:28:31.839   902  4027 E ActivityManager: java.lang.Throwable
08-26 02:28:31.839   902  4027 E ActivityManager: 	at com.android.server.am.ActivityManagerService.checkBroadcastFromSystem(ActivityManagerService.java:21498)
08-26 02:28:31.839   902  4027 E ActivityManager: 	at com.android.server.am.ActivityManagerService.broadcastIntentLocked(ActivityManagerService.java:22009)
08-26 02:28:31.839   902  4027 E ActivityManager: 	at com.android.server.am.ActivityManagerService.broadcastIntent(ActivityManagerService.java:22252)
08-26 02:28:31.839   902  4027 E ActivityManager: 	at android.app.IActivityManager$Stub.onTransact$broadcastIntent$(IActivityManager.java:10180)
08-26 02:28:31.839   902  4027 E ActivityManager: 	at android.app.IActivityManager$Stub.onTransact(IActivityManager.java:167)
08-26 02:28:31.839   902  4027 E ActivityManager: 	at com.android.server.am.ActivityManagerService.onTransact(ActivityManagerService.java:3367)
08-26 02:28:31.839   902  4027 E ActivityManager: 	at android.os.Binder.execTransact(Binder.java:731)
08-26 02:28:31.845   902  4027 W AES     : Exception Log handling...
08-26 02:28:31.847   902  4027 W AES     : skip for Exp level 0
08-26 02:28:31.848   902  4027 E ActivityManager: Sending non-protected broadcast com.emporia.notificationcenter.EMPO_SYS_NOTIFICATION_COUNT from system 1703:com.emporia.emporiaapprebuild/u0a42 pkg com.emporia.emporiaapprebuild
08-26 02:28:31.848   902  4027 E ActivityManager: java.lang.Throwable
08-26 02:28:31.848   902  4027 E ActivityManager: 	at com.android.server.am.ActivityManagerService.checkBroadcastFromSystem(ActivityManagerService.java:21498)
08-26 02:28:31.848   902  4027 E ActivityManager: 	at com.android.server.am.ActivityManagerService.broadcastIntentLocked(ActivityManagerService.java:22102)
08-26 02:28:31.848   902  4027 E ActivityManager: 	at com.android.server.am.ActivityManagerService.broadcastIntent(ActivityManagerService.java:22252)
08-26 02:28:31.848   902  4027 E ActivityManager: 	at android.app.IActivityManager$Stub.onTransact$broadcastIntent$(IActivityManager.java:10180)
08-26 02:28:31.848   902  4027 E ActivityManager: 	at android.app.IActivityManager$Stub.onTransact(IActivityManager.java:167)
08-26 02:28:31.848   902  4027 E ActivityManager: 	at com.android.server.am.ActivityManagerService.onTransact(ActivityManagerService.java:3367)
08-26 02:28:31.848   902  4027 E ActivityManager: 	at android.os.Binder.execTransact(Binder.java:731)
08-26 02:28:31.858   902  4027 W AES     : Exception Log handling...
08-26 02:28:31.860   902  4027 W AES     : skip for Exp level 0
08-26 02:28:31.862  1703  1703 I MainScreenFragment: updateAppNotification: android, count:1, updateTime:-1
08-26 02:28:31.862  1703  1703 I MainScreenFragment: updateNotify: []
08-26 02:28:31.869   902   918 W BroadcastQueue: Background execution not allowed: receiving Intent { act=android.intent.action.DROPBOX_ENTRY_ADDED flg=0x10 (has extras) } to com.google.android.gms/.stats.service.DropBoxEntryAddedReceiver
08-26 02:28:31.869   902   918 W BroadcastQueue: Background execution not allowed: receiving Intent { act=android.intent.action.DROPBOX_ENTRY_ADDED flg=0x10 (has extras) } to com.google.android.gms/.chimera.GmsIntentOperationService$PersistentTrustedReceiver
08-26 02:28:31.873   902  4027 E ActivityManager: Sending non-protected broadcast com.emporia.notificationcenter.EMPO_NOTIFICATION_NAME from system 1703:com.emporia.emporiaapprebuild/u0a42 pkg com.emporia.emporiaapprebuild
08-26 02:28:31.873   902  4027 E ActivityManager: java.lang.Throwable
08-26 02:28:31.873   902  4027 E ActivityManager: 	at com.android.server.am.ActivityManagerService.checkBroadcastFromSystem(ActivityManagerService.java:21498)
08-26 02:28:31.873   902  4027 E ActivityManager: 	at com.android.server.am.ActivityManagerService.broadcastIntentLocked(ActivityManagerService.java:22009)
08-26 02:28:31.873   902  4027 E ActivityManager: 	at com.android.server.am.ActivityManagerService.broadcastIntent(ActivityManagerService.java:22252)
08-26 02:28:31.873   902  4027 E ActivityManager: 	at android.app.IActivityManager$Stub.onTransact$broadcastIntent$(IActivityManager.java:10180)
08-26 02:28:31.873   902  4027 E ActivityManager: 	at android.app.IActivityManager$Stub.onTransact(IActivityManager.java:167)
08-26 02:28:31.873   902  4027 E ActivityManager: 	at com.android.server.am.ActivityManagerService.onTransact(ActivityManagerService.java:3367)
08-26 02:28:31.873   902  4027 E ActivityManager: 	at android.os.Binder.execTransact(Binder.java:731)
08-26 02:28:31.875   902  4027 E ActivityManager: Sending non-protected broadcast com.emporia.notificationcenter.EMPO_NOTIFICATION_NAME from system 1703:com.emporia.emporiaapprebuild/u0a42 pkg com.emporia.emporiaapprebuild
08-26 02:28:31.875   902  4027 E ActivityManager: java.lang.Throwable
08-26 02:28:31.875   902  4027 E ActivityManager: 	at com.android.server.am.ActivityManagerService.checkBroadcastFromSystem(ActivityManagerService.java:21498)
08-26 02:28:31.875   902  4027 E ActivityManager: 	at com.android.server.am.ActivityManagerService.broadcastIntentLocked(ActivityManagerService.java:22102)
08-26 02:28:31.875   902  4027 E ActivityManager: 	at com.android.server.am.ActivityManagerService.broadcastIntent(ActivityManagerService.java:22252)
08-26 02:28:31.875   902  4027 E ActivityManager: 	at android.app.IActivityManager$Stub.onTransact$broadcastIntent$(IActivityManager.java:10180)
08-26 02:28:31.875   902  4027 E ActivityManager: 	at android.app.IActivityManager$Stub.onTransact(IActivityManager.java:167)
08-26 02:28:31.875   902  4027 E ActivityManager: 	at com.android.server.am.ActivityManagerService.onTransact(ActivityManagerService.java:3367)
08-26 02:28:31.875   902  4027 E ActivityManager: 	at android.os.Binder.execTransact(Binder.java:731)
08-26 02:28:31.881   902   918 W BroadcastQueue: Background execution not allowed: receiving Intent { act=android.intent.action.DROPBOX_ENTRY_ADDED flg=0x10 (has extras) } to com.google.android.gms/.stats.service.DropBoxEntryAddedReceiver
08-26 02:28:31.881   902   918 W BroadcastQueue: Background execution not allowed: receiving Intent { act=android.intent.action.DROPBOX_ENTRY_ADDED flg=0x10 (has extras) } to com.google.android.gms/.chimera.GmsIntentOperationService$PersistentTrustedReceiver
08-26 02:28:31.882   902   918 W BroadcastQueue: Background execution not allowed: receiving Intent { act=android.intent.action.DROPBOX_ENTRY_ADDED flg=0x10 (has extras) } to com.google.android.gms/.stats.service.DropBoxEntryAddedReceiver
08-26 02:28:31.882   902   918 W BroadcastQueue: Background execution not allowed: receiving Intent { act=android.intent.action.DROPBOX_ENTRY_ADDED flg=0x10 (has extras) } to com.google.android.gms/.chimera.GmsIntentOperationService$PersistentTrustedReceiver
08-26 02:28:31.894   902  4312 E ActivityManager: Sending non-protected broadcast com.emporia.notificationcenter.EMPO_NOTIFICATION_NAME from system 1703:com.emporia.emporiaapprebuild/u0a42 pkg com.emporia.emporiaapprebuild
08-26 02:28:31.894   902  4312 E ActivityManager: java.lang.Throwable
08-26 02:28:31.894   902  4312 E ActivityManager: 	at com.android.server.am.ActivityManagerService.checkBroadcastFromSystem(ActivityManagerService.java:21498)
08-26 02:28:31.894   902  4312 E ActivityManager: 	at com.android.server.am.ActivityManagerService.broadcastIntentLocked(ActivityManagerService.java:22009)
08-26 02:28:31.894   902  4312 E ActivityManager: 	at com.android.server.am.ActivityManagerService.broadcastIntent(ActivityManagerService.java:22252)
08-26 02:28:31.894   902  4312 E ActivityManager: 	at android.app.IActivityManager$Stub.onTransact$broadcastIntent$(IActivityManager.java:10180)
08-26 02:28:31.894   902  4312 E ActivityManager: 	at android.app.IActivityManager$Stub.onTransact(IActivityManager.java:167)
08-26 02:28:31.894   902  4312 E ActivityManager: 	at com.android.server.am.ActivityManagerService.onTransact(ActivityManagerService.java:3367)
08-26 02:28:31.894   902  4312 E ActivityManager: 	at android.os.Binder.execTransact(Binder.java:731)
08-26 02:28:31.896   902  4312 E ActivityManager: Sending non-protected broadcast com.emporia.notificationcenter.EMPO_NOTIFICATION_NAME from system 1703:com.emporia.emporiaapprebuild/u0a42 pkg com.emporia.emporiaapprebuild
08-26 02:28:31.896   902  4312 E ActivityManager: java.lang.Throwable
08-26 02:28:31.896   902  4312 E ActivityManager: 	at com.android.server.am.ActivityManagerService.checkBroadcastFromSystem(ActivityManagerService.java:21498)
08-26 02:28:31.896   902  4312 E ActivityManager: 	at com.android.server.am.ActivityManagerService.broadcastIntentLocked(ActivityManagerService.java:22102)
08-26 02:28:31.896   902  4312 E ActivityManager: 	at com.android.server.am.ActivityManagerService.broadcastIntent(ActivityManagerService.java:22252)
08-26 02:28:31.896   902  4312 E ActivityManager: 	at android.app.IActivityManager$Stub.onTransact$broadcastIntent$(IActivityManager.java:10180)
08-26 02:28:31.896   902  4312 E ActivityManager: 	at android.app.IActivityManager$Stub.onTransact(IActivityManager.java:167)
08-26 02:28:31.896   902  4312 E ActivityManager: 	at com.android.server.am.ActivityManagerService.onTransact(ActivityManagerService.java:3367)
08-26 02:28:31.896   902  4312 E ActivityManager: 	at android.os.Binder.execTransact(Binder.java:731)
08-26 02:28:31.898  1703  1703 I MainScreenFragment: updateAppNotification: com.emporia.notificationcenter, count:7, updateTime:-1
08-26 02:28:31.898  1703  1703 I MainScreenFragment: updateNotify: [3]
08-26 02:28:31.915   902   918 W BroadcastQueue: Background execution not allowed: receiving Intent { act=android.intent.action.DROPBOX_ENTRY_ADDED flg=0x10 (has extras) } to com.google.android.gms/.stats.service.DropBoxEntryAddedReceiver
08-26 02:28:31.916  1703  1703 I MainScreenFragment: updateAppNotification: com.emporia.notificationcenter, count:7, updateTime:-1
08-26 02:28:31.916  1703  1703 I MainScreenFragment: updateNotify: [3]
08-26 02:28:31.921   902   918 W BroadcastQueue: Background execution not allowed: receiving Intent { act=android.intent.action.DROPBOX_ENTRY_ADDED flg=0x10 (has extras) } to com.google.android.gms/.chimera.GmsIntentOperationService$PersistentTrustedReceiver
08-26 02:28:32.021  1838  1838 I MtpService: Couldn't get control FD!
08-26 02:28:32.046  1187  1226 I ndroid.systemu: Background concurrent copying GC freed 151488(4MB) AllocSpace objects, 0(0B) LOS objects, 47% free, 6MB/12MB, paused 313us total 192.629ms
08-26 02:28:32.064 14368 14417 W System  : ClassLoader referenced unknown path: system/framework/mediatek-cta.jar
08-26 02:28:32.066 14368 14417 I System.out: e:java.lang.ClassNotFoundException: com.mediatek.cta.CtaHttp
08-26 02:28:32.449 11452 12023 E HCDN_CMFM: HCDN_LOG: 17k memery total_cnt(384),use_cnt(0)
08-26 02:28:32.611   902   991 E WifiVendorHal: getWifiLinkLayerStats(l.937) failed {.code = ERROR_NOT_SUPPORTED, .description = }
08-26 02:28:32.638   365   395 I BufferQueueProducer: [com.emporia.emporiaapprebuild/com.emporia.easylauncher.EasyLauncher#0](this:0xa3c6a000,id:116,api:1,p:1703,c:365) queueBuffer: fps=3.38 dur=1183.90 max=599.59 min=27.35
08-26 02:28:32.648   365   365 I SurfaceFlinger: [Built-in Screen (type:0)] fps:3.367989,dur:1187.65,max:604.69,min:16.25
08-26 02:28:32.699 11452 12579 E p2pfile : HCDN_LOG: [2019-08-26 02:28:32.699][T:12579][func:SetParam],[line:2276],[oper: SetParam message ParamName(video_time), ParamValue(-1002500|25), isGlobal(true), m_dwTaskID(0)]
08-26 02:28:32.700 11452 12023 E hcdn_downloadengine: HCDN_LOG: [2019-08-26 02:28:32.700][T:12023]OnRecvSetParam,1841     task_id : 1574670101,SetParam : video_time,25 
08-26 02:28:32.734   519 14644 I NuPlayerDecoder: [audio] saw output EOS
08-26 02:28:32.860 11452 12023 E Hcdn_DeTask1574670101: HCDN_LOG: [2019-08-26 02:28:32.860][T:12023]OnRecvDownloadInfoRequest,2919     hcdn download info speed(0 KB/s) flie_size(15633482) p2p_speed(0 KB/s) cdn_speed(0 KB/s) 
08-26 02:28:32.946 11452 12042 E storage_trim_block: HCDN_LOG: [2019-08-26 02:28:32.946][T:12042][func:TrimDisconDownloadBlocks],[line:177],[oper:trim block begin...]
08-26 02:28:32.946 11452 12042 E storage_trim_block: HCDN_LOG: [2019-08-26 02:28:32.946][T:12042][func:PrintBlockInfoForTrim],[line:90],PrintBlockInfoForTrim : 
08-26 02:28:32.946 11452 12042 E storage_trim_block: VID[52d4bfe409f3655f62dd8bd71b8cd158], FID_Index[4], BlockNO[11]
08-26 02:28:32.946 11452 12042 E storage_trim_block:  4 : 55ef8d98e1a62f4e03388ad78ab85d2400000000
08-26 02:28:32.946 11452 12042 E storage_trim_block:  5 : dc43cfe9abe98af1c5d989100f44f1bc00000000
08-26 02:28:32.946 11452 12042 E storage_trim_block: 
08-26 02:28:32.946 11452 12042 E storage_trim_block: HCDN_LOG: [2019-08-26 02:28:32.946][T:12042][func:PrintBlockInfoForTrim],[line:90],PrintBlockInfoForTrim : 
08-26 02:28:32.946 11452 12042 E storage_trim_block: VID[84600e02abe361e24a353ee6f7a831ae], FID_Index[0], BlockNO[1]
08-26 02:28:32.946 11452 12042 E storage_trim_block:  0 : ed1209f431bfbfca43da48365085652100000000
08-26 02:28:32.946 11452 12042 E storage_trim_block: 
08-26 02:28:32.946 11452 12042 E storage_trim_block: HCDN_LOG: [2019-08-26 02:28:32.946][T:12042][func:PrintDataBlock],[line:116],DataBlock : 
08-26 02:28:32.946 11452 12042 E storage_trim_block: 55ef8d98e1a62f4e03388ad78ab85d2400000000 : 11[1,0],
08-26 02:28:32.946 11452 12042 E storage_trim_block: dc43cfe9abe98af1c5d989100f44f1bc00000000 : 0[1,0],1[1,0],2[1,0],3[1,0],4[1,0],5[1,0],6[1,0],7[1,0],8[1,0],9[1,0],
08-26 02:28:32.946 11452 12042 E storage_trim_block: ed1209f431bfbfca43da48365085652100000000 : 1[1,0],2[1,0],3[1,0],4[1,0],5[1,0],6[1,0],7[1,0],
08-26 02:28:32.946 11452 12042 E storage_trim_block: 
08-26 02:28:32.946 11452 12042 E storage_trim_block: HCDN_LOG: [2019-08-26 02:28:32.946][T:12042][func:PrintPriorityBlock],[line:148],PriorityBlock :
08-26 02:28:32.946 11452 12042 E storage_trim_block: 55ef8d98e1a62f4e03388ad78ab85d2400000000 : 11[0,1,0],
08-26 02:28:32.946 11452 12042 E storage_trim_block: ed1209f431bfbfca43da48365085652100000000 : 1[0,1,0],2[1ff,1,0],3[2ff,1,0],4[3ff,1,0],5[4ff,1,0],6[5ff,1,0],7[6ff,1,0],
08-26 02:28:32.946 11452 12042 E storage_trim_block: dc43cfe9abe98af1c5d989100f44f1bc00000000 : 0[100ff,1,0],1[101ff,1,0],2[102ff,1,0],3[103ff,1,0],4[104ff,1,0],5[105ff,1,0],6[106ff,1,0],7[107ff,1,0],8[108b9,1,0],9[1099c,1,0],
08-26 02:28:32.946 11452 12042 E storage_trim_block: 
08-26 02:28:32.947 11452 12042 E storage_trim_block: HCDN_LOG: [2019-08-26 02:28:32.947][T:12042][func:TrimDisconDownloadBlocks],[line:340],[oper:Post Pause Download request]
08-26 02:28:32.947 11452 12023 E hcdn_downloadengine: HCDN_LOG: [2019-08-26 02:28:32.947][T:12023]OnRecvBlockRemainNotify,1827     left block count:0
08-26 02:28:32.947 11452 12042 E storage_trim_block: HCDN_LOG: [2019-08-26 02:28:32.947][T:12042][func:PrintDataBlock],[line:116],DataBlock : 
08-26 02:28:32.947 11452 12042 E storage_trim_block: 55ef8d98e1a62f4e03388ad78ab85d2400000000 : 11[1,0],
08-26 02:28:32.947 11452 12042 E storage_trim_block: dc43cfe9abe98af1c5d989100f44f1bc00000000 : 0[1,0],1[1,0],2[1,0],3[1,0],4[1,0],5[1,0],6[1,0],7[1,0],8[1,0],9[1,0],
08-26 02:28:32.947 11452 12042 E storage_trim_block: ed1209f431bfbfca43da48365085652100000000 : 1[1,0],2[1,0],3[1,0],4[1,0],5[1,0],6[1,0],7[1,0],
08-26 02:28:32.947 11452 12042 E storage_trim_block: 
08-26 02:28:32.947 11452 12042 E storage_trim_block: HCDN_LOG: [2019-08-26 02:28:32.947][T:12042][func:TrimDisconDownloadBlocks],[line:375],[oper:trim block end...]
08-26 02:28:33.489 11452 12023 E HCDN_CMFM: HCDN_LOG: 17k memery total_cnt(384),use_cnt(0)
08-26 02:28:33.670 11747 12062 E multisource: HCDN_LOG: [2019-08-26 02:28:33.670][T:12062]UpdateMaxSpeed TOTAL => play speed:0[len:0, tm:0], offline speed:0[len:0, tm:0], predeploy speed:0[len:0, tm:0], m_maxDownloadSpeed:0
08-26 02:28:33.714  1269  1269 I SignalStrength_fake: getBirdFakeSignalLevel leveType = 0
08-26 02:28:33.714  1269  1269 I SignalStrength_fake: BIRD_SIGNAL_LTE - level: 0|2147483647
08-26 02:28:33.714  1269  1269 I SignalStrength_fake: getBirdFakeSignalLevel leveType = 1
08-26 02:28:33.714  1269  1269 I SignalStrength_fake: BIRD_SIGNAL_TDD - tdScdmaDbm: 2147483647
08-26 02:28:33.714  1269  1269 I SignalStrength_fake: BIRD_SIGNAL_TDD - level: 0|2147483647
08-26 02:28:33.714  1269  1269 I SignalStrength_fake: getBirdFakeSignalLevel leveType = 2
08-26 02:28:33.714  1269  1269 I SignalStrength_fake: BIRD_SIGNAL_TDD - wcdmaDbm: -80
08-26 02:28:33.715  1269  1269 I SignalStrength_fake: BIRD_SIGNAL_TDD - level: 4|-80
08-26 02:28:33.715  1269  1269 I SignalStrength_fake: getBirdFakeSignalLevel level = 4
08-26 02:28:33.717   902  4027 I SignalStrength_fake: getBirdFakeSignalLevel leveType = 0
08-26 02:28:33.717   902  4027 I SignalStrength_fake: BIRD_SIGNAL_LTE - level: 0|2147483647
08-26 02:28:33.717   902  4027 I SignalStrength_fake: getBirdFakeSignalLevel leveType = 1
08-26 02:28:33.717   902  4027 I SignalStrength_fake: BIRD_SIGNAL_TDD - tdScdmaDbm: 2147483647
08-26 02:28:33.717   902  4027 I SignalStrength_fake: BIRD_SIGNAL_TDD - level: 0|2147483647
08-26 02:28:33.717   902  4027 I SignalStrength_fake: getBirdFakeSignalLevel leveType = 2
08-26 02:28:33.717   902  4027 I SignalStrength_fake: BIRD_SIGNAL_TDD - wcdmaDbm: -79
08-26 02:28:33.717   902  4027 I SignalStrength_fake: BIRD_SIGNAL_TDD - level: 4|-79
08-26 02:28:33.717   902  4027 I SignalStrength_fake: getBirdFakeSignalLevel level = 4
08-26 02:28:33.718  1269  1269 I SignalStrength_fake: getBirdFakeSignalLevel leveType = 0
08-26 02:28:33.718  1269  1269 I SignalStrength_fake: BIRD_SIGNAL_LTE - level: 0|2147483647
08-26 02:28:33.718  1269  1269 I SignalStrength_fake: getBirdFakeSignalLevel leveType = 1
08-26 02:28:33.718  1269  1269 I SignalStrength_fake: BIRD_SIGNAL_TDD - tdScdmaDbm: 2147483647
08-26 02:28:33.718  1269  1269 I SignalStrength_fake: BIRD_SIGNAL_TDD - level: 0|2147483647
08-26 02:28:33.718  1269  1269 I SignalStrength_fake: getBirdFakeSignalLevel leveType = 2
08-26 02:28:33.718  1269  1269 I SignalStrength_fake: BIRD_SIGNAL_TDD - wcdmaDbm: -79
08-26 02:28:33.718  1269  1269 I SignalStrength_fake: BIRD_SIGNAL_TDD - level: 4|-79
08-26 02:28:33.718  1269  1269 I SignalStrength_fake: getBirdFakeSignalLevel level = 4
08-26 02:28:33.729 11452 12579 E p2pfile : HCDN_LOG: [2019-08-26 02:28:33.729][T:12579][func:SetParam],[line:2276],[oper: SetParam message ParamName(video_time), ParamValue(-1002500|25), isGlobal(true), m_dwTaskID(0)]
08-26 02:28:33.730 11452 12023 E hcdn_downloadengine: HCDN_LOG: [2019-08-26 02:28:33.730][T:12023]OnRecvSetParam,1841     task_id : 1574670101,SetParam : video_time,25 
08-26 02:28:33.809 11452 12046 E multisource: HCDN_LOG: [2019-08-26 02:28:33.809][T:12046]UpdateMaxSpeed TOTAL => play speed:0[len:0, tm:0], offline speed:0[len:0, tm:0], predeploy speed:0[len:0, tm:0], m_maxDownloadSpeed:0
08-26 02:28:33.837   365   933 I BufferQueueProducer: [com.emporia.emporiaapprebuild/com.emporia.easylauncher.EasyLauncher#0](this:0xa3c6a000,id:116,api:1,p:1703,c:365) queueBuffer: fps=1.67 dur=1199.11 max=602.22 min=596.89
08-26 02:28:33.853   365   365 I SurfaceFlinger: [Built-in Screen (type:0)] fps:1.659104,dur:1205.47,max:602.78,min:602.69
08-26 02:28:33.899 11452 12023 E Hcdn_DeTask1574670101: HCDN_LOG: [2019-08-26 02:28:33.899][T:12023]OnRecvDownloadInfoRequest,2919     hcdn download info speed(0 KB/s) flie_size(15633482) p2p_speed(0 KB/s) cdn_speed(0 KB/s) 
08-26 02:28:33.961  1345 14193 W NetRec  : [1152] alfq.a: Timeout after 2234 ms while waiting for score updates. Returning 1.
08-26 02:28:33.971  1345 14193 I NetRec  : [1152] NetRecChimeraGcmTaskService.a: Still entries pending update, scheduling new refresh_scores_task refresh.
08-26 02:28:33.976  1345 14193 I NetRec  : [1152] NetRecChimeraGcmTaskService.a: Completed refresh_scores_task score refresh task in 2267 ms, returning 1
08-26 02:28:34.013   307   307 W hwservicemanager: getTransport: Cannot find entry vendor.mediatek.hardware.apmonitor@1.0::IAPMonitorService/default in either framework or device manifest.
08-26 02:28:34.500 11452 12023 E HCDN_CMFM: HCDN_LOG: 17k memery total_cnt(384),use_cnt(0)
08-26 02:28:34.564 14368 14368 I Finsky  : [2] pen.handleMessage(129): State changed. 
08-26 02:28:34.564 14368 14368 I Finsky  : 	Old State: DeviceState{currentTime=1566800889949, isCharging=false, isIdle=false, netAny=true, netNotRoaming=true, netUnmetered=true}
08-26 02:28:34.564 14368 14368 I Finsky  : 	New State: DeviceState{currentTime=1566800914560, isCharging=true, isIdle=false, netAny=true, netNotRoaming=true, netUnmetered=true}
08-26 02:28:34.568 14368 14505 I Finsky  : [595] pfx.b(7): Jobs in database: 1-1337 24-77777777 26-1414141414 31-305419896 
08-26 02:28:34.568 14368 14368 I Finsky  : [2] pen.handleMessage(81): RunningQueue size: 1, PendingQueue size: 0
08-26 02:28:34.569 14368 14368 I Finsky  : [2] pen.handleMessage(90): Running queue: 31-305419896 
08-26 02:28:34.749 11452 12579 E p2pfile : HCDN_LOG: [2019-08-26 02:28:34.749][T:12579][func:SetParam],[line:2276],[oper: SetParam message ParamName(video_time), ParamValue(-1002500|25), isGlobal(true), m_dwTaskID(0)]
08-26 02:28:34.749 11452 12023 E hcdn_downloadengine: HCDN_LOG: [2019-08-26 02:28:34.749][T:12023]OnRecvSetParam,1841     task_id : 1574670101,SetParam : video_time,25 
08-26 02:28:34.914 11452 12023 E Hcdn_DeTask1574670101: HCDN_LOG: [2019-08-26 02:28:34.914][T:12023]OnRecvDownloadInfoRequest,2919     hcdn download info speed(0 KB/s) flie_size(15633482) p2p_speed(0 KB/s) cdn_speed(0 KB/s) 
08-26 02:28:35.043   365   932 I BufferQueueProducer: [com.emporia.emporiaapprebuild/com.emporia.easylauncher.EasyLauncher#0](this:0xa3c6a000,id:116,api:1,p:1703,c:365) queueBuffer: fps=1.66 dur=1205.77 max=602.90 min=602.87
08-26 02:28:35.059   365   365 I SurfaceFlinger: [Built-in Screen (type:0)] fps:1.658582,dur:1205.85,max:602.96,min:602.89
08-26 02:28:35.230 14368 14424 W System  : ClassLoader referenced unknown path: system/framework/mediatek-cta.jar
08-26 02:28:35.231 14368 14424 I System.out: e:java.lang.ClassNotFoundException: com.mediatek.cta.CtaHttp
08-26 02:28:35.515 11452 12023 E HCDN_CMFM: HCDN_LOG: 17k memery total_cnt(384),use_cnt(0)
08-26 02:28:35.624   902   991 E WifiVendorHal: getWifiLinkLayerStats(l.937) failed {.code = ERROR_NOT_SUPPORTED, .description = }
08-26 02:28:35.732 14368 14418 W System  : ClassLoader referenced unknown path: system/framework/mediatek-cta.jar
08-26 02:28:35.733 14368 14418 I System.out: e:java.lang.ClassNotFoundException: com.mediatek.cta.CtaHttp
08-26 02:28:35.789 11452 12579 E p2pfile : HCDN_LOG: [2019-08-26 02:28:35.789][T:12579][func:SetParam],[line:2276],[oper: SetParam message ParamName(video_time), ParamValue(-1002500|25), isGlobal(true), m_dwTaskID(0)]
08-26 02:28:35.790 11452 12023 E hcdn_downloadengine: HCDN_LOG: [2019-08-26 02:28:35.790][T:12023]OnRecvSetParam,1841     task_id : 1574670101,SetParam : video_time,25 
08-26 02:28:35.949 11452 12023 E Hcdn_DeTask1574670101: HCDN_LOG: [2019-08-26 02:28:35.949][T:12023]OnRecvDownloadInfoRequest,2919     hcdn download info speed(0 KB/s) flie_size(15633482) p2p_speed(0 KB/s) cdn_speed(0 KB/s) 
08-26 02:28:35.960 11452 12042 E storage_trim_block: HCDN_LOG: [2019-08-26 02:28:35.960][T:12042][func:TrimDisconDownloadBlocks],[line:177],[oper:trim block begin...]
08-26 02:28:35.960 11452 12042 E storage_trim_block: HCDN_LOG: [2019-08-26 02:28:35.960][T:12042][func:PrintBlockInfoForTrim],[line:90],PrintBlockInfoForTrim : 
08-26 02:28:35.960 11452 12042 E storage_trim_block: VID[52d4bfe409f3655f62dd8bd71b8cd158], FID_Index[4], BlockNO[11]
08-26 02:28:35.960 11452 12042 E storage_trim_block:  4 : 55ef8d98e1a62f4e03388ad78ab85d2400000000
08-26 02:28:35.960 11452 12042 E storage_trim_block:  5 : dc43cfe9abe98af1c5d989100f44f1bc00000000
08-26 02:28:35.960 11452 12042 E storage_trim_block: 
08-26 02:28:35.960 11452 12042 E storage_trim_block: HCDN_LOG: [2019-08-26 02:28:35.960][T:12042][func:PrintBlockInfoForTrim],[line:90],PrintBlockInfoForTrim : 
08-26 02:28:35.960 11452 12042 E storage_trim_block: VID[84600e02abe361e24a353ee6f7a831ae], FID_Index[0], BlockNO[1]
08-26 02:28:35.960 11452 12042 E storage_trim_block:  0 : ed1209f431bfbfca43da48365085652100000000
08-26 02:28:35.960 11452 12042 E storage_trim_block: 
08-26 02:28:35.961 11452 12042 E storage_trim_block: HCDN_LOG: [2019-08-26 02:28:35.961][T:12042][func:PrintDataBlock],[line:116],DataBlock : 
08-26 02:28:35.961 11452 12042 E storage_trim_block: 55ef8d98e1a62f4e03388ad78ab85d2400000000 : 11[1,0],
08-26 02:28:35.961 11452 12042 E storage_trim_block: dc43cfe9abe98af1c5d989100f44f1bc00000000 : 0[1,0],1[1,0],2[1,0],3[1,0],4[1,0],5[1,0],6[1,0],7[1,0],8[1,0],9[1,0],
08-26 02:28:35.961 11452 12042 E storage_trim_block: ed1209f431bfbfca43da48365085652100000000 : 1[1,0],2[1,0],3[1,0],4[1,0],5[1,0],6[1,0],7[1,0],
08-26 02:28:35.961 11452 12042 E storage_trim_block: 
08-26 02:28:35.961 11452 12042 E storage_trim_block: HCDN_LOG: [2019-08-26 02:28:35.961][T:12042][func:PrintPriorityBlock],[line:148],PriorityBlock :
08-26 02:28:35.961 11452 12042 E storage_trim_block: 55ef8d98e1a62f4e03388ad78ab85d2400000000 : 11[0,1,0],
08-26 02:28:35.961 11452 12042 E storage_trim_block: ed1209f431bfbfca43da48365085652100000000 : 1[0,1,0],2[1ff,1,0],3[2ff,1,0],4[3ff,1,0],5[4ff,1,0],6[5ff,1,0],7[6ff,1,0],
08-26 02:28:35.961 11452 12042 E storage_trim_block: dc43cfe9abe98af1c5d989100f44f1bc00000000 : 0[100ff,1,0],1[101ff,1,0],2[102ff,1,0],3[103ff,1,0],4[104ff,1,0],5[105ff,1,0],6[106ff,1,0],7[107ff,1,0],8[108d7,1,0],9[109ba,1,0],
08-26 02:28:35.961 11452 12042 E storage_trim_block: 
08-26 02:28:35.962 11452 12042 E storage_trim_block: HCDN_LOG: [2019-08-26 02:28:35.962][T:12042][func:TrimDisconDownloadBlocks],[line:340],[oper:Post Pause Download request]
08-26 02:28:35.962 11452 12023 E hcdn_downloadengine: HCDN_LOG: [2019-08-26 02:28:35.962][T:12023]OnRecvBlockRemainNotify,1827     left block count:0
08-26 02:28:35.962 11452 12042 E storage_trim_block: HCDN_LOG: [2019-08-26 02:28:35.962][T:12042][func:PrintDataBlock],[line:116],DataBlock : 
08-26 02:28:35.962 11452 12042 E storage_trim_block: 55ef8d98e1a62f4e03388ad78ab85d2400000000 : 11[1,0],
08-26 02:28:35.962 11452 12042 E storage_trim_block: dc43cfe9abe98af1c5d989100f44f1bc00000000 : 0[1,0],1[1,0],2[1,0],3[1,0],4[1,0],5[1,0],6[1,0],7[1,0],8[1,0],9[1,0],
08-26 02:28:35.962 11452 12042 E storage_trim_block: ed1209f431bfbfca43da48365085652100000000 : 1[1,0],2[1,0],3[1,0],4[1,0],5[1,0],6[1,0],7[1,0],
08-26 02:28:35.962 11452 12042 E storage_trim_block: 
08-26 02:28:35.962 11452 12042 E storage_trim_block: HCDN_LOG: [2019-08-26 02:28:35.962][T:12042][func:TrimDisconDownloadBlocks],[line:375],[oper:trim block end...]
08-26 02:28:36.248   365   932 I BufferQueueProducer: [com.emporia.emporiaapprebuild/com.emporia.easylauncher.EasyLauncher#0](this:0xa3c6a000,id:116,api:1,p:1703,c:365) queueBuffer: fps=1.66 dur=1205.77 max=603.02 min=602.75
08-26 02:28:36.265   365   365 I SurfaceFlinger: [Built-in Screen (type:0)] fps:1.658874,dur:1205.64,max:602.85,min:602.79
08-26 02:28:36.552 11452 12023 E HCDN_CMFM: HCDN_LOG: 17k memery total_cnt(384),use_cnt(0)
08-26 02:28:36.695   902   979 I PowerWrap: PowerHal_TouchBoost
08-26 02:28:36.783   902   979 I PowerWrap: PowerHal_TouchBoost
08-26 02:28:36.799 11452 12579 E p2pfile : HCDN_LOG: [2019-08-26 02:28:36.799][T:12579][func:SetParam],[line:2276],[oper: SetParam message ParamName(video_time), ParamValue(-1002500|25), isGlobal(true), m_dwTaskID(0)]
08-26 02:28:36.799 11452 12023 E hcdn_downloadengine: HCDN_LOG: [2019-08-26 02:28:36.799][T:12023]OnRecvSetParam,1841     task_id : 1574670101,SetParam : video_time,25 
08-26 02:28:36.978 11452 12023 E Hcdn_DeTask1574670101: HCDN_LOG: [2019-08-26 02:28:36.978][T:12023]OnRecvDownloadInfoRequest,2919     hcdn download info speed(0 KB/s) flie_size(15633482) p2p_speed(0 KB/s) cdn_speed(0 KB/s) 
08-26 02:28:37.393 11452 11611 W System  : ClassLoader referenced unknown path: system/framework/mediatek-cta.jar
08-26 02:28:37.394 11452 11611 I System.out: e:java.lang.ClassNotFoundException: com.mediatek.cta.CtaHttp
08-26 02:28:37.457   902   979 I PowerWrap: PowerHal_TouchBoost
08-26 02:28:37.463   365   394 I BufferQueueProducer: [com.emporia.emporiaapprebuild/com.emporia.easylauncher.EasyLauncher#0](this:0xa3c6a000,id:116,api:1,p:1703,c:365) queueBuffer: fps=18.12 dur=1214.43 max=488.88 min=9.32
08-26 02:28:37.471   365   365 I SurfaceFlinger: [Built-in Screen (type:0)] fps:18.232435,dur:1206.64,max:479.42,min:16.15
08-26 02:28:37.563   902   979 I PowerWrap: PowerHal_TouchBoost
08-26 02:28:37.589 11452 12023 E HCDN_CMFM: HCDN_LOG: 17k memery total_cnt(384),use_cnt(0)
08-26 02:28:37.810 11452 12579 E p2pfile : HCDN_LOG: [2019-08-26 02:28:37.810][T:12579][func:SetParam],[line:2276],[oper: SetParam message ParamName(video_time), ParamValue(-1002500|25), isGlobal(true), m_dwTaskID(0)]
08-26 02:28:37.810 11452 12023 E hcdn_downloadengine: HCDN_LOG: [2019-08-26 02:28:37.810][T:12023]OnRecvSetParam,1841     task_id : 1574670101,SetParam : video_time,25 
08-26 02:28:37.829   902   979 I PowerWrap: PowerHal_TouchBoost
08-26 02:28:37.936   902   979 I PowerWrap: PowerHal_TouchBoost
08-26 02:28:38.009 11452 12023 E Hcdn_DeTask1574670101: HCDN_LOG: [2019-08-26 02:28:38.009][T:12023]OnRecvDownloadInfoRequest,2919     hcdn download info speed(0 KB/s) flie_size(15633482) p2p_speed(0 KB/s) cdn_speed(0 KB/s) 
08-26 02:28:38.450   902   979 I PowerWrap: PowerHal_TouchBoost
08-26 02:28:38.474   365   933 I BufferQueueProducer: [com.emporia.emporiaapprebuild/com.emporia.easylauncher.EasyLauncher#0](this:0xa3c6a000,id:116,api:1,p:1703,c:365) queueBuffer: fps=47.46 dur=1011.32 max=124.73 min=10.62
08-26 02:28:38.480   365   365 I SurfaceFlinger: [Built-in Screen (type:0)] fps:47.594208,dur:1008.53,max:121.85,min:17.32
08-26 02:28:38.521   902   979 I PowerWrap: PowerHal_TouchBoost
08-26 02:28:38.554   902  4768 I ActivityManager: START u0 {act=android.settings.SETTINGS flg=0x10000000 cmp=com.android.settings/.Settings} from uid 10042
08-26 02:28:38.568   358   381 I vendor.mediatek.hardware.power@2.0-impl: powerHintAsync hint:8, data:1
08-26 02:28:38.575   902  4768 I PowerWrap: PowerHal_Wrap_mtkPowerHint
08-26 02:28:38.575   902  4768 I PowerWrap: PowerHal_Wrap_mtkPowerHint
08-26 02:28:38.586  1703  1703 I ActivityLifecycleMonitor: activity name:com.emporia.easylauncher.EasyLauncher@36ca144 paused
08-26 02:28:38.593   902  2643 I PowerWrap: PowerHal_Wrap_mtkPowerHint
08-26 02:28:38.593   902  2643 I PowerWrap: PowerHal_Wrap_mtkPowerHint
08-26 02:28:38.602   902   926 I WindowManager: Focus moving from Window{5830c3c u0 com.emporia.emporiaapprebuild/com.emporia.easylauncher.EasyLauncher} to null
08-26 02:28:38.605   358   381 I vendor.mediatek.hardware.power@2.0-impl: notifyAppState pack:com.android.settings, act:com.android.settings.Settings, pid:4960, state:1
08-26 02:28:38.607   358   380 I libPowerHal: [perfNotifyAppState] foreground:com.android.settings, pid:4960
08-26 02:28:38.629 11452 12023 E HCDN_CMFM: HCDN_LOG: 17k memery total_cnt(384),use_cnt(0)
08-26 02:28:38.633   902   991 E WifiVendorHal: getWifiLinkLayerStats(l.937) failed {.code = ERROR_NOT_SUPPORTED, .description = }
08-26 02:28:38.653   365   933 I BufferQueue: [unnamed-365-117](this:0xa466e000,id:117,api:0,p:-1,c:-1) BufferQueue core=(365:/system/bin/surfaceflinger)
08-26 02:28:38.653   365   933 I BufferQueueConsumer: [unnamed-365-117](this:0xa466e000,id:117,api:0,p:-1,c:365) connect(C): consumer=(365:/system/bin/surfaceflinger) controlledByApp=false
08-26 02:28:38.654   365   933 I BufferQueueConsumer: [unnamed-365-117](this:0xa466e000,id:117,api:0,p:-1,c:365) setConsumerName: unnamed-365-117
08-26 02:28:38.654   365   933 I BufferQueueConsumer: [Splash Screen com.android.settings#0](this:0xa466e000,id:117,api:0,p:-1,c:365) setConsumerName: Splash Screen com.android.settings#0
08-26 02:28:38.654   365   933 I BufferQueueConsumer: [Splash Screen com.android.settings#0](this:0xa466e000,id:117,api:0,p:-1,c:365) setDefaultBufferSize: width=720 height=1440
08-26 02:28:38.655  4960  4960 W ContextImpl: Calling a method in the system process without a qualified user: android.app.ContextImpl.sendBroadcast:1009 android.content.ContextWrapper.sendBroadcast:444 android.app.Activity.sendOnResumeBroadcast:7905 android.app.Activity.onResume:1363 com.android.settingslib.drawer.SettingsDrawerActivity.onResume:99 
08-26 02:28:38.678   902  2643 E ActivityManager: Sending non-protected broadcast com.emporia.action.activity.onResume from system 4960:com.android.settings/1000 pkg com.android.settings
08-26 02:28:38.678   902  2643 E ActivityManager: java.lang.Throwable
08-26 02:28:38.678   902  2643 E ActivityManager: 	at com.android.server.am.ActivityManagerService.checkBroadcastFromSystem(ActivityManagerService.java:21498)
08-26 02:28:38.678   902  2643 E ActivityManager: 	at com.android.server.am.ActivityManagerService.broadcastIntentLocked(ActivityManagerService.java:22009)
08-26 02:28:38.678   902  2643 E ActivityManager: 	at com.android.server.am.ActivityManagerService.broadcastIntent(ActivityManagerService.java:22252)
08-26 02:28:38.678   902  2643 E ActivityManager: 	at android.app.IActivityManager$Stub.onTransact$broadcastIntent$(IActivityManager.java:10180)
08-26 02:28:38.678   902  2643 E ActivityManager: 	at android.app.IActivityManager$Stub.onTransact(IActivityManager.java:167)
08-26 02:28:38.678   902  2643 E ActivityManager: 	at com.android.server.am.ActivityManagerService.onTransact(ActivityManagerService.java:3367)
08-26 02:28:38.678   902  2643 E ActivityManager: 	at android.os.Binder.execTransact(Binder.java:731)
08-26 02:28:38.680   365   933 I BufferQueueProducer: [Splash Screen com.android.settings#0](this:0xa466e000,id:117,api:2,p:902,c:365) connect(P): api=2 producer=(902:system_server) producerControlledByApp=false
08-26 02:28:38.691  4960  4977 I DeviceIndex: Skipping: device index is not enabled
08-26 02:28:38.701  4960 14669 W TileUtils: Found com.android.settings.Settings$NotificationAppListActivity for intent Intent { act=com.android.settings.action.SETTINGS pkg=com.android.settings } missing metadata com.android.settings.category
08-26 02:28:38.743  1703  1703 I EmpGuideAppWidget: onReceive: com.android.settings/com.android.settings.Settings,isSystemLauncher>>false
08-26 02:28:38.744   902  4768 I WindowManager: Relayout Window{41d2ef1 u0 com.android.settings/com.android.settings.Settings}: oldVis=8 newVis=0 focusMayChange = true
08-26 02:28:38.750   343   423 W hwcomposer: [OVL] (0) No overlay input queue(1)  
08-26 02:28:38.750   343   423 I hwcomposer: [DBQ] (q2:0xaa09d280) Buffer queue is created with size(3)  
08-26 02:28:38.750   343   423 I hwcomposer: [DBQ] (q2:0xaa09d280) setConsumerListener  
08-26 02:28:38.750   343   423 I hwcomposer: [DBQ] (q2:0xaa09d280) Reallocate Slot(0), pool(0 -> 0) size(0 -> 4147200)  
08-26 02:28:38.752   365   394 I BufferQueue: [unnamed-365-118](this:0xa3a8f000,id:118,api:0,p:-1,c:-1) BufferQueue core=(365:/system/bin/surfaceflinger)
08-26 02:28:38.752   365   394 I BufferQueueConsumer: [unnamed-365-118](this:0xa3a8f000,id:118,api:0,p:-1,c:365) connect(C): consumer=(365:/system/bin/surfaceflinger) controlledByApp=false
08-26 02:28:38.752   365   394 I BufferQueueConsumer: [unnamed-365-118](this:0xa3a8f000,id:118,api:0,p:-1,c:365) setConsumerName: unnamed-365-118
08-26 02:28:38.752   365   394 I BufferQueueConsumer: [com.android.settings/com.android.settings.Settings#0](this:0xa3a8f000,id:118,api:0,p:-1,c:365) setConsumerName: com.android.settings/com.android.settings.Settings#0
08-26 02:28:38.752   365   394 I BufferQueueConsumer: [com.android.settings/com.android.settings.Settings#0](this:0xa3a8f000,id:118,api:0,p:-1,c:365) setDefaultBufferSize: width=720 height=1440
08-26 02:28:38.759  4960 14670 E OperatorCustomizationFactoryLoader: can not find operatorFactoryInfo by slot id -1 from 
08-26 02:28:38.759  4960 14670 E OperatorCustomizationFactoryLoader: 0: OperatorFactoryInfo(OP01_null_null:OP01Settings.apk:com.mediatek.settings.op01.Op01SettingsCustomizationFactory:com.mediatek.settings.op01)
08-26 02:28:38.759  4960 14670 E OperatorCustomizationFactoryLoader: 1: OperatorFactoryInfo(OP02_null_null:OP02Settings.apk:com.mediatek.settings.op02.Op02SettingsCustomizationFactory:com.mediatek.settings.op02)
08-26 02:28:38.759  4960 14670 E OperatorCustomizationFactoryLoader: 2: OperatorFactoryInfo(OP03_null_SEGDEFAULT:OP03Settings.apk:com.mediatek.op03.settings.OP03SettingsCustomizationFactory:com.mediatek.op03.settings)
08-26 02:28:38.759  4960 14670 E OperatorCustomizationFactoryLoader: 3: OperatorFactoryInfo(OP06_null_SEGDEFAULT:OP06Settings.apk:com.mediatek.op06.settings.Op06SettingsCustomizationFactory:com.mediatek.op06.settings)
08-26 02:28:38.759  4960 14670 E OperatorCustomizationFactoryLoader: 4: OperatorFactoryInfo(OP07_null_SEGDEFAULT:OP07Settings.apk:com.mediatek.op07.settings.OP07SettingsCustomizationFactory:com.mediatek.op07.settings)
08-26 02:28:38.759  4960 14670 E OperatorCustomizationFactoryLoader: 5: OperatorFactoryInfo(OP08_null_SEGDEFAULT:OP08Settings.apk:com.mediatek.op08.settings.Op08SettingsCustomizationFactory:com.mediatek.op08.settings)
08-26 02:28:38.759  4960 14670 E OperatorCustomizationFactoryLoader: 6: OperatorFactoryInfo(OP09_null_SEGC:OP09ClibSettings.apk:com.mediatek.settings.op09clib.Op09ClibSettingsCustomizationFactory:com.mediatek.settings.op09clib)
08-26 02:28:38.759  4960 14670 E OperatorCustomizationFactoryLoader: 7: OperatorFactoryInfo(OP12_null_null:OP12Settings.apk:com.mediatek.op12.settings.Op12SettingsCustomizationFactory:com.mediatek.op12.settings)
08-26 02:28:38.759  4960 14670 E OperatorCustomizationFactoryLoader: 8: OperatorFactoryInfo(OP16_null_SEGDEFAULT:OP16Settings.apk:com.mediatek.op16.settings.Op16SettingsCustomizationFactory:com.mediatek.op16.settings)
08-26 02:28:38.759  4960 14670 E OperatorCustomizationFactoryLoader: 9: OperatorFactoryInfo(OP18_null_SEGDEFAULT:OP18Settings.apk:com.mediatek.op18.settings.OP18SettingsCustomizationFactory:com.mediatek.op18.settings)
08-26 02:28:38.759  4960 14670 E OperatorCustomizationFactoryLoader: 10: OperatorFactoryInfo(OP20_null_SEGDEFAULT:OP20Settings.apk:com.mediatek.op20.settings.OP20SettingsCustomizationFactory:com.mediatek.op20.settings)
08-26 02:28:38.759   365   932 I BufferQueueProducer: [com.android.settings/com.android.settings.Settings#0](this:0xa3a8f000,id:118,api:1,p:4960,c:365) connect(P): api=1 producer=(4960:com.android.settings) producerControlledByApp=true
08-26 02:28:38.760   902   926 I WindowManager: Focus moving from null to Window{41d2ef1 u0 com.android.settings/com.android.settings.Settings}
08-26 02:28:38.766   343   423 I hwcomposer: [DBQ] (q2:0xaa09d280) Reallocate Slot(1), pool(0 -> 0) size(0 -> 4147200)  
08-26 02:28:38.783   343   423 I hwcomposer: [DBQ] (q2:0xaa09d280) Reallocate Slot(2), pool(0 -> 0) size(0 -> 4147200)  
08-26 02:28:38.796 13493 13512 I FeatureEligibility: com.android.settings/com.android.settings.fingerprint.FingerprintEnrollSuggestionActivity requires unavailable feature android.hardware.fingerprint
08-26 02:28:38.810 11452 12579 E p2pfile : HCDN_LOG: [2019-08-26 02:28:38.810][T:12579][func:SetParam],[line:2276],[oper: SetParam message ParamName(video_time), ParamValue(-1002500|25), isGlobal(true), m_dwTaskID(0)]
08-26 02:28:38.811 11452 12023 E hcdn_downloadengine: HCDN_LOG: [2019-08-26 02:28:38.811][T:12023]OnRecvSetParam,1841     task_id : 1574670101,SetParam : video_time,25 
08-26 02:28:38.840  1269  1269 I SignalStrength_fake: getBirdFakeSignalLevel leveType = 0
08-26 02:28:38.841  1269  1269 I SignalStrength_fake: BIRD_SIGNAL_LTE - level: 0|2147483647
08-26 02:28:38.841  1269  1269 I SignalStrength_fake: getBirdFakeSignalLevel leveType = 1
08-26 02:28:38.841  1269  1269 I SignalStrength_fake: BIRD_SIGNAL_TDD - tdScdmaDbm: 2147483647
08-26 02:28:38.841  1269  1269 I SignalStrength_fake: BIRD_SIGNAL_TDD - level: 0|2147483647
08-26 02:28:38.841  1269  1269 I SignalStrength_fake: getBirdFakeSignalLevel leveType = 2
08-26 02:28:38.841  1269  1269 I SignalStrength_fake: BIRD_SIGNAL_TDD - wcdmaDbm: -79
08-26 02:28:38.841  1269  1269 I SignalStrength_fake: BIRD_SIGNAL_TDD - level: 4|-79
08-26 02:28:38.841  1269  1269 I SignalStrength_fake: getBirdFakeSignalLevel level = 4
08-26 02:28:38.846   902  2643 I SignalStrength_fake: getBirdFakeSignalLevel leveType = 0
08-26 02:28:38.846   902  2643 I SignalStrength_fake: BIRD_SIGNAL_LTE - level: 0|2147483647
08-26 02:28:38.846   902  2643 I SignalStrength_fake: getBirdFakeSignalLevel leveType = 1
08-26 02:28:38.846   902  2643 I SignalStrength_fake: BIRD_SIGNAL_TDD - tdScdmaDbm: 2147483647
08-26 02:28:38.846   902  2643 I SignalStrength_fake: BIRD_SIGNAL_TDD - level: 0|2147483647
08-26 02:28:38.846   902  2643 I SignalStrength_fake: getBirdFakeSignalLevel leveType = 2
08-26 02:28:38.846   902  2643 I SignalStrength_fake: BIRD_SIGNAL_TDD - wcdmaDbm: -83
08-26 02:28:38.846   902  2643 I SignalStrength_fake: BIRD_SIGNAL_TDD - level: 4|-83
08-26 02:28:38.847   902  2643 I SignalStrength_fake: getBirdFakeSignalLevel level = 4
08-26 02:28:38.848  1269  1269 I SignalStrength_fake: getBirdFakeSignalLevel leveType = 0
08-26 02:28:38.848  1269  1269 I SignalStrength_fake: BIRD_SIGNAL_LTE - level: 0|2147483647
08-26 02:28:38.848  1269  1269 I SignalStrength_fake: getBirdFakeSignalLevel leveType = 1
08-26 02:28:38.848  1269  1269 I SignalStrength_fake: BIRD_SIGNAL_TDD - tdScdmaDbm: 2147483647
08-26 02:28:38.848  1269  1269 I SignalStrength_fake: BIRD_SIGNAL_TDD - level: 0|2147483647
08-26 02:28:38.848  1269  1269 I SignalStrength_fake: getBirdFakeSignalLevel leveType = 2
08-26 02:28:38.848  1269  1269 I SignalStrength_fake: BIRD_SIGNAL_TDD - wcdmaDbm: -83
08-26 02:28:38.848  1269  1269 I SignalStrength_fake: BIRD_SIGNAL_TDD - level: 4|-83
08-26 02:28:38.848  1269  1269 I SignalStrength_fake: getBirdFakeSignalLevel level = 4
08-26 02:28:38.864 13493 13512 I FeatureEligibility: com.android.settings/com.android.settings.fingerprint.FingerprintSuggestionActivity requires unavailable feature android.hardware.fingerprint
08-26 02:28:38.876   365   365 I BufferQueueProducer: [FramebufferSurface](this:0xa6c8e000,id:0,api:1,p:365,c:365) queueBuffer: fps=0.89 dur=20269.95 max=19935.20 min=15.51
08-26 02:28:38.877   351   351 I WifiHAL : feature_set=0x488141a
08-26 02:28:38.878   351   351 I WifiHAL : feature_set=0x488141a
08-26 02:28:38.882  4960  5449 W NewDeviceIntroSugg: Cannot find the package: com.google.android.apps.tips
08-26 02:28:38.882  4960  5449 W NewDeviceIntroSugg: android.content.pm.PackageManager$NameNotFoundException: com.google.android.apps.tips
08-26 02:28:38.882  4960  5449 W NewDeviceIntroSugg: 	at android.app.ApplicationPackageManager.getPackageInfoAsUser(ApplicationPackageManager.java:181)
08-26 02:28:38.882  4960  5449 W NewDeviceIntroSugg: 	at android.app.ApplicationPackageManager.getPackageInfo(ApplicationPackageManager.java:152)
08-26 02:28:38.882  4960  5449 W NewDeviceIntroSugg: 	at com.android.settings.support.NewDeviceIntroSuggestionActivity.isTipsInstalledAsSystemApp(NewDeviceIntroSuggestionActivity.java:146)
08-26 02:28:38.882  4960  5449 W NewDeviceIntroSugg: 	at com.android.settings.support.NewDeviceIntroSuggestionActivity.isSuggestionComplete(NewDeviceIntroSuggestionActivity.java:71)
08-26 02:28:38.882  4960  5449 W NewDeviceIntroSugg: 	at com.android.settings.dashboard.suggestions.SuggestionFeatureProviderImpl.isSuggestionComplete(SuggestionFeatureProviderImpl.java:91)
08-26 02:28:38.882  4960  5449 W NewDeviceIntroSugg: 	at com.android.settings.dashboard.suggestions.SuggestionStateProvider.call(SuggestionStateProvider.java:87)
08-26 02:28:38.882  4960  5449 W NewDeviceIntroSugg: 	at android.content.ContentProvider$Transport.call(ContentProvider.java:403)
08-26 02:28:38.882  4960  5449 W NewDeviceIntroSugg: 	at android.content.ContentProviderNative.onTransact(ContentProviderNative.java:272)
08-26 02:28:38.882  4960  5449 W NewDeviceIntroSugg: 	at android.os.Binder.execTransact(Binder.java:731)
08-26 02:28:38.897   902   922 E BatteryExternalStatsWorker: no controller energy info supplied for wifi
08-26 02:28:38.897   902   922 E BatteryExternalStatsWorker: no controller energy info supplied for bluetooth
08-26 02:28:38.907   365   931 I BufferQueueProducer: [com.android.settings/com.android.settings.Settings#0](this:0xa3a8f000,id:118,api:1,p:4960,c:365) disconnect(P): api 1
08-26 02:28:38.910   365   933 I BufferQueueProducer: [com.android.settings/com.android.settings.Settings#0](this:0xa3a8f000,id:118,api:1,p:4960,c:365) connect(P): api=1 producer=(4960:com.android.settings) producerControlledByApp=true
08-26 02:28:38.960 13493 13512 I AccountEligibility: com.google.android.googlequicksearchbox/com.google.android.apps.gsa.speech.setupwizard.HotwordOptionalStep requires unavailable account type com.google
08-26 02:28:38.967   351   351 I WifiHAL : feature_set=0x488141a
08-26 02:28:38.968   351   351 I WifiHAL : feature_set=0x488141a
08-26 02:28:38.982   902   922 E BatteryExternalStatsWorker: no controller energy info supplied for wifi
08-26 02:28:38.983   902   922 E BatteryExternalStatsWorker: no controller energy info supplied for bluetooth
08-26 02:28:38.984   343   423 W MDP     : DpAsyncBlit: time 35 ms, type 1, pq 0:0:0:0
08-26 02:28:38.986   343   423 I hwcomposer: [OVL] (0) Overlay input(1) was used with queue previously  
08-26 02:28:38.986   343   423 I hwcomposer: [DBQ] (q2:0xaa09d280) Buffer queue is destroyed  
08-26 02:28:38.986   343   423 I hwcomposer: [DBQ] (q2:0xaa09d280) Free Slot(0), handle=0xa8ea6380, 4147200 -> 0  
08-26 02:28:38.987   343   423 I hwcomposer: [DBQ] (q2:0xaa09d280) Free Slot(1), handle=0xa8ea62c0, 4147200 -> 0  
08-26 02:28:38.987   343   423 I hwcomposer: [DBQ] (q2:0xaa09d280) Free Slot(2), handle=0xa8ea5fc0, 4147200 -> 0  
08-26 02:28:38.999 11452 12042 E storage_trim_block: HCDN_LOG: [2019-08-26 02:28:38.999][T:12042][func:TrimDisconDownloadBlocks],[line:177],[oper:trim block begin...]
08-26 02:28:38.999   365   933 I BufferQueueProducer: [Splash Screen com.android.settings#0](this:0xa466e000,id:117,api:2,p:902,c:365) disconnect(P): api 2
08-26 02:28:38.999 11452 12042 E storage_trim_block: HCDN_LOG: [2019-08-26 02:28:38.999][T:12042][func:PrintBlockInfoForTrim],[line:90],PrintBlockInfoForTrim : 
08-26 02:28:38.999 11452 12042 E storage_trim_block: VID[52d4bfe409f3655f62dd8bd71b8cd158], FID_Index[4], BlockNO[11]
08-26 02:28:38.999 11452 12042 E storage_trim_block:  4 : 55ef8d98e1a62f4e03388ad78ab85d2400000000
08-26 02:28:38.999 11452 12042 E storage_trim_block:  5 : dc43cfe9abe98af1c5d989100f44f1bc00000000
08-26 02:28:38.999 11452 12042 E storage_trim_block: 
08-26 02:28:39.000 11452 12042 E storage_trim_block: HCDN_LOG: [2019-08-26 02:28:39.000][T:12042][func:PrintBlockInfoForTrim],[line:90],PrintBlockInfoForTrim : 
08-26 02:28:39.000 11452 12042 E storage_trim_block: VID[84600e02abe361e24a353ee6f7a831ae], FID_Index[0], BlockNO[1]
08-26 02:28:39.000 11452 12042 E storage_trim_block:  0 : ed1209f431bfbfca43da48365085652100000000
08-26 02:28:39.000 11452 12042 E storage_trim_block: 
08-26 02:28:39.000 11452 12042 E storage_trim_block: HCDN_LOG: [2019-08-26 02:28:39.000][T:12042][func:PrintDataBlock],[line:116],DataBlock : 
08-26 02:28:39.000 11452 12042 E storage_trim_block: 55ef8d98e1a62f4e03388ad78ab85d2400000000 : 11[1,0],
08-26 02:28:39.000 11452 12042 E storage_trim_block: dc43cfe9abe98af1c5d989100f44f1bc00000000 : 0[1,0],1[1,0],2[1,0],3[1,0],4[1,0],5[1,0],6[1,0],7[1,0],8[1,0],9[1,0],
08-26 02:28:39.000 11452 12042 E storage_trim_block: ed1209f431bfbfca43da48365085652100000000 : 1[1,0],2[1,0],3[1,0],4[1,0],5[1,0],6[1,0],7[1,0],
08-26 02:28:39.000 11452 12042 E storage_trim_block: 
08-26 02:28:39.000 11452 12042 E storage_trim_block: HCDN_LOG: [2019-08-26 02:28:39.000][T:12042][func:PrintPriorityBlock],[line:148],PriorityBlock :
08-26 02:28:39.000 11452 12042 E storage_trim_block: 55ef8d98e1a62f4e03388ad78ab85d2400000000 : 11[0,1,0],
08-26 02:28:39.000 11452 12042 E storage_trim_block: ed1209f431bfbfca43da48365085652100000000 : 1[0,1,0],2[1ff,1,0],3[2ff,1,0],4[3ff,1,0],5[4ff,1,0],6[5ff,1,0],7[6ff,1,0],
08-26 02:28:39.000 11452 12042 E storage_trim_block: dc43cfe9abe98af1c5d989100f44f1bc00000000 : 0[100ff,1,0],1[101ff,1,0],2[102ff,1,0],3[103ff,1,0],4[104ff,1,0],5[105ff,1,0],6[106ff,1,0],7[107ff,1,0],8[108f5,1,0],9[109d9,1,0],
08-26 02:28:39.000 11452 12042 E storage_trim_block: 
08-26 02:28:39.000 11452 12042 E storage_trim_block: HCDN_LOG: [2019-08-26 02:28:39.000][T:12042][func:TrimDisconDownloadBlocks],[line:340],[oper:Post Pause Download request]
08-26 02:28:39.001 11452 12042 E storage_trim_block: HCDN_LOG: [2019-08-26 02:28:39.001][T:12042][func:PrintDataBlock],[line:116],DataBlock : 
08-26 02:28:39.001 11452 12042 E storage_trim_block: 55ef8d98e1a62f4e03388ad78ab85d2400000000 : 11[1,0],
