08-26 02:24:16.294  1111  1805 I NetworkStatsRecorder: recordSnapshotLocked: ident[[{type=WIFI, subType=COMBINED, networkId="emporia_5G", metered=false, defaultNetwork=true}]]
08-26 02:24:16.294  1111  1805 W NetworkStatsRecorder: unknown interfaces [lo], ignoring those stats
08-26 02:24:16.294  1111  1805 W NetworkStatsRecorder: unknown interfaces [lo], ignoring those stats
08-26 02:24:54.466   746   928 E storaged: getDiskStats failed with result NOT_SUPPORTED and size 0
08-26 02:25:00.003  1111  1111 I ActivityManager: Killing 19404:com.android.defcontainer/u0a22 (adj 904): empty for 1813s
08-26 02:25:00.004  1111  1111 I ActivityManager: Killing 18150:com.google.android.apps.nbu.files/u0a7 (adj 906): empty for 1857s
08-26 02:25:15.829  1111  1805 I NetworkStatsRecorder: recordSnapshotLocked: ident[[{type=WIFI, subType=COMBINED, networkId="emporia_5G", metered=false, defaultNetwork=true}]]
08-26 02:25:15.830  1111  1805 W NetworkStatsRecorder: unknown interfaces [lo], ignoring those stats
08-26 02:25:15.833  1111  1805 I NetworkStatsRecorder: recordSnapshotLocked: ident[[{type=WIFI, subType=COMBINED, networkId="emporia_5G", metered=false, defaultNetwork=true}]]
08-26 02:25:15.836  1111  1805 W NetworkStatsRecorder: unknown interfaces [lo], ignoring those stats
08-26 02:25:15.837  1111  1805 I NetworkStatsRecorder: recordSnapshotLocked: ident[[{type=WIFI, subType=COMBINED, networkId="emporia_5G", metered=false, defaultNetwork=true}]]
08-26 02:25:15.839  1111  1805 I chatty  : uid=1000(system) NetworkStats identical 2 lines
08-26 02:25:15.840  1111  1805 I NetworkStatsRecorder: recordSnapshotLocked: ident[[{type=WIFI, subType=COMBINED, networkId="emporia_5G", metered=false, defaultNetwork=true}]]
08-26 02:25:15.841  1111  1805 W NetworkStatsRecorder: unknown interfaces [lo], ignoring those stats
08-26 02:25:15.845  1111  1805 I NetworkStatsRecorder: recordSnapshotLocked: ident[[{type=WIFI, subType=COMBINED, networkId="emporia_5G", metered=false, defaultNetwork=true}]]
08-26 02:25:15.845  1111  1805 W NetworkStatsRecorder: unknown interfaces [lo], ignoring those stats
08-26 02:25:17.212  1111  1805 I NetworkStatsRecorder: recordSnapshotLocked: ident[[{type=WIFI, subType=COMBINED, networkId="emporia_5G", metered=false, defaultNetwork=true}]]
08-26 02:25:17.212  1111  1805 W NetworkStatsRecorder: unknown interfaces [lo], ignoring those stats
08-26 02:25:17.213  1111  1805 I NetworkStatsRecorder: recordSnapshotLocked: ident[[{type=WIFI, subType=COMBINED, networkId="emporia_5G", metered=false, defaultNetwork=true}]]
08-26 02:25:17.213  1111  1805 W NetworkStatsRecorder: unknown interfaces [lo], ignoring those stats
08-26 02:25:17.218  1111  1805 I NetworkStatsRecorder: recordSnapshotLocked: ident[[{type=WIFI, subType=COMBINED, networkId="emporia_5G", metered=false, defaultNetwork=true}]]
08-26 02:25:17.219  1111  1805 W NetworkStatsRecorder: unknown interfaces [lo], ignoring those stats
08-26 02:25:17.219  1111  1805 W NetworkStatsRecorder: unknown interfaces [lo], ignoring those stats
08-26 02:25:54.466   746   928 E storaged: getDiskStats failed with result NOT_SUPPORTED and size 0
08-26 02:26:21.756  1111  5114 I ActivityManager: Killing 20737:com.android.bookmarkprovider/u0a77 (adj 904): empty for 1803s
08-26 02:26:21.756  1111  5114 I ActivityManager: Killing 19349:com.google.android.packageinstaller/u0a17 (adj 906): empty for 1806s
08-26 02:26:21.827  1111  1147 W ActivityManager: setHasOverlayUi called on unknown pid: 19349
08-26 02:26:27.901  1111  1805 I NetworkStatsRecorder: recordSnapshotLocked: ident[[{type=WIFI, subType=COMBINED, networkId="emporia_5G", metered=false, defaultNetwork=true}]]
08-26 02:26:27.901  1111  1805 W NetworkStatsRecorder: unknown interfaces [lo], ignoring those stats
08-26 02:26:27.901  1111  1805 I NetworkStatsRecorder: recordSnapshotLocked: ident[[{type=WIFI, subType=COMBINED, networkId="emporia_5G", metered=false, defaultNetwork=true}]]
08-26 02:26:27.901  1111  1805 W NetworkStatsRecorder: unknown interfaces [lo], ignoring those stats
08-26 02:26:27.902  1111  1805 I NetworkStatsRecorder: recordSnapshotLocked: ident[[{type=WIFI, subType=COMBINED, networkId="emporia_5G", metered=false, defaultNetwork=true}]]
08-26 02:26:27.903  1111  1805 I chatty  : uid=1000(system) NetworkStats identical 3 lines
08-26 02:26:27.903  1111  1805 I NetworkStatsRecorder: recordSnapshotLocked: ident[[{type=WIFI, subType=COMBINED, networkId="emporia_5G", metered=false, defaultNetwork=true}]]
08-26 02:26:27.904  1111  1805 W NetworkStatsRecorder: unknown interfaces [lo], ignoring those stats
08-26 02:26:27.905  1111  1805 I NetworkStatsRecorder: recordSnapshotLocked: ident[[{type=WIFI, subType=COMBINED, networkId="emporia_5G", metered=false, defaultNetwork=true}]]
08-26 02:26:27.907  1111  1805 I chatty  : uid=1000(system) NetworkStats identical 3 lines
08-26 02:26:27.907  1111  1805 I NetworkStatsRecorder: recordSnapshotLocked: ident[[{type=WIFI, subType=COMBINED, networkId="emporia_5G", metered=false, defaultNetwork=true}]]
08-26 02:26:27.908  1111  1805 W NetworkStatsRecorder: unknown interfaces [lo], ignoring those stats
08-26 02:26:29.225  1111  1805 I NetworkStatsRecorder: recordSnapshotLocked: ident[[{type=WIFI, subType=COMBINED, networkId="emporia_5G", metered=false, defaultNetwork=true}]]
08-26 02:26:29.225  1111  1805 W NetworkStatsRecorder: unknown interfaces [lo], ignoring those stats
08-26 02:26:29.226  1111  1805 I NetworkStatsRecorder: recordSnapshotLocked: ident[[{type=WIFI, subType=COMBINED, networkId="emporia_5G", metered=false, defaultNetwork=true}]]
08-26 02:26:29.226  1111  1805 W NetworkStatsRecorder: unknown interfaces [lo], ignoring those stats
08-26 02:26:29.226  1111  1805 I NetworkStatsRecorder: recordSnapshotLocked: ident[[{type=WIFI, subType=COMBINED, networkId="emporia_5G", metered=false, defaultNetwork=true}]]
08-26 02:26:29.227  1111  1805 I chatty  : uid=1000(system) NetworkStats identical 2 lines
08-26 02:26:29.227  1111  1805 I NetworkStatsRecorder: recordSnapshotLocked: ident[[{type=WIFI, subType=COMBINED, networkId="emporia_5G", metered=false, defaultNetwork=true}]]
08-26 02:26:29.227  1111  1805 W NetworkStatsRecorder: unknown interfaces [lo], ignoring those stats
08-26 02:26:29.227  1111  1805 I NetworkStatsRecorder: recordSnapshotLocked: ident[[{type=WIFI, subType=COMBINED, networkId="emporia_5G", metered=false, defaultNetwork=true}]]
08-26 02:26:29.228  1111  1805 I NetworkStatsRecorder: recordSnapshotLocked: ident[[{type=WIFI, subType=COMBINED, networkId="emporia_5G", metered=false, defaultNetwork=true}]]
08-26 02:26:29.228  1111  1805 W NetworkStatsRecorder: unknown interfaces [lo], ignoring those stats
08-26 02:26:30.965  1111  1138 I UsageStatsService: User[0] Flushing usage stats to disk
08-26 02:26:40.872  1111  1139 W BroadcastQueue: Background execution not allowed: receiving Intent { act=android.intent.action.DROPBOX_ENTRY_ADDED flg=0x10 (has extras) } to com.google.android.gms/.stats.service.DropBoxEntryAddedReceiver
08-26 02:26:40.873  1111  1139 W BroadcastQueue: Background execution not allowed: receiving Intent { act=android.intent.action.DROPBOX_ENTRY_ADDED flg=0x10 (has extras) } to com.google.android.gms/.chimera.GmsIntentOperationService$PersistentTrustedReceiver
08-26 02:26:54.468   746   928 E storaged: getDiskStats failed with result NOT_SUPPORTED and size 0
08-26 02:26:55.733  1111  1139 I ActivityManager: Waited long enough for: ServiceRecord{aa90f7d u0 com.google.android.gms/.droidguard.DroidGuardService}
08-26 02:27:54.469   746   928 E storaged: getDiskStats failed with result NOT_SUPPORTED and size 0
08-26 02:28:04.992  1111  1139 W BroadcastQueue: Background execution not allowed: receiving Intent { act=android.intent.action.ACTION_POWER_DISCONNECTED flg=0x4000010 (has extras) } to com.adups.fota/.MyReceiver
08-26 02:28:04.993  1111  1139 W BroadcastQueue: Background execution not allowed: receiving Intent { act=android.intent.action.ACTION_POWER_DISCONNECTED flg=0x4000010 (has extras) } to com.emporia.emporiaapprebuild/com.appguide.app.receivers.BackroundBroadcastReceiver
08-26 02:28:04.993  1111  1139 W BroadcastQueue: Background execution not allowed: receiving Intent { act=android.intent.action.ACTION_POWER_DISCONNECTED flg=0x4000010 (has extras) } to com.google.android.gms/.chimera.GmsIntentOperationService$PersistentTrustedReceiver
08-26 02:28:05.008  1111  1143 E BatteryExternalStatsWorker: no controller energy info supplied for wifi
08-26 02:28:05.008  1111  1143 E BatteryExternalStatsWorker: no controller energy info supplied for bluetooth
08-26 02:28:05.071  1111  1143 W BatteryExternalStatsWorker: modem info is invalid: ModemActivityInfo{ mTimestamp=11661435 mSleepTimeMs=6993247 mIdleTimeMs=-2142849629 mTxTimeMs[]=[0, 0, 0, 0, 0] mRxTimeMs=9885957 mEnergyUsed=0}
08-26 02:28:05.490  1111  1185 I WindowManager: Screen frozen for +178ms due to Window{c1e6e54 u0 com.qiyi.video/org.iqiyi.video.activity.PlayerActivity}
08-26 02:28:05.754  1111  1805 I NetworkStatsRecorder: recordSnapshotLocked: ident[[{type=WIFI, subType=COMBINED, networkId="emporia_5G", metered=false, defaultNetwork=true}]]
08-26 02:28:05.755  1111  1805 W NetworkStatsRecorder: unknown interfaces [lo], ignoring those stats
08-26 02:28:05.755  1111  1805 I NetworkStatsRecorder: recordSnapshotLocked: ident[[{type=WIFI, subType=COMBINED, networkId="emporia_5G", metered=false, defaultNetwork=true}]]
08-26 02:28:05.755  1111  1805 W NetworkStatsRecorder: unknown interfaces [lo], ignoring those stats
08-26 02:28:05.755  1111  1805 I NetworkStatsRecorder: recordSnapshotLocked: ident[[{type=WIFI, subType=COMBINED, networkId="emporia_5G", metered=false, defaultNetwork=true}]]
08-26 02:28:05.756  1111  1805 I chatty  : uid=1000(system) NetworkStats identical 3 lines
08-26 02:28:05.756  1111  1805 I NetworkStatsRecorder: recordSnapshotLocked: ident[[{type=WIFI, subType=COMBINED, networkId="emporia_5G", metered=false, defaultNetwork=true}]]
08-26 02:28:05.756  1111  1805 W NetworkStatsRecorder: unknown interfaces [lo], ignoring those stats
08-26 02:28:05.756  1111  1805 I NetworkStatsRecorder: recordSnapshotLocked: ident[[{type=WIFI, subType=COMBINED, networkId="emporia_5G", metered=false, defaultNetwork=true}]]
08-26 02:28:05.757  1111  1805 I chatty  : uid=1000(system) NetworkStats identical 4 lines
08-26 02:28:05.758  1111  1805 I NetworkStatsRecorder: recordSnapshotLocked: ident[[{type=WIFI, subType=COMBINED, networkId="emporia_5G", metered=false, defaultNetwork=true}]]
08-26 02:28:05.758  1111  1805 W NetworkStatsRecorder: unknown interfaces [lo], ignoring those stats
08-26 02:28:14.366  1111  1200 I ActivityManager: START u0 {act=android.intent.action.MAIN cat=[android.intent.category.HOME] flg=0x10200000 cmp=com.emporia.emporiaapprebuild/com.emporia.easylauncher.EasyLauncher (has extras)} from uid 1000
08-26 02:28:14.566  1111  6358 I ActivityManager: Config changes=20000480 {1.3 ?mcc?mnc [en_US] ldltr sw360dp w360dp h696dp 320dpi nrml long port finger -keyb/v/h -nav/h winConfig={ mBounds=Rect(0, 0 - 0, 0) mAppBounds=Rect(0, 0 - 720, 1440) mWindowingMode=fullscreen mActivityType=undefined} s.10}
08-26 02:28:14.642  1111  6358 I ActivityManager: Override config changes=20000480 {1.3 ?mcc?mnc [en_US] ldltr sw360dp w360dp h696dp 320dpi nrml long port finger -keyb/v/h -nav/h winConfig={ mBounds=Rect(0, 0 - 1440, 720) mAppBounds=Rect(0, 0 - 720, 1440) mWindowingMode=fullscreen mActivityType=undefined} s.10} for displayId=0
08-26 02:28:14.687  1111  1147 I WindowManager: Focus moving from Window{c1e6e54 u0 com.qiyi.video/org.iqiyi.video.activity.PlayerActivity} to null
08-26 02:28:14.717  1111  1140 W Looper  : Slow dispatch took 154ms android.ui h=com.android.server.policy.PhoneWindowManager$PolicyHandler c=com.android.server.policy.PhoneWindowManager$MyOrientationListener$UpdateRunnable@b434663 m=0
08-26 02:28:14.859  1111  1140 W Looper  : Slow dispatch took 142ms android.ui h=com.android.server.am.ActivityManagerService$UiHandler c=null m=30
08-26 02:28:15.040  1111  1134 I NetworkStatsRecorder: recordSnapshotLocked: ident[[{type=WIFI, subType=COMBINED, networkId="emporia_5G", metered=false, defaultNetwork=true}]]
08-26 02:28:15.040  1111  1134 W NetworkStatsRecorder: unknown interfaces [lo], ignoring those stats
08-26 02:28:15.040  1111  1134 I NetworkStatsRecorder: recordSnapshotLocked: ident[[{type=WIFI, subType=COMBINED, networkId="emporia_5G", metered=false, defaultNetwork=true}]]
08-26 02:28:15.041  1111  1134 W NetworkStatsRecorder: unknown interfaces [lo], ignoring those stats
08-26 02:28:15.041  1111  1134 I NetworkStatsRecorder: recordSnapshotLocked: ident[[{type=WIFI, subType=COMBINED, networkId="emporia_5G", metered=false, defaultNetwork=true}]]
08-26 02:28:15.041  1111  1134 I chatty  : uid=1000(system) Binder:1111_1 identical 2 lines
08-26 02:28:15.043  1111  1134 I NetworkStatsRecorder: recordSnapshotLocked: ident[[{type=WIFI, subType=COMBINED, networkId="emporia_5G", metered=false, defaultNetwork=true}]]
08-26 02:28:15.043  1111  1134 W NetworkStatsRecorder: unknown interfaces [lo], ignoring those stats
08-26 02:28:15.044  1111  1134 I NetworkStatsRecorder: recordSnapshotLocked: ident[[{type=WIFI, subType=COMBINED, networkId="emporia_5G", metered=false, defaultNetwork=true}]]
08-26 02:28:15.045  1111  1134 I chatty  : uid=1000(system) Binder:1111_1 identical 2 lines
08-26 02:28:15.045  1111  1134 I NetworkStatsRecorder: recordSnapshotLocked: ident[[{type=WIFI, subType=COMBINED, networkId="emporia_5G", metered=false, defaultNetwork=true}]]
08-26 02:28:15.045  1111  1134 W NetworkStatsRecorder: unknown interfaces [lo], ignoring those stats
08-26 02:28:15.218  1111  1139 W BroadcastQueue: Background execution not allowed: receiving Intent { act=android.intent.action.DROPBOX_ENTRY_ADDED flg=0x10 (has extras) } to com.google.android.gms/.stats.service.DropBoxEntryAddedReceiver
08-26 02:28:15.219  1111  1139 W BroadcastQueue: Background execution not allowed: receiving Intent { act=android.intent.action.DROPBOX_ENTRY_ADDED flg=0x10 (has extras) } to com.google.android.gms/.chimera.GmsIntentOperationService$PersistentTrustedReceiver
08-26 02:28:15.278  1854  1854 I EmergencyButton: ss.getState()=1 ss.isEmergencyOnly()=true for simId=0
08-26 02:28:15.337  1111  1845 I WindowManager: Relayout Window{cc5beeb u0 com.emporia.emporiaapprebuild/com.emporia.easylauncher.EasyLauncher}: oldVis=4 newVis=0 focusMayChange = true
08-26 02:28:15.378  1111  1147 I WindowManager: Focus moving from null to Window{cc5beeb u0 com.emporia.emporiaapprebuild/com.emporia.easylauncher.EasyLauncher}
08-26 02:28:15.465  1111  2428 W BroadcastQueue: Background execution not allowed: receiving Intent { act=android.intent.action.DROPBOX_ENTRY_ADDED flg=0x10 (has extras) } to com.google.android.gms/.stats.service.DropBoxEntryAddedReceiver
08-26 02:28:15.472  1111  1139 W BroadcastQueue: Background execution not allowed: receiving Intent { act=android.intent.action.DROPBOX_ENTRY_ADDED flg=0x10 (has extras) } to com.google.android.gms/.chimera.GmsIntentOperationService$PersistentTrustedReceiver
08-26 02:28:15.472  1111  1139 W BroadcastQueue: Background execution not allowed: receiving Intent { act=android.intent.action.DROPBOX_ENTRY_ADDED flg=0x10 (has extras) } to com.google.android.gms/.stats.service.DropBoxEntryAddedReceiver
08-26 02:28:15.473  1111  1139 W BroadcastQueue: Background execution not allowed: receiving Intent { act=android.intent.action.DROPBOX_ENTRY_ADDED flg=0x10 (has extras) } to com.google.android.gms/.chimera.GmsIntentOperationService$PersistentTrustedReceiver
08-26 02:28:15.618  1111  1185 I WindowManager: Screen frozen for +1s136ms due to Window{cc5beeb u0 com.emporia.emporiaapprebuild/com.emporia.easylauncher.EasyLauncher}
08-26 02:28:16.185  1111  1143 E BatteryExternalStatsWorker: no controller energy info supplied for wifi
08-26 02:28:16.185  1111  1143 E BatteryExternalStatsWorker: no controller energy info supplied for bluetooth
08-26 02:28:16.258  1111  1143 W BatteryExternalStatsWorker: modem info is invalid: ModemActivityInfo{ mTimestamp=11672614 mSleepTimeMs=7004052 mIdleTimeMs=-2142849254 mTxTimeMs[]=[0, 0, 0, 0, 0] mRxTimeMs=9885988 mEnergyUsed=0}
08-26 02:28:24.392  1111  1139 W ActivityManager: Launch timeout has expired, giving up wake lock!
08-26 02:28:26.836  1111  5182 W NotificationService: Toast already killed. pkg=com.qiyi.video callback=android.app.ITransientNotification$Stub$Proxy@bdc2e75
08-26 02:28:37.817  1111  1111 W WindowManager: removeWindowToken: Attempted to remove non-existing token: android.os.Binder@cf0648b
08-26 02:28:54.469   746   928 E storaged: getDiskStats failed with result NOT_SUPPORTED and size 0
--------- beginning of main
08-26 02:29:12.130  1958  1958 I SignalStrength_fake: BIRD_SIGNAL_TDD - tdScdmaDbm: 2147483647
08-26 02:29:12.130  1958  1958 I SignalStrength_fake: BIRD_SIGNAL_TDD - level: 0|2147483647
08-26 02:29:12.130  1958  1958 I SignalStrength_fake: getBirdFakeSignalLevel leveType = 2
08-26 02:29:12.130  1958  1958 I SignalStrength_fake: BIRD_SIGNAL_TDD - wcdmaDbm: -85
08-26 02:29:12.130  1958  1958 I SignalStrength_fake: BIRD_SIGNAL_TDD - level: 4|-85
08-26 02:29:12.130  1958  1958 I SignalStrength_fake: getBirdFakeSignalLevel level = 4
08-26 02:29:12.212 20557 21047 E Hcdn_DeTask2488362245: HCDN_LOG: [2019-08-26 02:29:12.212][T:21047]OnRecvDownloadInfoRequest,2919     hcdn download info speed(0 KB/s) flie_size(15633482) p2p_speed(0 KB/s) cdn_speed(0 KB/s) 
08-26 02:29:12.213 20557 21047 E Hcdn_DeTask2488362245: HCDN_LOG: [2019-08-26 02:29:12.213][T:21047]OnRecvCacheSecondsRequest,1133     cache_bytes=0!
08-26 02:29:12.494 20557 21047 E HCDN_CMFM: HCDN_LOG: 17k memery total_cnt(320),use_cnt(0)
08-26 02:29:13.043 20557 21380 E p2pfile : HCDN_LOG: [2019-08-26 02:29:13.043][T:21380][func:SetParam],[line:2276],[oper: SetParam message ParamName(video_time), ParamValue(-1003500|30), isGlobal(true), m_dwTaskID(0)]
08-26 02:29:13.044 20557 21047 E hcdn_downloadengine: HCDN_LOG: [2019-08-26 02:29:13.043][T:21047]OnRecvSetParam,1841     task_id : 2488362245,SetParam : video_time,30 
08-26 02:29:13.220 20557 21047 E Hcdn_DeTask2488362245: HCDN_LOG: [2019-08-26 02:29:13.220][T:21047]OnRecvDownloadInfoRequest,2919     hcdn download info speed(0 KB/s) flie_size(15633482) p2p_speed(0 KB/s) cdn_speed(0 KB/s) 
08-26 02:29:13.221 20557 21047 E Hcdn_DeTask2488362245: HCDN_LOG: [2019-08-26 02:29:13.221][T:21047]OnRecvCacheSecondsRequest,1133     cache_bytes=0!
08-26 02:29:13.526 20557 21047 E HCDN_CMFM: HCDN_LOG: 17k memery total_cnt(320),use_cnt(0)
08-26 02:29:13.561 19082 19108 I PlayCommon: [517] acij.d(23): Preparing logs for uploading
08-26 02:29:13.563 19082 19108 I PlayCommon: [517] acij.d(217): Connecting to server for timestamp: https://play.googleapis.com/play/log/timestamp
08-26 02:29:13.563 19082 19108 W System  : ClassLoader referenced unknown path: system/framework/mediatek-cta.jar
08-26 02:29:13.564 19082 19108 I System.out: e:java.lang.ClassNotFoundException: com.mediatek.cta.CtaHttp
08-26 02:29:13.568 19082 19108 W System  : ClassLoader referenced unknown path: system/framework/mediatek-cta.jar
08-26 02:29:13.569 19082 19108 I System.out: e:java.lang.ClassNotFoundException: com.mediatek.cta.CtaHttp
08-26 02:29:14.062 20557 21380 E p2pfile : HCDN_LOG: [2019-08-26 02:29:14.062][T:21380][func:SetParam],[line:2276],[oper: SetParam message ParamName(video_time), ParamValue(-1003500|30), isGlobal(true), m_dwTaskID(0)]
08-26 02:29:14.062 20557 21047 E hcdn_downloadengine: HCDN_LOG: [2019-08-26 02:29:14.062][T:21047]OnRecvSetParam,1841     task_id : 2488362245,SetParam : video_time,30 
08-26 02:29:14.253 20557 21047 E Hcdn_DeTask2488362245: HCDN_LOG: [2019-08-26 02:29:14.253][T:21047]OnRecvDownloadInfoRequest,2919     hcdn download info speed(0 KB/s) flie_size(15633482) p2p_speed(0 KB/s) cdn_speed(0 KB/s) 
08-26 02:29:14.253 20557 21047 E Hcdn_DeTask2488362245: HCDN_LOG: [2019-08-26 02:29:14.253][T:21047]OnRecvCacheSecondsRequest,1133     cache_bytes=0!
08-26 02:29:14.533 20557 21047 E HCDN_CMFM: HCDN_LOG: 17k memery total_cnt(320),use_cnt(0)
08-26 02:29:14.640   753   753 I thermal_repeater: [recvMdThermalInfo] ret=28, strLen=127,  2, 32767, -127, 0, 32767, 0
08-26 02:29:15.064 20557 21380 E p2pfile : HCDN_LOG: [2019-08-26 02:29:15.064][T:21380][func:SetParam],[line:2276],[oper: SetParam message ParamName(video_time), ParamValue(-1003500|30), isGlobal(true), m_dwTaskID(0)]
08-26 02:29:15.064 20557 21047 E hcdn_downloadengine: HCDN_LOG: [2019-08-26 02:29:15.064][T:21047]OnRecvSetParam,1841     task_id : 2488362245,SetParam : video_time,30 
08-26 02:29:15.066 20557 21063 E storage_trim_block: HCDN_LOG: [2019-08-26 02:29:15.066][T:21063][func:TrimDisconDownloadBlocks],[line:177],[oper:trim block begin...]
08-26 02:29:15.067 20557 21063 E storage_trim_block: HCDN_LOG: [2019-08-26 02:29:15.067][T:21063][func:PrintBlockInfoForTrim],[line:90],PrintBlockInfoForTrim : 
08-26 02:29:15.067 20557 21063 E storage_trim_block: VID[52d4bfe409f3655f62dd8bd71b8cd158], FID_Index[5], BlockNO[1]
08-26 02:29:15.067 20557 21063 E storage_trim_block:  5 : dc43cfe9abe98af1c5d989100f44f1bc00000000
08-26 02:29:15.067 20557 21063 E storage_trim_block: 
08-26 02:29:15.067 20557 21063 E storage_trim_block: HCDN_LOG: [2019-08-26 02:29:15.067][T:21063][func:PrintBlockInfoForTrim],[line:90],PrintBlockInfoForTrim : 
08-26 02:29:15.067 20557 21063 E storage_trim_block: VID[84600e02abe361e24a353ee6f7a831ae], FID_Index[0], BlockNO[1]
08-26 02:29:15.067 20557 21063 E storage_trim_block:  0 : ed1209f431bfbfca43da48365085652100000000
08-26 02:29:15.067 20557 21063 E storage_trim_block: 
08-26 02:29:15.067 20557 21063 E storage_trim_block: HCDN_LOG: [2019-08-26 02:29:15.067][T:21063][func:PrintDataBlock],[line:116],DataBlock : 
08-26 02:29:15.067 20557 21063 E storage_trim_block: dc43cfe9abe98af1c5d989100f44f1bc00000000 : 1[1,0],2[1,0],3[1,0],4[1,0],5[1,0],6[1,0],7[1,0],
08-26 02:29:15.067 20557 21063 E storage_trim_block: ed1209f431bfbfca43da48365085652100000000 : 1[1,0],2[1,0],3[1,0],4[1,0],5[1,0],6[1,0],7[1,0],
08-26 02:29:15.067 20557 21063 E storage_trim_block: 
08-26 02:29:15.067 20557 21063 E storage_trim_block: HCDN_LOG: [2019-08-26 02:29:15.067][T:21063][func:PrintPriorityBlock],[line:148],PriorityBlock :
08-26 02:29:15.067 20557 21063 E storage_trim_block: dc43cfe9abe98af1c5d989100f44f1bc00000000 : 1[0,1,0],
08-26 02:29:15.067 20557 21063 E storage_trim_block: ed1209f431bfbfca43da48365085652100000000 : 1[0,1,0],
08-26 02:29:15.067 20557 21063 E storage_trim_block: dc43cfe9abe98af1c5d989100f44f1bc00000000 : 2[1ff,1,0],
08-26 02:29:15.067 20557 21063 E storage_trim_block: ed1209f431bfbfca43da48365085652100000000 : 2[1ff,1,0],
08-26 02:29:15.067 20557 21063 E storage_trim_block: dc43cfe9abe98af1c5d989100f44f1bc00000000 : 3[2ff,1,0],
08-26 02:29:15.067 20557 21063 E storage_trim_block: ed1209f431bfbfca43da48365085652100000000 : 3[2ff,1,0],
08-26 02:29:15.067 20557 21063 E storage_trim_block: dc43cfe9abe98af1c5d989100f44f1bc00000000 : 4[3ff,1,0],
08-26 02:29:15.067 20557 21063 E storage_trim_block: ed1209f431bfbfca43da48365085652100000000 : 4[3ff,1,0],
08-26 02:29:15.067 20557 21063 E storage_trim_block: dc43cfe9abe98af1c5d989100f44f1bc00000000 : 5[4ff,1,0],
08-26 02:29:15.067 20557 21063 E storage_trim_block: ed1209f431bfbfca43da48365085652100000000 : 5[4ff,1,0],
08-26 02:29:15.067 20557 21063 E storage_trim_block: dc43cfe9abe98af1c5d989100f44f1bc00000000 : 6[5ff,1,0],
08-26 02:29:15.067 20557 21063 E storage_trim_block: ed1209f431bfbfca43da48365085652100000000 : 6[5ff,1,0],
08-26 02:29:15.067 20557 21063 E storage_trim_block: dc43cfe9abe98af1c5d989100f44f1bc00000000 : 7[6ff,1,0],
08-26 02:29:15.067 20557 21063 E storage_trim_block: ed1209f431bfbfca43da48365085652100000000 : 7[6ff,1,0],
08-26 02:29:15.067 20557 21063 E storage_trim_block: 
08-26 02:29:15.067 20557 21063 E storage_trim_block: HCDN_LOG: [2019-08-26 02:29:15.067][T:21063][func:TrimDisconDownloadBlocks],[line:321],[oper:Post Pause Download request]
08-26 02:29:15.067 20557 21047 E hcdn_downloadengine: HCDN_LOG: [2019-08-26 02:29:15.067][T:21047]OnRecvBlockRemainNotify,1827     left block count:0
08-26 02:29:15.068 20557 21063 E storage_trim_block: HCDN_LOG: [2019-08-26 02:29:15.068][T:21063][func:PrintDataBlock],[line:116],DataBlock : 
08-26 02:29:15.068 20557 21063 E storage_trim_block: dc43cfe9abe98af1c5d989100f44f1bc00000000 : 1[1,0],2[1,0],3[1,0],4[1,0],5[1,0],6[1,0],7[1,0],
08-26 02:29:15.068 20557 21063 E storage_trim_block: ed1209f431bfbfca43da48365085652100000000 : 1[1,0],2[1,0],3[1,0],4[1,0],5[1,0],6[1,0],7[1,0],
08-26 02:29:15.068 20557 21063 E storage_trim_block: 
08-26 02:29:15.068 20557 21063 E storage_trim_block: HCDN_LOG: [2019-08-26 02:29:15.068][T:21063][func:TrimDisconDownloadBlocks],[line:375],[oper:trim block end...]
08-26 02:29:15.092  1111  1809 E WifiVendorHal: getWifiLinkLayerStats(l.937) failed {.code = ERROR_NOT_SUPPORTED, .description = }
08-26 02:29:15.262 20557 21047 E Hcdn_DeTask2488362245: HCDN_LOG: [2019-08-26 02:29:15.261][T:21047]OnRecvDownloadInfoRequest,2919     hcdn download info speed(0 KB/s) flie_size(15633482) p2p_speed(0 KB/s) cdn_speed(0 KB/s) 
08-26 02:29:15.262 20557 21047 E Hcdn_DeTask2488362245: HCDN_LOG: [2019-08-26 02:29:15.262][T:21047]OnRecvCacheSecondsRequest,1133     cache_bytes=0!
08-26 02:29:15.545 20557 21047 E HCDN_CMFM: HCDN_LOG: 17k memery total_cnt(320),use_cnt(0)
08-26 02:29:16.064 20557 21380 E p2pfile : HCDN_LOG: [2019-08-26 02:29:16.064][T:21380][func:SetParam],[line:2276],[oper: SetParam message ParamName(video_time), ParamValue(-1003500|30), isGlobal(true), m_dwTaskID(0)]
08-26 02:29:16.064 20557 21047 E hcdn_downloadengine: HCDN_LOG: [2019-08-26 02:29:16.064][T:21047]OnRecvSetParam,1841     task_id : 2488362245,SetParam : video_time,30 
08-26 02:29:16.290 20557 21047 E Hcdn_DeTask2488362245: HCDN_LOG: [2019-08-26 02:29:16.290][T:21047]OnRecvDownloadInfoRequest,2919     hcdn download info speed(0 KB/s) flie_size(15633482) p2p_speed(0 KB/s) cdn_speed(0 KB/s) 
08-26 02:29:16.290 20557 21047 E Hcdn_DeTask2488362245: HCDN_LOG: [2019-08-26 02:29:16.290][T:21047]OnRecvCacheSecondsRequest,1133     cache_bytes=0!
08-26 02:29:16.586 20557 21047 E HCDN_CMFM: HCDN_LOG: 17k memery total_cnt(320),use_cnt(0)
08-26 02:29:17.087 20557 21380 E p2pfile : HCDN_LOG: [2019-08-26 02:29:17.087][T:21380][func:SetParam],[line:2276],[oper: SetParam message ParamName(video_time), ParamValue(-1003500|30), isGlobal(true), m_dwTaskID(0)]
08-26 02:29:17.088 20557 21047 E hcdn_downloadengine: HCDN_LOG: [2019-08-26 02:29:17.088][T:21047]OnRecvSetParam,1841     task_id : 2488362245,SetParam : video_time,30 
08-26 02:29:17.248  1958  1958 I SignalStrength_fake: getBirdFakeSignalLevel leveType = 0
08-26 02:29:17.248  1958  1958 I SignalStrength_fake: BIRD_SIGNAL_LTE - level: 0|2147483647
08-26 02:29:17.249  1958  1958 I SignalStrength_fake: getBirdFakeSignalLevel leveType = 1
08-26 02:29:17.249  1958  1958 I SignalStrength_fake: BIRD_SIGNAL_TDD - tdScdmaDbm: 2147483647
08-26 02:29:17.249  1958  1958 I SignalStrength_fake: BIRD_SIGNAL_TDD - level: 0|2147483647
08-26 02:29:17.249  1958  1958 I SignalStrength_fake: getBirdFakeSignalLevel leveType = 2
08-26 02:29:17.249  1958  1958 I SignalStrength_fake: BIRD_SIGNAL_TDD - wcdmaDbm: -85
08-26 02:29:17.249  1958  1958 I SignalStrength_fake: BIRD_SIGNAL_TDD - level: 4|-85
08-26 02:29:17.249  1958  1958 I SignalStrength_fake: getBirdFakeSignalLevel level = 4
08-26 02:29:17.250  1958  1958 I SignalStrength_fake: getBirdFakeSignalLevel leveType = 0
08-26 02:29:17.250  1958  1958 I SignalStrength_fake: BIRD_SIGNAL_LTE - level: 0|2147483647
08-26 02:29:17.250  1958  1958 I SignalStrength_fake: getBirdFakeSignalLevel leveType = 1
08-26 02:29:17.250  1958  1958 I SignalStrength_fake: BIRD_SIGNAL_TDD - tdScdmaDbm: 2147483647
08-26 02:29:17.250  1958  1958 I SignalStrength_fake: BIRD_SIGNAL_TDD - level: 0|2147483647
08-26 02:29:17.250  1958  1958 I SignalStrength_fake: getBirdFakeSignalLevel leveType = 2
08-26 02:29:17.250  1958  1958 I SignalStrength_fake: BIRD_SIGNAL_TDD - wcdmaDbm: -85
08-26 02:29:17.250  1958  1958 I SignalStrength_fake: BIRD_SIGNAL_TDD - level: 4|-85
08-26 02:29:17.250  1958  1958 I SignalStrength_fake: getBirdFakeSignalLevel level = 4
08-26 02:29:17.319 20557 21047 E Hcdn_DeTask2488362245: HCDN_LOG: [2019-08-26 02:29:17.319][T:21047]OnRecvDownloadInfoRequest,2919     hcdn download info speed(0 KB/s) flie_size(15633482) p2p_speed(0 KB/s) cdn_speed(0 KB/s) 
08-26 02:29:17.319 20557 21047 E Hcdn_DeTask2488362245: HCDN_LOG: [2019-08-26 02:29:17.319][T:21047]OnRecvCacheSecondsRequest,1133     cache_bytes=0!
08-26 02:29:17.610 20557 21047 E HCDN_CMFM: HCDN_LOG: 17k memery total_cnt(320),use_cnt(0)
08-26 02:29:18.099  1111  1809 E WifiVendorHal: getWifiLinkLayerStats(l.937) failed {.code = ERROR_NOT_SUPPORTED, .description = }
08-26 02:29:18.104 20557 21063 E storage_trim_block: HCDN_LOG: [2019-08-26 02:29:18.104][T:21063][func:TrimDisconDownloadBlocks],[line:177],[oper:trim block begin...]
08-26 02:29:18.104 20557 21063 E storage_trim_block: HCDN_LOG: [2019-08-26 02:29:18.104][T:21063][func:PrintBlockInfoForTrim],[line:90],PrintBlockInfoForTrim : 
08-26 02:29:18.104 20557 21063 E storage_trim_block: VID[52d4bfe409f3655f62dd8bd71b8cd158], FID_Index[5], BlockNO[1]
08-26 02:29:18.104 20557 21063 E storage_trim_block:  5 : dc43cfe9abe98af1c5d989100f44f1bc00000000
08-26 02:29:18.104 20557 21063 E storage_trim_block: 
08-26 02:29:18.104 20557 21063 E storage_trim_block: HCDN_LOG: [2019-08-26 02:29:18.104][T:21063][func:PrintBlockInfoForTrim],[line:90],PrintBlockInfoForTrim : 
08-26 02:29:18.104 20557 21063 E storage_trim_block: VID[84600e02abe361e24a353ee6f7a831ae], FID_Index[0], BlockNO[1]
08-26 02:29:18.104 20557 21063 E storage_trim_block:  0 : ed1209f431bfbfca43da48365085652100000000
08-26 02:29:18.104 20557 21063 E storage_trim_block: 
08-26 02:29:18.104 20557 21063 E storage_trim_block: HCDN_LOG: [2019-08-26 02:29:18.104][T:21063][func:PrintDataBlock],[line:116],DataBlock : 
08-26 02:29:18.104 20557 21063 E storage_trim_block: dc43cfe9abe98af1c5d989100f44f1bc00000000 : 1[1,0],2[1,0],3[1,0],4[1,0],5[1,0],6[1,0],7[1,0],
08-26 02:29:18.104 20557 21063 E storage_trim_block: ed1209f431bfbfca43da48365085652100000000 : 1[1,0],2[1,0],3[1,0],4[1,0],5[1,0],6[1,0],7[1,0],
08-26 02:29:18.104 20557 21063 E storage_trim_block: 
08-26 02:29:18.105 20557 21063 E storage_trim_block: HCDN_LOG: [2019-08-26 02:29:18.105][T:21063][func:PrintPriorityBlock],[line:148],PriorityBlock :
08-26 02:29:18.105 20557 21063 E storage_trim_block: dc43cfe9abe98af1c5d989100f44f1bc00000000 : 1[0,1,0],
08-26 02:29:18.105 20557 21063 E storage_trim_block: ed1209f431bfbfca43da48365085652100000000 : 1[0,1,0],
08-26 02:29:18.105 20557 21063 E storage_trim_block: dc43cfe9abe98af1c5d989100f44f1bc00000000 : 2[1ff,1,0],
08-26 02:29:18.105 20557 21063 E storage_trim_block: ed1209f431bfbfca43da48365085652100000000 : 2[1ff,1,0],
08-26 02:29:18.105 20557 21063 E storage_trim_block: dc43cfe9abe98af1c5d989100f44f1bc00000000 : 3[2ff,1,0],
08-26 02:29:18.105 20557 21063 E storage_trim_block: ed1209f431bfbfca43da48365085652100000000 : 3[2ff,1,0],
08-26 02:29:18.105 20557 21063 E storage_trim_block: dc43cfe9abe98af1c5d989100f44f1bc00000000 : 4[3ff,1,0],
08-26 02:29:18.105 20557 21063 E storage_trim_block: ed1209f431bfbfca43da48365085652100000000 : 4[3ff,1,0],
08-26 02:29:18.105 20557 21063 E storage_trim_block: dc43cfe9abe98af1c5d989100f44f1bc00000000 : 5[4ff,1,0],
08-26 02:29:18.105 20557 21063 E storage_trim_block: ed1209f431bfbfca43da48365085652100000000 : 5[4ff,1,0],
08-26 02:29:18.105 20557 21063 E storage_trim_block: dc43cfe9abe98af1c5d989100f44f1bc00000000 : 6[5ff,1,0],
08-26 02:29:18.105 20557 21063 E storage_trim_block: ed1209f431bfbfca43da48365085652100000000 : 6[5ff,1,0],
08-26 02:29:18.105 20557 21063 E storage_trim_block: dc43cfe9abe98af1c5d989100f44f1bc00000000 : 7[6ff,1,0],
08-26 02:29:18.105 20557 21063 E storage_trim_block: ed1209f431bfbfca43da48365085652100000000 : 7[6ff,1,0],
08-26 02:29:18.105 20557 21063 E storage_trim_block: 
08-26 02:29:18.105 20557 21063 E storage_trim_block: HCDN_LOG: [2019-08-26 02:29:18.105][T:21063][func:TrimDisconDownloadBlocks],[line:321],[oper:Post Pause Download request]
08-26 02:29:18.105 20557 21047 E hcdn_downloadengine: HCDN_LOG: [2019-08-26 02:29:18.105][T:21047]OnRecvBlockRemainNotify,1827     left block count:0
08-26 02:29:18.105 20557 21063 E storage_trim_block: HCDN_LOG: [2019-08-26 02:29:18.105][T:21063][func:PrintDataBlock],[line:116],DataBlock : 
08-26 02:29:18.105 20557 21063 E storage_trim_block: dc43cfe9abe98af1c5d989100f44f1bc00000000 : 1[1,0],2[1,0],3[1,0],4[1,0],5[1,0],6[1,0],7[1,0],
08-26 02:29:18.105 20557 21063 E storage_trim_block: ed1209f431bfbfca43da48365085652100000000 : 1[1,0],2[1,0],3[1,0],4[1,0],5[1,0],6[1,0],7[1,0],
08-26 02:29:18.105 20557 21063 E storage_trim_block: 
08-26 02:29:18.105 20557 21063 E storage_trim_block: HCDN_LOG: [2019-08-26 02:29:18.105][T:21063][func:TrimDisconDownloadBlocks],[line:375],[oper:trim block end...]
08-26 02:29:18.112 20557 21380 E p2pfile : HCDN_LOG: [2019-08-26 02:29:18.112][T:21380][func:SetParam],[line:2276],[oper: SetParam message ParamName(video_time), ParamValue(-1003500|30), isGlobal(true), m_dwTaskID(0)]
08-26 02:29:18.112 20557 21047 E hcdn_downloadengine: HCDN_LOG: [2019-08-26 02:29:18.112][T:21047]OnRecvSetParam,1841     task_id : 2488362245,SetParam : video_time,30 
08-26 02:29:18.352 20557 21047 E Hcdn_DeTask2488362245: HCDN_LOG: [2019-08-26 02:29:18.352][T:21047]OnRecvDownloadInfoRequest,2919     hcdn download info speed(0 KB/s) flie_size(15633482) p2p_speed(0 KB/s) cdn_speed(0 KB/s) 
08-26 02:29:18.352 20557 21047 E Hcdn_DeTask2488362245: HCDN_LOG: [2019-08-26 02:29:18.352][T:21047]OnRecvCacheSecondsRequest,1133     cache_bytes=0!
08-26 02:29:18.648 20557 21047 E HCDN_CMFM: HCDN_LOG: 17k memery total_cnt(320),use_cnt(0)
08-26 02:29:19.152 20557 21380 E p2pfile : HCDN_LOG: [2019-08-26 02:29:19.152][T:21380][func:SetParam],[line:2276],[oper: SetParam message ParamName(video_time), ParamValue(-1003500|30), isGlobal(true), m_dwTaskID(0)]
08-26 02:29:19.153 20557 21047 E hcdn_downloadengine: HCDN_LOG: [2019-08-26 02:29:19.153][T:21047]OnRecvSetParam,1841     task_id : 2488362245,SetParam : video_time,30 
08-26 02:29:19.358 20557 21047 E Hcdn_DeTask2488362245: HCDN_LOG: [2019-08-26 02:29:19.358][T:21047]OnRecvDownloadInfoRequest,2919     hcdn download info speed(0 KB/s) flie_size(15633482) p2p_speed(0 KB/s) cdn_speed(0 KB/s) 
08-26 02:29:19.358 20557 21047 E Hcdn_DeTask2488362245: HCDN_LOG: [2019-08-26 02:29:19.358][T:21047]OnRecvCacheSecondsRequest,1133     cache_bytes=0!
08-26 02:29:19.689 20557 21047 E HCDN_CMFM: HCDN_LOG: 17k memery total_cnt(320),use_cnt(0)
08-26 02:29:20.183 20557 21380 E p2pfile : HCDN_LOG: [2019-08-26 02:29:20.183][T:21380][func:SetParam],[line:2276],[oper: SetParam message ParamName(video_time), ParamValue(-1003500|30), isGlobal(true), m_dwTaskID(0)]
08-26 02:29:20.184 20557 21047 E hcdn_downloadengine: HCDN_LOG: [2019-08-26 02:29:20.184][T:21047]OnRecvSetParam,1841     task_id : 2488362245,SetParam : video_time,30 
08-26 02:29:20.369 20557 21047 E Hcdn_DeTask2488362245: HCDN_LOG: [2019-08-26 02:29:20.369][T:21047]OnRecvDownloadInfoRequest,2919     hcdn download info speed(0 KB/s) flie_size(15633482) p2p_speed(0 KB/s) cdn_speed(0 KB/s) 
08-26 02:29:20.369 20557 21047 E Hcdn_DeTask2488362245: HCDN_LOG: [2019-08-26 02:29:20.369][T:21047]OnRecvCacheSecondsRequest,1133     cache_bytes=0!
08-26 02:29:20.723 20557 21047 E HCDN_CMFM: HCDN_LOG: 17k memery total_cnt(320),use_cnt(0)
08-26 02:29:21.107  1111  1809 E WifiVendorHal: getWifiLinkLayerStats(l.937) failed {.code = ERROR_NOT_SUPPORTED, .description = }
08-26 02:29:21.134 20557 21063 E storage_trim_block: HCDN_LOG: [2019-08-26 02:29:21.134][T:21063][func:TrimDisconDownloadBlocks],[line:177],[oper:trim block begin...]
08-26 02:29:21.134 20557 21063 E storage_trim_block: HCDN_LOG: [2019-08-26 02:29:21.134][T:21063][func:PrintBlockInfoForTrim],[line:90],PrintBlockInfoForTrim : 
08-26 02:29:21.134 20557 21063 E storage_trim_block: VID[52d4bfe409f3655f62dd8bd71b8cd158], FID_Index[5], BlockNO[1]
08-26 02:29:21.134 20557 21063 E storage_trim_block:  5 : dc43cfe9abe98af1c5d989100f44f1bc00000000
08-26 02:29:21.134 20557 21063 E storage_trim_block: 
08-26 02:29:21.134 20557 21063 E storage_trim_block: HCDN_LOG: [2019-08-26 02:29:21.134][T:21063][func:PrintBlockInfoForTrim],[line:90],PrintBlockInfoForTrim : 
08-26 02:29:21.134 20557 21063 E storage_trim_block: VID[84600e02abe361e24a353ee6f7a831ae], FID_Index[0], BlockNO[1]
08-26 02:29:21.134 20557 21063 E storage_trim_block:  0 : ed1209f431bfbfca43da48365085652100000000
08-26 02:29:21.134 20557 21063 E storage_trim_block: 
08-26 02:29:21.135 20557 21063 E storage_trim_block: HCDN_LOG: [2019-08-26 02:29:21.135][T:21063][func:PrintDataBlock],[line:116],DataBlock : 
08-26 02:29:21.135 20557 21063 E storage_trim_block: dc43cfe9abe98af1c5d989100f44f1bc00000000 : 1[1,0],2[1,0],3[1,0],4[1,0],5[1,0],6[1,0],7[1,0],
08-26 02:29:21.135 20557 21063 E storage_trim_block: ed1209f431bfbfca43da48365085652100000000 : 1[1,0],2[1,0],3[1,0],4[1,0],5[1,0],6[1,0],7[1,0],
08-26 02:29:21.135 20557 21063 E storage_trim_block: 
08-26 02:29:21.135 20557 21063 E storage_trim_block: HCDN_LOG: [2019-08-26 02:29:21.135][T:21063][func:PrintPriorityBlock],[line:148],PriorityBlock :
08-26 02:29:21.135 20557 21063 E storage_trim_block: dc43cfe9abe98af1c5d989100f44f1bc00000000 : 1[0,1,0],
08-26 02:29:21.135 20557 21063 E storage_trim_block: ed1209f431bfbfca43da48365085652100000000 : 1[0,1,0],
08-26 02:29:21.135 20557 21063 E storage_trim_block: dc43cfe9abe98af1c5d989100f44f1bc00000000 : 2[1ff,1,0],
08-26 02:29:21.135 20557 21063 E storage_trim_block: ed1209f431bfbfca43da48365085652100000000 : 2[1ff,1,0],
08-26 02:29:21.135 20557 21063 E storage_trim_block: dc43cfe9abe98af1c5d989100f44f1bc00000000 : 3[2ff,1,0],
08-26 02:29:21.135 20557 21063 E storage_trim_block: ed1209f431bfbfca43da48365085652100000000 : 3[2ff,1,0],
08-26 02:29:21.135 20557 21063 E storage_trim_block: dc43cfe9abe98af1c5d989100f44f1bc00000000 : 4[3ff,1,0],
08-26 02:29:21.135 20557 21063 E storage_trim_block: ed1209f431bfbfca43da48365085652100000000 : 4[3ff,1,0],
08-26 02:29:21.135 20557 21063 E storage_trim_block: dc43cfe9abe98af1c5d989100f44f1bc00000000 : 5[4ff,1,0],
08-26 02:29:21.135 20557 21063 E storage_trim_block: ed1209f431bfbfca43da48365085652100000000 : 5[4ff,1,0],
08-26 02:29:21.135 20557 21063 E storage_trim_block: dc43cfe9abe98af1c5d989100f44f1bc00000000 : 6[5ff,1,0],
08-26 02:29:21.135 20557 21063 E storage_trim_block: ed1209f431bfbfca43da48365085652100000000 : 6[5ff,1,0],
08-26 02:29:21.135 20557 21063 E storage_trim_block: dc43cfe9abe98af1c5d989100f44f1bc00000000 : 7[6ff,1,0],
08-26 02:29:21.135 20557 21063 E storage_trim_block: ed1209f431bfbfca43da48365085652100000000 : 7[6ff,1,0],
08-26 02:29:21.135 20557 21063 E storage_trim_block: 
08-26 02:29:21.135 20557 21063 E storage_trim_block: HCDN_LOG: [2019-08-26 02:29:21.135][T:21063][func:TrimDisconDownloadBlocks],[line:321],[oper:Post Pause Download request]
08-26 02:29:21.135 20557 21047 E hcdn_downloadengine: HCDN_LOG: [2019-08-26 02:29:21.135][T:21047]OnRecvBlockRemainNotify,1827     left block count:0
08-26 02:29:21.135 20557 21063 E storage_trim_block: HCDN_LOG: [2019-08-26 02:29:21.135][T:21063][func:PrintDataBlock],[line:116],DataBlock : 
08-26 02:29:21.135 20557 21063 E storage_trim_block: dc43cfe9abe98af1c5d989100f44f1bc00000000 : 1[1,0],2[1,0],3[1,0],4[1,0],5[1,0],6[1,0],7[1,0],
08-26 02:29:21.135 20557 21063 E storage_trim_block: ed1209f431bfbfca43da48365085652100000000 : 1[1,0],2[1,0],3[1,0],4[1,0],5[1,0],6[1,0],7[1,0],
08-26 02:29:21.135 20557 21063 E storage_trim_block: 
08-26 02:29:21.135 20557 21063 E storage_trim_block: HCDN_LOG: [2019-08-26 02:29:21.135][T:21063][func:TrimDisconDownloadBlocks],[line:375],[oper:trim block end...]
08-26 02:29:21.192 20557 21380 E p2pfile : HCDN_LOG: [2019-08-26 02:29:21.192][T:21380][func:SetParam],[line:2276],[oper: SetParam message ParamName(video_time), ParamValue(-1003500|30), isGlobal(true), m_dwTaskID(0)]
08-26 02:29:21.193 20557 21047 E hcdn_downloadengine: HCDN_LOG: [2019-08-26 02:29:21.193][T:21047]OnRecvSetParam,1841     task_id : 2488362245,SetParam : video_time,30 
08-26 02:29:21.235 20557 20689 I CONNECTOR: Sent(3): 070000
08-26 02:29:21.380 20557 21047 E Hcdn_DeTask2488362245: HCDN_LOG: [2019-08-26 02:29:21.379][T:21047]OnRecvDownloadInfoRequest,2919     hcdn download info speed(0 KB/s) flie_size(15633482) p2p_speed(0 KB/s) cdn_speed(0 KB/s) 
08-26 02:29:21.380 20557 21047 E Hcdn_DeTask2488362245: HCDN_LOG: [2019-08-26 02:29:21.380][T:21047]OnRecvCacheSecondsRequest,1133     cache_bytes=0!
08-26 02:29:21.758 20557 21047 E HCDN_CMFM: HCDN_LOG: 17k memery total_cnt(320),use_cnt(0)
08-26 02:29:22.196 20557 21380 E p2pfile : HCDN_LOG: [2019-08-26 02:29:22.196][T:21380][func:SetParam],[line:2276],[oper: SetParam message ParamName(video_time), ParamValue(-1003500|30), isGlobal(true), m_dwTaskID(0)]
08-26 02:29:22.196 20557 21047 E hcdn_downloadengine: HCDN_LOG: [2019-08-26 02:29:22.196][T:21047]OnRecvSetParam,1841     task_id : 2488362245,SetParam : video_time,30 
08-26 02:29:22.299  1111  1198 E MtkDataShapingUtils: Exception openLteGateByDataShaping  in java.lang.NullPointerException: null receiver
08-26 02:29:22.299  1111  1198 W System.err: java.lang.NullPointerException: null receiver
08-26 02:29:22.300  1111  1198 W System.err: 	at java.lang.reflect.Method.invoke(Native Method)
08-26 02:29:22.300  1111  1198 W System.err: 	at com.mediatek.server.MtkDataShaping.openLteGateByDataShaping(MtkDataShaping.java:36)
08-26 02:29:22.300  1111  1198 W System.err: 	at com.android.server.AlarmManagerService.deliverAlarmsLocked(AlarmManagerService.java:3607)
08-26 02:29:22.300  1111  1198 W System.err: 	at com.android.server.AlarmManagerService$AlarmThread.run(AlarmManagerService.java:3785)
08-26 02:29:22.341   749   749 I Accelerometer: batch: handle:0, flag:0,samplingPeriodNs:20000000 maxBatchReportLatencyNs:0
08-26 02:29:22.342   749   749 I Accelerometer: flush, flushCnt:1
08-26 02:29:22.342   749  1190 I Accelerometer: flush complete, flushCnt:0
08-26 02:29:22.371  1958  1958 I SignalStrength_fake: getBirdFakeSignalLevel leveType = 0
08-26 02:29:22.371  1958  1958 I SignalStrength_fake: BIRD_SIGNAL_LTE - level: 0|2147483647
08-26 02:29:22.371  1958  1958 I SignalStrength_fake: getBirdFakeSignalLevel leveType = 1
08-26 02:29:22.371  1958  1958 I SignalStrength_fake: BIRD_SIGNAL_TDD - tdScdmaDbm: 2147483647
08-26 02:29:22.371  1958  1958 I SignalStrength_fake: BIRD_SIGNAL_TDD - level: 0|2147483647
08-26 02:29:22.371  1958  1958 I SignalStrength_fake: getBirdFakeSignalLevel leveType = 2
08-26 02:29:22.371  1958  1958 I SignalStrength_fake: BIRD_SIGNAL_TDD - wcdmaDbm: -85
08-26 02:29:22.371  1958  1958 I SignalStrength_fake: BIRD_SIGNAL_TDD - level: 4|-85
08-26 02:29:22.371  1958  1958 I SignalStrength_fake: getBirdFakeSignalLevel level = 4
08-26 02:29:22.375  1111  2158 I SignalStrength_fake: getBirdFakeSignalLevel leveType = 0
08-26 02:29:22.375  1111  2158 I SignalStrength_fake: BIRD_SIGNAL_LTE - level: 0|2147483647
08-26 02:29:22.375  1111  2158 I SignalStrength_fake: getBirdFakeSignalLevel leveType = 1
08-26 02:29:22.375  1111  2158 I SignalStrength_fake: BIRD_SIGNAL_TDD - tdScdmaDbm: 2147483647
08-26 02:29:22.375  1111  2158 I SignalStrength_fake: BIRD_SIGNAL_TDD - level: 0|2147483647
08-26 02:29:22.375  1111  2158 I SignalStrength_fake: getBirdFakeSignalLevel leveType = 2
08-26 02:29:22.375  1111  2158 I SignalStrength_fake: BIRD_SIGNAL_TDD - wcdmaDbm: -84
08-26 02:29:22.375  1111  2158 I SignalStrength_fake: BIRD_SIGNAL_TDD - level: 4|-84
08-26 02:29:22.375  1111  2158 I SignalStrength_fake: getBirdFakeSignalLevel level = 4
08-26 02:29:22.376  1958  1958 I SignalStrength_fake: getBirdFakeSignalLevel leveType = 0
08-26 02:29:22.376  1958  1958 I SignalStrength_fake: BIRD_SIGNAL_LTE - level: 0|2147483647
08-26 02:29:22.376  1958  1958 I SignalStrength_fake: getBirdFakeSignalLevel leveType = 1
08-26 02:29:22.376  1958  1958 I SignalStrength_fake: BIRD_SIGNAL_TDD - tdScdmaDbm: 2147483647
08-26 02:29:22.376  1958  1958 I SignalStrength_fake: BIRD_SIGNAL_TDD - level: 0|2147483647
08-26 02:29:22.376  1958  1958 I SignalStrength_fake: getBirdFakeSignalLevel leveType = 2
08-26 02:29:22.376  1958  1958 I SignalStrength_fake: BIRD_SIGNAL_TDD - wcdmaDbm: -84
08-26 02:29:22.376  1958  1958 I SignalStrength_fake: BIRD_SIGNAL_TDD - level: 4|-84
08-26 02:29:22.376  1958  1958 I SignalStrength_fake: getBirdFakeSignalLevel level = 4
08-26 02:29:22.412 20557 21047 E Hcdn_DeTask2488362245: HCDN_LOG: [2019-08-26 02:29:22.412][T:21047]OnRecvDownloadInfoRequest,2919     hcdn download info speed(0 KB/s) flie_size(15633482) p2p_speed(0 KB/s) cdn_speed(0 KB/s) 
08-26 02:29:22.412 20557 21047 E Hcdn_DeTask2488362245: HCDN_LOG: [2019-08-26 02:29:22.412][T:21047]OnRecvCacheSecondsRequest,1133     cache_bytes=0!
08-26 02:29:22.470  1870 23349 I NetRec  : [942] alfq.a: Refreshing scores for 3 networks.
08-26 02:29:22.512  1870 23378 I NetRec  : [944] alfq.a: Refreshing scores for 3 networks.
08-26 02:29:22.763 20557 21047 E HCDN_CMFM: HCDN_LOG: 17k memery total_cnt(320),use_cnt(0)
08-26 02:29:22.876   749   749 I Accelerometer: batch: handle:0, flag:0,samplingPeriodNs:66667000 maxBatchReportLatencyNs:100000000
08-26 02:29:23.206 20557 21380 E p2pfile : HCDN_LOG: [2019-08-26 02:29:23.206][T:21380][func:SetParam],[line:2276],[oper: SetParam message ParamName(video_time), ParamValue(-1003500|30), isGlobal(true), m_dwTaskID(0)]
08-26 02:29:23.209 20557 21047 E hcdn_downloadengine: HCDN_LOG: [2019-08-26 02:29:23.209][T:21047]OnRecvSetParam,1841     task_id : 2488362245,SetParam : video_time,30 
08-26 02:29:23.452 20557 21047 E Hcdn_DeTask2488362245: HCDN_LOG: [2019-08-26 02:29:23.452][T:21047]OnRecvDownloadInfoRequest,2919     hcdn download info speed(0 KB/s) flie_size(15633482) p2p_speed(0 KB/s) cdn_speed(0 KB/s) 
08-26 02:29:23.452 20557 21047 E Hcdn_DeTask2488362245: HCDN_LOG: [2019-08-26 02:29:23.452][T:21047]OnRecvCacheSecondsRequest,1133     cache_bytes=0!
08-26 02:29:23.604 19082 19108 W System  : ClassLoader referenced unknown path: system/framework/mediatek-cta.jar
08-26 02:29:23.605 19082 19108 I System.out: e:java.lang.ClassNotFoundException: com.mediatek.cta.CtaHttp
08-26 02:29:23.605 19082 19108 W System  : ClassLoader referenced unknown path: system/framework/mediatek-cta.jar
08-26 02:29:23.606 19082 19108 I System.out: e:java.lang.ClassNotFoundException: com.mediatek.cta.CtaHttp
08-26 02:29:23.773 20557 21047 E HCDN_CMFM: HCDN_LOG: 17k memery total_cnt(320),use_cnt(0)
08-26 02:29:24.122  1111  1809 E WifiVendorHal: getWifiLinkLayerStats(l.937) failed {.code = ERROR_NOT_SUPPORTED, .description = }
08-26 02:29:24.175 20557 21063 E storage_trim_block: HCDN_LOG: [2019-08-26 02:29:24.175][T:21063][func:TrimDisconDownloadBlocks],[line:177],[oper:trim block begin...]
08-26 02:29:24.175 20557 21063 E storage_trim_block: HCDN_LOG: [2019-08-26 02:29:24.175][T:21063][func:PrintBlockInfoForTrim],[line:90],PrintBlockInfoForTrim : 
08-26 02:29:24.175 20557 21063 E storage_trim_block: VID[52d4bfe409f3655f62dd8bd71b8cd158], FID_Index[5], BlockNO[1]
08-26 02:29:24.175 20557 21063 E storage_trim_block:  5 : dc43cfe9abe98af1c5d989100f44f1bc00000000
08-26 02:29:24.175 20557 21063 E storage_trim_block: 
08-26 02:29:24.176 20557 21063 E storage_trim_block: HCDN_LOG: [2019-08-26 02:29:24.176][T:21063][func:PrintBlockInfoForTrim],[line:90],PrintBlockInfoForTrim : 
08-26 02:29:24.176 20557 21063 E storage_trim_block: VID[84600e02abe361e24a353ee6f7a831ae], FID_Index[0], BlockNO[1]
08-26 02:29:24.176 20557 21063 E storage_trim_block:  0 : ed1209f431bfbfca43da48365085652100000000
08-26 02:29:24.176 20557 21063 E storage_trim_block: 
08-26 02:29:24.176 20557 21063 E storage_trim_block: HCDN_LOG: [2019-08-26 02:29:24.176][T:21063][func:PrintDataBlock],[line:116],DataBlock : 
08-26 02:29:24.176 20557 21063 E storage_trim_block: dc43cfe9abe98af1c5d989100f44f1bc00000000 : 1[1,0],2[1,0],3[1,0],4[1,0],5[1,0],6[1,0],7[1,0],
08-26 02:29:24.176 20557 21063 E storage_trim_block: ed1209f431bfbfca43da48365085652100000000 : 1[1,0],2[1,0],3[1,0],4[1,0],5[1,0],6[1,0],7[1,0],
08-26 02:29:24.176 20557 21063 E storage_trim_block: 
08-26 02:29:24.176 20557 21063 E storage_trim_block: HCDN_LOG: [2019-08-26 02:29:24.176][T:21063][func:PrintPriorityBlock],[line:148],PriorityBlock :
08-26 02:29:24.176 20557 21063 E storage_trim_block: dc43cfe9abe98af1c5d989100f44f1bc00000000 : 1[0,1,0],
08-26 02:29:24.176 20557 21063 E storage_trim_block: ed1209f431bfbfca43da48365085652100000000 : 1[0,1,0],
08-26 02:29:24.176 20557 21063 E storage_trim_block: dc43cfe9abe98af1c5d989100f44f1bc00000000 : 2[1ff,1,0],
08-26 02:29:24.176 20557 21063 E storage_trim_block: ed1209f431bfbfca43da48365085652100000000 : 2[1ff,1,0],
08-26 02:29:24.176 20557 21063 E storage_trim_block: dc43cfe9abe98af1c5d989100f44f1bc00000000 : 3[2ff,1,0],
08-26 02:29:24.176 20557 21063 E storage_trim_block: ed1209f431bfbfca43da48365085652100000000 : 3[2ff,1,0],
08-26 02:29:24.176 20557 21063 E storage_trim_block: dc43cfe9abe98af1c5d989100f44f1bc00000000 : 4[3ff,1,0],
08-26 02:29:24.176 20557 21063 E storage_trim_block: ed1209f431bfbfca43da48365085652100000000 : 4[3ff,1,0],
08-26 02:29:24.176 20557 21063 E storage_trim_block: dc43cfe9abe98af1c5d989100f44f1bc00000000 : 5[4ff,1,0],
08-26 02:29:24.176 20557 21063 E storage_trim_block: ed1209f431bfbfca43da48365085652100000000 : 5[4ff,1,0],
08-26 02:29:24.176 20557 21063 E storage_trim_block: dc43cfe9abe98af1c5d989100f44f1bc00000000 : 6[5ff,1,0],
08-26 02:29:24.176 20557 21063 E storage_trim_block: ed1209f431bfbfca43da48365085652100000000 : 6[5ff,1,0],
08-26 02:29:24.176 20557 21063 E storage_trim_block: dc43cfe9abe98af1c5d989100f44f1bc00000000 : 7[6ff,1,0],
