08-26 14:21:39.843   510   556 D AAL     : onBacklightChanged: 686/1023 -> 690/1023(phy:2762/4095)
08-26 14:21:39.843   510   556 D AAL     : 08-26 02:21:39.773 BL= 525,ESS= 256, 08-26 02:21:39.790 BL= 529,ESS= 256, 08-26 02:21:39.826 BL= 532,ESS= 256, 08-26 02:21:39.826 BL= 535,ESS= 256, 08-26 02:21:39.843 BL= 538,ESS= 256, 
08-26 14:21:39.859   348   348 D lights  : write_int open fd=7
08-26 14:21:39.861   510   556 D AAL     : onBacklightChanged: 690/1023 -> 694/1023(phy:2778/4095)
08-26 14:21:39.877   348   348 D lights  : write_int open fd=7
08-26 14:21:39.879   510   556 D AAL     : onBacklightChanged: 694/1023 -> 698/1023(phy:2794/4095)
08-26 14:21:39.891   348   348 D lights  : write_int open fd=7
08-26 14:21:39.896   510   556 D AAL     : onBacklightChanged: 698/1023 -> 702/1023(phy:2810/4095)
08-26 14:21:39.908   348   348 D lights  : write_int open fd=7
08-26 14:21:39.912   908   986 I PowerWrap: PowerHal_TouchBoost
08-26 14:21:39.914   510   556 D AAL     : onBacklightChanged: 702/1023 -> 706/1023(phy:2826/4095)
08-26 14:21:39.924   348   348 D lights  : write_int open fd=7
08-26 14:21:39.931   510   556 D AAL     : onBacklightChanged: 706/1023 -> 710/1023(phy:2842/4095)
08-26 14:21:39.932   510   556 D AAL     : 08-26 02:21:39.861 BL= 541,ESS= 256, 08-26 02:21:39.879 BL= 544,ESS= 256, 08-26 02:21:39.896 BL= 547,ESS= 256, 08-26 02:21:39.914 BL= 550,ESS= 256, 08-26 02:21:39.932 BL= 553,ESS= 256, 
08-26 14:21:39.942   348   348 D lights  : write_int open fd=7
08-26 14:21:39.949   510   556 D AAL     : onBacklightChanged: 710/1023 -> 714/1023(phy:2858/4095)
08-26 14:21:39.961   348   348 D lights  : write_int open fd=7
08-26 14:21:39.967   510   556 D AAL     : onBacklightChanged: 714/1023 -> 718/1023(phy:2874/4095)
08-26 14:21:39.976   908   935 V SettingsProvider: name : screen_brightness appId : 1000
08-26 14:21:39.978   348   348 D lights  : write_int open fd=7
08-26 14:21:39.985   510   556 D AAL     : onBacklightChanged: 718/1023 -> 722/1023(phy:2890/4095)
08-26 14:21:40.020   510   556 D AAL     : 08-26 02:21:39.950 BL= 556,ESS= 256, 08-26 02:21:39.967 BL= 559,ESS= 256, 08-26 02:21:39.985 BL= 562,ESS= 256, 08-26 02:21:40.003 BL= 563,ESS= 256, 
08-26 14:21:40.060 11439 12481 E Hcdn_DeTask2598258058: HCDN_LOG: [2019-08-26 14:21:40.060][T:12481]OnRecvDownloadInfoRequest,2919     hcdn download info speed(0 KB/s) flie_size(8160820) p2p_speed(0 KB/s) cdn_speed(0 KB/s) 
08-26 14:21:40.090 11439 12490 E storage_trim_block: HCDN_LOG: [2019-08-26 14:21:40.090][T:12490][func:TrimDisconDownloadBlocks],[line:177],[oper:trim block begin...]
08-26 14:21:40.090 11439 12490 E storage_trim_block: HCDN_LOG: [2019-08-26 14:21:40.090][T:12490][func:PrintBlockInfoForTrim],[line:90],PrintBlockInfoForTrim : 
08-26 14:21:40.090 11439 12490 E storage_trim_block: VID[52d4bfe409f3655f62dd8bd71b8cd158], FID_Index[3], BlockNO[6]
08-26 14:21:40.090 11439 12490 E storage_trim_block:  4 : 55ef8d98e1a62f4e03388ad78ab85d2400000000
08-26 14:21:40.090 11439 12490 E storage_trim_block:  3 : bbe1f9923345c1bc2d989baec0f772ff00000000
08-26 14:21:40.090 11439 12490 E storage_trim_block: 
08-26 14:21:40.090 11439 12490 E storage_trim_block: HCDN_LOG: [2019-08-26 14:21:40.090][T:12490][func:PrintBlockInfoForTrim],[line:90],PrintBlockInfoForTrim : 
08-26 14:21:40.090 11439 12490 E storage_trim_block: VID[a7cdd42df58af30e2d84b83a155fb074], FID_Index[0], BlockNO[1]
08-26 14:21:40.090 11439 12490 E storage_trim_block:  0 : 4deb132228cc1c839657c3e39168916500000000
08-26 14:21:40.090 11439 12490 E storage_trim_block: 
08-26 14:21:40.090 11439 12490 E storage_trim_block: HCDN_LOG: [2019-08-26 14:21:40.090][T:12490][func:PrintDataBlock],[line:116],DataBlock : 
08-26 14:21:40.090 11439 12490 E storage_trim_block: 4deb132228cc1c839657c3e39168916500000000 : 1[1,0],2[1,0],3[1,0],
08-26 14:21:40.090 11439 12490 E storage_trim_block: 55ef8d98e1a62f4e03388ad78ab85d2400000000 : 0[1,0],1[1,0],2[1,0],3[1,0],4[1,0],5[1,0],6[1,0],7[1,0],
08-26 14:21:40.090 11439 12490 E storage_trim_block: bbe1f9923345c1bc2d989baec0f772ff00000000 : 6[1,0],7[1,0],8[1,0],9[1,0],10[1,0],11[1,0],
08-26 14:21:40.090 11439 12490 E storage_trim_block: 
08-26 14:21:40.091 11439 12490 E storage_trim_block: HCDN_LOG: [2019-08-26 14:21:40.091][T:12490][func:PrintPriorityBlock],[line:148],PriorityBlock :
08-26 14:21:40.091 11439 12490 E storage_trim_block: 4deb132228cc1c839657c3e39168916500000000 : 1[0,1,0],
08-26 14:21:40.091 11439 12490 E storage_trim_block: bbe1f9923345c1bc2d989baec0f772ff00000000 : 6[0,1,0],
08-26 14:21:40.091 11439 12490 E storage_trim_block: 4deb132228cc1c839657c3e39168916500000000 : 2[1ff,1,0],
08-26 14:21:40.091 11439 12490 E storage_trim_block: bbe1f9923345c1bc2d989baec0f772ff00000000 : 7[1ff,1,0],
08-26 14:21:40.091 11439 12490 E storage_trim_block: 4deb132228cc1c839657c3e39168916500000000 : 3[2ff,1,0],
08-26 14:21:40.091 11439 12490 E storage_trim_block: bbe1f9923345c1bc2d989baec0f772ff00000000 : 8[2ff,1,0],9[3ff,1,0],10[4ff,1,0],11[5ff,1,0],
08-26 14:21:40.091 11439 12490 E storage_trim_block: 55ef8d98e1a62f4e03388ad78ab85d2400000000 : 0[100ff,1,0],1[101ff,1,0],2[102ff,1,0],3[103ff,1,0],4[104ff,1,0],5[105ff,1,0],6[106ff,1,0],7[107ff,1,0],
08-26 14:21:40.091 11439 12490 E storage_trim_block: 
08-26 14:21:40.092 11439 12481 E hcdn_downloadengine: HCDN_LOG: [2019-08-26 14:21:40.091][T:12481]OnRecvBlockRemainNotify,1827     left block count:0
08-26 14:21:40.092 11439 12490 E storage_trim_block: HCDN_LOG: [2019-08-26 14:21:40.091][T:12490][func:TrimDisconDownloadBlocks],[line:340],[oper:Post Pause Download request]
08-26 14:21:40.092 11439 12490 E storage_trim_block: HCDN_LOG: [2019-08-26 14:21:40.092][T:12490][func:PrintDataBlock],[line:116],DataBlock : 
08-26 14:21:40.092 11439 12490 E storage_trim_block: 4deb132228cc1c839657c3e39168916500000000 : 1[1,0],2[1,0],3[1,0],
08-26 14:21:40.092 11439 12490 E storage_trim_block: 55ef8d98e1a62f4e03388ad78ab85d2400000000 : 0[1,0],1[1,0],2[1,0],3[1,0],4[1,0],5[1,0],6[1,0],7[1,0],
08-26 14:21:40.092 11439 12490 E storage_trim_block: bbe1f9923345c1bc2d989baec0f772ff00000000 : 6[1,0],7[1,0],8[1,0],9[1,0],10[1,0],11[1,0],
08-26 14:21:40.092 11439 12490 E storage_trim_block: 
08-26 14:21:40.092 11439 12490 E storage_trim_block: HCDN_LOG: [2019-08-26 14:21:40.092][T:12490][func:TrimDisconDownloadBlocks],[line:375],[oper:trim block end...]
08-26 14:21:40.234   366   939 I BufferQueueProducer: [com.android.settings/com.android.settings.Settings#0](this:0xa8ec2000,id:130,api:1,p:7387,c:366) queueBuffer: fps=26.87 dur=1004.84 max=243.28 min=14.15
08-26 14:21:40.262   366   366 I SurfaceFlinger: [Built-in Screen (type:0)] fps:42.599033,dur:1009.41,max:160.66,min:14.00
08-26 14:21:40.320   908   986 I PowerWrap: PowerHal_TouchBoost
08-26 14:21:40.369   908  1248 D AES     : AEEIOCTL_GET/SET_SF_STATE IOCTL,cmd= 1074294797, lParam=0. 
08-26 14:21:40.369   908  1248 D AES     : AEEIOCTL_RT_MON_Kick IOCTL,cmd= 2147774474, lParam=300. 
08-26 14:21:40.373   908   986 I PowerWrap: PowerHal_TouchBoost
08-26 14:21:40.393   908  2591 I ActivityManager: START u0 {flg=0x8000 cmp=com.android.settings/.Settings$SystemDashboardActivity (has extras)} from uid 1000
08-26 14:21:40.396   359   383 I vendor.mediatek.hardware.power@2.0-impl: powerHintAsync hint:8, data:1
08-26 14:21:40.397   359   382 I libPowerHal: 8: legacy set freq: 1495000 -1
08-26 14:21:40.399   908  2591 I PowerWrap: PowerHal_Wrap_mtkPowerHint
08-26 14:21:40.399   908  2591 I PowerWrap: PowerHal_Wrap_mtkPowerHint
08-26 14:21:40.419   908  1273 I PowerWrap: PowerHal_Wrap_mtkPowerHint
08-26 14:21:40.420   908  1273 I PowerWrap: PowerHal_Wrap_mtkPowerHint
08-26 14:21:40.423   908  1273 V WindowManager: Set focused app to: AppWindowToken{6489a43 token=Token{12303f2 ActivityRecord{9c95afd u0 com.android.settings/.Settings$SystemDashboardActivity t9}}} old focus=AppWindowToken{6853399 token=Token{cf374e0 ActivityRecord{aae62e3 u0 com.android.settings/.Settings t9}}} moveFocusNow=true
08-26 14:21:40.424   908  1273 V WindowManager: Changing focus from Window{1b9c12b u0 com.android.settings/com.android.settings.Settings} to null Callers=com.android.server.wm.WindowManagerService.setFocusedApp:2630 com.android.server.am.ActivityManagerService.setResumedActivityUncheckLocked:3648 com.android.server.am.ActivityStack.onActivityStateChanged:498 com.android.server.am.TaskRecord.onActivityStateChanged:1794 
08-26 14:21:40.425   908  1273 D WindowManager: Input focus has changed to null
08-26 14:21:40.425   908   932 I WindowManager: Focus moving from Window{1b9c12b u0 com.android.settings/com.android.settings.Settings} to null
08-26 14:21:40.427   359   383 I vendor.mediatek.hardware.power@2.0-impl: notifyAppState pack:com.android.settings, act:com.android.settings.Settings$SystemDashboardActivity, pid:7387, state:1
08-26 14:21:40.441 11439 12481 E HCDN_CMFM: HCDN_LOG: 17k memery total_cnt(64),use_cnt(0)
08-26 14:21:40.442  7387  7387 W ActivityThread: handleWindowVisibility: no activity for token android.os.BinderProxy@8406be7
08-26 14:21:40.461  7387  7387 D SettingsActivity: Starting onCreate
08-26 14:21:40.508  7387  7387 D SettingsActivity: Starting to set activity title
08-26 14:21:40.508  7387  7387 D SettingsActivity: Done setting title
08-26 14:21:40.508  7387  7387 D SettingsActivity: Switching to fragment com.android.settings.system.SystemDashboardFragment
08-26 14:21:40.513  7387  7387 D PrefCtrlListHelper: Could not find Context-only controller for pref: com.android.settings.system.ResetPreferenceController
08-26 14:21:40.529   908   998 E WifiVendorHal: getWifiLinkLayerStats(l.937) failed {.code = ERROR_NOT_SUPPORTED, .description = }
08-26 14:21:40.536  7387  7387 D OperatorCustomizationFactoryLoader: Slot -1's OperatorInfo is__
08-26 14:21:40.536  7387  7387 D OperatorCustomizationFactoryLoader: It's OM load or parse failed, because operator is null
08-26 14:21:40.536  7387  7387 E OperatorCustomizationFactoryLoader: can not find operatorFactoryInfo by slot id -1 from 
08-26 14:21:40.536  7387  7387 E OperatorCustomizationFactoryLoader: 0: OperatorFactoryInfo(OP01_null_null:OP01Settings.apk:com.mediatek.settings.op01.Op01SettingsCustomizationFactory:com.mediatek.settings.op01)
08-26 14:21:40.536  7387  7387 E OperatorCustomizationFactoryLoader: 1: OperatorFactoryInfo(OP02_null_null:OP02Settings.apk:com.mediatek.settings.op02.Op02SettingsCustomizationFactory:com.mediatek.settings.op02)
08-26 14:21:40.536  7387  7387 E OperatorCustomizationFactoryLoader: 2: OperatorFactoryInfo(OP03_null_SEGDEFAULT:OP03Settings.apk:com.mediatek.op03.settings.OP03SettingsCustomizationFactory:com.mediatek.op03.settings)
08-26 14:21:40.536  7387  7387 E OperatorCustomizationFactoryLoader: 3: OperatorFactoryInfo(OP06_null_SEGDEFAULT:OP06Settings.apk:com.mediatek.op06.settings.Op06SettingsCustomizationFactory:com.mediatek.op06.settings)
08-26 14:21:40.536  7387  7387 E OperatorCustomizationFactoryLoader: 4: OperatorFactoryInfo(OP07_null_SEGDEFAULT:OP07Settings.apk:com.mediatek.op07.settings.OP07SettingsCustomizationFactory:com.mediatek.op07.settings)
08-26 14:21:40.536  7387  7387 E OperatorCustomizationFactoryLoader: 5: OperatorFactoryInfo(OP08_null_SEGDEFAULT:OP08Settings.apk:com.mediatek.op08.settings.Op08SettingsCustomizationFactory:com.mediatek.op08.settings)
08-26 14:21:40.536  7387  7387 E OperatorCustomizationFactoryLoader: 6: OperatorFactoryInfo(OP09_null_SEGC:OP09ClibSettings.apk:com.mediatek.settings.op09clib.Op09ClibSettingsCustomizationFactory:com.mediatek.settings.op09clib)
08-26 14:21:40.536  7387  7387 E OperatorCustomizationFactoryLoader: 7: OperatorFactoryInfo(OP12_null_null:OP12Settings.apk:com.mediatek.op12.settings.Op12SettingsCustomizationFactory:com.mediatek.op12.settings)
08-26 14:21:40.536  7387  7387 E OperatorCustomizationFactoryLoader: 8: OperatorFactoryInfo(OP16_null_SEGDEFAULT:OP16Settings.apk:com.mediatek.op16.settings.Op16SettingsCustomizationFactory:com.mediatek.op16.settings)
08-26 14:21:40.536  7387  7387 E OperatorCustomizationFactoryLoader: 9: OperatorFactoryInfo(OP18_null_SEGDEFAULT:OP18Settings.apk:com.mediatek.op18.settings.OP18SettingsCustomizationFactory:com.mediatek.op18.settings)
08-26 14:21:40.536  7387  7387 E OperatorCustomizationFactoryLoader: 10: OperatorFactoryInfo(OP20_null_SEGDEFAULT:OP20Settings.apk:com.mediatek.op20.settings.OP20SettingsCustomizationFactory:com.mediatek.op20.settings)
08-26 14:21:40.536  7387  7387 D UtilsExt: [sDeviceInfoSettingsExt]create ext instance: com.mediatek.settings.ext.DefaultDeviceInfoSettingsExt@6ba4af0
08-26 14:21:40.537  7387  7387 D SettingsActivity: Executed frag manager pendingTransactions
08-26 14:21:40.569  7387  7387 D Activity: sendOnCreateBroadcast: com.android.settings/com.android.settings.Settings$SystemDashboardActivity
08-26 14:21:40.570  7387  7387 W ContextImpl: Calling a method in the system process without a qualified user: android.app.ContextImpl.sendBroadcast:1009 android.content.ContextWrapper.sendBroadcast:444 android.app.Activity.sendOnResumeBroadcast:7905 android.app.Activity.onResume:1363 com.android.settingslib.drawer.SettingsDrawerActivity.onResume:99 
08-26 14:21:40.572   908  1273 E ActivityManager: Sending non-protected broadcast com.emporia.action.activity.onResume from system 7387:com.android.settings/1000 pkg com.android.settings
08-26 14:21:40.572   908  1273 E ActivityManager: java.lang.Throwable
08-26 14:21:40.572   908  1273 E ActivityManager: 	at com.android.server.am.ActivityManagerService.checkBroadcastFromSystem(ActivityManagerService.java:21498)
08-26 14:21:40.572   908  1273 E ActivityManager: 	at com.android.server.am.ActivityManagerService.broadcastIntentLocked(ActivityManagerService.java:22009)
08-26 14:21:40.572   908  1273 E ActivityManager: 	at com.android.server.am.ActivityManagerService.broadcastIntent(ActivityManagerService.java:22252)
08-26 14:21:40.572   908  1273 E ActivityManager: 	at android.app.IActivityManager$Stub.onTransact$broadcastIntent$(IActivityManager.java:10180)
08-26 14:21:40.572   908  1273 E ActivityManager: 	at android.app.IActivityManager$Stub.onTransact(IActivityManager.java:167)
08-26 14:21:40.572   908  1273 E ActivityManager: 	at com.android.server.am.ActivityManagerService.onTransact(ActivityManagerService.java:3367)
08-26 14:21:40.572   908  1273 E ActivityManager: 	at android.os.Binder.execTransact(Binder.java:731)
08-26 14:21:40.575  1645  1645 I EmpGuideAppWidget: onReceive: com.android.settings/com.android.settings.Settings$SystemDashboardActivity,isSystemLauncher>>false
08-26 14:21:40.578  7387  7403 I DeviceIndex: Skipping: device index is not enabled
08-26 14:21:40.583  7387  7387 V PhoneWindow: DecorView setVisiblity: visibility = 4, Parent = null, this = DecorView@85cae95[]
08-26 14:21:40.594  7387 15025 W TileUtils: Found com.android.settings.Settings$NotificationAppListActivity for intent Intent { act=com.android.settings.action.SETTINGS pkg=com.android.settings } missing metadata com.android.settings.category
08-26 14:21:40.620  7387 15025 D OperatorCustomizationFactoryLoader: Slot -1's OperatorInfo is__
08-26 14:21:40.620  7387 15025 D OperatorCustomizationFactoryLoader: It's OM load or parse failed, because operator is null
08-26 14:21:40.621  7387 15025 E OperatorCustomizationFactoryLoader: can not find operatorFactoryInfo by slot id -1 from 
08-26 14:21:40.621  7387 15025 E OperatorCustomizationFactoryLoader: 0: OperatorFactoryInfo(OP01_null_null:OP01Settings.apk:com.mediatek.settings.op01.Op01SettingsCustomizationFactory:com.mediatek.settings.op01)
08-26 14:21:40.621  7387 15025 E OperatorCustomizationFactoryLoader: 1: OperatorFactoryInfo(OP02_null_null:OP02Settings.apk:com.mediatek.settings.op02.Op02SettingsCustomizationFactory:com.mediatek.settings.op02)
08-26 14:21:40.621  7387 15025 E OperatorCustomizationFactoryLoader: 2: OperatorFactoryInfo(OP03_null_SEGDEFAULT:OP03Settings.apk:com.mediatek.op03.settings.OP03SettingsCustomizationFactory:com.mediatek.op03.settings)
08-26 14:21:40.621  7387 15025 E OperatorCustomizationFactoryLoader: 3: OperatorFactoryInfo(OP06_null_SEGDEFAULT:OP06Settings.apk:com.mediatek.op06.settings.Op06SettingsCustomizationFactory:com.mediatek.op06.settings)
08-26 14:21:40.621  7387 15025 E OperatorCustomizationFactoryLoader: 4: OperatorFactoryInfo(OP07_null_SEGDEFAULT:OP07Settings.apk:com.mediatek.op07.settings.OP07SettingsCustomizationFactory:com.mediatek.op07.settings)
08-26 14:21:40.621  7387 15025 E OperatorCustomizationFactoryLoader: 5: OperatorFactoryInfo(OP08_null_SEGDEFAULT:OP08Settings.apk:com.mediatek.op08.settings.Op08SettingsCustomizationFactory:com.mediatek.op08.settings)
08-26 14:21:40.621  7387 15025 E OperatorCustomizationFactoryLoader: 6: OperatorFactoryInfo(OP09_null_SEGC:OP09ClibSettings.apk:com.mediatek.settings.op09clib.Op09ClibSettingsCustomizationFactory:com.mediatek.settings.op09clib)
08-26 14:21:40.621  7387 15025 E OperatorCustomizationFactoryLoader: 7: OperatorFactoryInfo(OP12_null_null:OP12Settings.apk:com.mediatek.op12.settings.Op12SettingsCustomizationFactory:com.mediatek.op12.settings)
08-26 14:21:40.621  7387 15025 E OperatorCustomizationFactoryLoader: 8: OperatorFactoryInfo(OP16_null_SEGDEFAULT:OP16Settings.apk:com.mediatek.op16.settings.Op16SettingsCustomizationFactory:com.mediatek.op16.settings)
08-26 14:21:40.621  7387 15025 E OperatorCustomizationFactoryLoader: 9: OperatorFactoryInfo(OP18_null_SEGDEFAULT:OP18Settings.apk:com.mediatek.op18.settings.OP18SettingsCustomizationFactory:com.mediatek.op18.settings)
08-26 14:21:40.621  7387 15025 E OperatorCustomizationFactoryLoader: 10: OperatorFactoryInfo(OP20_null_SEGDEFAULT:OP20Settings.apk:com.mediatek.op20.settings.OP20SettingsCustomizationFactory:com.mediatek.op20.settings)
08-26 14:21:40.621  7387 15025 D DefaultSettingsMiscExt: default doUpdateTilesList
08-26 14:21:40.622  7387 15025 D SettingsActivity: No enabled state changed, skipping updateCategory call
08-26 14:21:40.626  7387  7387 D ViewRootImpl[Settings$SystemDashboardActivity]: hardware acceleration = true , fakeHwAccelerated = false, sRendererDisabled = false, forceHwAccelerated = false, sSystemRendererDisabled = false
08-26 14:21:40.630  7387  7387 V PhoneWindow: DecorView setVisiblity: visibility = 0, Parent = android.view.ViewRootImpl@f01ae4, this = DecorView@85cae95[Settings$SystemDashboardActivity]
08-26 14:21:40.632  7387  7387 D DashboardSummary: Stopped listening for condition changes
08-26 14:21:40.643   908  1273 I WindowManager: Relayout Window{b53e616 u0 com.android.settings/com.android.settings.Settings$SystemDashboardActivity}: oldVis=4 newVis=0 focusMayChange = true
08-26 14:21:40.647   366   397 I BufferQueue: [unnamed-366-131](this:0xa725f000,id:131,api:0,p:-1,c:-1) BufferQueue core=(366:/system/bin/surfaceflinger)
08-26 14:21:40.647   366   397 I BufferQueueConsumer: [unnamed-366-131](this:0xa725f000,id:131,api:0,p:-1,c:366) connect(C): consumer=(366:/system/bin/surfaceflinger) controlledByApp=false
08-26 14:21:40.648   366   397 I BufferQueueConsumer: [unnamed-366-131](this:0xa725f000,id:131,api:0,p:-1,c:366) setConsumerName: unnamed-366-131
08-26 14:21:40.648   366   397 I BufferQueueConsumer: [com.android.settings/com.android.settings.Settings$SystemDashboardActivity#0](this:0xa725f000,id:131,api:0,p:-1,c:366) setConsumerName: com.android.settings/com.android.settings.Settings$SystemDashboardActivity#0
08-26 14:21:40.648   366   397 I BufferQueueConsumer: [com.android.settings/com.android.settings.Settings$SystemDashboardActivity#0](this:0xa725f000,id:131,api:0,p:-1,c:366) setDefaultBufferSize: width=720 height=1440
08-26 14:21:40.649   908  1273 V WindowManager: Changing focus from null to Window{b53e616 u0 com.android.settings/com.android.settings.Settings$SystemDashboardActivity} Callers=com.android.server.wm.WindowManagerService.relayoutWindow:2134 com.android.server.wm.Session.relayout:244 android.view.IWindowSession$Stub.onTransact:309 com.android.server.wm.Session.onTransact:164 
08-26 14:21:40.649   908  1273 D WindowManager: Input focus has changed to Window{b53e616 u0 com.android.settings/com.android.settings.Settings$SystemDashboardActivity}
08-26 14:21:40.654  7387  7387 D Surface : Surface::allocateBuffers(this=0x954d9800)
08-26 14:21:40.654   908   932 I WindowManager: Focus moving from null to Window{b53e616 u0 com.android.settings/com.android.settings.Settings$SystemDashboardActivity}
08-26 14:21:40.661  7387  7404 D Surface : Surface::connect(this=0x954d9800,api=1)
08-26 14:21:40.662   366   397 I BufferQueueProducer: [com.android.settings/com.android.settings.Settings$SystemDashboardActivity#0](this:0xa725f000,id:131,api:1,p:7387,c:366) connect(P): api=1 producer=(7387:com.android.settings) producerControlledByApp=true
08-26 14:21:40.697   908  1273 V SettingsProvider: name : EMP_CURRENT_WIFI_NAME appId : 10020
08-26 14:21:40.698   908  1273 V SettingsProvider: Package name : com.android.systemui privateFlags : 1052776
08-26 14:21:40.775 11439 13513 E p2pfile : HCDN_LOG: [2019-08-26 14:21:40.775][T:13513][func:SetParam],[line:2276],[oper: SetParam message ParamName(video_time), ParamValue(-1005500|29), isGlobal(true), m_dwTaskID(0)]
08-26 14:21:40.775 11439 12481 E hcdn_downloadengine: HCDN_LOG: [2019-08-26 14:21:40.775][T:12481]OnRecvSetParam,1841     task_id : 2598258058,SetParam : video_time,29 
08-26 14:21:40.783   908   932 I ActivityManager: Displayed com.android.settings/.Settings$SystemDashboardActivity: +345ms
08-26 14:21:40.799   359   383 I vendor.mediatek.hardware.power@2.0-impl: powerHintAsync hint:8, data:0
08-26 14:21:40.801   908  1164 I PowerWrap: PowerHal_Wrap_mtkPowerHint
08-26 14:21:40.803   359   382 I libPowerHal: 17: legacy set freq: -1 -1
08-26 14:21:40.942   510   556 D AAL     : 08-26 02:21:40.836 BL= 562,ESS= 256, 08-26 02:21:40.871 BL= 561,ESS= 256, 08-26 02:21:40.889 BL= 562,ESS= 256, 08-26 02:21:40.907 BL= 563,ESS= 256, 
08-26 14:21:41.023  1645  2018 V OneSignalAppinstaller: scheduleLocationUpdateTask:delayMs: 453529
08-26 14:21:41.024  1645  2018 I OneSignalAppinstaller: GetUnsentActiveTime: 15
08-26 14:21:41.024  1645  2018 I OneSignalAppinstaller: SaveUnsentActiveTime: 39
08-26 14:21:41.048  1645  2018 I OneSignalAppinstaller: Location Change Detected
08-26 14:21:41.100 11439 12481 E Hcdn_DeTask2598258058: HCDN_LOG: [2019-08-26 14:21:41.100][T:12481]OnRecvDownloadInfoRequest,2919     hcdn download info speed(0 KB/s) flie_size(8160820) p2p_speed(0 KB/s) cdn_speed(0 KB/s) 
08-26 14:21:41.189   908   986 I PowerWrap: PowerHal_TouchBoost
08-26 14:21:41.221  7387  7404 D Surface : Surface::disconnect(this=0x93548800,api=1)
08-26 14:21:41.225   366   397 I BufferQueueProducer: [com.android.settings/com.android.settings.Settings#0](this:0xa8ec2000,id:130,api:1,p:7387,c:366) disconnect(P): api 1
08-26 14:21:41.225   366   397 D BufferQueueConsumer: [com.android.settings/com.android.settings.Settings#0](this:0xa8ec2000,id:130,api:1,p:-1,c:366) getReleasedBuffers: returning mask 0xffffffffffffffff
08-26 14:21:41.243  7387  7387 V PhoneWindow: DecorView setVisiblity: visibility = 4, Parent = android.view.ViewRootImpl@f962304, this = DecorView@c21c958[Settings]
08-26 14:21:41.270   366   366 I BufferQueueConsumer: [com.android.settings/com.android.settings.Settings#0](this:0xa8ec2000,id:130,api:1,p:-1,c:-1) disconnect(C)
08-26 14:21:41.271   366   366 I BufferQueue: [com.android.settings/com.android.settings.Settings#0](this:0xa8ec2000,id:130,api:1,p:-1,c:-1) ~BufferQueueCore
08-26 14:21:41.275   366   366 I SurfaceFlinger: [Built-in Screen (type:0)] fps:54.274086,dur:1013.38,max:35.54,min:16.03
08-26 14:21:41.333   510   556 D AAL     : 08-26 02:21:41.227 BL= 564,ESS= 256, 08-26 02:21:41.262 BL= 565,ESS= 256, 08-26 02:21:41.280 BL= 566,ESS= 256, 08-26 02:21:41.297 BL= 567,ESS= 256, 08-26 02:21:41.333 BL= 568,ESS= 256, 
08-26 14:21:41.473   908   986 I PowerWrap: PowerHal_TouchBoost
08-26 14:21:41.475   510   556 D AAL     : 08-26 02:21:41.350 BL= 569,ESS= 256, 08-26 02:21:41.403 BL= 568,ESS= 256, 08-26 02:21:41.421 BL= 567,ESS= 256, 08-26 02:21:41.457 BL= 566,ESS= 256, 08-26 02:21:41.475 BL= 565,ESS= 256, 
08-26 14:21:41.480 11439 12481 E HCDN_CMFM: HCDN_LOG: 17k memery total_cnt(64),use_cnt(0)
08-26 14:21:41.597   908   986 I PowerWrap: PowerHal_TouchBoost
08-26 14:21:41.616   510   556 D AAL     : 08-26 02:21:41.492 BL= 564,ESS= 256, 08-26 02:21:41.545 BL= 565,ESS= 256, 08-26 02:21:41.563 BL= 566,ESS= 256, 08-26 02:21:41.581 BL= 567,ESS= 256, 08-26 02:21:41.616 BL= 568,ESS= 256, 
08-26 14:21:41.667   908   986 I PowerWrap: PowerHal_TouchBoost
08-26 14:21:41.710   908  1164 V SettingsProvider: name : EMP_CURRENT_WIFI_NAME appId : 10020
08-26 14:21:41.711   908  1164 V SettingsProvider: Package name : com.android.systemui privateFlags : 1052776
08-26 14:21:41.741   510   556 D AAL     : 08-26 02:21:41.634 BL= 569,ESS= 256, 08-26 02:21:41.670 BL= 570,ESS= 256, 08-26 02:21:41.687 BL= 571,ESS= 256, 08-26 02:21:41.723 BL= 572,ESS= 256, 08-26 02:21:41.740 BL= 573,ESS= 256, 
08-26 14:21:41.761   366   939 I BufferQueueProducer: [com.android.settings/com.android.settings.Settings$SystemDashboardActivity#0](this:0xa725f000,id:131,api:1,p:7387,c:366) queueBuffer: fps=31.64 dur=1011.47 max=458.13 min=8.52
08-26 14:21:41.780 11439 13513 E p2pfile : HCDN_LOG: [2019-08-26 14:21:41.780][T:13513][func:SetParam],[line:2276],[oper: SetParam message ParamName(video_time), ParamValue(-1005500|29), isGlobal(true), m_dwTaskID(0)]
08-26 14:21:41.780 11439 12481 E hcdn_downloadengine: HCDN_LOG: [2019-08-26 14:21:41.780][T:12481]OnRecvSetParam,1841     task_id : 2598258058,SetParam : video_time,29 
08-26 14:21:41.847   510   556 D AAL     : 08-26 02:21:41.758 BL= 574,ESS= 256, 08-26 02:21:41.794 BL= 575,ESS= 256, 08-26 02:21:41.811 BL= 574,ESS= 256, 08-26 02:21:41.829 BL= 575,ESS= 256, 08-26 02:21:41.847 BL= 574,ESS= 256, 
08-26 14:21:42.006   510   556 D AAL     : 08-26 02:21:41.882 BL= 573,ESS= 256, 08-26 02:21:41.900 BL= 574,ESS= 256, 08-26 02:21:41.935 BL= 575,ESS= 256, 08-26 02:21:41.953 BL= 576,ESS= 256, 08-26 02:21:42.006 BL= 575,ESS= 256, 
08-26 14:21:42.030 12167 12341 E storage_operate: HCDN_LOG: [2019-08-26 14:21:42.030][T:12341][func:UpdateWriteBlockCount],[line:898],[oper:update write count],[new write:0]
08-26 14:21:42.130 11439 12481 E Hcdn_DeTask2598258058: HCDN_LOG: [2019-08-26 14:21:42.130][T:12481]OnRecvDownloadInfoRequest,2919     hcdn download info speed(0 KB/s) flie_size(8160820) p2p_speed(0 KB/s) cdn_speed(0 KB/s) 
08-26 14:21:42.131   510   556 D AAL     : 08-26 02:21:42.024 BL= 574,ESS= 256, 08-26 02:21:42.060 BL= 573,ESS= 256, 08-26 02:21:42.077 BL= 572,ESS= 256, 08-26 02:21:42.095 BL= 571,ESS= 256, 08-26 02:21:42.131 BL= 570,ESS= 256, 
08-26 14:21:42.199   908   986 I PowerWrap: PowerHal_TouchBoost
08-26 14:21:42.255   510   556 D AAL     : 08-26 02:21:42.148 BL= 569,ESS= 256, 08-26 02:21:42.184 BL= 568,ESS= 256, 08-26 02:21:42.201 BL= 567,ESS= 256, 08-26 02:21:42.237 BL= 566,ESS= 256, 08-26 02:21:42.255 BL= 565,ESS= 256, 
08-26 14:21:42.283   366   366 I SurfaceFlinger: [Built-in Screen (type:0)] fps:47.617687,dur:1008.03,max:177.62,min:16.27
08-26 14:21:42.343   510   556 D AAL     : 08-26 02:21:42.272 BL= 564,ESS= 256, 08-26 02:21:42.308 BL= 563,ESS= 256, 
08-26 14:21:42.483   908   986 I PowerWrap: PowerHal_TouchBoost
08-26 14:21:42.520 11439 12481 E HCDN_CMFM: HCDN_LOG: 17k memery total_cnt(64),use_cnt(0)
08-26 14:21:42.702   908  1164 V SettingsProvider: name : EMP_CURRENT_WIFI_NAME appId : 10020
08-26 14:21:42.703   908  1164 V SettingsProvider: Package name : com.android.systemui privateFlags : 1052776
08-26 14:21:42.766   366   938 I BufferQueueProducer: [com.android.settings/com.android.settings.Settings$SystemDashboardActivity#0](this:0xa725f000,id:131,api:1,p:7387,c:366) queueBuffer: fps=46.72 dur=1005.95 max=194.58 min=6.50
08-26 14:21:42.785   908   986 I PowerWrap: PowerHal_TouchBoost
08-26 14:21:42.832 11439 13513 E p2pfile : HCDN_LOG: [2019-08-26 14:21:42.832][T:13513][func:SetParam],[line:2276],[oper: SetParam message ParamName(video_time), ParamValue(-1005500|29), isGlobal(true), m_dwTaskID(0)]
08-26 14:21:42.833 11439 12481 E hcdn_downloadengine: HCDN_LOG: [2019-08-26 14:21:42.833][T:12481]OnRecvSetParam,1841     task_id : 2598258058,SetParam : video_time,29 
08-26 14:21:42.838   908   986 I PowerWrap: PowerHal_TouchBoost
08-26 14:21:42.854   908  1164 I ActivityManager: START u0 {act=android.intent.action.MAIN cmp=com.android.settings/.SubSettings (has extras)} from uid 1000
08-26 14:21:42.856   359   383 I vendor.mediatek.hardware.power@2.0-impl: powerHintAsync hint:8, data:1
08-26 14:21:42.861   908  1164 I PowerWrap: PowerHal_Wrap_mtkPowerHint
08-26 14:21:42.861   908  1164 I PowerWrap: PowerHal_Wrap_mtkPowerHint
08-26 14:21:42.862   359   382 I libPowerHal: 8: legacy set freq: 1495000 -1
08-26 14:21:42.873   908  1164 I PowerWrap: PowerHal_Wrap_mtkPowerHint
08-26 14:21:42.873   908  1164 I PowerWrap: PowerHal_Wrap_mtkPowerHint
08-26 14:21:42.876   908  1164 V WindowManager: Set focused app to: AppWindowToken{932517f token=Token{4e8629e ActivityRecord{6db98d9 u0 com.android.settings/.SubSettings t9}}} old focus=AppWindowToken{6489a43 token=Token{12303f2 ActivityRecord{9c95afd u0 com.android.settings/.Settings$SystemDashboardActivity t9}}} moveFocusNow=true
08-26 14:21:42.877   908  1164 V WindowManager: Changing focus from Window{b53e616 u0 com.android.settings/com.android.settings.Settings$SystemDashboardActivity} to null Callers=com.android.server.wm.WindowManagerService.setFocusedApp:2630 com.android.server.am.ActivityManagerService.setResumedActivityUncheckLocked:3648 com.android.server.am.ActivityStack.onActivityStateChanged:498 com.android.server.am.TaskRecord.onActivityStateChanged:1794 
08-26 14:21:42.878   908  1164 D WindowManager: Input focus has changed to null
08-26 14:21:42.879   908   932 I WindowManager: Focus moving from Window{b53e616 u0 com.android.settings/com.android.settings.Settings$SystemDashboardActivity} to null
08-26 14:21:42.880   359   383 I vendor.mediatek.hardware.power@2.0-impl: notifyAppState pack:com.android.settings, act:com.android.settings.SubSettings, pid:7387, state:1
08-26 14:21:42.889  7387  7387 W ActivityThread: handleWindowVisibility: no activity for token android.os.BinderProxy@32d7855
08-26 14:21:42.905  7387  7387 D SettingsActivity: Starting onCreate
08-26 14:21:42.954  7387  7387 D SettingsActivity: Starting to set activity title
08-26 14:21:42.954  7387  7387 D SettingsActivity: Done setting title
08-26 14:21:42.954  7387  7387 D SettingsActivity: Switching to fragment com.android.settings.deviceinfo.aboutphone.MyDeviceInfoFragment
08-26 14:21:42.954  7387  7387 D SubSettings: Launching fragment com.android.settings.deviceinfo.aboutphone.MyDeviceInfoFragment
08-26 14:21:42.957  7387  7387 D OperatorCustomizationFactoryLoader: Slot -1's OperatorInfo is__
08-26 14:21:42.957  7387  7387 D OperatorCustomizationFactoryLoader: It's OM load or parse failed, because operator is null
08-26 14:21:42.957  7387  7387 E OperatorCustomizationFactoryLoader: can not find operatorFactoryInfo by slot id -1 from 
08-26 14:21:42.957  7387  7387 E OperatorCustomizationFactoryLoader: 0: OperatorFactoryInfo(OP01_null_null:OP01Settings.apk:com.mediatek.settings.op01.Op01SettingsCustomizationFactory:com.mediatek.settings.op01)
08-26 14:21:42.957  7387  7387 E OperatorCustomizationFactoryLoader: 1: OperatorFactoryInfo(OP02_null_null:OP02Settings.apk:com.mediatek.settings.op02.Op02SettingsCustomizationFactory:com.mediatek.settings.op02)
08-26 14:21:42.957  7387  7387 E OperatorCustomizationFactoryLoader: 2: OperatorFactoryInfo(OP03_null_SEGDEFAULT:OP03Settings.apk:com.mediatek.op03.settings.OP03SettingsCustomizationFactory:com.mediatek.op03.settings)
08-26 14:21:42.957  7387  7387 E OperatorCustomizationFactoryLoader: 3: OperatorFactoryInfo(OP06_null_SEGDEFAULT:OP06Settings.apk:com.mediatek.op06.settings.Op06SettingsCustomizationFactory:com.mediatek.op06.settings)
08-26 14:21:42.957  7387  7387 E OperatorCustomizationFactoryLoader: 4: OperatorFactoryInfo(OP07_null_SEGDEFAULT:OP07Settings.apk:com.mediatek.op07.settings.OP07SettingsCustomizationFactory:com.mediatek.op07.settings)
08-26 14:21:42.957  7387  7387 E OperatorCustomizationFactoryLoader: 5: OperatorFactoryInfo(OP08_null_SEGDEFAULT:OP08Settings.apk:com.mediatek.op08.settings.Op08SettingsCustomizationFactory:com.mediatek.op08.settings)
08-26 14:21:42.957  7387  7387 E OperatorCustomizationFactoryLoader: 6: OperatorFactoryInfo(OP09_null_SEGC:OP09ClibSettings.apk:com.mediatek.settings.op09clib.Op09ClibSettingsCustomizationFactory:com.mediatek.settings.op09clib)
08-26 14:21:42.957  7387  7387 E OperatorCustomizationFactoryLoader: 7: OperatorFactoryInfo(OP12_null_null:OP12Settings.apk:com.mediatek.op12.settings.Op12SettingsCustomizationFactory:com.mediatek.op12.settings)
08-26 14:21:42.957  7387  7387 E OperatorCustomizationFactoryLoader: 8: OperatorFactoryInfo(OP16_null_SEGDEFAULT:OP16Settings.apk:com.mediatek.op16.settings.Op16SettingsCustomizationFactory:com.mediatek.op16.settings)
08-26 14:21:42.957  7387  7387 E OperatorCustomizationFactoryLoader: 9: OperatorFactoryInfo(OP18_null_SEGDEFAULT:OP18Settings.apk:com.mediatek.op18.settings.OP18SettingsCustomizationFactory:com.mediatek.op18.settings)
08-26 14:21:42.957  7387  7387 E OperatorCustomizationFactoryLoader: 10: OperatorFactoryInfo(OP20_null_SEGDEFAULT:OP20Settings.apk:com.mediatek.op20.settings.OP20SettingsCustomizationFactory:com.mediatek.op20.settings)
08-26 14:21:42.959  7387  7387 D OperatorCustomizationFactoryLoader: Slot -1's OperatorInfo is__
08-26 14:21:42.959  7387  7387 D OperatorCustomizationFactoryLoader: It's OM load or parse failed, because operator is null
08-26 14:21:42.959  7387  7387 E OperatorCustomizationFactoryLoader: can not find operatorFactoryInfo by slot id -1 from 
08-26 14:21:42.959  7387  7387 E OperatorCustomizationFactoryLoader: 0: OperatorFactoryInfo(OP01_null_null:OP01Settings.apk:com.mediatek.settings.op01.Op01SettingsCustomizationFactory:com.mediatek.settings.op01)
08-26 14:21:42.959  7387  7387 E OperatorCustomizationFactoryLoader: 1: OperatorFactoryInfo(OP02_null_null:OP02Settings.apk:com.mediatek.settings.op02.Op02SettingsCustomizationFactory:com.mediatek.settings.op02)
08-26 14:21:42.959  7387  7387 E OperatorCustomizationFactoryLoader: 2: OperatorFactoryInfo(OP03_null_SEGDEFAULT:OP03Settings.apk:com.mediatek.op03.settings.OP03SettingsCustomizationFactory:com.mediatek.op03.settings)
08-26 14:21:42.959  7387  7387 E OperatorCustomizationFactoryLoader: 3: OperatorFactoryInfo(OP06_null_SEGDEFAULT:OP06Settings.apk:com.mediatek.op06.settings.Op06SettingsCustomizationFactory:com.mediatek.op06.settings)
08-26 14:21:42.959  7387  7387 E OperatorCustomizationFactoryLoader: 4: OperatorFactoryInfo(OP07_null_SEGDEFAULT:OP07Settings.apk:com.mediatek.op07.settings.OP07SettingsCustomizationFactory:com.mediatek.op07.settings)
08-26 14:21:42.959  7387  7387 E OperatorCustomizationFactoryLoader: 5: OperatorFactoryInfo(OP08_null_SEGDEFAULT:OP08Settings.apk:com.mediatek.op08.settings.Op08SettingsCustomizationFactory:com.mediatek.op08.settings)
08-26 14:21:42.959  7387  7387 E OperatorCustomizationFactoryLoader: 6: OperatorFactoryInfo(OP09_null_SEGC:OP09ClibSettings.apk:com.mediatek.settings.op09clib.Op09ClibSettingsCustomizationFactory:com.mediatek.settings.op09clib)
08-26 14:21:42.959  7387  7387 E OperatorCustomizationFactoryLoader: 7: OperatorFactoryInfo(OP12_null_null:OP12Settings.apk:com.mediatek.op12.settings.Op12SettingsCustomizationFactory:com.mediatek.op12.settings)
08-26 14:21:42.959  7387  7387 E OperatorCustomizationFactoryLoader: 8: OperatorFactoryInfo(OP16_null_SEGDEFAULT:OP16Settings.apk:com.mediatek.op16.settings.Op16SettingsCustomizationFactory:com.mediatek.op16.settings)
08-26 14:21:42.959  7387  7387 E OperatorCustomizationFactoryLoader: 9: OperatorFactoryInfo(OP18_null_SEGDEFAULT:OP18Settings.apk:com.mediatek.op18.settings.OP18SettingsCustomizationFactory:com.mediatek.op18.settings)
08-26 14:21:42.959  7387  7387 E OperatorCustomizationFactoryLoader: 10: OperatorFactoryInfo(OP20_null_SEGDEFAULT:OP20Settings.apk:com.mediatek.op20.settings.OP20SettingsCustomizationFactory:com.mediatek.op20.settings)
08-26 14:21:42.959  7387  7387 D UtilsExt: [sDeviceInfoSettingsExt]create ext instance: com.mediatek.settings.ext.DefaultDeviceInfoSettingsExt@994a93
08-26 14:21:42.961  7387  7387 D OperatorCustomizationFactoryLoader: Slot -1's OperatorInfo is__
08-26 14:21:42.961  7387  7387 D OperatorCustomizationFactoryLoader: It's OM load or parse failed, because operator is null
08-26 14:21:42.961  7387  7387 E OperatorCustomizationFactoryLoader: can not find operatorFactoryInfo by slot id -1 from 
08-26 14:21:42.961  7387  7387 E OperatorCustomizationFactoryLoader: 0: OperatorFactoryInfo(OP01_null_null:OP01Settings.apk:com.mediatek.settings.op01.Op01SettingsCustomizationFactory:com.mediatek.settings.op01)
08-26 14:21:42.961  7387  7387 E OperatorCustomizationFactoryLoader: 1: OperatorFactoryInfo(OP02_null_null:OP02Settings.apk:com.mediatek.settings.op02.Op02SettingsCustomizationFactory:com.mediatek.settings.op02)
08-26 14:21:42.961  7387  7387 E OperatorCustomizationFactoryLoader: 2: OperatorFactoryInfo(OP03_null_SEGDEFAULT:OP03Settings.apk:com.mediatek.op03.settings.OP03SettingsCustomizationFactory:com.mediatek.op03.settings)
08-26 14:21:42.961  7387  7387 E OperatorCustomizationFactoryLoader: 3: OperatorFactoryInfo(OP06_null_SEGDEFAULT:OP06Settings.apk:com.mediatek.op06.settings.Op06SettingsCustomizationFactory:com.mediatek.op06.settings)
08-26 14:21:42.961  7387  7387 E OperatorCustomizationFactoryLoader: 4: OperatorFactoryInfo(OP07_null_SEGDEFAULT:OP07Settings.apk:com.mediatek.op07.settings.OP07SettingsCustomizationFactory:com.mediatek.op07.settings)
08-26 14:21:42.961  7387  7387 E OperatorCustomizationFactoryLoader: 5: OperatorFactoryInfo(OP08_null_SEGDEFAULT:OP08Settings.apk:com.mediatek.op08.settings.Op08SettingsCustomizationFactory:com.mediatek.op08.settings)
08-26 14:21:42.961  7387  7387 E OperatorCustomizationFactoryLoader: 6: OperatorFactoryInfo(OP09_null_SEGC:OP09ClibSettings.apk:com.mediatek.settings.op09clib.Op09ClibSettingsCustomizationFactory:com.mediatek.settings.op09clib)
08-26 14:21:42.961  7387  7387 E OperatorCustomizationFactoryLoader: 7: OperatorFactoryInfo(OP12_null_null:OP12Settings.apk:com.mediatek.op12.settings.Op12SettingsCustomizationFactory:com.mediatek.op12.settings)
08-26 14:21:42.961  7387  7387 E OperatorCustomizationFactoryLoader: 8: OperatorFactoryInfo(OP16_null_SEGDEFAULT:OP16Settings.apk:com.mediatek.op16.settings.Op16SettingsCustomizationFactory:com.mediatek.op16.settings)
08-26 14:21:42.961  7387  7387 E OperatorCustomizationFactoryLoader: 9: OperatorFactoryInfo(OP18_null_SEGDEFAULT:OP18Settings.apk:com.mediatek.op18.settings.OP18SettingsCustomizationFactory:com.mediatek.op18.settings)
08-26 14:21:42.961  7387  7387 E OperatorCustomizationFactoryLoader: 10: OperatorFactoryInfo(OP20_null_SEGDEFAULT:OP20Settings.apk:com.mediatek.op20.settings.OP20SettingsCustomizationFactory:com.mediatek.op20.settings)
08-26 14:21:42.962  7387  7387 D OperatorCustomizationFactoryLoader: Slot -1's OperatorInfo is__
08-26 14:21:42.962  7387  7387 D OperatorCustomizationFactoryLoader: It's OM load or parse failed, because operator is null
08-26 14:21:42.962  7387  7387 E OperatorCustomizationFactoryLoader: can not find operatorFactoryInfo by slot id -1 from 
08-26 14:21:42.962  7387  7387 E OperatorCustomizationFactoryLoader: 0: OperatorFactoryInfo(OP01_null_null:OP01Settings.apk:com.mediatek.settings.op01.Op01SettingsCustomizationFactory:com.mediatek.settings.op01)
08-26 14:21:42.962  7387  7387 E OperatorCustomizationFactoryLoader: 1: OperatorFactoryInfo(OP02_null_null:OP02Settings.apk:com.mediatek.settings.op02.Op02SettingsCustomizationFactory:com.mediatek.settings.op02)
08-26 14:21:42.962  7387  7387 E OperatorCustomizationFactoryLoader: 2: OperatorFactoryInfo(OP03_null_SEGDEFAULT:OP03Settings.apk:com.mediatek.op03.settings.OP03SettingsCustomizationFactory:com.mediatek.op03.settings)
08-26 14:21:42.962  7387  7387 E OperatorCustomizationFactoryLoader: 3: OperatorFactoryInfo(OP06_null_SEGDEFAULT:OP06Settings.apk:com.mediatek.op06.settings.Op06SettingsCustomizationFactory:com.mediatek.op06.settings)
08-26 14:21:42.962  7387  7387 E OperatorCustomizationFactoryLoader: 4: OperatorFactoryInfo(OP07_null_SEGDEFAULT:OP07Settings.apk:com.mediatek.op07.settings.OP07SettingsCustomizationFactory:com.mediatek.op07.settings)
08-26 14:21:42.962  7387  7387 E OperatorCustomizationFactoryLoader: 5: OperatorFactoryInfo(OP08_null_SEGDEFAULT:OP08Settings.apk:com.mediatek.op08.settings.Op08SettingsCustomizationFactory:com.mediatek.op08.settings)
08-26 14:21:42.962  7387  7387 E OperatorCustomizationFactoryLoader: 6: OperatorFactoryInfo(OP09_null_SEGC:OP09ClibSettings.apk:com.mediatek.settings.op09clib.Op09ClibSettingsCustomizationFactory:com.mediatek.settings.op09clib)
08-26 14:21:42.962  7387  7387 E OperatorCustomizationFactoryLoader: 7: OperatorFactoryInfo(OP12_null_null:OP12Settings.apk:com.mediatek.op12.settings.Op12SettingsCustomizationFactory:com.mediatek.op12.settings)
08-26 14:21:42.962  7387  7387 E OperatorCustomizationFactoryLoader: 8: OperatorFactoryInfo(OP16_null_SEGDEFAULT:OP16Settings.apk:com.mediatek.op16.settings.Op16SettingsCustomizationFactory:com.mediatek.op16.settings)
08-26 14:21:42.962  7387  7387 E OperatorCustomizationFactoryLoader: 9: OperatorFactoryInfo(OP18_null_SEGDEFAULT:OP18Settings.apk:com.mediatek.op18.settings.OP18SettingsCustomizationFactory:com.mediatek.op18.settings)
08-26 14:21:42.962  7387  7387 E OperatorCustomizationFactoryLoader: 10: OperatorFactoryInfo(OP20_null_SEGDEFAULT:OP20Settings.apk:com.mediatek.op20.settings.OP20SettingsCustomizationFactory:com.mediatek.op20.settings)
08-26 14:21:42.962  7387  7387 D UtilsExt: [sDeviceInfoSettingsExt]create ext instance: com.mediatek.settings.ext.DefaultDeviceInfoSettingsExt@ee49a85
08-26 14:21:43.000  7387 15024 D SharedPreferencesLogger: Tried to log string preference deviceinfo.aboutphone.MyDeviceInfoFragment/device_name = S3
08-26 14:21:43.012  7387  7387 I mtk81234: deviceinfo 00:0c:e7:45:76:98
08-26 14:21:43.013  7387  7387 I mtk81234: deviceinfo 00:0c:e7:45:76:98
08-26 14:21:43.019  7387  7387 E FotaUpdate: Fota apk found..
08-26 14:21:43.022  7387  7387 D MyDeviceInfoFragment: NO dashboard tiles for MyDeviceInfoFragment
08-26 14:21:43.023  7387  7387 D SettingsActivity: Executed frag manager pendingTransactions
08-26 14:21:43.053   908   923 W BroadcastQueue: Permission Denial: broadcasting Intent { act=android.net.conn.CONNECTIVITY_CHANGE flg=0x4200010 (has extras) } from null (pid=-1, uid=-1) requires android.permission.CHANGE_NETWORK_STATE due to registered receiver BroadcastFilter{1602776 u0 ReceiverList{3e68a11 7387 com.android.settings/1000/u0 remote:b72ba38}}
08-26 14:21:43.054   908   923 W BroadcastQueue: Permission Denial: broadcasting Intent { act=android.net.wifi.STATE_CHANGE flg=0x4000010 (has extras) } from null (pid=-1, uid=-1) requires android.permission.CHANGE_NETWORK_STATE due to registered receiver BroadcastFilter{1602776 u0 ReceiverList{3e68a11 7387 com.android.settings/1000/u0 remote:b72ba38}}
08-26 14:21:43.054   908   923 W BroadcastQueue: Permission Denial: broadcasting Intent { act=android.net.conn.CONNECTIVITY_CHANGE flg=0x4200010 (has extras) } from null (pid=-1, uid=-1) requires android.permission.CHANGE_NETWORK_STATE due to registered receiver BroadcastFilter{198b64d u0 ReceiverList{b541e4 7387 com.android.settings/1000/u0 remote:d3af177}}
08-26 14:21:43.054   908   923 W BroadcastQueue: Permission Denial: broadcasting Intent { act=android.net.wifi.STATE_CHANGE flg=0x4000010 (has extras) } from null (pid=-1, uid=-1) requires android.permission.CHANGE_NETWORK_STATE due to registered receiver BroadcastFilter{198b64d u0 ReceiverList{b541e4 7387 com.android.settings/1000/u0 remote:d3af177}}
08-26 14:21:43.056  7387  7387 D Activity: sendOnCreateBroadcast: com.android.settings/com.android.settings.SubSettings
08-26 14:21:43.057  7387  7387 W ContextImpl: Calling a method in the system process without a qualified user: android.app.ContextImpl.sendBroadcast:1009 android.content.ContextWrapper.sendBroadcast:444 android.app.Activity.sendOnResumeBroadcast:7905 android.app.Activity.onResume:1363 com.android.settingslib.drawer.SettingsDrawerActivity.onResume:99 
08-26 14:21:43.058   908  1273 E ActivityManager: Sending non-protected broadcast com.emporia.action.activity.onResume from system 7387:com.android.settings/1000 pkg com.android.settings
08-26 14:21:43.058   908  1273 E ActivityManager: java.lang.Throwable
08-26 14:21:43.058   908  1273 E ActivityManager: 	at com.android.server.am.ActivityManagerService.checkBroadcastFromSystem(ActivityManagerService.java:21498)
08-26 14:21:43.058   908  1273 E ActivityManager: 	at com.android.server.am.ActivityManagerService.broadcastIntentLocked(ActivityManagerService.java:22009)
08-26 14:21:43.058   908  1273 E ActivityManager: 	at com.android.server.am.ActivityManagerService.broadcastIntent(ActivityManagerService.java:22252)
08-26 14:21:43.058   908  1273 E ActivityManager: 	at android.app.IActivityManager$Stub.onTransact$broadcastIntent$(IActivityManager.java:10180)
08-26 14:21:43.058   908  1273 E ActivityManager: 	at android.app.IActivityManager$Stub.onTransact(IActivityManager.java:167)
08-26 14:21:43.058   908  1273 E ActivityManager: 	at com.android.server.am.ActivityManagerService.onTransact(ActivityManagerService.java:3367)
08-26 14:21:43.058   908  1273 E ActivityManager: 	at android.os.Binder.execTransact(Binder.java:731)
08-26 14:21:43.061  1645  1645 I EmpGuideAppWidget: onReceive: com.android.settings/com.android.settings.SubSettings,isSystemLauncher>>false
08-26 14:21:43.069  7387  7403 I DeviceIndex: Skipping: device index is not enabled
08-26 14:21:43.082  7387 15023 W TileUtils: Found com.android.settings.Settings$NotificationAppListActivity for intent Intent { act=com.android.settings.action.SETTINGS pkg=com.android.settings } missing metadata com.android.settings.category
08-26 14:21:43.087  7387  7387 E FotaUpdate: Fota apk found..
08-26 14:21:43.092  7387  7387 E FotaUpdate: preference  set preference title :System Update
08-26 14:21:43.099  7387  7387 V PhoneWindow: DecorView setVisiblity: visibility = 4, Parent = null, this = DecorView@3e29ecf[]
08-26 14:21:43.100  7387  7387 D ViewRootImpl[SubSettings]: hardware acceleration = true , fakeHwAccelerated = false, sRendererDisabled = false, forceHwAccelerated = false, sSystemRendererDisabled = false
08-26 14:21:43.104  7387  7387 V PhoneWindow: DecorView setVisiblity: visibility = 0, Parent = android.view.ViewRootImpl@df1743a, this = DecorView@3e29ecf[SubSettings]
08-26 14:21:43.108  7387 15023 D OperatorCustomizationFactoryLoader: Slot -1's OperatorInfo is__
08-26 14:21:43.109  7387 15023 D OperatorCustomizationFactoryLoader: It's OM load or parse failed, because operator is null
08-26 14:21:43.109  7387 15023 E OperatorCustomizationFactoryLoader: can not find operatorFactoryInfo by slot id -1 from 
08-26 14:21:43.109  7387 15023 E OperatorCustomizationFactoryLoader: 0: OperatorFactoryInfo(OP01_null_null:OP01Settings.apk:com.mediatek.settings.op01.Op01SettingsCustomizationFactory:com.mediatek.settings.op01)
08-26 14:21:43.109  7387 15023 E OperatorCustomizationFactoryLoader: 1: OperatorFactoryInfo(OP02_null_null:OP02Settings.apk:com.mediatek.settings.op02.Op02SettingsCustomizationFactory:com.mediatek.settings.op02)
08-26 14:21:43.109  7387 15023 E OperatorCustomizationFactoryLoader: 2: OperatorFactoryInfo(OP03_null_SEGDEFAULT:OP03Settings.apk:com.mediatek.op03.settings.OP03SettingsCustomizationFactory:com.mediatek.op03.settings)
08-26 14:21:43.109  7387 15023 E OperatorCustomizationFactoryLoader: 3: OperatorFactoryInfo(OP06_null_SEGDEFAULT:OP06Settings.apk:com.mediatek.op06.settings.Op06SettingsCustomizationFactory:com.mediatek.op06.settings)
08-26 14:21:43.109  7387 15023 E OperatorCustomizationFactoryLoader: 4: OperatorFactoryInfo(OP07_null_SEGDEFAULT:OP07Settings.apk:com.mediatek.op07.settings.OP07SettingsCustomizationFactory:com.mediatek.op07.settings)
08-26 14:21:43.109  7387 15023 E OperatorCustomizationFactoryLoader: 5: OperatorFactoryInfo(OP08_null_SEGDEFAULT:OP08Settings.apk:com.mediatek.op08.settings.Op08SettingsCustomizationFactory:com.mediatek.op08.settings)
08-26 14:21:43.109  7387 15023 E OperatorCustomizationFactoryLoader: 6: OperatorFactoryInfo(OP09_null_SEGC:OP09ClibSettings.apk:com.mediatek.settings.op09clib.Op09ClibSettingsCustomizationFactory:com.mediatek.settings.op09clib)
08-26 14:21:43.109  7387 15023 E OperatorCustomizationFactoryLoader: 7: OperatorFactoryInfo(OP12_null_null:OP12Settings.apk:com.mediatek.op12.settings.Op12SettingsCustomizationFactory:com.mediatek.op12.settings)
08-26 14:21:43.109  7387 15023 E OperatorCustomizationFactoryLoader: 8: OperatorFactoryInfo(OP16_null_SEGDEFAULT:OP16Settings.apk:com.mediatek.op16.settings.Op16SettingsCustomizationFactory:com.mediatek.op16.settings)
08-26 14:21:43.109  7387 15023 E OperatorCustomizationFactoryLoader: 9: OperatorFactoryInfo(OP18_null_SEGDEFAULT:OP18Settings.apk:com.mediatek.op18.settings.OP18SettingsCustomizationFactory:com.mediatek.op18.settings)
08-26 14:21:43.109  7387 15023 E OperatorCustomizationFactoryLoader: 10: OperatorFactoryInfo(OP20_null_SEGDEFAULT:OP20Settings.apk:com.mediatek.op20.settings.OP20SettingsCustomizationFactory:com.mediatek.op20.settings)
08-26 14:21:43.109  7387 15023 D DefaultSettingsMiscExt: default doUpdateTilesList
08-26 14:21:43.110  7387 15023 D SettingsActivity: No enabled state changed, skipping updateCategory call
08-26 14:21:43.111   908  1273 I WindowManager: Relayout Window{dff5a26 u0 com.android.settings/com.android.settings.SubSettings}: oldVis=4 newVis=0 focusMayChange = true
