08-26 01:56:11.337  1111  1805 W NetworkStatsRecorder: unknown interfaces [lo], ignoring those stats
08-26 01:56:11.337  1111  1805 I NetworkStatsRecorder: recordSnapshotLocked: ident[[{type=WIFI, subType=COMBINED, networkId="emporia_5G", metered=false, defaultNetwork=true}]]
08-26 01:56:11.337  1111  1805 W NetworkStatsRecorder: unknown interfaces [lo], ignoring those stats
08-26 01:56:11.338  1111  1805 I NetworkStatsRecorder: recordSnapshotLocked: ident[[{type=WIFI, subType=COMBINED, networkId="emporia_5G", metered=false, defaultNetwork=true}]]
08-26 01:56:11.338  1111  1805 I NetworkStatsRecorder: recordSnapshotLocked: ident[[{type=WIFI, subType=COMBINED, networkId="emporia_5G", metered=false, defaultNetwork=true}]]
08-26 01:56:11.338  1111  1805 W NetworkStatsRecorder: unknown interfaces [lo], ignoring those stats
08-26 01:56:11.338  1111  1805 I NetworkStatsRecorder: recordSnapshotLocked: ident[[{type=WIFI, subType=COMBINED, networkId="emporia_5G", metered=false, defaultNetwork=true}]]
08-26 01:56:11.339  1111  1805 W NetworkStatsRecorder: unknown interfaces [lo], ignoring those stats
08-26 01:56:11.748  1111  1140 W Looper  : Slow dispatch took 1004ms android.ui h=android.view.Choreographer$FrameHandler c=android.view.Choreographer$FrameDisplayEventReceiver@fdf1420 m=0
08-26 01:56:11.750  1111  1140 W Looper  : Slow delivery took 1036ms android.ui h=com.android.server.policy.PhoneWindowManager$PolicyHandler c=com.android.server.policy.PhoneWindowManager$22@add81d9 m=0
08-26 01:56:11.855  1111  1140 W Looper  : Drained
08-26 01:56:12.162  1111  1805 I NetworkStatsRecorder: recordSnapshotLocked: ident[[{type=WIFI, subType=COMBINED, networkId="emporia_5G", metered=false, defaultNetwork=true}]]
08-26 01:56:12.162  1111  1805 W NetworkStatsRecorder: unknown interfaces [lo], ignoring those stats
08-26 01:56:12.162  1111  1805 I NetworkStatsRecorder: recordSnapshotLocked: ident[[{type=WIFI, subType=COMBINED, networkId="emporia_5G", metered=false, defaultNetwork=true}]]
08-26 01:56:12.162  1111  1805 W NetworkStatsRecorder: unknown interfaces [lo], ignoring those stats
08-26 01:56:12.163  1111  1805 I NetworkStatsRecorder: recordSnapshotLocked: ident[[{type=WIFI, subType=COMBINED, networkId="emporia_5G", metered=false, defaultNetwork=true}]]
08-26 01:56:12.163  1111  1805 I chatty  : uid=1000(system) NetworkStats identical 2 lines
08-26 01:56:12.163  1111  1805 I NetworkStatsRecorder: recordSnapshotLocked: ident[[{type=WIFI, subType=COMBINED, networkId="emporia_5G", metered=false, defaultNetwork=true}]]
08-26 01:56:12.163  1111  1805 W NetworkStatsRecorder: unknown interfaces [lo], ignoring those stats
08-26 01:56:12.163  1111  1805 I NetworkStatsRecorder: recordSnapshotLocked: ident[[{type=WIFI, subType=COMBINED, networkId="emporia_5G", metered=false, defaultNetwork=true}]]
08-26 01:56:12.163  1111  1805 I NetworkStatsRecorder: recordSnapshotLocked: ident[[{type=WIFI, subType=COMBINED, networkId="emporia_5G", metered=false, defaultNetwork=true}]]
08-26 01:56:12.164  1111  1805 W NetworkStatsRecorder: unknown interfaces [lo], ignoring those stats
08-26 01:56:12.376  1111  1139 W BroadcastQueue: Background execution not allowed: receiving Intent { act=action_get_and_install_plugin flg=0x10 } to com.qiyi.video/org.qiyi.android.plugin.service.PluginRetryReceiver
08-26 01:56:13.086  1111  1805 I NetworkStatsRecorder: recordSnapshotLocked: ident[[{type=WIFI, subType=COMBINED, networkId="emporia_5G", metered=false, defaultNetwork=true}]]
08-26 01:56:13.086  1111  1805 W NetworkStatsRecorder: unknown interfaces [lo], ignoring those stats
08-26 01:56:13.086  1111  1805 I NetworkStatsRecorder: recordSnapshotLocked: ident[[{type=WIFI, subType=COMBINED, networkId="emporia_5G", metered=false, defaultNetwork=true}]]
08-26 01:56:13.086  1111  1805 W NetworkStatsRecorder: unknown interfaces [lo], ignoring those stats
08-26 01:56:13.086  1111  1805 I NetworkStatsRecorder: recordSnapshotLocked: ident[[{type=WIFI, subType=COMBINED, networkId="emporia_5G", metered=false, defaultNetwork=true}]]
08-26 01:56:13.087  1111  1805 I chatty  : uid=1000(system) NetworkStats identical 1 line
08-26 01:56:13.087  1111  1805 I NetworkStatsRecorder: recordSnapshotLocked: ident[[{type=WIFI, subType=COMBINED, networkId="emporia_5G", metered=false, defaultNetwork=true}]]
08-26 01:56:13.087  1111  1805 W NetworkStatsRecorder: unknown interfaces [lo], ignoring those stats
08-26 01:56:13.087  1111  1805 I NetworkStatsRecorder: recordSnapshotLocked: ident[[{type=WIFI, subType=COMBINED, networkId="emporia_5G", metered=false, defaultNetwork=true}]]
08-26 01:56:13.087  1111  1805 W NetworkStatsRecorder: unknown interfaces [lo], ignoring those stats
08-26 01:56:13.369  1111  1140 W ActivityManager:   Force finishing activity com.qiyi.video/org.qiyi.android.video.MainActivity
08-26 01:56:13.379  1111  1140 I ActivityManager: Killing 19577:com.qiyi.video/u0a89 (adj 0): user request after error
08-26 01:56:13.465  1111  1140 W Looper  : Slow dispatch took 105ms android.ui h=com.android.server.am.AppNotRespondingDialog$1 c=null m=1
08-26 01:56:13.468  1111  1147 I WindowManager: Focus moving from Window{e906dec u0 Application Not Responding: com.qiyi.video EXITING} to null
08-26 01:56:13.619  1111  3144 I WindowManager: WIN DEATH: Window{1eab923 u0 com.qiyi.video/org.qiyi.android.video.MainActivity}
08-26 01:56:13.640  1111  1951 W ActivityManager: Scheduling restart of crashed service com.qiyi.video/com.iqiyi.video.download.DownloadJobService in 1000ms
08-26 01:56:13.640  1111  1951 W ActivityManager: Scheduling restart of crashed service com.qiyi.video/org.qiyi.video.module.icommunication.ipc.HostService in 11714ms
08-26 01:56:13.640  1111  1951 W ActivityManager: Scheduling restart of crashed service com.qiyi.video/org.qiyi.android.plugin.ipc.IPCService0 in 21714ms
08-26 01:56:13.641  1111  1951 W ActivityManager: Scheduling restart of crashed service com.qiyi.video/com.iqiyi.im.core.service.PPMessageService in 21714ms
08-26 01:56:13.641  1111  1951 W ActivityManager: Scheduling restart of crashed service com.qiyi.video/org.qiyi.pluginlibrary.pm.PluginPackageManagerService in 31713ms
08-26 01:56:13.641  1111  1951 W ActivityManager: Scheduling restart of crashed service com.qiyi.video/com.iqiyi.hcim.service.IMService in 41713ms
08-26 01:56:13.641  1111  1951 W ActivityManager: Scheduling restart of crashed service com.qiyi.video/org.qiyi.android.commonphonepad.pushmessage.qiyi.service.PushMessageService in 51713ms
08-26 01:56:13.723  1111  1147 W ActivityManager: setHasOverlayUi called on unknown pid: 19577
08-26 01:56:13.735  1111  4487 I WindowManager: Relayout Window{cc5beeb u0 com.emporia.emporiaapprebuild/com.emporia.easylauncher.EasyLauncher}: oldVis=8 newVis=0 focusMayChange = true
08-26 01:56:13.751  1111  1147 I WindowManager: Focus moving from null to Window{cc5beeb u0 com.emporia.emporiaapprebuild/com.emporia.easylauncher.EasyLauncher}
08-26 01:56:13.770  1111  1141 I ActivityManager: Start proc 20557:com.qiyi.video/u0a89 for service com.qiyi.video/org.qiyi.pluginlibrary.pm.PluginPackageManagerService
08-26 01:56:13.966  1111  1139 W BroadcastQueue: Background execution not allowed: receiving Intent { act=android.intent.action.DROPBOX_ENTRY_ADDED flg=0x10 (has extras) } to com.google.android.gms/.stats.service.DropBoxEntryAddedReceiver
08-26 01:56:13.966  1111  1139 W BroadcastQueue: Background execution not allowed: receiving Intent { act=android.intent.action.DROPBOX_ENTRY_ADDED flg=0x10 (has extras) } to com.google.android.gms/.chimera.GmsIntentOperationService$PersistentTrustedReceiver
08-26 01:56:14.023  1111  1805 I NetworkStatsRecorder: recordSnapshotLocked: ident[[{type=WIFI, subType=COMBINED, networkId="emporia_5G", metered=false, defaultNetwork=true}]]
08-26 01:56:14.024  1111  1805 W NetworkStatsRecorder: unknown interfaces [lo], ignoring those stats
08-26 01:56:14.024  1111  1805 I NetworkStatsRecorder: recordSnapshotLocked: ident[[{type=WIFI, subType=COMBINED, networkId="emporia_5G", metered=false, defaultNetwork=true}]]
08-26 01:56:14.024  1111  1805 W NetworkStatsRecorder: unknown interfaces [lo], ignoring those stats
08-26 01:56:14.024  1111  1805 I NetworkStatsRecorder: recordSnapshotLocked: ident[[{type=WIFI, subType=COMBINED, networkId="emporia_5G", metered=false, defaultNetwork=true}]]
08-26 01:56:14.025  1111  1805 I chatty  : uid=1000(system) NetworkStats identical 3 lines
08-26 01:56:14.025  1111  1805 I NetworkStatsRecorder: recordSnapshotLocked: ident[[{type=WIFI, subType=COMBINED, networkId="emporia_5G", metered=false, defaultNetwork=true}]]
08-26 01:56:14.025  1111  1805 W NetworkStatsRecorder: unknown interfaces [lo], ignoring those stats
08-26 01:56:14.025  1111  1805 I NetworkStatsRecorder: recordSnapshotLocked: ident[[{type=WIFI, subType=COMBINED, networkId="emporia_5G", metered=false, defaultNetwork=true}]]
08-26 01:56:14.026  1111  1805 I NetworkStatsRecorder: recordSnapshotLocked: ident[[{type=WIFI, subType=COMBINED, networkId="emporia_5G", metered=false, defaultNetwork=true}]]
08-26 01:56:14.026  1111  1805 W NetworkStatsRecorder: unknown interfaces [lo], ignoring those stats
08-26 01:56:14.982  1111  3144 I ActivityManager: START u0 {act=android.intent.action.MAIN flg=0x10000000 cmp=com.qiyi.video/.WelcomeActivity} from uid 10041
08-26 01:56:15.050  1111  1147 I WindowManager: Focus moving from Window{cc5beeb u0 com.emporia.emporiaapprebuild/com.emporia.easylauncher.EasyLauncher} to null
08-26 01:56:15.060  1111  4487 I ActivityManager: Killing 17753:com.google.android.apps.tachyon/u0a83 (adj 906): empty #17
08-26 01:56:15.250  1111  1805 I NetworkStatsRecorder: recordSnapshotLocked: ident[[{type=WIFI, subType=COMBINED, networkId="emporia_5G", metered=false, defaultNetwork=true}]]
08-26 01:56:15.251  1111  1805 W NetworkStatsRecorder: unknown interfaces [lo], ignoring those stats
08-26 01:56:15.251  1111  1805 I NetworkStatsRecorder: recordSnapshotLocked: ident[[{type=WIFI, subType=COMBINED, networkId="emporia_5G", metered=false, defaultNetwork=true}]]
08-26 01:56:15.251  1111  1805 W NetworkStatsRecorder: unknown interfaces [lo], ignoring those stats
08-26 01:56:15.252  1111  1805 I NetworkStatsRecorder: recordSnapshotLocked: ident[[{type=WIFI, subType=COMBINED, networkId="emporia_5G", metered=false, defaultNetwork=true}]]
08-26 01:56:15.253  1111  1805 I chatty  : uid=1000(system) NetworkStats identical 1 line
08-26 01:56:15.253  1111  1805 I NetworkStatsRecorder: recordSnapshotLocked: ident[[{type=WIFI, subType=COMBINED, networkId="emporia_5G", metered=false, defaultNetwork=true}]]
08-26 01:56:15.257  1111  1805 W NetworkStatsRecorder: unknown interfaces [lo], ignoring those stats
08-26 01:56:15.258  1111  1805 W NetworkStatsRecorder: unknown interfaces [lo], ignoring those stats
08-26 01:56:16.406  1111  1951 I ActivityManager: START u0 {cmp=com.qiyi.video/org.qiyi.android.video.MainActivity (has extras)} from uid 10089
08-26 01:56:16.778  1111  1805 I NetworkStatsRecorder: recordSnapshotLocked: ident[[{type=WIFI, subType=COMBINED, networkId="emporia_5G", metered=false, defaultNetwork=true}]]
08-26 01:56:16.778  1111  1805 W NetworkStatsRecorder: unknown interfaces [lo], ignoring those stats
08-26 01:56:16.778  1111  1805 I NetworkStatsRecorder: recordSnapshotLocked: ident[[{type=WIFI, subType=COMBINED, networkId="emporia_5G", metered=false, defaultNetwork=true}]]
08-26 01:56:16.778  1111  1805 W NetworkStatsRecorder: unknown interfaces [lo], ignoring those stats
08-26 01:56:16.779  1111  1805 I NetworkStatsRecorder: recordSnapshotLocked: ident[[{type=WIFI, subType=COMBINED, networkId="emporia_5G", metered=false, defaultNetwork=true}]]
08-26 01:56:16.779  1111  1805 I chatty  : uid=1000(system) NetworkStats identical 2 lines
08-26 01:56:16.779  1111  1805 I NetworkStatsRecorder: recordSnapshotLocked: ident[[{type=WIFI, subType=COMBINED, networkId="emporia_5G", metered=false, defaultNetwork=true}]]
08-26 01:56:16.779  1111  1805 W NetworkStatsRecorder: unknown interfaces [lo], ignoring those stats
08-26 01:56:16.784  1111  1805 I NetworkStatsRecorder: recordSnapshotLocked: ident[[{type=WIFI, subType=COMBINED, networkId="emporia_5G", metered=false, defaultNetwork=true}]]
08-26 01:56:16.787  1111  1805 I chatty  : uid=1000(system) NetworkStats identical 1 line
08-26 01:56:16.787  1111  1805 I NetworkStatsRecorder: recordSnapshotLocked: ident[[{type=WIFI, subType=COMBINED, networkId="emporia_5G", metered=false, defaultNetwork=true}]]
08-26 01:56:16.787  1111  1805 W NetworkStatsRecorder: unknown interfaces [lo], ignoring those stats
08-26 01:56:18.481  1111  1141 I ActivityManager: Start proc 20737:com.android.bookmarkprovider/u0a77 for content provider com.android.bookmarkprovider/.BookmarkProvider
08-26 01:56:18.651  1111  1805 I NetworkStatsRecorder: recordSnapshotLocked: ident[[{type=WIFI, subType=COMBINED, networkId="emporia_5G", metered=false, defaultNetwork=true}]]
08-26 01:56:18.651  1111  1805 W NetworkStatsRecorder: unknown interfaces [lo], ignoring those stats
08-26 01:56:18.651  1111  1805 I NetworkStatsRecorder: recordSnapshotLocked: ident[[{type=WIFI, subType=COMBINED, networkId="emporia_5G", metered=false, defaultNetwork=true}]]
08-26 01:56:18.651  1111  1805 W NetworkStatsRecorder: unknown interfaces [lo], ignoring those stats
08-26 01:56:18.652  1111  1805 I NetworkStatsRecorder: recordSnapshotLocked: ident[[{type=WIFI, subType=COMBINED, networkId="emporia_5G", metered=false, defaultNetwork=true}]]
08-26 01:56:18.652  1111  1805 I chatty  : uid=1000(system) NetworkStats identical 2 lines
08-26 01:56:18.652  1111  1805 I NetworkStatsRecorder: recordSnapshotLocked: ident[[{type=WIFI, subType=COMBINED, networkId="emporia_5G", metered=false, defaultNetwork=true}]]
08-26 01:56:18.653  1111  1805 W NetworkStatsRecorder: unknown interfaces [lo], ignoring those stats
08-26 01:56:18.653  1111  1805 I NetworkStatsRecorder: recordSnapshotLocked: ident[[{type=WIFI, subType=COMBINED, networkId="emporia_5G", metered=false, defaultNetwork=true}]]
08-26 01:56:18.653  1111  1805 I chatty  : uid=1000(system) NetworkStats identical 3 lines
08-26 01:56:18.653  1111  1805 I NetworkStatsRecorder: recordSnapshotLocked: ident[[{type=WIFI, subType=COMBINED, networkId="emporia_5G", metered=false, defaultNetwork=true}]]
08-26 01:56:18.653  1111  1805 W NetworkStatsRecorder: unknown interfaces [lo], ignoring those stats
08-26 01:56:19.566 20557 20756 E ActivityThread: Failed to find provider info for com.vivo.push.sdk.service.SystemPushConfig
08-26 01:56:19.570 20557 20746 E ActivityThread: Failed to find provider info for com.vivo.push.sdk.service.SystemPushConfig
08-26 01:56:19.997  1111  1139 W ActivityManager: Launch timeout has expired, giving up wake lock!
08-26 01:56:21.101  1111  3648 I WindowManager: Relayout Window{b831fd7 u0 com.qiyi.video/org.qiyi.android.video.MainActivity}: oldVis=4 newVis=0 focusMayChange = true
08-26 01:56:21.114  1111  1147 I WindowManager: Focus moving from null to Window{b831fd7 u0 com.qiyi.video/org.qiyi.android.video.MainActivity}
08-26 01:56:23.905  1111  1951 W BroadcastQueue: Background execution not allowed: receiving Intent { act=android.intent.action.DROPBOX_ENTRY_ADDED flg=0x10 (has extras) } to com.google.android.gms/.stats.service.DropBoxEntryAddedReceiver
08-26 01:56:23.909  1111  1139 W BroadcastQueue: Background execution not allowed: receiving Intent { act=android.intent.action.DROPBOX_ENTRY_ADDED flg=0x10 (has extras) } to com.google.android.gms/.chimera.GmsIntentOperationService$PersistentTrustedReceiver
08-26 01:56:23.909  1111  1139 W BroadcastQueue: Background execution not allowed: receiving Intent { act=android.intent.action.DROPBOX_ENTRY_ADDED flg=0x10 (has extras) } to com.google.android.gms/.stats.service.DropBoxEntryAddedReceiver
08-26 01:56:23.910  1111  1139 W BroadcastQueue: Background execution not allowed: receiving Intent { act=android.intent.action.DROPBOX_ENTRY_ADDED flg=0x10 (has extras) } to com.google.android.gms/.chimera.GmsIntentOperationService$PersistentTrustedReceiver
08-26 01:56:24.027  1111  1951 W BroadcastQueue: Background execution not allowed: receiving Intent { act=android.intent.action.DROPBOX_ENTRY_ADDED flg=0x10 (has extras) } to com.google.android.gms/.stats.service.DropBoxEntryAddedReceiver
08-26 01:56:24.028  1111  1139 W BroadcastQueue: Background execution not allowed: receiving Intent { act=android.intent.action.DROPBOX_ENTRY_ADDED flg=0x10 (has extras) } to com.google.android.gms/.chimera.GmsIntentOperationService$PersistentTrustedReceiver
08-26 01:56:24.029  1111  1139 W BroadcastQueue: Background execution not allowed: receiving Intent { act=android.intent.action.DROPBOX_ENTRY_ADDED flg=0x10 (has extras) } to com.google.android.gms/.stats.service.DropBoxEntryAddedReceiver
08-26 01:56:24.029  1111  1139 W BroadcastQueue: Background execution not allowed: receiving Intent { act=android.intent.action.DROPBOX_ENTRY_ADDED flg=0x10 (has extras) } to com.google.android.gms/.chimera.GmsIntentOperationService$PersistentTrustedReceiver
08-26 01:56:24.083  1111  1951 W BroadcastQueue: Background execution not allowed: receiving Intent { act=android.intent.action.DROPBOX_ENTRY_ADDED flg=0x10 (has extras) } to com.google.android.gms/.stats.service.DropBoxEntryAddedReceiver
08-26 01:56:24.084  1111  1139 W BroadcastQueue: Background execution not allowed: receiving Intent { act=android.intent.action.DROPBOX_ENTRY_ADDED flg=0x10 (has extras) } to com.google.android.gms/.chimera.GmsIntentOperationService$PersistentTrustedReceiver
08-26 01:56:30.612  1111  1139 I ActivityManager: Waited long enough for: ServiceRecord{c295f0f u0 com.qiyi.video/org.qiyi.pluginlibrary.component.ServiceProxy3}
08-26 01:56:32.413  1111  1805 I NetworkStatsRecorder: recordSnapshotLocked: ident[[{type=WIFI, subType=COMBINED, networkId="emporia_5G", metered=false, defaultNetwork=true}]]
08-26 01:56:32.413  1111  1805 W NetworkStatsRecorder: unknown interfaces [lo], ignoring those stats
08-26 01:56:32.413  1111  1805 I NetworkStatsRecorder: recordSnapshotLocked: ident[[{type=WIFI, subType=COMBINED, networkId="emporia_5G", metered=false, defaultNetwork=true}]]
08-26 01:56:32.413  1111  1805 W NetworkStatsRecorder: unknown interfaces [lo], ignoring those stats
08-26 01:56:32.414  1111  1805 I NetworkStatsRecorder: recordSnapshotLocked: ident[[{type=WIFI, subType=COMBINED, networkId="emporia_5G", metered=false, defaultNetwork=true}]]
08-26 01:56:32.414  1111  1805 I chatty  : uid=1000(system) NetworkStats identical 3 lines
08-26 01:56:32.414  1111  1805 I NetworkStatsRecorder: recordSnapshotLocked: ident[[{type=WIFI, subType=COMBINED, networkId="emporia_5G", metered=false, defaultNetwork=true}]]
08-26 01:56:32.414  1111  1805 W NetworkStatsRecorder: unknown interfaces [lo], ignoring those stats
08-26 01:56:32.415  1111  1805 I NetworkStatsRecorder: recordSnapshotLocked: ident[[{type=WIFI, subType=COMBINED, networkId="emporia_5G", metered=false, defaultNetwork=true}]]
08-26 01:56:32.416  1111  1805 I chatty  : uid=1000(system) NetworkStats identical 11 lines
08-26 01:56:32.416  1111  1805 I NetworkStatsRecorder: recordSnapshotLocked: ident[[{type=WIFI, subType=COMBINED, networkId="emporia_5G", metered=false, defaultNetwork=true}]]
08-26 01:56:32.416  1111  1805 W NetworkStatsRecorder: unknown interfaces [lo], ignoring those stats
08-26 01:56:32.806  1111  1805 I NetworkStatsRecorder: recordSnapshotLocked: ident[[{type=WIFI, subType=COMBINED, networkId="emporia_5G", metered=false, defaultNetwork=true}]]
08-26 01:56:32.810  1111  1805 W NetworkStatsRecorder: unknown interfaces [lo], ignoring those stats
08-26 01:56:32.810  1111  1805 I NetworkStatsRecorder: recordSnapshotLocked: ident[[{type=WIFI, subType=COMBINED, networkId="emporia_5G", metered=false, defaultNetwork=true}]]
08-26 01:56:32.810  1111  1805 W NetworkStatsRecorder: unknown interfaces [lo], ignoring those stats
08-26 01:56:32.811  1111  1805 I NetworkStatsRecorder: recordSnapshotLocked: ident[[{type=WIFI, subType=COMBINED, networkId="emporia_5G", metered=false, defaultNetwork=true}]]
08-26 01:56:32.811  1111  1805 I NetworkStatsRecorder: recordSnapshotLocked: ident[[{type=WIFI, subType=COMBINED, networkId="emporia_5G", metered=false, defaultNetwork=true}]]
08-26 01:56:32.811  1111  1805 W NetworkStatsRecorder: unknown interfaces [lo], ignoring those stats
08-26 01:56:32.812  1111  1805 I NetworkStatsRecorder: recordSnapshotLocked: ident[[{type=WIFI, subType=COMBINED, networkId="emporia_5G", metered=false, defaultNetwork=true}]]
08-26 01:56:32.812  1111  1805 W NetworkStatsRecorder: unknown interfaces [lo], ignoring those stats
08-26 01:56:33.172  1111  1805 I NetworkStatsRecorder: recordSnapshotLocked: ident[[{type=WIFI, subType=COMBINED, networkId="emporia_5G", metered=false, defaultNetwork=true}]]
08-26 01:56:33.172  1111  1805 W NetworkStatsRecorder: unknown interfaces [lo], ignoring those stats
08-26 01:56:33.172  1111  1805 I NetworkStatsRecorder: recordSnapshotLocked: ident[[{type=WIFI, subType=COMBINED, networkId="emporia_5G", metered=false, defaultNetwork=true}]]
08-26 01:56:33.172  1111  1805 W NetworkStatsRecorder: unknown interfaces [lo], ignoring those stats
08-26 01:56:33.173  1111  1805 I NetworkStatsRecorder: recordSnapshotLocked: ident[[{type=WIFI, subType=COMBINED, networkId="emporia_5G", metered=false, defaultNetwork=true}]]
08-26 01:56:33.173  1111  1805 W NetworkStatsRecorder: unknown interfaces [lo], ignoring those stats
08-26 01:56:33.173  1111  1805 I NetworkStatsRecorder: recordSnapshotLocked: ident[[{type=WIFI, subType=COMBINED, networkId="emporia_5G", metered=false, defaultNetwork=true}]]
08-26 01:56:33.173  1111  1805 I NetworkStatsRecorder: recordSnapshotLocked: ident[[{type=WIFI, subType=COMBINED, networkId="emporia_5G", metered=false, defaultNetwork=true}]]
08-26 01:56:33.173  1111  1805 W NetworkStatsRecorder: unknown interfaces [lo], ignoring those stats
08-26 01:56:33.608  1111  1805 I NetworkStatsRecorder: recordSnapshotLocked: ident[[{type=WIFI, subType=COMBINED, networkId="emporia_5G", metered=false, defaultNetwork=true}]]
08-26 01:56:33.609  1111  1805 W NetworkStatsRecorder: unknown interfaces [lo], ignoring those stats
08-26 01:56:33.609  1111  1805 I NetworkStatsRecorder: recordSnapshotLocked: ident[[{type=WIFI, subType=COMBINED, networkId="emporia_5G", metered=false, defaultNetwork=true}]]
08-26 01:56:33.609  1111  1805 W NetworkStatsRecorder: unknown interfaces [lo], ignoring those stats
08-26 01:56:33.610  1111  1805 I NetworkStatsRecorder: recordSnapshotLocked: ident[[{type=WIFI, subType=COMBINED, networkId="emporia_5G", metered=false, defaultNetwork=true}]]
08-26 01:56:33.610  1111  1805 I NetworkStatsRecorder: recordSnapshotLocked: ident[[{type=WIFI, subType=COMBINED, networkId="emporia_5G", metered=false, defaultNetwork=true}]]
08-26 01:56:33.610  1111  1805 W NetworkStatsRecorder: unknown interfaces [lo], ignoring those stats
08-26 01:56:33.611  1111  1805 W NetworkStatsRecorder: unknown interfaces [lo], ignoring those stats
08-26 01:56:39.314  1111  1139 I ActivityManager: Killing 17997:com.google.android.apps.maps/u0a62 (adj 906): empty #17
08-26 01:56:47.028  1111  1805 I NetworkStatsRecorder: recordSnapshotLocked: ident[[{type=WIFI, subType=COMBINED, networkId="emporia_5G", metered=false, defaultNetwork=true}]]
08-26 01:56:47.028  1111  1805 W NetworkStatsRecorder: unknown interfaces [lo], ignoring those stats
08-26 01:56:47.029  1111  1805 I NetworkStatsRecorder: recordSnapshotLocked: ident[[{type=WIFI, subType=COMBINED, networkId="emporia_5G", metered=false, defaultNetwork=true}]]
08-26 01:56:47.029  1111  1805 W NetworkStatsRecorder: unknown interfaces [lo], ignoring those stats
08-26 01:56:47.029  1111  1805 I NetworkStatsRecorder: recordSnapshotLocked: ident[[{type=WIFI, subType=COMBINED, networkId="emporia_5G", metered=false, defaultNetwork=true}]]
08-26 01:56:47.029  1111  1805 I chatty  : uid=1000(system) NetworkStats identical 3 lines
08-26 01:56:47.029  1111  1805 I NetworkStatsRecorder: recordSnapshotLocked: ident[[{type=WIFI, subType=COMBINED, networkId="emporia_5G", metered=false, defaultNetwork=true}]]
08-26 01:56:47.030  1111  1805 W NetworkStatsRecorder: unknown interfaces [lo], ignoring those stats
08-26 01:56:47.030  1111  1805 I NetworkStatsRecorder: recordSnapshotLocked: ident[[{type=WIFI, subType=COMBINED, networkId="emporia_5G", metered=false, defaultNetwork=true}]]
08-26 01:56:47.030  1111  1805 I chatty  : uid=1000(system) NetworkStats identical 3 lines
08-26 01:56:47.030  1111  1805 I NetworkStatsRecorder: recordSnapshotLocked: ident[[{type=WIFI, subType=COMBINED, networkId="emporia_5G", metered=false, defaultNetwork=true}]]
08-26 01:56:47.030  1111  1805 W NetworkStatsRecorder: unknown interfaces [lo], ignoring those stats
08-26 01:56:50.260  1111  1805 I NetworkStatsRecorder: recordSnapshotLocked: ident[[{type=WIFI, subType=COMBINED, networkId="emporia_5G", metered=false, defaultNetwork=true}]]
08-26 01:56:50.260  1111  1805 W NetworkStatsRecorder: unknown interfaces [lo], ignoring those stats
08-26 01:56:50.260  1111  1805 I NetworkStatsRecorder: recordSnapshotLocked: ident[[{type=WIFI, subType=COMBINED, networkId="emporia_5G", metered=false, defaultNetwork=true}]]
08-26 01:56:50.260  1111  1805 W NetworkStatsRecorder: unknown interfaces [lo], ignoring those stats
08-26 01:56:50.260  1111  1805 I NetworkStatsRecorder: recordSnapshotLocked: ident[[{type=WIFI, subType=COMBINED, networkId="emporia_5G", metered=false, defaultNetwork=true}]]
08-26 01:56:50.261  1111  1805 I chatty  : uid=1000(system) NetworkStats identical 2 lines
08-26 01:56:50.261  1111  1805 I NetworkStatsRecorder: recordSnapshotLocked: ident[[{type=WIFI, subType=COMBINED, networkId="emporia_5G", metered=false, defaultNetwork=true}]]
08-26 01:56:50.261  1111  1805 W NetworkStatsRecorder: unknown interfaces [lo], ignoring those stats
08-26 01:56:50.262  1111  1805 I NetworkStatsRecorder: recordSnapshotLocked: ident[[{type=WIFI, subType=COMBINED, networkId="emporia_5G", metered=false, defaultNetwork=true}]]
08-26 01:56:50.262  1111  1805 I chatty  : uid=1000(system) NetworkStats identical 1 line
08-26 01:56:50.262  1111  1805 I NetworkStatsRecorder: recordSnapshotLocked: ident[[{type=WIFI, subType=COMBINED, networkId="emporia_5G", metered=false, defaultNetwork=true}]]
08-26 01:56:50.262  1111  1805 W NetworkStatsRecorder: unknown interfaces [lo], ignoring those stats
08-26 01:56:51.282  1111  3013 W ActivityManager: Receiver with filter android.content.IntentFilter@c6fa0ed already registered for pid 20557, callerPackage is com.qiyi.video
08-26 01:56:53.136  1111  2157 W ActivityManager: Receiver with filter android.content.IntentFilter@6325ee9 already registered for pid 20557, callerPackage is com.qiyi.video
08-26 01:56:54.408   746   928 E storaged: getDiskStats failed with result NOT_SUPPORTED and size 0
08-26 01:56:55.964  1111  1805 I NetworkStatsRecorder: recordSnapshotLocked: ident[[{type=WIFI, subType=COMBINED, networkId="emporia_5G", metered=false, defaultNetwork=true}]]
08-26 01:56:55.965  1111  1805 W NetworkStatsRecorder: unknown interfaces [lo], ignoring those stats
08-26 01:56:55.965  1111  1805 I NetworkStatsRecorder: recordSnapshotLocked: ident[[{type=WIFI, subType=COMBINED, networkId="emporia_5G", metered=false, defaultNetwork=true}]]
08-26 01:56:55.965  1111  1805 W NetworkStatsRecorder: unknown interfaces [lo], ignoring those stats
08-26 01:56:55.966  1111  1805 I NetworkStatsRecorder: recordSnapshotLocked: ident[[{type=WIFI, subType=COMBINED, networkId="emporia_5G", metered=false, defaultNetwork=true}]]
08-26 01:56:55.966  1111  1805 I chatty  : uid=1000(system) NetworkStats identical 3 lines
08-26 01:56:55.966  1111  1805 I NetworkStatsRecorder: recordSnapshotLocked: ident[[{type=WIFI, subType=COMBINED, networkId="emporia_5G", metered=false, defaultNetwork=true}]]
08-26 01:56:55.967  1111  1805 W NetworkStatsRecorder: unknown interfaces [lo], ignoring those stats
08-26 01:56:55.967  1111  1805 I NetworkStatsRecorder: recordSnapshotLocked: ident[[{type=WIFI, subType=COMBINED, networkId="emporia_5G", metered=false, defaultNetwork=true}]]
08-26 01:56:55.968  1111  1805 I chatty  : uid=1000(system) NetworkStats identical 4 lines
08-26 01:56:55.968  1111  1805 I NetworkStatsRecorder: recordSnapshotLocked: ident[[{type=WIFI, subType=COMBINED, networkId="emporia_5G", metered=false, defaultNetwork=true}]]
08-26 01:56:55.968  1111  1805 W NetworkStatsRecorder: unknown interfaces [lo], ignoring those stats
08-26 01:56:59.766  1111  1139 W BroadcastQueue: Background execution not allowed: receiving Intent { act=action_get_and_install_plugin flg=0x10 } to com.qiyi.video/org.qiyi.android.plugin.service.PluginRetryReceiver
08-26 01:57:03.106  1111  1805 I NetworkStatsRecorder: recordSnapshotLocked: ident[[{type=WIFI, subType=COMBINED, networkId="emporia_5G", metered=false, defaultNetwork=true}]]
08-26 01:57:03.106  1111  1805 W NetworkStatsRecorder: unknown interfaces [lo], ignoring those stats
08-26 01:57:03.106  1111  1805 I NetworkStatsRecorder: recordSnapshotLocked: ident[[{type=WIFI, subType=COMBINED, networkId="emporia_5G", metered=false, defaultNetwork=true}]]
08-26 01:57:03.106  1111  1805 W NetworkStatsRecorder: unknown interfaces [lo], ignoring those stats
08-26 01:57:03.107  1111  1805 I NetworkStatsRecorder: recordSnapshotLocked: ident[[{type=WIFI, subType=COMBINED, networkId="emporia_5G", metered=false, defaultNetwork=true}]]
08-26 01:57:03.120  1111  1805 I chatty  : uid=1000(system) NetworkStats identical 3 lines
08-26 01:57:03.120  1111  1805 I NetworkStatsRecorder: recordSnapshotLocked: ident[[{type=WIFI, subType=COMBINED, networkId="emporia_5G", metered=false, defaultNetwork=true}]]
08-26 01:57:03.120  1111  1805 W NetworkStatsRecorder: unknown interfaces [lo], ignoring those stats
08-26 01:57:03.123  1111  1805 I NetworkStatsRecorder: recordSnapshotLocked: ident[[{type=WIFI, subType=COMBINED, networkId="emporia_5G", metered=false, defaultNetwork=true}]]
08-26 01:57:03.123  1111  1805 I NetworkStatsRecorder: recordSnapshotLocked: ident[[{type=WIFI, subType=COMBINED, networkId="emporia_5G", metered=false, defaultNetwork=true}]]
08-26 01:57:03.124  1111  1805 W NetworkStatsRecorder: unknown interfaces [lo], ignoring those stats
08-26 01:57:03.577  1111  1138 W Looper  : Slow dispatch took 25968ms android.bg h=com.android.server.am.ActivityManagerService$3 c=null m=1
08-26 01:57:07.190  1111  1805 I NetworkStatsRecorder: recordSnapshotLocked: ident[[{type=WIFI, subType=COMBINED, networkId="emporia_5G", metered=false, defaultNetwork=true}]]
08-26 01:57:07.190  1111  1805 W NetworkStatsRecorder: unknown interfaces [lo], ignoring those stats
08-26 01:57:07.191  1111  1805 I NetworkStatsRecorder: recordSnapshotLocked: ident[[{type=WIFI, subType=COMBINED, networkId="emporia_5G", metered=false, defaultNetwork=true}]]
08-26 01:57:07.191  1111  1805 W NetworkStatsRecorder: unknown interfaces [lo], ignoring those stats
08-26 01:57:07.191  1111  1805 I NetworkStatsRecorder: recordSnapshotLocked: ident[[{type=WIFI, subType=COMBINED, networkId="emporia_5G", metered=false, defaultNetwork=true}]]
08-26 01:57:07.192  1111  1805 I chatty  : uid=1000(system) NetworkStats identical 2 lines
08-26 01:57:07.192  1111  1805 I NetworkStatsRecorder: recordSnapshotLocked: ident[[{type=WIFI, subType=COMBINED, networkId="emporia_5G", metered=false, defaultNetwork=true}]]
08-26 01:57:07.198  1111  1805 W NetworkStatsRecorder: unknown interfaces [lo], ignoring those stats
08-26 01:57:07.208  1111  1805 I NetworkStatsRecorder: recordSnapshotLocked: ident[[{type=WIFI, subType=COMBINED, networkId="emporia_5G", metered=false, defaultNetwork=true}]]
08-26 01:57:07.209  1111  1805 I chatty  : uid=1000(system) NetworkStats identical 2 lines
08-26 01:57:07.210  1111  1805 I NetworkStatsRecorder: recordSnapshotLocked: ident[[{type=WIFI, subType=COMBINED, networkId="emporia_5G", metered=false, defaultNetwork=true}]]
08-26 01:57:07.210  1111  1805 W NetworkStatsRecorder: unknown interfaces [lo], ignoring those stats
08-26 01:57:07.928  1111  1805 I NetworkStatsRecorder: recordSnapshotLocked: ident[[{type=WIFI, subType=COMBINED, networkId="emporia_5G", metered=false, defaultNetwork=true}]]
08-26 01:57:07.928  1111  1805 W NetworkStatsRecorder: unknown interfaces [lo], ignoring those stats
08-26 01:57:07.928  1111  1805 I NetworkStatsRecorder: recordSnapshotLocked: ident[[{type=WIFI, subType=COMBINED, networkId="emporia_5G", metered=false, defaultNetwork=true}]]
08-26 01:57:07.931  1111  1805 W NetworkStatsRecorder: unknown interfaces [lo], ignoring those stats
08-26 01:57:07.932  1111  1805 I NetworkStatsRecorder: recordSnapshotLocked: ident[[{type=WIFI, subType=COMBINED, networkId="emporia_5G", metered=false, defaultNetwork=true}]]
08-26 01:57:07.934  1111  1805 I NetworkStatsRecorder: recordSnapshotLocked: ident[[{type=WIFI, subType=COMBINED, networkId="emporia_5G", metered=false, defaultNetwork=true}]]
08-26 01:57:07.934  1111  1805 W NetworkStatsRecorder: unknown interfaces [lo], ignoring those stats
08-26 01:57:07.935  1111  1805 W NetworkStatsRecorder: unknown interfaces [lo], ignoring those stats
08-26 01:57:08.857  1111  1805 I NetworkStatsRecorder: recordSnapshotLocked: ident[[{type=WIFI, subType=COMBINED, networkId="emporia_5G", metered=false, defaultNetwork=true}]]
08-26 01:57:08.857  1111  1805 W NetworkStatsRecorder: unknown interfaces [lo], ignoring those stats
08-26 01:57:08.857  1111  1805 I NetworkStatsRecorder: recordSnapshotLocked: ident[[{type=WIFI, subType=COMBINED, networkId="emporia_5G", metered=false, defaultNetwork=true}]]
08-26 01:57:08.857  1111  1805 W NetworkStatsRecorder: unknown interfaces [lo], ignoring those stats
08-26 01:57:08.858  1111  1805 I NetworkStatsRecorder: recordSnapshotLocked: ident[[{type=WIFI, subType=COMBINED, networkId="emporia_5G", metered=false, defaultNetwork=true}]]
08-26 01:57:08.858  1111  1805 W NetworkStatsRecorder: unknown interfaces [lo], ignoring those stats
08-26 01:57:08.858  1111  1805 W NetworkStatsRecorder: unknown interfaces [lo], ignoring those stats
08-26 01:57:10.399  1111  1805 I NetworkStatsRecorder: recordSnapshotLocked: ident[[{type=WIFI, subType=COMBINED, networkId="emporia_5G", metered=false, defaultNetwork=true}]]
08-26 01:57:10.399  1111  1805 W NetworkStatsRecorder: unknown interfaces [lo], ignoring those stats
08-26 01:57:10.399  1111  1805 I NetworkStatsRecorder: recordSnapshotLocked: ident[[{type=WIFI, subType=COMBINED, networkId="emporia_5G", metered=false, defaultNetwork=true}]]
08-26 01:57:10.400  1111  1805 W NetworkStatsRecorder: unknown interfaces [lo], ignoring those stats
08-26 01:57:10.400  1111  1805 I NetworkStatsRecorder: recordSnapshotLocked: ident[[{type=WIFI, subType=COMBINED, networkId="emporia_5G", metered=false, defaultNetwork=true}]]
08-26 01:57:10.400  1111  1805 I NetworkStatsRecorder: recordSnapshotLocked: ident[[{type=WIFI, subType=COMBINED, networkId="emporia_5G", metered=false, defaultNetwork=true}]]
08-26 01:57:10.400  1111  1805 W NetworkStatsRecorder: unknown interfaces [lo], ignoring those stats
08-26 01:57:10.401  1111  1805 W NetworkStatsRecorder: unknown interfaces [lo], ignoring those stats
08-26 01:57:11.445  1111  1805 I NetworkStatsRecorder: recordSnapshotLocked: ident[[{type=WIFI, subType=COMBINED, networkId="emporia_5G", metered=false, defaultNetwork=true}]]
08-26 01:57:11.445  1111  1805 W NetworkStatsRecorder: unknown interfaces [lo], ignoring those stats
08-26 01:57:11.446  1111  1805 I NetworkStatsRecorder: recordSnapshotLocked: ident[[{type=WIFI, subType=COMBINED, networkId="emporia_5G", metered=false, defaultNetwork=true}]]
08-26 01:57:11.446  1111  1805 W NetworkStatsRecorder: unknown interfaces [lo], ignoring those stats
08-26 01:57:11.446  1111  1805 I NetworkStatsRecorder: recordSnapshotLocked: ident[[{type=WIFI, subType=COMBINED, networkId="emporia_5G", metered=false, defaultNetwork=true}]]
08-26 01:57:11.447  1111  1805 I NetworkStatsRecorder: recordSnapshotLocked: ident[[{type=WIFI, subType=COMBINED, networkId="emporia_5G", metered=false, defaultNetwork=true}]]
08-26 01:57:11.447  1111  1805 W NetworkStatsRecorder: unknown interfaces [lo], ignoring those stats
08-26 01:57:11.447  1111  1805 W NetworkStatsRecorder: unknown interfaces [lo], ignoring those stats
08-26 01:57:18.237 20557 20986 W PackageParser: Unknown element under <manifest>: meta-data at /data/user/0/com.qiyi.video/app_pluginapp/com.iqiyi.knowledge.apk.dl Binary XML file line #21
08-26 01:57:43.354 20557 21046 E ActivityThread: Failed to find provider info for com.qiyi.video.cable.patch
08-26 01:57:43.822 20380 20380 E ActivityThread: Failed to find provider info for com.qiyi.video.cable.patch
08-26 01:57:44.112 20380 20408 E ActivityThread: Failed to find provider info for com.qiyi.video.cable.patch
08-26 01:57:44.209  1111  1139 W BroadcastQueue: Background execution not allowed: receiving Intent { act=action_get_and_install_plugin flg=0x10 } to com.qiyi.video/org.qiyi.android.plugin.service.PluginRetryReceiver
08-26 01:57:45.683 20380 20408 E ActivityThread: Failed to find provider info for com.qiyi.video.cable.patch
08-26 01:57:46.304  1111  1143 E BatteryExternalStatsWorker: no controller energy info supplied for wifi
08-26 01:57:46.304  1111  1143 E BatteryExternalStatsWorker: no controller energy info supplied for bluetooth
08-26 01:57:52.491  1111  2157 I ActivityManager: Process com.qiyi.video:patch (pid 20016) has died: cch+2CEM 
08-26 01:57:53.453  1111  1805 I NetworkStatsRecorder: recordSnapshotLocked: ident[[{type=WIFI, subType=COMBINED, networkId="emporia_5G", metered=false, defaultNetwork=true}]]
08-26 01:57:53.453  1111  1805 W NetworkStatsRecorder: unknown interfaces [lo], ignoring those stats
08-26 01:57:53.454  1111  1805 I NetworkStatsRecorder: recordSnapshotLocked: ident[[{type=WIFI, subType=COMBINED, networkId="emporia_5G", metered=false, defaultNetwork=true}]]
08-26 01:57:53.454  1111  1805 W NetworkStatsRecorder: unknown interfaces [lo], ignoring those stats
08-26 01:57:53.454  1111  1805 I NetworkStatsRecorder: recordSnapshotLocked: ident[[{type=WIFI, subType=COMBINED, networkId="emporia_5G", metered=false, defaultNetwork=true}]]
08-26 01:57:53.454  1111  1805 I chatty  : uid=1000(system) NetworkStats identical 3 lines
08-26 01:57:53.455  1111  1805 I NetworkStatsRecorder: recordSnapshotLocked: ident[[{type=WIFI, subType=COMBINED, networkId="emporia_5G", metered=false, defaultNetwork=true}]]
08-26 01:57:53.455  1111  1805 W NetworkStatsRecorder: unknown interfaces [lo], ignoring those stats
08-26 01:57:53.455  1111  1805 I NetworkStatsRecorder: recordSnapshotLocked: ident[[{type=WIFI, subType=COMBINED, networkId="emporia_5G", metered=false, defaultNetwork=true}]]
08-26 01:57:53.456  1111  1805 I chatty  : uid=1000(system) NetworkStats identical 12 lines
08-26 01:57:53.456  1111  1805 I NetworkStatsRecorder: recordSnapshotLocked: ident[[{type=WIFI, subType=COMBINED, networkId="emporia_5G", metered=false, defaultNetwork=true}]]
08-26 01:57:53.456  1111  1805 W NetworkStatsRecorder: unknown interfaces [lo], ignoring those stats
08-26 01:57:54.410   746   928 E storaged: getDiskStats failed with result NOT_SUPPORTED and size 0
08-26 01:57:54.812  1111  1805 I NetworkStatsRecorder: recordSnapshotLocked: ident[[{type=WIFI, subType=COMBINED, networkId="emporia_5G", metered=false, defaultNetwork=true}]]
08-26 01:57:54.812  1111  1805 W NetworkStatsRecorder: unknown interfaces [lo], ignoring those stats
08-26 01:57:54.814  1111  1805 I NetworkStatsRecorder: recordSnapshotLocked: ident[[{type=WIFI, subType=COMBINED, networkId="emporia_5G", metered=false, defaultNetwork=true}]]
08-26 01:57:54.815  1111  1805 W NetworkStatsRecorder: unknown interfaces [lo], ignoring those stats
08-26 01:57:54.816  1111  1805 I NetworkStatsRecorder: recordSnapshotLocked: ident[[{type=WIFI, subType=COMBINED, networkId="emporia_5G", metered=false, defaultNetwork=true}]]
08-26 01:57:54.817  1111  1805 I chatty  : uid=1000(system) NetworkStats identical 2 lines
08-26 01:57:54.818  1111  1805 I NetworkStatsRecorder: recordSnapshotLocked: ident[[{type=WIFI, subType=COMBINED, networkId="emporia_5G", metered=false, defaultNetwork=true}]]
08-26 01:57:54.818  1111  1805 W NetworkStatsRecorder: unknown interfaces [lo], ignoring those stats
08-26 01:57:54.821  1111  1805 I NetworkStatsRecorder: recordSnapshotLocked: ident[[{type=WIFI, subType=COMBINED, networkId="emporia_5G", metered=false, defaultNetwork=true}]]
08-26 01:57:54.821  1111  1805 W NetworkStatsRecorder: unknown interfaces [lo], ignoring those stats
08-26 01:57:55.369  1111  1805 I NetworkStatsRecorder: recordSnapshotLocked: ident[[{type=WIFI, subType=COMBINED, networkId="emporia_5G", metered=false, defaultNetwork=true}]]
08-26 01:57:55.371  1111  1805 W NetworkStatsRecorder: unknown interfaces [lo], ignoring those stats
08-26 01:57:55.371  1111  1805 I NetworkStatsRecorder: recordSnapshotLocked: ident[[{type=WIFI, subType=COMBINED, networkId="emporia_5G", metered=false, defaultNetwork=true}]]
08-26 01:57:55.372  1111  1805 W NetworkStatsRecorder: unknown interfaces [lo], ignoring those stats
08-26 01:57:55.373  1111  1805 I NetworkStatsRecorder: recordSnapshotLocked: ident[[{type=WIFI, subType=COMBINED, networkId="emporia_5G", metered=false, defaultNetwork=true}]]
08-26 01:57:55.373  1111  1805 I NetworkStatsRecorder: recordSnapshotLocked: ident[[{type=WIFI, subType=COMBINED, networkId="emporia_5G", metered=false, defaultNetwork=true}]]
08-26 01:57:55.373  1111  1805 W NetworkStatsRecorder: unknown interfaces [lo], ignoring those stats
08-26 01:57:55.373  1111  1805 W NetworkStatsRecorder: unknown interfaces [lo], ignoring those stats
08-26 01:57:57.419  1111  4487 I ActivityManager: START u0 {cmp=com.qiyi.video/org.iqiyi.video.activity.PlayerActivity (has extras)} from uid 10089
08-26 01:57:57.951  1111  1139 W ActivityManager: Activity pause timeout for ActivityRecord{546c064 u0 com.qiyi.video/org.qiyi.android.video.MainActivity t18}
08-26 01:57:57.965  1111  1147 I WindowManager: Focus moving from Window{b831fd7 u0 com.qiyi.video/org.qiyi.android.video.MainActivity} to null
08-26 01:57:59.299  1111  1805 I NetworkStatsRecorder: recordSnapshotLocked: ident[[{type=WIFI, subType=COMBINED, networkId="emporia_5G", metered=false, defaultNetwork=true}]]
08-26 01:57:59.299  1111  1805 W NetworkStatsRecorder: unknown interfaces [lo], ignoring those stats
08-26 01:57:59.299  1111  1805 I NetworkStatsRecorder: recordSnapshotLocked: ident[[{type=WIFI, subType=COMBINED, networkId="emporia_5G", metered=false, defaultNetwork=true}]]
08-26 01:57:59.299  1111  1805 W NetworkStatsRecorder: unknown interfaces [lo], ignoring those stats
08-26 01:57:59.300  1111  1805 I NetworkStatsRecorder: recordSnapshotLocked: ident[[{type=WIFI, subType=COMBINED, networkId="emporia_5G", metered=false, defaultNetwork=true}]]
08-26 01:57:59.300  1111  1805 I chatty  : uid=1000(system) NetworkStats identical 3 lines
08-26 01:57:59.300  1111  1805 I NetworkStatsRecorder: recordSnapshotLocked: ident[[{type=WIFI, subType=COMBINED, networkId="emporia_5G", metered=false, defaultNetwork=true}]]
08-26 01:57:59.300  1111  1805 W NetworkStatsRecorder: unknown interfaces [lo], ignoring those stats
08-26 01:57:59.301  1111  1805 I NetworkStatsRecorder: recordSnapshotLocked: ident[[{type=WIFI, subType=COMBINED, networkId="emporia_5G", metered=false, defaultNetwork=true}]]
08-26 01:57:59.301  1111  1805 I chatty  : uid=1000(system) NetworkStats identical 1 line
08-26 01:57:59.301  1111  1805 I NetworkStatsRecorder: recordSnapshotLocked: ident[[{type=WIFI, subType=COMBINED, networkId="emporia_5G", metered=false, defaultNetwork=true}]]
08-26 01:57:59.301  1111  1805 W NetworkStatsRecorder: unknown interfaces [lo], ignoring those stats
08-26 01:57:59.669  1111  1889 I WindowManager: Relayout Window{c1e6e54 u0 com.qiyi.video/org.iqiyi.video.activity.PlayerActivity}: oldVis=4 newVis=0 focusMayChange = true
08-26 01:57:59.680  1111  1147 I WindowManager: Focus moving from null to Window{c1e6e54 u0 com.qiyi.video/org.iqiyi.video.activity.PlayerActivity}
08-26 01:58:04.366  1111  1805 I NetworkStatsRecorder: recordSnapshotLocked: ident[[{type=WIFI, subType=COMBINED, networkId="emporia_5G", metered=false, defaultNetwork=true}]]
08-26 01:58:04.366  1111  1805 W NetworkStatsRecorder: unknown interfaces [lo], ignoring those stats
08-26 01:58:04.366  1111  1805 I NetworkStatsRecorder: recordSnapshotLocked: ident[[{type=WIFI, subType=COMBINED, networkId="emporia_5G", metered=false, defaultNetwork=true}]]
08-26 01:58:04.366  1111  1805 W NetworkStatsRecorder: unknown interfaces [lo], ignoring those stats
08-26 01:58:04.367  1111  1805 I NetworkStatsRecorder: recordSnapshotLocked: ident[[{type=WIFI, subType=COMBINED, networkId="emporia_5G", metered=false, defaultNetwork=true}]]
08-26 01:58:04.367  1111  1805 I chatty  : uid=1000(system) NetworkStats identical 2 lines
08-26 01:58:04.367  1111  1805 I NetworkStatsRecorder: recordSnapshotLocked: ident[[{type=WIFI, subType=COMBINED, networkId="emporia_5G", metered=false, defaultNetwork=true}]]
08-26 01:58:04.375  1111  1805 W NetworkStatsRecorder: unknown interfaces [lo], ignoring those stats
08-26 01:58:04.375  1111  1805 I NetworkStatsRecorder: recordSnapshotLocked: ident[[{type=WIFI, subType=COMBINED, networkId="emporia_5G", metered=false, defaultNetwork=true}]]
08-26 01:58:04.376  1111  1805 I chatty  : uid=1000(system) NetworkStats identical 3 lines
08-26 01:58:04.376  1111  1805 I NetworkStatsRecorder: recordSnapshotLocked: ident[[{type=WIFI, subType=COMBINED, networkId="emporia_5G", metered=false, defaultNetwork=true}]]
08-26 01:58:04.376  1111  1805 W NetworkStatsRecorder: unknown interfaces [lo], ignoring those stats
08-26 01:58:04.961  1111  1805 I NetworkStatsRecorder: recordSnapshotLocked: ident[[{type=WIFI, subType=COMBINED, networkId="emporia_5G", metered=false, defaultNetwork=true}]]
08-26 01:58:04.961  1111  1805 W NetworkStatsRecorder: unknown interfaces [lo], ignoring those stats
08-26 01:58:04.961  1111  1805 I NetworkStatsRecorder: recordSnapshotLocked: ident[[{type=WIFI, subType=COMBINED, networkId="emporia_5G", metered=false, defaultNetwork=true}]]
08-26 01:58:04.961  1111  1805 W NetworkStatsRecorder: unknown interfaces [lo], ignoring those stats
08-26 01:58:04.990  1111  1805 I NetworkStatsRecorder: recordSnapshotLocked: ident[[{type=WIFI, subType=COMBINED, networkId="emporia_5G", metered=false, defaultNetwork=true}]]
08-26 01:58:04.990  1111  1805 I chatty  : uid=1000(system) NetworkStats identical 2 lines
08-26 01:58:04.990  1111  1805 I NetworkStatsRecorder: recordSnapshotLocked: ident[[{type=WIFI, subType=COMBINED, networkId="emporia_5G", metered=false, defaultNetwork=true}]]
08-26 01:58:04.990  1111  1805 W NetworkStatsRecorder: unknown interfaces [lo], ignoring those stats
08-26 01:58:04.993  1111  1805 I NetworkStatsRecorder: recordSnapshotLocked: ident[[{type=WIFI, subType=COMBINED, networkId="emporia_5G", metered=false, defaultNetwork=true}]]
08-26 01:58:04.993  1111  1805 I chatty  : uid=1000(system) NetworkStats identical 1 line
08-26 01:58:04.993  1111  1805 I NetworkStatsRecorder: recordSnapshotLocked: ident[[{type=WIFI, subType=COMBINED, networkId="emporia_5G", metered=false, defaultNetwork=true}]]
08-26 01:58:04.994  1111  1805 W NetworkStatsRecorder: unknown interfaces [lo], ignoring those stats
08-26 01:58:05.667  1111  1805 I NetworkStatsRecorder: recordSnapshotLocked: ident[[{type=WIFI, subType=COMBINED, networkId="emporia_5G", metered=false, defaultNetwork=true}]]
08-26 01:58:05.667  1111  1805 W NetworkStatsRecorder: unknown interfaces [lo], ignoring those stats
08-26 01:58:05.667  1111  1805 I NetworkStatsRecorder: recordSnapshotLocked: ident[[{type=WIFI, subType=COMBINED, networkId="emporia_5G", metered=false, defaultNetwork=true}]]
08-26 01:58:05.667  1111  1805 W NetworkStatsRecorder: unknown interfaces [lo], ignoring those stats
08-26 01:58:05.668  1111  1805 I NetworkStatsRecorder: recordSnapshotLocked: ident[[{type=WIFI, subType=COMBINED, networkId="emporia_5G", metered=false, defaultNetwork=true}]]
08-26 01:58:05.668  1111  1805 I NetworkStatsRecorder: recordSnapshotLocked: ident[[{type=WIFI, subType=COMBINED, networkId="emporia_5G", metered=false, defaultNetwork=true}]]
08-26 01:58:05.668  1111  1805 W NetworkStatsRecorder: unknown interfaces [lo], ignoring those stats
08-26 01:58:05.668  1111  1805 W NetworkStatsRecorder: unknown interfaces [lo], ignoring those stats
08-26 01:58:06.181  1111  1805 I NetworkStatsRecorder: recordSnapshotLocked: ident[[{type=WIFI, subType=COMBINED, networkId="emporia_5G", metered=false, defaultNetwork=true}]]
08-26 01:58:06.181  1111  1805 W NetworkStatsRecorder: unknown interfaces [lo], ignoring those stats
08-26 01:58:06.193  1111  1805 I NetworkStatsRecorder: recordSnapshotLocked: ident[[{type=WIFI, subType=COMBINED, networkId="emporia_5G", metered=false, defaultNetwork=true}]]
08-26 01:58:06.193  1111  1805 W NetworkStatsRecorder: unknown interfaces [lo], ignoring those stats
08-26 01:58:06.194  1111  1805 I NetworkStatsRecorder: recordSnapshotLocked: ident[[{type=WIFI, subType=COMBINED, networkId="emporia_5G", metered=false, defaultNetwork=true}]]
08-26 01:58:06.202  1111  1805 W NetworkStatsRecorder: unknown interfaces [lo], ignoring those stats
08-26 01:58:06.203  1111  1805 W NetworkStatsRecorder: unknown interfaces [lo], ignoring those stats
08-26 01:58:06.910  1111  2157 I ActivityManager: Config changes=20000480 {1.3 ?mcc?mnc [en_US] ldltr sw360dp w720dp h336dp 320dpi nrml long land finger -keyb/v/h -nav/h winConfig={ mBounds=Rect(0, 0 - 0, 0) mAppBounds=Rect(0, 0 - 1440, 720) mWindowingMode=fullscreen mActivityType=undefined} s.7}
